Archive member included because of file (symbol)

c:/altera/13.1/nios2eds/bin/gnu/h-i686-mingw32/bin/../lib/gcc/nios2-elf/4.7.3/../../../../../H-i686-mingw32/nios2-elf/lib\libc.a(lib_a-impure.o)
                              obj/default/main.o (_impure_ptr)
c:/altera/13.1/nios2eds/bin/gnu/h-i686-mingw32/bin/../lib/gcc/nios2-elf/4.7.3/../../../../../H-i686-mingw32/nios2-elf/lib\libc.a(lib_a-memcpy.o)
                              obj/default/drivers/lwip_tse_mac.o (memcpy)
c:/altera/13.1/nios2eds/bin/gnu/h-i686-mingw32/bin/../lib/gcc/nios2-elf/4.7.3/../../../../../H-i686-mingw32/nios2-elf/lib\libc.a(lib_a-memset.o)
                              obj/default/lwip/src/core/dhcp.o (memset)
c:/altera/13.1/nios2eds/bin/gnu/h-i686-mingw32/bin/../lib/gcc/nios2-elf/4.7.3/../../../../../H-i686-mingw32/nios2-elf/lib\libc.a(lib_a-printf.o)
                              obj/default/drivers/alteraTseEthernetif.o (printf)
c:/altera/13.1/nios2eds/bin/gnu/h-i686-mingw32/bin/../lib/gcc/nios2-elf/4.7.3/../../../../../H-i686-mingw32/nios2-elf/lib\libc.a(lib_a-putc.o)
                              obj/default/main.o (putc)
c:/altera/13.1/nios2eds/bin/gnu/h-i686-mingw32/bin/../lib/gcc/nios2-elf/4.7.3/../../../../../H-i686-mingw32/nios2-elf/lib\libc.a(lib_a-putchar.o)
                              obj/default/lwip/src/core/ipv4/icmp.o (putchar)
c:/altera/13.1/nios2eds/bin/gnu/h-i686-mingw32/bin/../lib/gcc/nios2-elf/4.7.3/../../../../../H-i686-mingw32/nios2-elf/lib\libc.a(lib_a-puts.o)
                              obj/default/drivers/httpd.o (puts)
c:/altera/13.1/nios2eds/bin/gnu/h-i686-mingw32/bin/../lib/gcc/nios2-elf/4.7.3/../../../../../H-i686-mingw32/nios2-elf/lib\libc.a(lib_a-strcmp.o)
                              obj/default/drivers/fs.o (strcmp)
c:/altera/13.1/nios2eds/bin/gnu/h-i686-mingw32/bin/../lib/gcc/nios2-elf/4.7.3/../../../../../H-i686-mingw32/nios2-elf/lib\libc.a(lib_a-strlen.o)
                              c:/altera/13.1/nios2eds/bin/gnu/h-i686-mingw32/bin/../lib/gcc/nios2-elf/4.7.3/../../../../../H-i686-mingw32/nios2-elf/lib\libc.a(lib_a-puts.o) (strlen)
c:/altera/13.1/nios2eds/bin/gnu/h-i686-mingw32/bin/../lib/gcc/nios2-elf/4.7.3/../../../../../H-i686-mingw32/nios2-elf/lib\libc.a(lib_a-strncmp.o)
                              obj/default/drivers/httpd.o (strncmp)
c:/altera/13.1/nios2eds/bin/gnu/h-i686-mingw32/bin/../lib/gcc/nios2-elf/4.7.3/../../../../../H-i686-mingw32/nios2-elf/lib\libc.a(lib_a-vfprintf.o)
                              c:/altera/13.1/nios2eds/bin/gnu/h-i686-mingw32/bin/../lib/gcc/nios2-elf/4.7.3/../../../../../H-i686-mingw32/nios2-elf/lib\libc.a(lib_a-printf.o) (___vfprintf_internal_r)
c:/altera/13.1/nios2eds/bin/gnu/h-i686-mingw32/bin/../lib/gcc/nios2-elf/4.7.3/../../../../../H-i686-mingw32/nios2-elf/lib\libc.a(lib_a-wbuf.o)
                              c:/altera/13.1/nios2eds/bin/gnu/h-i686-mingw32/bin/../lib/gcc/nios2-elf/4.7.3/../../../../../H-i686-mingw32/nios2-elf/lib\libc.a(lib_a-putc.o) (__swbuf_r)
c:/altera/13.1/nios2eds/bin/gnu/h-i686-mingw32/bin/../lib/gcc/nios2-elf/4.7.3/../../../../../H-i686-mingw32/nios2-elf/lib\libc.a(lib_a-wsetup.o)
                              c:/altera/13.1/nios2eds/bin/gnu/h-i686-mingw32/bin/../lib/gcc/nios2-elf/4.7.3/../../../../../H-i686-mingw32/nios2-elf/lib\libc.a(lib_a-vfprintf.o) (__swsetup_r)
c:/altera/13.1/nios2eds/bin/gnu/h-i686-mingw32/bin/../lib/gcc/nios2-elf/4.7.3/../../../../../H-i686-mingw32/nios2-elf/lib\libc.a(lib_a-dtoa.o)
                              c:/altera/13.1/nios2eds/bin/gnu/h-i686-mingw32/bin/../lib/gcc/nios2-elf/4.7.3/../../../../../H-i686-mingw32/nios2-elf/lib\libc.a(lib_a-vfprintf.o) (_dtoa_r)
c:/altera/13.1/nios2eds/bin/gnu/h-i686-mingw32/bin/../lib/gcc/nios2-elf/4.7.3/../../../../../H-i686-mingw32/nios2-elf/lib\libc.a(lib_a-fflush.o)
                              c:/altera/13.1/nios2eds/bin/gnu/h-i686-mingw32/bin/../lib/gcc/nios2-elf/4.7.3/../../../../../H-i686-mingw32/nios2-elf/lib\libc.a(lib_a-vfprintf.o) (_fflush_r)
c:/altera/13.1/nios2eds/bin/gnu/h-i686-mingw32/bin/../lib/gcc/nios2-elf/4.7.3/../../../../../H-i686-mingw32/nios2-elf/lib\libc.a(lib_a-findfp.o)
                              c:/altera/13.1/nios2eds/bin/gnu/h-i686-mingw32/bin/../lib/gcc/nios2-elf/4.7.3/../../../../../H-i686-mingw32/nios2-elf/lib\libc.a(lib_a-putc.o) (__sinit)
c:/altera/13.1/nios2eds/bin/gnu/h-i686-mingw32/bin/../lib/gcc/nios2-elf/4.7.3/../../../../../H-i686-mingw32/nios2-elf/lib\libc.a(lib_a-freer.o)
                              c:/altera/13.1/nios2eds/bin/gnu/h-i686-mingw32/bin/../lib/gcc/nios2-elf/4.7.3/../../../../../H-i686-mingw32/nios2-elf/lib\libc.a(lib_a-wsetup.o) (_free_r)
c:/altera/13.1/nios2eds/bin/gnu/h-i686-mingw32/bin/../lib/gcc/nios2-elf/4.7.3/../../../../../H-i686-mingw32/nios2-elf/lib\libc.a(lib_a-fvwrite.o)
[...]
Memory Configuration

Name             Origin             Length             Attributes
sdram_BEFORE_EXCEPTION 0x00000000         0x00000020
sdram            0x00000020         0x01ffffe0
descriptor_memory 0x02001000         0x00001000
cfi_flash        0x04000000         0x00800000
reset            0x05000000         0x00000020
sram             0x05000020         0x001fffe0
onchip_memory2   0x0a000000         0x00020000
*default*        0x00000000         0xffffffff

Linker script and memory map

LOAD ../lwIP_NIOS_II_Example_bsp/obj/HAL/src/crt0.o
LOAD obj/default/drivers/alteraTseEthernetif.o
LOAD obj/default/drivers/fs.o
LOAD obj/default/drivers/fsdata.o
LOAD obj/default/drivers/httpd.o
LOAD obj/default/drivers/lwip_tse_mac.o
LOAD obj/default/lwip/src/api/api_lib.o
LOAD obj/default/lwip/src/api/api_msg.o
LOAD obj/default/lwip/src/api/err.o
LOAD obj/default/lwip/src/api/netbuf.o
LOAD obj/default/lwip/src/api/netdb.o
LOAD obj/default/lwip/src/api/netifapi.o
LOAD obj/default/lwip/src/api/sockets.o
LOAD obj/default/lwip/src/api/tcpip.o
LOAD obj/default/lwip/src/core/dhcp.o
LOAD obj/default/lwip/src/core/dns.o
LOAD obj/default/lwip/src/core/init.o
LOAD obj/default/lwip/src/core/ipv4/autoip.o
LOAD obj/default/lwip/src/core/ipv4/icmp.o
LOAD obj/default/lwip/src/core/ipv4/igmp.o
LOAD obj/default/lwip/src/core/ipv4/inet.o
LOAD obj/default/lwip/src/core/ipv4/inet_chksum.o
LOAD obj/default/lwip/src/core/ipv4/ip.o
LOAD obj/default/lwip/src/core/ipv4/ip_addr.o
LOAD obj/default/lwip/src/core/ipv4/ip_frag.o
LOAD obj/default/lwip/src/core/mem.o
LOAD obj/default/lwip/src/core/memp.o
LOAD obj/default/lwip/src/core/netif.o
LOAD obj/default/lwip/src/core/pbuf.o
LOAD obj/default/lwip/src/core/raw.o
LOAD obj/default/lwip/src/core/snmp/asn1_dec.o
LOAD obj/default/lwip/src/core/snmp/asn1_enc.o
LOAD obj/default/lwip/src/core/snmp/mib2.o
LOAD obj/default/lwip/src/core/snmp/mib_structs.o
LOAD obj/default/lwip/src/core/snmp/msg_in.o
LOAD obj/default/lwip/src/core/snmp/msg_out.o
LOAD obj/default/lwip/src/core/stats.o
LOAD obj/default/lwip/src/core/sys.o
LOAD obj/default/lwip/src/core/tcp.o
LOAD obj/default/lwip/src/core/tcp_in.o
LOAD obj/default/lwip/src/core/tcp_out.o
LOAD obj/default/lwip/src/core/udp.o
LOAD obj/default/lwip/src/netif/etharp.o
LOAD obj/default/lwip/src/netif/ethernetif.o
LOAD obj/default/lwip/src/netif/loopif.o
LOAD obj/default/lwip/src/netif/ppp/auth.o
LOAD obj/default/lwip/src/netif/ppp/chap.o
LOAD obj/default/lwip/src/netif/ppp/chpms.o
LOAD obj/default/lwip/src/netif/ppp/fsm.o
LOAD obj/default/lwip/src/netif/ppp/ipcp.o
LOAD obj/default/lwip/src/netif/ppp/lcp.o
LOAD obj/default/lwip/src/netif/ppp/magic.o
LOAD obj/default/lwip/src/netif/ppp/md5.o
LOAD obj/default/lwip/src/netif/ppp/pap.o
LOAD obj/default/lwip/src/netif/ppp/ppp.o
LOAD obj/default/lwip/src/netif/ppp/ppp_oe.o
LOAD obj/default/lwip/src/netif/ppp/randm.o
LOAD obj/default/lwip/src/netif/ppp/vj.o
LOAD obj/default/lwip/src/netif/slipif.o
LOAD obj/default/main.o
LOAD c:/altera/13.1/nios2eds/bin/gnu/h-i686-mingw32/bin/../lib/gcc/nios2-elf/4.7.3/../../../../../H-i686-mingw32/nios2-elf/lib\libstdc++.a
LOAD c:/altera/13.1/nios2eds/bin/gnu/h-i686-mingw32/bin/../lib/gcc/nios2-elf/4.7.3/../../../../../H-i686-mingw32/nios2-elf/lib\libm.a
LOAD c:/altera/13.1/nios2eds/bin/gnu/h-i686-mingw32/bin/../lib/gcc/nios2-elf/4.7.3\libgcc.a
START GROUP
LOAD c:/altera/13.1/nios2eds/bin/gnu/h-i686-mingw32/bin/../lib/gcc/nios2-elf/4.7.3/../../../../../H-i686-mingw32/nios2-elf/lib\libc.a
LOAD c:/altera/13.1/nios2eds/bin/gnu/h-i686-mingw32/bin/../lib/gcc/nios2-elf/4.7.3\libgcc.a
LOAD ../lwIP_NIOS_II_Example_bsp\libhal_bsp.a
END GROUP
LOAD c:/altera/13.1/nios2eds/bin/gnu/h-i686-mingw32/bin/../lib/gcc/nios2-elf/4.7.3\libgcc.a
                0x00000000                __alt_mem_sdram = 0x0
                0x02001000                __alt_mem_descriptor_memory = 0x2001000
                0x04000000                __alt_mem_cfi_flash = 0x4000000
                0x05000000                __alt_mem_sram = 0x5000000
                0x0a000000                __alt_mem_onchip_memory2 = 0xa000000

.entry          0x05000000       0x20
 *(.entry)
 .entry         0x05000000       0x20 ../lwIP_NIOS_II_Example_bsp/obj/HAL/src/crt0.o
                0x05000000                __reset

.exceptions     0x00000020        0x0
                0x00000020                PROVIDE (__ram_exceptions_start, ABSOLUTE (.))
                0x00000020                . = ALIGN (0x20)
 *(.irq)
 *(.exceptions.entry.label)
 *(.exceptions.entry.user)
 *(.exceptions.entry.ecc_fatal)
 *(.exceptions.entry)
 *(.exceptions.irqtest.user)
 *(.exceptions.irqtest)
 *(.exceptions.irqhandler.user)
 *(.exceptions.irqhandler)
 *(.exceptions.irqreturn.user)
 *(.exceptions.irqreturn)
 *(.exceptions.notirq.label)
 *(.exceptions.notirq.user)
 *(.exceptions.notirq)
 *(.exceptions.soft.user)
 *(.exceptions.soft)
 *(.exceptions.unknown.user)
 *(.exceptions.unknown)
 *(.exceptions.exit.label)
 *(.exceptions.exit.user)
 *(.exceptions.exit)
 *(.exceptions)
                0x00000020                PROVIDE (__ram_exceptions_end, ABSOLUTE (.))
                0x00000020                PROVIDE (__flash_exceptions_start, LOADADDR (.exceptions))

.text           0x00000020    0x2c564
                0x00000020                PROVIDE (stext, ABSOLUTE (.))
 *(.interp)
 *(.hash)
 *(.dynsym)
 *(.dynstr)
 *(.gnu.version)
 *(.gnu.version_d)
 *(.gnu.version_r)
 *(.rel.init)
 *(.rela.init)
 *(.rel.text .rel.text.* .rel.gnu.linkonce.t.*)
 *(.rela.text .rela.text.* .rela.gnu.linkonce.t.*)
 *(.rel.fini)
 *(.rela.fini)
 *(.rel.rodata .rel.rodata.* .rel.gnu.linkonce.r.*)
 *(.rela.rodata .rela.rodata.* .rela.gnu.linkonce.r.*)
 *(.rel.data .rel.data.* .rel.gnu.linkonce.d.*)
 *(.rela.data .rela.data.* .rela.gnu.linkonce.d.*)
 *(.rel.tdata .rel.tdata.* .rel.gnu.linkonce.td.*)
 *(.rela.tdata .rela.tdata.* .rela.gnu.linkonce.td.*)
 *(.rel.tbss .rel.tbss.* .rel.gnu.linkonce.tb.*)
 *(.rela.tbss .rela.tbss.* .rela.gnu.linkonce.tb.*)
 *(.rel.ctors)
 *(.rela.ctors)
 *(.rel.dtors)
 *(.rela.dtors)
 *(.rel.got)
 *(.rela.got)
 *(.rel.sdata .rel.sdata.* .rel.gnu.linkonce.s.*)
 *(.rela.sdata .rela.sdata.* .rela.gnu.linkonce.s.*)
 *(.rel.sbss .rel.sbss.* .rel.gnu.linkonce.sb.*)
 *(.rela.sbss .rela.sbss.* .rela.gnu.linkonce.sb.*)
 *(.rel.sdata2 .rel.sdata2.* .rel.gnu.linkonce.s2.*)
 *(.rela.sdata2 .rela.sdata2.* .rela.gnu.linkonce.s2.*)
 *(.rel.sbss2 .rel.sbss2.* .rel.gnu.linkonce.sb2.*)
 *(.rela.sbss2 .rela.sbss2.* .rela.gnu.linkonce.sb2.*)
 *(.rel.bss .rel.bss.* .rel.gnu.linkonce.b.*)
 *(.rela.bss .rela.bss.* .rela.gnu.linkonce.b.*)
 *(.rel.plt)
 *(.rela.plt)
 *(.rel.dyn)
 *(.init)
 *(.plt)
 *(.text .stub .text.* .gnu.linkonce.t.*)
 .text          0x00000020       0x7c ../lwIP_NIOS_II_Example_bsp/obj/HAL/src/crt0.o
                0x00000020                _start
 .text          0x0000009c      0x4f4 obj/default/drivers/alteraTseEthernetif.o
                0x00000334                ethernetif_input
                0x00000418                ethernetif_init
 .text          0x00000590       0x94 obj/default/drivers/fs.o
                0x00000590                fs_open
 .text          0x00000624        0x0 obj/default/drivers/fsdata.o
 .text          0x00000624      0x654 obj/default/drivers/httpd.o
                0x00000c0c                httpd_init
 .text          0x00000c78      0xcac obj/default/drivers/lwip_tse_mac.o
                0x00000c78                tse_mac_init
                0x000014cc                tse_sgdma_read_init
                0x0000157c                tse_sgdmaRx_isr
                0x00001610                tse_mac_raw_send
                0x00001780                tse_mac_rcv
 .text          0x00001924        0x0 obj/default/lwip/src/api/api_lib.o
 .text          0x00001924        0x0 obj/default/lwip/src/api/api_msg.o
 .text          0x00001924       0x44 obj/default/lwip/src/api/err.o
                0x00001924                lwip_strerr
 .text          0x00001968        0x0 obj/default/lwip/src/api/netbuf.o
 .text          0x00001968        0x0 obj/default/lwip/src/api/netdb.o
 .text          0x00001968        0x0 obj/default/lwip/src/api/netifapi.o
 .text          0x00001968        0x0 obj/default/lwip/src/api/sockets.o
 .text          0x00001968        0x0 obj/default/lwip/src/api/tcpip.o
 .text          0x00001968     0x3420 obj/default/lwip/src/core/dhcp.o
                0x00001de8                dhcp_coarse_tmr
                0x00001e9c                dhcp_fine_tmr
                0x000025f4                dhcp_start
                0x00002838                dhcp_inform
                0x000029cc                dhcp_network_changed
                0x00002a80                dhcp_arp_reply
                0x00003234                dhcp_renew
                0x000036b4                dhcp_release
                0x00003890                dhcp_stop
 .text          0x00004d88        0x0 obj/default/lwip/src/core/dns.o
 .text          0x00004d88       0x4c obj/default/lwip/src/core/init.o
                0x00004da4                lwip_init
 .text          0x00004dd4        0x0 obj/default/lwip/src/core/ipv4/autoip.o
 .text          0x00004dd4      0x990 obj/default/lwip/src/core/ipv4/icmp.o
                0x00004dd4                icmp_input
                0x0000546c                icmp_dest_unreach
                0x000054b0                icmp_time_exceeded
 .text          0x00005764        0x0 obj/default/lwip/src/core/ipv4/igmp.o
 .text          0x00005764      0x594 obj/default/lwip/src/core/ipv4/inet.o
                0x00005764                inet_addr
                0x000057a8                inet_aton
                0x00005ba0                inet_ntoa
 .text          0x00005cf8      0x49c obj/default/lwip/src/core/ipv4/inet_chksum.o
                0x00005e24                inet_chksum_pseudo
                0x00006044                inet_chksum
                0x00006088                inet_chksum_pbuf
 .text          0x00006194      0xc1c obj/default/lwip/src/core/ipv4/ip.o
                0x00006194                ip_route
                0x00006290                ip_input
                0x00006860                ip_output_if
                0x00006cfc                ip_output
 .text          0x00006db0       0xf0 obj/default/lwip/src/core/ipv4/ip_addr.o
                0x00006db0                ip_addr_isbroadcast
 .text          0x00006ea0     0x12ec obj/default/lwip/src/core/ipv4/ip_frag.o
                0x00006ea0                ip_reass_tmr
                0x00007968                ip_reass
                0x00007e88                ip_frag
 .text          0x0000818c      0xba8 obj/default/lwip/src/core/mem.o
                0x00008384                mem_init
                0x0000842c                mem_free
                0x000085ac                mem_realloc
                0x000088d0                mem_malloc
                0x00008cbc                mem_calloc
 .text          0x00008d34      0x490 obj/default/lwip/src/core/memp.o
                0x00008d34                memp_init
                0x00008ef0                memp_malloc
                0x000090cc                memp_free
 .text          0x000091c4      0x5ec obj/default/lwip/src/core/netif.o
                0x000091c4                netif_add
                0x0000929c                netif_set_addr
                0x000092f4                netif_remove
                0x000093b0                netif_find
                0x00009490                netif_set_ipaddr
                0x000095e8                netif_set_gw
                0x00009638                netif_set_netmask
                0x00009688                netif_set_default
                0x000096b0                netif_set_up
                0x0000972c                netif_set_down
                0x0000977c                netif_is_up
 .text          0x000097b0     0x1590 obj/default/lwip/src/core/pbuf.o
                0x000097b0                pbuf_alloc
                0x00009cf0                pbuf_realloc
                0x00009f74                pbuf_header
                0x0000a16c                pbuf_free
                0x0000a338                pbuf_clen
                0x0000a384                pbuf_ref
                0x0000a3c4                pbuf_cat
                0x0000a504                pbuf_chain
                0x0000a544                pbuf_dechain
                0x0000a670                pbuf_copy
                0x0000a934                pbuf_copy_partial
                0x0000aad0                pbuf_take
                0x0000ac88                pbuf_coalesce
 .text          0x0000ad40      0x4f0 obj/default/lwip/src/core/raw.o
                0x0000ad40                raw_input
                0x0000ae70                raw_bind
                0x0000aec4                raw_connect
                0x0000af18                raw_recv
                0x0000af58                raw_sendto
                0x0000b0d0                raw_send
                0x0000b114                raw_remove
                0x0000b1b0                raw_new
 .text          0x0000b230        0x0 obj/default/lwip/src/core/snmp/asn1_dec.o
 .text          0x0000b230        0x0 obj/default/lwip/src/core/snmp/asn1_enc.o
 .text          0x0000b230        0x0 obj/default/lwip/src/core/snmp/mib2.o
 .text          0x0000b230        0x0 obj/default/lwip/src/core/snmp/mib_structs.o
 .text          0x0000b230        0x0 obj/default/lwip/src/core/snmp/msg_in.o
 .text          0x0000b230        0x0 obj/default/lwip/src/core/snmp/msg_out.o
 .text          0x0000b230        0x0 obj/default/lwip/src/core/stats.o
 .text          0x0000b230        0x0 obj/default/lwip/src/core/sys.o
 .text          0x0000b230     0x20e0 obj/default/lwip/src/core/tcp.o
                0x0000b230                tcp_tmr
                0x0000b278                tcp_close
                0x0000b468                tcp_abandon
                0x0000b5fc                tcp_bind
                0x0000b908                tcp_listen_with_backlog
                0x0000bacc                tcp_update_rcv_ann_wnd
                0x0000bbb8                tcp_recved
                0x0000bda4                tcp_connect
                0x0000bfec                tcp_slowtmr
                0x0000c808                tcp_fasttmr
                0x0000c918                tcp_segs_free
                0x0000c97c                tcp_seg_free
                0x0000c9e0                tcp_setprio
                0x0000ca14                tcp_seg_copy
                0x0000ca7c                tcp_recv_null
                0x0000cc64                tcp_alloc
                0x0000ce44                tcp_new
                0x0000ce70                tcp_arg
                0x0000cea0                tcp_recv
                0x0000ced0                tcp_sent
                0x0000cf00                tcp_err
                0x0000cf30                tcp_accept
                0x0000cf60                tcp_poll
                0x0000cfa4                tcp_pcb_purge
                0x0000d078                tcp_pcb_remove
                0x0000d220                tcp_next_iss
                0x0000d250                tcp_eff_send_mss
                0x0000d2d4                tcp_debug_state_str
 .text          0x0000d310     0x3ce4 obj/default/lwip/src/core/tcp_in.o
                0x0000d310                tcp_input
 .text          0x00010ff4     0x2874 obj/default/lwip/src/core/tcp_out.o
                0x0001127c                tcp_send_ctrl
                0x000112d0                tcp_write
                0x00011388                tcp_enqueue
                0x000120dc                tcp_send_empty_ack
                0x00012238                tcp_output
                0x00012e5c                tcp_rst
                0x00013100                tcp_rexmit_rto
                0x000131b4                tcp_rexmit
                0x00013388                tcp_rexmit_fast
                0x000134ac                tcp_keepalive
                0x00013630                tcp_zero_window_probe
 .text          0x00013868      0xe24 obj/default/lwip/src/core/udp.o
                0x00013868                udp_input
                0x00013eac                udp_send
                0x00013f00                udp_sendto
                0x00013f94                udp_sendto_if
                0x00014274                udp_bind
                0x000143dc                udp_connect
                0x000144f0                udp_disconnect
                0x00014558                udp_recv
                0x00014598                udp_remove
                0x00014634                udp_new
 .text          0x0001468c     0x1b20 obj/default/lwip/src/netif/etharp.o
                0x00014778                etharp_tmr
                0x00015140                etharp_find_addr
                0x000151fc                etharp_ip_input
                0x000152cc                etharp_arp_input
                0x000156cc                etharp_output
                0x0001593c                etharp_query
                0x00015ff8                etharp_request
                0x0001606c                ethernet_input
 .text          0x000161ac        0x0 obj/default/lwip/src/netif/ethernetif.o
 .text          0x000161ac        0x0 obj/default/lwip/src/netif/loopif.o
 .text          0x000161ac        0x0 obj/default/lwip/src/netif/ppp/auth.o
 .text          0x000161ac        0x0 obj/default/lwip/src/netif/ppp/chap.o
 .text          0x000161ac        0x0 obj/default/lwip/src/netif/ppp/chpms.o
 .text          0x000161ac        0x0 obj/default/lwip/src/netif/ppp/fsm.o
 .text          0x000161ac        0x0 obj/default/lwip/src/netif/ppp/ipcp.o
 .text          0x000161ac        0x0 obj/default/lwip/src/netif/ppp/lcp.o
 .text          0x000161ac        0x0 obj/default/lwip/src/netif/ppp/magic.o
 .text          0x000161ac        0x0 obj/default/lwip/src/netif/ppp/md5.o
 .text          0x000161ac        0x0 obj/default/lwip/src/netif/ppp/pap.o
 .text          0x000161ac        0x0 obj/default/lwip/src/netif/ppp/ppp.o
 .text          0x000161ac        0x0 obj/default/lwip/src/netif/ppp/ppp_oe.o
 .text          0x000161ac        0x0 obj/default/lwip/src/netif/ppp/randm.o
 .text          0x000161ac        0x0 obj/default/lwip/src/netif/ppp/vj.o
 .text          0x000161ac        0x0 obj/default/lwip/src/netif/slipif.o
 .text          0x000161ac      0x314 obj/default/main.o
                0x000161ac                lwipAlarmCallback
                0x000161d8                main
                0x000163fc                lwipProcessTimers
 .text          0x000164c0        0x0 c:/altera/13.1/nios2eds/bin/gnu/h-i686-mingw32/bin/../lib/gcc/nios2-elf/4.7.3/../../../../../H-i686-mingw32/nios2-elf/lib\libc.a(lib_a-impure.o)
 .text          0x000164c0       0xf8 c:/altera/13.1/nios2eds/bin/gnu/h-i686-mingw32/bin/../lib/gcc/nios2-elf/4.7.3/../../../../../H-i686-mingw32/nios2-elf/lib\libc.a(lib_a-memcpy.o)
                0x000164c0                memcpy
 .text          0x000165b8       0xdc c:/altera/13.1/nios2eds/bin/gnu/h-i686-mingw32/bin/../lib/gcc/nios2-elf/4.7.3/../../../../../H-i686-mingw32/nios2-elf/lib\libc.a(lib_a-memset.o)
                0x000165b8                memset
 .text          0x00016694       0x68 c:/altera/13.1/nios2eds/bin/gnu/h-i686-mingw32/bin/../lib/gcc/nios2-elf/4.7.3/../../../../../H-i686-mingw32/nios2-elf/lib\libc.a(lib_a-printf.o)
                0x00016694                _printf_r
                0x000166c0                printf
 .text          0x000166fc      0x1ac c:/altera/13.1/nios2eds/bin/gnu/h-i686-mingw32/bin/../lib/gcc/nios2-elf/4.7.3/../../../../../H-i686-mingw32/nios2-elf/lib\libc.a(lib_a-putc.o)
                0x000166fc                _putc_r
                0x000167b8                putc
 .text          0x000168a8       0x24 c:/altera/13.1/nios2eds/bin/gnu/h-i686-mingw32/bin/../lib/gcc/nios2-elf/4.7.3/../../../../../H-i686-mingw32/nios2-elf/lib\libc.a(lib_a-putchar.o)
                0x000168a8                _putchar_r
                0x000168b0                putchar
 .text          0x000168cc       0x98 c:/altera/13.1/nios2eds/bin/gnu/h-i686-mingw32/bin/../lib/gcc/nios2-elf/4.7.3/../../../../../H-i686-mingw32/nios2-elf/lib\libc.a(lib_a-puts.o)
                0x000168cc                _puts_r
                0x00016950                puts
 .text          0x00016964       0xa4 c:/altera/13.1/nios2eds/bin/gnu/h-i686-mingw32/bin/../lib/gcc/nios2-elf/4.7.3/../../../../../H-i686-mingw32/nios2-elf/lib\libc.a(lib_a-strcmp.o)
                0x00016964                strcmp
 .text          0x00016a08       0x8c c:/altera/13.1/nios2eds/bin/gnu/h-i686-mingw32/bin/../lib/gcc/nios2-elf/4.7.3/../../../../../H-i686-mingw32/nios2-elf/lib\libc.a(lib_a-strlen.o)
                0x00016a08                strlen
 .text          0x00016a94       0xfc c:/altera/13.1/nios2eds/bin/gnu/h-i686-mingw32/bin/../lib/gcc/nios2-elf/4.7.3/../../../../../H-i686-mingw32/nios2-elf/lib\libc.a(lib_a-strncmp.o)
                0x00016a94                strncmp
 .text          0x00016b90     0x1e50 c:/altera/13.1/nios2eds/bin/gnu/h-i686-mingw32/bin/../lib/gcc/nios2-elf/4.7.3/../../../../../H-i686-mingw32/nios2-elf/lib\libc.a(lib_a-vfprintf.o)
                0x00016bc4                ___vfprintf_internal_r
                0x000189bc                __vfprintf_internal
 .text          0x000189e0      0x158 c:/altera/13.1/nios2eds/bin/gnu/h-i686-mingw32/bin/../lib/gcc/nios2-elf/4.7.3/../../../../../H-i686-mingw32/nios2-elf/lib\libc.a(lib_a-wbuf.o)
                0x000189e0                __swbuf_r
                0x00018b1c                __swbuf
 .text          0x00018b38      0x174 c:/altera/13.1/nios2eds/bin/gnu/h-i686-mingw32/bin/../lib/gcc/nios2-elf/4.7.3/../../../../../H-i686-mingw32/nios2-elf/lib\libc.a(lib_a-wsetup.o)
                0x00018b38                __swsetup_r
 .text          0x00018cac     0x1824 c:/altera/13.1/nios2eds/bin/gnu/h-i686-mingw32/bin/../lib/gcc/nios2-elf/4.7.3/../../../../../H-i686-mingw32/nios2-elf/lib\libc.a(lib_a-dtoa.o)
                0x00018eb4                _dtoa_r
 .text          0x0001a4d0      0x218 c:/altera/13.1/nios2eds/bin/gnu/h-i686-mingw32/bin/../lib/gcc/nios2-elf/4.7.3/../../../../../H-i686-mingw32/nios2-elf/lib\libc.a(lib_a-fflush.o)
                0x0001a4d0                _fflush_r
                0x0001a6b8                fflush
 .text          0x0001a6e8      0x2d8 c:/altera/13.1/nios2eds/bin/gnu/h-i686-mingw32/bin/../lib/gcc/nios2-elf/4.7.3/../../../../../H-i686-mingw32/nios2-elf/lib\libc.a(lib_a-findfp.o)
                0x0001a6f8                _cleanup_r
                0x0001a704                __sfmoreglue
                0x0001a768                _cleanup
                0x0001a778                __sinit
                0x0001a884                __sfp
                0x0001a980                __sfp_lock_acquire
                0x0001a984                __sfp_lock_release
                0x0001a988                __sinit_lock_acquire
                0x0001a98c                __sinit_lock_release
                0x0001a990                __fp_lock_all
                0x0001a9a8                __fp_unlock_all
 .text          0x0001a9c0      0x40c c:/altera/13.1/nios2eds/bin/gnu/h-i686-mingw32/bin/../lib/gcc/nios2-elf/4.7.3/../../../../../H-i686-mingw32/nios2-elf/lib\libc.a(lib_a-freer.o)
                0x0001a9c0                _malloc_trim_r
                0x0001aafc                _free_r
 .text          0x0001adcc      0x4e4 c:/altera/13.1/nios2eds/bin/gnu/h-i686-mingw32/bin/../lib/gcc/nios2-elf/4.7.3/../../../../../H-i686-mingw32/nios2-elf/lib\libc.a(lib_a-fvwrite.o)
                0x0001adcc                __sfvwrite_r
 .text          0x0001b2b0      0x160 c:/altera/13.1/nios2eds/bin/gnu/h-i686-mingw32/bin/../lib/gcc/nios2-elf/4.7.3/../../../../../H-i686-mingw32/nios2-elf/lib\libc.a(lib_a-fwalk.o)
                0x0001b2b0                _fwalk
                0x0001b358                _fwalk_reent
 .text          0x0001b410       0xdc c:/altera/13.1/nios2eds/bin/gnu/h-i686-mingw32/bin/../lib/gcc/nios2-elf/4.7.3/../../../../../H-i686-mingw32/nios2-elf/lib\libc.a(lib_a-locale.o)
                0x0001b410                _setlocale_r
                0x0001b4ac                __locale_charset
                0x0001b4b8                _localeconv_r
                0x0001b4c4                setlocale
                0x0001b4e0                localeconv
 .text          0x0001b4ec      0x1a8 c:/altera/13.1/nios2eds/bin/gnu/h-i686-mingw32/bin/../lib/gcc/nios2-elf/4.7.3/../../../../../H-i686-mingw32/nios2-elf/lib\libc.a(lib_a-makebuf.o)
                0x0001b4ec                __smakebuf_r
 .text          0x0001b694      0x784 c:/altera/13.1/nios2eds/bin/gnu/h-i686-mingw32/bin/../lib/gcc/nios2-elf/4.7.3/../../../../../H-i686-mingw32/nios2-elf/lib\libc.a(lib_a-mallocr.o)
                0x0001b694                _malloc_r
 .text          0x0001be18       0xf8 c:/altera/13.1/nios2eds/bin/gnu/h-i686-mingw32/bin/../lib/gcc/nios2-elf/4.7.3/../../../../../H-i686-mingw32/nios2-elf/lib\libc.a(lib_a-memchr.o)
                0x0001be18                memchr
 .text          0x0001bf10      0x128 c:/altera/13.1/nios2eds/bin/gnu/h-i686-mingw32/bin/../lib/gcc/nios2-elf/4.7.3/../../../../../H-i686-mingw32/nios2-elf/lib\libc.a(lib_a-memmove.o)
                0x0001bf10                memmove
 .text          0x0001c038      0xfa8 c:/altera/13.1/nios2eds/bin/gnu/h-i686-mingw32/bin/../lib/gcc/nios2-elf/4.7.3/../../../../../H-i686-mingw32/nios2-elf/lib\libc.a(lib_a-mprec.o)
                0x0001c038                _Balloc
                0x0001c0e0                _Bfree
                0x0001c108                __multadd
                0x0001c21c                __s2b
                0x0001c320                __hi0bits
                0x0001c388                __lo0bits
                0x0001c438                __i2b
                0x0001c474                __multiply
                0x0001c654                __pow5mult
                0x0001c780                __lshift
                0x0001c8dc                __mcmp
                0x0001c934                __mdiff
                0x0001cadc                __ulp
                0x0001cb3c                __b2d
                0x0001cc84                __d2b
                0x0001cdc8                __ratio
                0x0001ce6c                _mprec_log10
                0x0001cee0                __copybits
                0x0001cf5c                __any_on
 .text          0x0001cfe0      0x5fc c:/altera/13.1/nios2eds/bin/gnu/h-i686-mingw32/bin/../lib/gcc/nios2-elf/4.7.3/../../../../../H-i686-mingw32/nios2-elf/lib\libc.a(lib_a-reallocr.o)
                0x0001cfe0                _realloc_r
 .text          0x0001d5dc       0x38 c:/altera/13.1/nios2eds/bin/gnu/h-i686-mingw32/bin/../lib/gcc/nios2-elf/4.7.3/../../../../../H-i686-mingw32/nios2-elf/lib\libc.a(lib_a-s_isinfd.o)
                0x0001d5dc                __isinfd
 .text          0x0001d614       0x2c c:/altera/13.1/nios2eds/bin/gnu/h-i686-mingw32/bin/../lib/gcc/nios2-elf/4.7.3/../../../../../H-i686-mingw32/nios2-elf/lib\libc.a(lib_a-s_isnand.o)
                0x0001d614                __isnand
 .text          0x0001d640       0x64 c:/altera/13.1/nios2eds/bin/gnu/h-i686-mingw32/bin/../lib/gcc/nios2-elf/4.7.3/../../../../../H-i686-mingw32/nios2-elf/lib\libc.a(lib_a-sbrkr.o)
                0x0001d640                _sbrk_r
 .text          0x0001d6a4      0x140 c:/altera/13.1/nios2eds/bin/gnu/h-i686-mingw32/bin/../lib/gcc/nios2-elf/4.7.3/../../../../../H-i686-mingw32/nios2-elf/lib\libc.a(lib_a-stdio.o)
                0x0001d6a4                __sread
                0x0001d6f8                __swrite
                0x0001d780                __sseek
                0x0001d7dc                __sclose
 .text          0x0001d7e4       0x6c c:/altera/13.1/nios2eds/bin/gnu/h-i686-mingw32/bin/../lib/gcc/nios2-elf/4.7.3/../../../../../H-i686-mingw32/nios2-elf/lib\libc.a(lib_a-writer.o)
                0x0001d7e4                _write_r
 .text          0x0001d850       0xbc c:/altera/13.1/nios2eds/bin/gnu/h-i686-mingw32/bin/../lib/gcc/nios2-elf/4.7.3/../../../../../H-i686-mingw32/nios2-elf/lib\libc.a(lib_a-callocr.o)
                0x0001d850                _calloc_r
 .text          0x0001d90c       0x64 c:/altera/13.1/nios2eds/bin/gnu/h-i686-mingw32/bin/../lib/gcc/nios2-elf/4.7.3/../../../../../H-i686-mingw32/nios2-elf/lib\libc.a(lib_a-closer.o)
                0x0001d90c                _close_r
 .text          0x0001d970      0x150 c:/altera/13.1/nios2eds/bin/gnu/h-i686-mingw32/bin/../lib/gcc/nios2-elf/4.7.3/../../../../../H-i686-mingw32/nios2-elf/lib\libc.a(lib_a-fclose.o)
                0x0001d970                _fclose_r
                0x0001daac                fclose
 .text          0x0001dac0       0x68 c:/altera/13.1/nios2eds/bin/gnu/h-i686-mingw32/bin/../lib/gcc/nios2-elf/4.7.3/../../../../../H-i686-mingw32/nios2-elf/lib\libc.a(lib_a-fstatr.o)
                0x0001dac0                _fstat_r
 .text          0x0001db28        0x0 c:/altera/13.1/nios2eds/bin/gnu/h-i686-mingw32/bin/../lib/gcc/nios2-elf/4.7.3/../../../../../H-i686-mingw32/nios2-elf/lib\libc.a(lib_a-int_errno.o)
 .text          0x0001db28       0x64 c:/altera/13.1/nios2eds/bin/gnu/h-i686-mingw32/bin/../lib/gcc/nios2-elf/4.7.3/../../../../../H-i686-mingw32/nios2-elf/lib\libc.a(lib_a-isattyr.o)
                0x0001db28                _isatty_r
 .text          0x0001db8c       0x6c c:/altera/13.1/nios2eds/bin/gnu/h-i686-mingw32/bin/../lib/gcc/nios2-elf/4.7.3/../../../../../H-i686-mingw32/nios2-elf/lib\libc.a(lib_a-lseekr.o)
                0x0001db8c                _lseek_r
 .text          0x0001dbf8       0x6c c:/altera/13.1/nios2eds/bin/gnu/h-i686-mingw32/bin/../lib/gcc/nios2-elf/4.7.3/../../../../../H-i686-mingw32/nios2-elf/lib\libc.a(lib_a-readr.o)
                0x0001dbf8                _read_r
 .text          0x0001dc64      0x5c8 c:/altera/13.1/nios2eds/bin/gnu/h-i686-mingw32/bin/../lib/gcc/nios2-elf/4.7.3\libgcc.a(_udivdi3.o)
                0x0001dc64                __udivdi3
 .text          0x0001e22c      0x58c c:/altera/13.1/nios2eds/bin/gnu/h-i686-mingw32/bin/../lib/gcc/nios2-elf/4.7.3\libgcc.a(_umoddi3.o)
                0x0001e22c                __umoddi3
 .text          0x0001e7b8      0x408 c:/altera/13.1/nios2eds/bin/gnu/h-i686-mingw32/bin/../lib/gcc/nios2-elf/4.7.3\libgcc.a(_addsub_df.o)
                0x0001eb0c                __adddf3
                0x0001eb60                __subdf3
 .text          0x0001ebc0      0x2e4 c:/altera/13.1/nios2eds/bin/gnu/h-i686-mingw32/bin/../lib/gcc/nios2-elf/4.7.3\libgcc.a(_mul_df.o)
                0x0001ebc0                __muldf3
 .text          0x0001eea4      0x1b4 c:/altera/13.1/nios2eds/bin/gnu/h-i686-mingw32/bin/../lib/gcc/nios2-elf/4.7.3\libgcc.a(_div_df.o)
                0x0001eea4                __divdf3
 .text          0x0001f058       0x5c c:/altera/13.1/nios2eds/bin/gnu/h-i686-mingw32/bin/../lib/gcc/nios2-elf/4.7.3\libgcc.a(_eq_df.o)
                0x0001f058                __eqdf2
 .text          0x0001f0b4       0x5c c:/altera/13.1/nios2eds/bin/gnu/h-i686-mingw32/bin/../lib/gcc/nios2-elf/4.7.3\libgcc.a(_ne_df.o)
                0x0001f0b4                __nedf2
 .text          0x0001f110       0x64 c:/altera/13.1/nios2eds/bin/gnu/h-i686-mingw32/bin/../lib/gcc/nios2-elf/4.7.3\libgcc.a(_gt_df.o)
                0x0001f110                __gtdf2
 .text          0x0001f174       0x64 c:/altera/13.1/nios2eds/bin/gnu/h-i686-mingw32/bin/../lib/gcc/nios2-elf/4.7.3\libgcc.a(_ge_df.o)
                0x0001f174                __gedf2
 .text          0x0001f1d8       0x5c c:/altera/13.1/nios2eds/bin/gnu/h-i686-mingw32/bin/../lib/gcc/nios2-elf/4.7.3\libgcc.a(_lt_df.o)
                0x0001f1d8                __ltdf2
 .text          0x0001f234       0xd4 c:/altera/13.1/nios2eds/bin/gnu/h-i686-mingw32/bin/../lib/gcc/nios2-elf/4.7.3\libgcc.a(_si_to_df.o)
                0x0001f234                __floatsidf
 .text          0x0001f308       0xd4 c:/altera/13.1/nios2eds/bin/gnu/h-i686-mingw32/bin/../lib/gcc/nios2-elf/4.7.3\libgcc.a(_df_to_si.o)
                0x0001f308                __fixdfsi
 .text          0x0001f3dc        0x0 c:/altera/13.1/nios2eds/bin/gnu/h-i686-mingw32/bin/../lib/gcc/nios2-elf/4.7.3\libgcc.a(_thenan_df.o)
 .text          0x0001f3dc      0x11c c:/altera/13.1/nios2eds/bin/gnu/h-i686-mingw32/bin/../lib/gcc/nios2-elf/4.7.3\libgcc.a(_usi_to_df.o)
                0x0001f3dc                __floatunsidf
 .text          0x0001f4f8      0x130 c:/altera/13.1/nios2eds/bin/gnu/h-i686-mingw32/bin/../lib/gcc/nios2-elf/4.7.3\libgcc.a(lib2-divmod.o)
                0x0001f56c                __divsi3
                0x0001f5bc                __modsi3
                0x0001f618                __udivsi3
                0x0001f620                __umodsi3
 .text          0x0001f628       0x60 c:/altera/13.1/nios2eds/bin/gnu/h-i686-mingw32/bin/../lib/gcc/nios2-elf/4.7.3\libgcc.a(_muldi3.o)
                0x0001f628                __muldi3
 .text          0x0001f688        0x0 c:/altera/13.1/nios2eds/bin/gnu/h-i686-mingw32/bin/../lib/gcc/nios2-elf/4.7.3\libgcc.a(_clz.o)
 .text          0x0001f688       0xac c:/altera/13.1/nios2eds/bin/gnu/h-i686-mingw32/bin/../lib/gcc/nios2-elf/4.7.3\libgcc.a(_clzsi2.o)
                0x0001f688                __clzsi2
 .text          0x0001f734      0x224 c:/altera/13.1/nios2eds/bin/gnu/h-i686-mingw32/bin/../lib/gcc/nios2-elf/4.7.3\libgcc.a(_pack_df.o)
                0x0001f734                __pack_d
 .text          0x0001f958      0x104 c:/altera/13.1/nios2eds/bin/gnu/h-i686-mingw32/bin/../lib/gcc/nios2-elf/4.7.3\libgcc.a(_unpack_df.o)
                0x0001f958                __unpack_d
 .text          0x0001fa5c       0xd0 c:/altera/13.1/nios2eds/bin/gnu/h-i686-mingw32/bin/../lib/gcc/nios2-elf/4.7.3\libgcc.a(_fpcmp_parts_df.o)
                0x0001fa5c                __fpcmp_parts_d
 .text          0x0001fb2c       0x44 c:/altera/13.1/nios2eds/bin/gnu/h-i686-mingw32/bin/../lib/gcc/nios2-elf/4.7.3\libgcc.a(_lshrdi3.o)
                0x0001fb2c                __lshrdi3
 .text          0x0001fb70       0x44 c:/altera/13.1/nios2eds/bin/gnu/h-i686-mingw32/bin/../lib/gcc/nios2-elf/4.7.3\libgcc.a(_ashldi3.o)
                0x0001fb70                __ashldi3
 .text          0x0001fbb4      0x16c ../lwIP_NIOS_II_Example_bsp\libhal_bsp.a(alt_alarm_start.o)
                0x0001fbb4                alt_alarm_start
 .text          0x0001fd20      0x118 ../lwIP_NIOS_II_Example_bsp\libhal_bsp.a(alt_close.o)
                0x0001fd70                close
 .text          0x0001fe38       0x2c ../lwIP_NIOS_II_Example_bsp\libhal_bsp.a(alt_dev.o)
 .text          0x0001fe64        0x0 ../lwIP_NIOS_II_Example_bsp\libhal_bsp.a(alt_errno.o)
 .text          0x0001fe64       0xfc ../lwIP_NIOS_II_Example_bsp\libhal_bsp.a(alt_fstat.o)
                0x0001feb4                fstat
 .text          0x0001ff60       0xf0 ../lwIP_NIOS_II_Example_bsp\libhal_bsp.a(alt_isatty.o)
                0x0001ffb0                isatty
 .text          0x00020050       0xec ../lwIP_NIOS_II_Example_bsp\libhal_bsp.a(alt_load.o)
                0x000200bc                alt_load
 .text          0x0002013c      0x120 ../lwIP_NIOS_II_Example_bsp\libhal_bsp.a(alt_lseek.o)
                0x0002018c                lseek
 .text          0x0002025c       0x78 ../lwIP_NIOS_II_Example_bsp\libhal_bsp.a(alt_main.o)
                0x0002025c                alt_main
 .text          0x000202d4       0x40 ../lwIP_NIOS_II_Example_bsp\libhal_bsp.a(alt_malloc_lock.o)
                0x000202d4                __malloc_lock
                0x000202f4                __malloc_unlock
 .text          0x00020314      0x140 ../lwIP_NIOS_II_Example_bsp\libhal_bsp.a(alt_read.o)
                0x00020364                read
 .text          0x00020454       0x60 ../lwIP_NIOS_II_Example_bsp\libhal_bsp.a(alt_release_fd.o)
                0x00020454                alt_release_fd
 .text          0x000204b4       0x40 ../lwIP_NIOS_II_Example_bsp\libhal_bsp.a(alt_remap_uncached.o)
                0x000204b4                alt_remap_uncached
 .text          0x000204f4      0x108 ../lwIP_NIOS_II_Example_bsp\libhal_bsp.a(alt_sbrk.o)
                0x000204f4                sbrk
 .text          0x000205fc      0x1c8 ../lwIP_NIOS_II_Example_bsp\libhal_bsp.a(alt_tick.o)
                0x000205fc                alt_alarm_stop
                0x000206c0                alt_tick
 .text          0x000207c4       0x58 ../lwIP_NIOS_II_Example_bsp\libhal_bsp.a(alt_uncached_malloc.o)
                0x000207c4                alt_uncached_malloc
 .text          0x0002081c       0x30 ../lwIP_NIOS_II_Example_bsp\libhal_bsp.a(alt_usleep.o)
                0x0002081c                usleep
 .text          0x0002084c      0x13c ../lwIP_NIOS_II_Example_bsp\libhal_bsp.a(alt_write.o)
                0x0002089c                write
 .text          0x00020988      0x188 ../lwIP_NIOS_II_Example_bsp\libhal_bsp.a(alt_sys_init.o)
                0x000209c0                alt_irq_init
                0x00020a00                alt_sys_init
 .text          0x00020b10      0x894 ../lwIP_NIOS_II_Example_bsp\libhal_bsp.a(altera_avalon_cfi_flash.o)
                0x00020b48                alt_flash_cfi_init
                0x00020bd8                alt_flash_cfi_write
                0x00020e84                alt_flash_cfi_get_info
                0x00020f10                alt_flash_cfi_read
                0x00020f74                alt_write_value_to_flash
                0x000210cc                alt_flash_program_block
 .text          0x000213a4     0x1430 ../lwIP_NIOS_II_Example_bsp\libhal_bsp.a(altera_avalon_cfi_flash_table.o)
                0x000213a4                alt_read_query_entry_8bit
                0x000213e0                alt_read_query_entry_16bit
                0x00021420                alt_read_query_entry_32bit
                0x00021460                alt_write_flash_command_8bit_device_8bit_mode
                0x000214a4                alt_write_flash_command_16bit_device_8bit_mode
                0x00021518                alt_write_flash_command_32bit_device_8bit_mode
                0x00021564                alt_write_flash_command_16bit_device_16bit_mode
                0x000215ac                alt_write_flash_command_32bit_device_16bit_mode
                0x000215f8                alt_write_flash_command_32bit_device_32bit_mode
                0x00021644                alt_write_native_8bit
                0x0002167c                alt_write_native_16bit
                0x000216b4                alt_write_native_32bit
                0x000216e8                alt_set_flash_width_func
                0x000218ac                alt_set_flash_algorithm_func
                0x000219c8                alt_read_cfi_table
                0x00021f90                alt_read_cfi_width
                0x00022700                alt_check_primary_table
 .text          0x000227d4      0x164 ../lwIP_NIOS_II_Example_bsp\libhal_bsp.a(altera_avalon_jtag_uart_fd.o)
                0x000227d4                altera_avalon_jtag_uart_read_fd
                0x00022834                altera_avalon_jtag_uart_write_fd
                0x00022894                altera_avalon_jtag_uart_close_fd
                0x000228e4                altera_avalon_jtag_uart_ioctl_fd
 .text          0x00022938      0x3d0 ../lwIP_NIOS_II_Example_bsp\libhal_bsp.a(altera_avalon_jtag_uart_init.o)
                0x00022938                altera_avalon_jtag_uart_init
                0x00022ca0                altera_avalon_jtag_uart_close
 .text          0x00022d08       0xf4 ../lwIP_NIOS_II_Example_bsp\libhal_bsp.a(altera_avalon_jtag_uart_ioctl.o)
                0x00022d08                altera_avalon_jtag_uart_ioctl
 .text          0x00022dfc      0x244 ../lwIP_NIOS_II_Example_bsp\libhal_bsp.a(altera_avalon_jtag_uart_read.o)
                0x00022dfc                altera_avalon_jtag_uart_read
 .text          0x00023040      0x250 ../lwIP_NIOS_II_Example_bsp\libhal_bsp.a(altera_avalon_jtag_uart_write.o)
                0x00023040                altera_avalon_jtag_uart_write
 .text          0x00023290      0xe8c ../lwIP_NIOS_II_Example_bsp\libhal_bsp.a(altera_avalon_lcd_16207.o)
                0x00023a54                altera_avalon_lcd_16207_write
                0x00023fe4                altera_avalon_lcd_16207_init
 .text          0x0002411c       0x60 ../lwIP_NIOS_II_Example_bsp\libhal_bsp.a(altera_avalon_lcd_16207_fd.o)
                0x0002411c                altera_avalon_lcd_16207_write_fd
 .text          0x0002417c      0xd2c ../lwIP_NIOS_II_Example_bsp\libhal_bsp.a(altera_avalon_sgdma.o)
                0x000241cc                alt_avalon_sgdma_do_async_transfer
                0x000242f0                alt_avalon_sgdma_do_sync_transfer
                0x00024400                alt_avalon_sgdma_construct_mem_to_mem_desc
                0x00024470                alt_avalon_sgdma_construct_mem_to_mem_desc_burst
                0x000244f0                alt_avalon_sgdma_construct_stream_to_mem_desc
                0x0002454c                alt_avalon_sgdma_construct_stream_to_mem_desc_burst
                0x000245c0                alt_avalon_sgdma_construct_mem_to_stream_desc
                0x0002463c                alt_avalon_sgdma_construct_mem_to_stream_desc_burst
                0x000246c4                alt_avalon_sgdma_register_callback
                0x00024714                alt_avalon_sgdma_start
                0x00024768                alt_avalon_sgdma_stop
                0x000247c0                alt_avalon_sgdma_check_descriptor_status
                0x00024824                alt_avalon_sgdma_open
                0x00024874                alt_avalon_sgdma_construct_descriptor
                0x000248fc                alt_avalon_sgdma_enable_desc_poll
                0x0002497c                alt_avalon_sgdma_disable_desc_poll
                0x000249dc                alt_avalon_sgdma_construct_descriptor_burst
                0x00024e04                alt_avalon_sgdma_init
 .text          0x00024ea8      0x128 ../lwIP_NIOS_II_Example_bsp\libhal_bsp.a(altera_avalon_timer_sc.o)
                0x00024f48                alt_avalon_timer_sc_init
 .text          0x00024fd0     0x4fa8 ../lwIP_NIOS_II_Example_bsp\libhal_bsp.a(altera_avalon_tse.o)
                0x00024fd0                no_printf
                0x00024ffc                tse_mac_initTransInfo2
                0x0002505c                tse_mac_sTxWrite
                0x0002513c                tse_mac_aRxRead
                0x000251e0                tse_mac_SwReset
                0x00025268                tse_mac_setMIImode
                0x000252bc                tse_mac_setGMIImode
                0x0002530c                alt_tse_phy_add_profile
                0x000254f0                alt_tse_system_add_sys
                0x00025eec                alt_tse_sys_enable_mdio_sharing
                0x00026050                alt_tse_mac_get_common_speed
                0x00026090                alt_tse_mac_set_common_speed
                0x000260d8                alt_tse_get_system_index
                0x00026144                alt_tse_get_mac_group_index
                0x000261b8                alt_tse_get_mac_info_index
                0x00026238                alt_tse_get_mac_info
                0x00026310                alt_tse_mac_set_speed
                0x000263f0                alt_tse_mac_set_duplex
                0x0002647c                getPHYSpeed
                0x00026ef0                alt_tse_phy_rd_mdio_addr
                0x00026f38                alt_tse_phy_wr_mdio_addr
                0x00026f90                alt_tse_phy_wr_mdio_reg
                0x000270bc                alt_tse_phy_rd_mdio_reg
                0x00027188                alt_tse_phy_add_profile_default
                0x00027420                alt_tse_phy_print_profile
                0x00027630                alt_tse_mac_group_init
                0x00027ccc                alt_tse_mac_get_phy
                0x000280e8                alt_tse_mac_associate_phy
                0x00028328                alt_tse_phy_cfg_pcs
                0x00028450                alt_tse_phy_init
                0x00028568                alt_tse_phy_restart_an
                0x0002872c                alt_tse_phy_check_link
                0x0002888c                alt_tse_phy_get_cap
                0x00028e24                alt_tse_phy_set_adv_1000
                0x00028fe0                alt_tse_phy_set_adv_100
                0x00029228                alt_tse_phy_set_adv_10
                0x000293d0                alt_tse_phy_get_common_speed
                0x000296f8                alt_tse_phy_set_common_speed
                0x00029bb0                marvell_phy_cfg
                0x00029c48                marvell_cfg_gmii
                0x00029d2c                marvell_cfg_sgmii
                0x00029e10                marvell_cfg_rgmii
                0x00029f00                DP83848C_link_status_read
 .text          0x00029f78        0x0 ../lwIP_NIOS_II_Example_bsp\libhal_bsp.a(altera_avalon_tse_system_info.o)
 .text          0x00029f78      0x110 ../lwIP_NIOS_II_Example_bsp\libhal_bsp.a(altera_avalon_uart_fd.o)
                0x00029f78                altera_avalon_uart_read_fd
                0x00029fd8                altera_avalon_uart_write_fd
                0x0002a038                altera_avalon_uart_close_fd
 .text          0x0002a088      0x3a8 ../lwIP_NIOS_II_Example_bsp\libhal_bsp.a(altera_avalon_uart_init.o)
                0x0002a088                altera_avalon_uart_init
                0x0002a3dc                altera_avalon_uart_close
 .text          0x0002a430      0x2ac ../lwIP_NIOS_II_Example_bsp\libhal_bsp.a(altera_avalon_uart_read.o)
                0x0002a480                altera_avalon_uart_read
 .text          0x0002a6dc      0x250 ../lwIP_NIOS_II_Example_bsp\libhal_bsp.a(altera_avalon_uart_write.o)
                0x0002a72c                altera_avalon_uart_write
 .text          0x0002a92c      0x200 ../lwIP_NIOS_II_Example_bsp\libhal_bsp.a(altera_vic_0_vector_tbl.o)
                0x0002a92c                VIC_0_VECTOR_TABLE
 .text          0x0002ab2c       0x18 ../lwIP_NIOS_II_Example_bsp\libhal_bsp.a(altera_vic_funnel_non_preemptive.o)
                0x0002ab2c                alt_shadow_non_preemptive_interrupt
 .text          0x0002ab44      0x13c ../lwIP_NIOS_II_Example_bsp\libhal_bsp.a(altera_vic_irq_init.o)
                0x0002ab44                alt_vic_irq_init
 .text          0x0002ac80      0x158 ../lwIP_NIOS_II_Example_bsp\libhal_bsp.a(altera_vic_isr_register.o)
                0x0002ac80                alt_ic_isr_register
 .text          0x0002add8      0x128 ../lwIP_NIOS_II_Example_bsp\libhal_bsp.a(alt_busy_sleep.o)
                0x0002add8                alt_busy_sleep
 .text          0x0002af00       0x24 ../lwIP_NIOS_II_Example_bsp\libhal_bsp.a(alt_dcache_flush.o)
                0x0002af00                alt_dcache_flush
 .text          0x0002af24       0x1c ../lwIP_NIOS_II_Example_bsp\libhal_bsp.a(alt_dcache_flush_all.o)
                0x0002af24                alt_dcache_flush_all
 .text          0x0002af40       0xf0 ../lwIP_NIOS_II_Example_bsp\libhal_bsp.a(alt_dev_llist_insert.o)
                0x0002af90                alt_dev_llist_insert
 .text          0x0002b030       0x5c ../lwIP_NIOS_II_Example_bsp\libhal_bsp.a(alt_do_ctors.o)
                0x0002b030                _do_ctors
 .text          0x0002b08c       0x5c ../lwIP_NIOS_II_Example_bsp\libhal_bsp.a(alt_do_dtors.o)
                0x0002b08c                _do_dtors
 .text          0x0002b0e8       0x90 ../lwIP_NIOS_II_Example_bsp\libhal_bsp.a(alt_find_dev.o)
                0x0002b0e8                alt_find_dev
 .text          0x0002b178       0xb8 ../lwIP_NIOS_II_Example_bsp\libhal_bsp.a(alt_flash_dev.o)
                0x0002b178                alt_flash_open_dev
                0x0002b1e0                alt_flash_close_dev
 .text          0x0002b230       0x30 ../lwIP_NIOS_II_Example_bsp\libhal_bsp.a(alt_icache_flush_all.o)
                0x0002b230                alt_icache_flush_all
 .text          0x0002b260      0x138 ../lwIP_NIOS_II_Example_bsp\libhal_bsp.a(alt_io_redirect.o)
                0x0002b320                alt_io_redirect
 .text          0x0002b398      0x270 ../lwIP_NIOS_II_Example_bsp\libhal_bsp.a(alt_open.o)
                0x0002b4b4                open
 .text          0x0002b608      0x460 ../lwIP_NIOS_II_Example_bsp\libhal_bsp.a(altera_avalon_cfi_flash_amd.o)
                0x0002b608                alt_program_amd
                0x0002b670                alt_erase_block_amd
 .text          0x0002ba68      0x438 ../lwIP_NIOS_II_Example_bsp\libhal_bsp.a(altera_avalon_cfi_flash_intel.o)
                0x0002ba68                alt_program_intel
                0x0002bae8                alt_erase_block_intel
 .text          0x0002bea0      0x114 ../lwIP_NIOS_II_Example_bsp\libhal_bsp.a(alt_find_file.o)
                0x0002bea0                alt_find_file
 .text          0x0002bfb4       0xb4 ../lwIP_NIOS_II_Example_bsp\libhal_bsp.a(alt_get_fd.o)
                0x0002bfb4                alt_get_fd
 .text          0x0002c068       0x8c ../lwIP_NIOS_II_Example_bsp\libhal_bsp.a(alt_icache_flush.o)
                0x0002c068                alt_icache_flush
 .text          0x0002c0f4       0x14 c:/altera/13.1/nios2eds/bin/gnu/h-i686-mingw32/bin/../lib/gcc/nios2-elf/4.7.3/../../../../../H-i686-mingw32/nios2-elf/lib\libc.a(lib_a-atexit.o)
                0x0002c0f4                atexit
 .text          0x0002c108        0x0 c:/altera/13.1/nios2eds/bin/gnu/h-i686-mingw32/bin/../lib/gcc/nios2-elf/4.7.3/../../../../../H-i686-mingw32/nios2-elf/lib\libc.a(lib_a-ctype_.o)
 .text          0x0002c108       0x38 c:/altera/13.1/nios2eds/bin/gnu/h-i686-mingw32/bin/../lib/gcc/nios2-elf/4.7.3/../../../../../H-i686-mingw32/nios2-elf/lib\libc.a(lib_a-exit.o)
                0x0002c108                exit
 .text          0x0002c140       0x28 c:/altera/13.1/nios2eds/bin/gnu/h-i686-mingw32/bin/../lib/gcc/nios2-elf/4.7.3/../../../../../H-i686-mingw32/nios2-elf/lib\libc.a(lib_a-malloc.o)
                0x0002c140                malloc
                0x0002c154                free
 .text          0x0002c168       0x7c c:/altera/13.1/nios2eds/bin/gnu/h-i686-mingw32/bin/../lib/gcc/nios2-elf/4.7.3/../../../../../H-i686-mingw32/nios2-elf/lib\libc.a(lib_a-memcmp.o)
                0x0002c168                memcmp
 .text          0x0002c1e4       0x94 c:/altera/13.1/nios2eds/bin/gnu/h-i686-mingw32/bin/../lib/gcc/nios2-elf/4.7.3/../../../../../H-i686-mingw32/nios2-elf/lib\libc.a(lib_a-strcpy.o)
                0x0002c1e4                strcpy
 .text          0x0002c278      0x130 c:/altera/13.1/nios2eds/bin/gnu/h-i686-mingw32/bin/../lib/gcc/nios2-elf/4.7.3/../../../../../H-i686-mingw32/nios2-elf/lib\libc.a(lib_a-__atexit.o)
                0x0002c278                __register_exitproc
 .text          0x0002c3a8      0x1a0 c:/altera/13.1/nios2eds/bin/gnu/h-i686-mingw32/bin/../lib/gcc/nios2-elf/4.7.3/../../../../../H-i686-mingw32/nios2-elf/lib\libc.a(lib_a-__call_atexit.o)
                0x0002c3a8                __call_exitprocs
 .text          0x0002c548       0x3c ../lwIP_NIOS_II_Example_bsp\libhal_bsp.a(alt_exit.o)
                0x0002c548                _exit
 *(.gnu.warning.*)
 *(.fini)
                0x0002c584                PROVIDE (__etext, ABSOLUTE (.))
                0x0002c584                PROVIDE (_etext, ABSOLUTE (.))
                0x0002c584                PROVIDE (etext, ABSOLUTE (.))
 *(.eh_frame_hdr)
                0x0002c584                . = ALIGN (0x4)
                0x0002c584                PROVIDE (__preinit_array_start, ABSOLUTE (.))
 *(.preinit_array)
                0x0002c584                PROVIDE (__preinit_array_end, ABSOLUTE (.))
                0x0002c584                PROVIDE (__init_array_start, ABSOLUTE (.))
 *(.init_array)
                0x0002c584                PROVIDE (__init_array_end, ABSOLUTE (.))
                0x0002c584                PROVIDE (__fini_array_start, ABSOLUTE (.))
 *(.fini_array)
                0x0002c584                PROVIDE (__fini_array_end, ABSOLUTE (.))
 *(.eh_frame)
 *(.gcc_except_table .gcc_except_table.*)
 *(.dynamic)
                0x0002c584                PROVIDE (__CTOR_LIST__, ABSOLUTE (.))
 *(.ctors)
 *(SORT(.ctors.*))
                0x0002c584                PROVIDE (__CTOR_END__, ABSOLUTE (.))
                0x0002c584                PROVIDE (__DTOR_LIST__, ABSOLUTE (.))
 *(.dtors)
 *(SORT(.dtors.*))
                0x0002c584                PROVIDE (__DTOR_END__, ABSOLUTE (.))
 *(.jcr)
                0x0002c584                . = ALIGN (0x4)

.rodata         0x0002c584     0x4cd4
                0x0002c584                PROVIDE (__ram_rodata_start, ABSOLUTE (.))
                0x0002c584                . = ALIGN (0x4)
 *(.rodata .rodata.* .gnu.linkonce.r.*)
 .rodata        0x0002c584       0xb4 obj/default/drivers/alteraTseEthernetif.o
 .rodata        0x0002c638      0xc80 obj/default/drivers/fs.o
                0x0002d288                file_img_sics_gif
                0x0002d298                file_404_html
                0x0002d2a8                file_index_html
 .rodata        0x0002d2b8       0x3c obj/default/drivers/httpd.o
 .rodata        0x0002d2f4       0xb4 obj/default/drivers/lwip_tse_mac.o
 .rodata        0x0002d3a8      0x110 obj/default/lwip/src/api/err.o
 .rodata        0x0002d4b8      0x448 obj/default/lwip/src/core/dhcp.o
 .rodata        0x0002d900      0x28c obj/default/lwip/src/core/ipv4/icmp.o
 .rodata        0x0002db8c       0x70 obj/default/lwip/src/core/ipv4/ip.o
 .rodata        0x0002dbfc      0x15c obj/default/lwip/src/core/ipv4/ip_frag.o
 .rodata        0x0002dd58      0x1e8 obj/default/lwip/src/core/mem.o
 .rodata        0x0002df40      0x12c obj/default/lwip/src/core/memp.o
 .rodata        0x0002e06c      0x478 obj/default/lwip/src/core/pbuf.o
 .rodata        0x0002e4e4       0x64 obj/default/lwip/src/core/raw.o
 .rodata        0x0002e548      0x310 obj/default/lwip/src/core/tcp.o
                0x0002e5be                tcp_backoff
 .rodata        0x0002e858      0x2d8 obj/default/lwip/src/core/tcp_in.o
 .rodata        0x0002eb30      0x238 obj/default/lwip/src/core/tcp_out.o
 .rodata        0x0002ed68       0xa0 obj/default/lwip/src/core/udp.o
 .rodata        0x0002ee08      0x1b0 obj/default/lwip/src/netif/etharp.o
 .rodata        0x0002efb8       0x6c obj/default/main.o
 .rodata.str1.4
                0x0002f024        0x2 c:/altera/13.1/nios2eds/bin/gnu/h-i686-mingw32/bin/../lib/gcc/nios2-elf/4.7.3/../../../../../H-i686-mingw32/nios2-elf/lib\libc.a(lib_a-impure.o)
                                  0x4 (size before relaxing)
 *fill*         0x0002f026        0x2 
 .rodata.str1.4
                0x0002f028        0x2 c:/altera/13.1/nios2eds/bin/gnu/h-i686-mingw32/bin/../lib/gcc/nios2-elf/4.7.3/../../../../../H-i686-mingw32/nios2-elf/lib\libc.a(lib_a-puts.o)
                                  0x4 (size before relaxing)
 *fill*         0x0002f02a        0x2 
 .rodata.str1.4
                0x0002f02c       0x42 c:/altera/13.1/nios2eds/bin/gnu/h-i686-mingw32/bin/../lib/gcc/nios2-elf/4.7.3/../../../../../H-i686-mingw32/nios2-elf/lib\libc.a(lib_a-vfprintf.o)
                                 0x44 (size before relaxing)
 .rodata        0x0002f06e       0x20 c:/altera/13.1/nios2eds/bin/gnu/h-i686-mingw32/bin/../lib/gcc/nios2-elf/4.7.3/../../../../../H-i686-mingw32/nios2-elf/lib\libc.a(lib_a-vfprintf.o)
 *fill*         0x0002f08e        0x2 
 .rodata.str1.4
                0x0002f090       0x10 c:/altera/13.1/nios2eds/bin/gnu/h-i686-mingw32/bin/../lib/gcc/nios2-elf/4.7.3/../../../../../H-i686-mingw32/nios2-elf/lib\libc.a(lib_a-dtoa.o)
                                 0x14 (size before relaxing)
 .rodata.str1.4
                0x0002f0a0       0x10 c:/altera/13.1/nios2eds/bin/gnu/h-i686-mingw32/bin/../lib/gcc/nios2-elf/4.7.3/../../../../../H-i686-mingw32/nios2-elf/lib\libc.a(lib_a-locale.o)
                                 0x18 (size before relaxing)
 .rodata        0x0002f0b0       0x30 c:/altera/13.1/nios2eds/bin/gnu/h-i686-mingw32/bin/../lib/gcc/nios2-elf/4.7.3/../../../../../H-i686-mingw32/nios2-elf/lib\libc.a(lib_a-locale.o)
 .rodata        0x0002f0e0      0x124 c:/altera/13.1/nios2eds/bin/gnu/h-i686-mingw32/bin/../lib/gcc/nios2-elf/4.7.3/../../../../../H-i686-mingw32/nios2-elf/lib\libc.a(lib_a-mprec.o)
                0x0002f0e0                __mprec_tinytens
                0x0002f108                __mprec_bigtens
                0x0002f130                __mprec_tens
 .rodata        0x0002f204       0x14 c:/altera/13.1/nios2eds/bin/gnu/h-i686-mingw32/bin/../lib/gcc/nios2-elf/4.7.3\libgcc.a(_thenan_df.o)
                0x0002f204                __thenan_df
 .rodata        0x0002f218      0x100 c:/altera/13.1/nios2eds/bin/gnu/h-i686-mingw32/bin/../lib/gcc/nios2-elf/4.7.3\libgcc.a(_clz.o)
                0x0002f218                __clz_tab
 .rodata        0x0002f318        0xc ../lwIP_NIOS_II_Example_bsp\libhal_bsp.a(alt_dev.o)
 .rodata        0x0002f324       0x10 ../lwIP_NIOS_II_Example_bsp\libhal_bsp.a(alt_main.o)
 .rodata        0x0002f334       0x70 ../lwIP_NIOS_II_Example_bsp\libhal_bsp.a(alt_sys_init.o)
 .rodata        0x0002f3a4     0x1bf0 ../lwIP_NIOS_II_Example_bsp\libhal_bsp.a(altera_avalon_tse.o)
 .rodata        0x00030f94       0x20 ../lwIP_NIOS_II_Example_bsp\libhal_bsp.a(altera_avalon_tse_system_info.o)
 .rodata        0x00030fb4       0x20 ../lwIP_NIOS_II_Example_bsp\libhal_bsp.a(altera_vic_irq_init.o)
 .rodata        0x00030fd4      0x281 c:/altera/13.1/nios2eds/bin/gnu/h-i686-mingw32/bin/../lib/gcc/nios2-elf/4.7.3/../../../../../H-i686-mingw32/nios2-elf/lib\libc.a(lib_a-ctype_.o)
                0x00030fd4                _ctype_
 *(.rodata1)
                0x00031258                . = ALIGN (0x4)
 *fill*         0x00031255        0x3 
                0x00031258                PROVIDE (__ram_rodata_end, ABSOLUTE (.))
                0x0002c584                PROVIDE (__flash_rodata_start, LOADADDR (.rodata))

.rwdata         0x00031258     0x22a4 load address 0x000334fc
                0x00031258                PROVIDE (__ram_rwdata_start, ABSOLUTE (.))
                0x00031258                . = ALIGN (0x4)
 *(.got.plt)
 *(.got)
 *(.data1)
 *(.data .data.* .gnu.linkonce.d.*)
 .data          0x00031258        0x0 ../lwIP_NIOS_II_Example_bsp/obj/HAL/src/crt0.o
 .data          0x00031258        0x0 obj/default/drivers/alteraTseEthernetif.o
 .data          0x00031258        0x0 obj/default/drivers/fs.o
 .data          0x00031258        0x0 obj/default/drivers/fsdata.o
 .data          0x00031258        0x0 obj/default/drivers/httpd.o
 .data          0x00031258        0x0 obj/default/drivers/lwip_tse_mac.o
 .data          0x00031258        0x0 obj/default/lwip/src/api/api_lib.o
 .data          0x00031258        0x0 obj/default/lwip/src/api/api_msg.o
 .data          0x00031258       0x3c obj/default/lwip/src/api/err.o
 .data          0x00031294        0x0 obj/default/lwip/src/api/netbuf.o
 .data          0x00031294        0x0 obj/default/lwip/src/api/netdb.o
 .data          0x00031294        0x0 obj/default/lwip/src/api/netifapi.o
 .data          0x00031294        0x0 obj/default/lwip/src/api/sockets.o
 .data          0x00031294        0x0 obj/default/lwip/src/api/tcpip.o
 .data          0x00031294        0x0 obj/default/lwip/src/core/dhcp.o
 .data          0x00031294        0x0 obj/default/lwip/src/core/dns.o
 .data          0x00031294        0x0 obj/default/lwip/src/core/init.o
 .data          0x00031294        0x0 obj/default/lwip/src/core/ipv4/autoip.o
 .data          0x00031294        0x0 obj/default/lwip/src/core/ipv4/icmp.o
 .data          0x00031294        0x0 obj/default/lwip/src/core/ipv4/igmp.o
 .data          0x00031294        0x0 obj/default/lwip/src/core/ipv4/inet.o
 .data          0x00031294        0x0 obj/default/lwip/src/core/ipv4/inet_chksum.o
 .data          0x00031294        0x0 obj/default/lwip/src/core/ipv4/ip.o
 .data          0x00031294        0x0 obj/default/lwip/src/core/ipv4/ip_addr.o
 .data          0x00031294        0x0 obj/default/lwip/src/core/ipv4/ip_frag.o
 .data          0x00031294        0x0 obj/default/lwip/src/core/mem.o
 .data          0x00031294       0x24 obj/default/lwip/src/core/memp.o
 .data          0x000312b8        0x0 obj/default/lwip/src/core/netif.o
 .data          0x000312b8        0x0 obj/default/lwip/src/core/pbuf.o
 .data          0x000312b8        0x0 obj/default/lwip/src/core/raw.o
 .data          0x000312b8        0x0 obj/default/lwip/src/core/snmp/asn1_dec.o
 .data          0x000312b8        0x0 obj/default/lwip/src/core/snmp/asn1_enc.o
 .data          0x000312b8        0x0 obj/default/lwip/src/core/snmp/mib2.o
 .data          0x000312b8        0x0 obj/default/lwip/src/core/snmp/mib_structs.o
 .data          0x000312b8        0x0 obj/default/lwip/src/core/snmp/msg_in.o
 .data          0x000312b8        0x0 obj/default/lwip/src/core/snmp/msg_out.o
 .data          0x000312b8        0x0 obj/default/lwip/src/core/stats.o
 .data          0x000312b8        0x0 obj/default/lwip/src/core/sys.o
 .data          0x000312b8       0x2c obj/default/lwip/src/core/tcp.o
                0x000312b8                tcp_state_str
 .data          0x000312e4        0x0 obj/default/lwip/src/core/tcp_in.o
 .data          0x000312e4        0x0 obj/default/lwip/src/core/tcp_out.o
 .data          0x000312e4        0x0 obj/default/lwip/src/core/udp.o
 .data          0x000312e4        0x0 obj/default/lwip/src/netif/etharp.o
 .data          0x000312e4        0x0 obj/default/lwip/src/netif/ethernetif.o
 .data          0x000312e4        0x0 obj/default/lwip/src/netif/loopif.o
 .data          0x000312e4        0x0 obj/default/lwip/src/netif/ppp/auth.o
 .data          0x000312e4        0x0 obj/default/lwip/src/netif/ppp/chap.o
 .data          0x000312e4        0x0 obj/default/lwip/src/netif/ppp/chpms.o
 .data          0x000312e4        0x0 obj/default/lwip/src/netif/ppp/fsm.o
 .data          0x000312e4        0x0 obj/default/lwip/src/netif/ppp/ipcp.o
 .data          0x000312e4        0x0 obj/default/lwip/src/netif/ppp/lcp.o
 .data          0x000312e4        0x0 obj/default/lwip/src/netif/ppp/magic.o
 .data          0x000312e4        0x0 obj/default/lwip/src/netif/ppp/md5.o
 .data          0x000312e4        0x0 obj/default/lwip/src/netif/ppp/pap.o
 .data          0x000312e4        0x0 obj/default/lwip/src/netif/ppp/ppp.o
 .data          0x000312e4        0x0 obj/default/lwip/src/netif/ppp/ppp_oe.o
 .data          0x000312e4        0x0 obj/default/lwip/src/netif/ppp/randm.o
 .data          0x000312e4        0x0 obj/default/lwip/src/netif/ppp/vj.o
 .data          0x000312e4        0x0 obj/default/lwip/src/netif/slipif.o
 .data          0x000312e4        0x0 obj/default/main.o
 .data          0x000312e4      0x400 c:/altera/13.1/nios2eds/bin/gnu/h-i686-mingw32/bin/../lib/gcc/nios2-elf/4.7.3/../../../../../H-i686-mingw32/nios2-elf/lib\libc.a(lib_a-impure.o)
 .data          0x000316e4        0x0 c:/altera/13.1/nios2eds/bin/gnu/h-i686-mingw32/bin/../lib/gcc/nios2-elf/4.7.3/../../../../../H-i686-mingw32/nios2-elf/lib\libc.a(lib_a-memcpy.o)
 .data          0x000316e4        0x0 c:/altera/13.1/nios2eds/bin/gnu/h-i686-mingw32/bin/../lib/gcc/nios2-elf/4.7.3/../../../../../H-i686-mingw32/nios2-elf/lib\libc.a(lib_a-memset.o)
 .data          0x000316e4        0x0 c:/altera/13.1/nios2eds/bin/gnu/h-i686-mingw32/bin/../lib/gcc/nios2-elf/4.7.3/../../../../../H-i686-mingw32/nios2-elf/lib\libc.a(lib_a-printf.o)
 .data          0x000316e4        0x0 c:/altera/13.1/nios2eds/bin/gnu/h-i686-mingw32/bin/../lib/gcc/nios2-elf/4.7.3/../../../../../H-i686-mingw32/nios2-elf/lib\libc.a(lib_a-putc.o)
 .data          0x000316e4        0x0 c:/altera/13.1/nios2eds/bin/gnu/h-i686-mingw32/bin/../lib/gcc/nios2-elf/4.7.3/../../../../../H-i686-mingw32/nios2-elf/lib\libc.a(lib_a-putchar.o)
 .data          0x000316e4        0x0 c:/altera/13.1/nios2eds/bin/gnu/h-i686-mingw32/bin/../lib/gcc/nios2-elf/4.7.3/../../../../../H-i686-mingw32/nios2-elf/lib\libc.a(lib_a-puts.o)
 .data          0x000316e4        0x0 c:/altera/13.1/nios2eds/bin/gnu/h-i686-mingw32/bin/../lib/gcc/nios2-elf/4.7.3/../../../../../H-i686-mingw32/nios2-elf/lib\libc.a(lib_a-strcmp.o)
 .data          0x000316e4        0x0 c:/altera/13.1/nios2eds/bin/gnu/h-i686-mingw32/bin/../lib/gcc/nios2-elf/4.7.3/../../../../../H-i686-mingw32/nios2-elf/lib\libc.a(lib_a-strlen.o)
 .data          0x000316e4        0x0 c:/altera/13.1/nios2eds/bin/gnu/h-i686-mingw32/bin/../lib/gcc/nios2-elf/4.7.3/../../../../../H-i686-mingw32/nios2-elf/lib\libc.a(lib_a-strncmp.o)
 .data          0x000316e4        0x0 c:/altera/13.1/nios2eds/bin/gnu/h-i686-mingw32/bin/../lib/gcc/nios2-elf/4.7.3/../../../../../H-i686-mingw32/nios2-elf/lib\libc.a(lib_a-vfprintf.o)
 .data          0x000316e4        0x0 c:/altera/13.1/nios2eds/bin/gnu/h-i686-mingw32/bin/../lib/gcc/nios2-elf/4.7.3/../../../../../H-i686-mingw32/nios2-elf/lib\libc.a(lib_a-wbuf.o)
 .data          0x000316e4        0x0 c:/altera/13.1/nios2eds/bin/gnu/h-i686-mingw32/bin/../lib/gcc/nios2-elf/4.7.3/../../../../../H-i686-mingw32/nios2-elf/lib\libc.a(lib_a-wsetup.o)
 .data          0x000316e4        0x0 c:/altera/13.1/nios2eds/bin/gnu/h-i686-mingw32/bin/../lib/gcc/nios2-elf/4.7.3/../../../../../H-i686-mingw32/nios2-elf/lib\libc.a(lib_a-dtoa.o)
 .data          0x000316e4        0x0 c:/altera/13.1/nios2eds/bin/gnu/h-i686-mingw32/bin/../lib/gcc/nios2-elf/4.7.3/../../../../../H-i686-mingw32/nios2-elf/lib\libc.a(lib_a-fflush.o)
 .data          0x000316e4        0x0 c:/altera/13.1/nios2eds/bin/gnu/h-i686-mingw32/bin/../lib/gcc/nios2-elf/4.7.3/../../../../../H-i686-mingw32/nios2-elf/lib\libc.a(lib_a-findfp.o)
 .data          0x000316e4        0x0 c:/altera/13.1/nios2eds/bin/gnu/h-i686-mingw32/bin/../lib/gcc/nios2-elf/4.7.3/../../../../../H-i686-mingw32/nios2-elf/lib\libc.a(lib_a-freer.o)
 .data          0x000316e4        0x0 c:/altera/13.1/nios2eds/bin/gnu/h-i686-mingw32/bin/../lib/gcc/nios2-elf/4.7.3/../../../../../H-i686-mingw32/nios2-elf/lib\libc.a(lib_a-fvwrite.o)
 .data          0x000316e4        0x0 c:/altera/13.1/nios2eds/bin/gnu/h-i686-mingw32/bin/../lib/gcc/nios2-elf/4.7.3/../../../../../H-i686-mingw32/nios2-elf/lib\libc.a(lib_a-fwalk.o)
 .data          0x000316e4        0xc c:/altera/13.1/nios2eds/bin/gnu/h-i686-mingw32/bin/../lib/gcc/nios2-elf/4.7.3/../../../../../H-i686-mingw32/nios2-elf/lib\libc.a(lib_a-locale.o)
                0x000316e4                __lc_ctype
 .data          0x000316f0        0x0 c:/altera/13.1/nios2eds/bin/gnu/h-i686-mingw32/bin/../lib/gcc/nios2-elf/4.7.3/../../../../../H-i686-mingw32/nios2-elf/lib\libc.a(lib_a-makebuf.o)
 .data          0x000316f0      0x408 c:/altera/13.1/nios2eds/bin/gnu/h-i686-mingw32/bin/../lib/gcc/nios2-elf/4.7.3/../../../../../H-i686-mingw32/nios2-elf/lib\libc.a(lib_a-mallocr.o)
                0x000316f0                __malloc_av_
 .data          0x00031af8        0x0 c:/altera/13.1/nios2eds/bin/gnu/h-i686-mingw32/bin/../lib/gcc/nios2-elf/4.7.3/../../../../../H-i686-mingw32/nios2-elf/lib\libc.a(lib_a-memchr.o)
 .data          0x00031af8        0x0 c:/altera/13.1/nios2eds/bin/gnu/h-i686-mingw32/bin/../lib/gcc/nios2-elf/4.7.3/../../../../../H-i686-mingw32/nios2-elf/lib\libc.a(lib_a-memmove.o)
 .data          0x00031af8        0x0 c:/altera/13.1/nios2eds/bin/gnu/h-i686-mingw32/bin/../lib/gcc/nios2-elf/4.7.3/../../../../../H-i686-mingw32/nios2-elf/lib\libc.a(lib_a-mprec.o)
 .data          0x00031af8        0x0 c:/altera/13.1/nios2eds/bin/gnu/h-i686-mingw32/bin/../lib/gcc/nios2-elf/4.7.3/../../../../../H-i686-mingw32/nios2-elf/lib\libc.a(lib_a-reallocr.o)
 .data          0x00031af8        0x0 c:/altera/13.1/nios2eds/bin/gnu/h-i686-mingw32/bin/../lib/gcc/nios2-elf/4.7.3/../../../../../H-i686-mingw32/nios2-elf/lib\libc.a(lib_a-s_isinfd.o)
 .data          0x00031af8        0x0 c:/altera/13.1/nios2eds/bin/gnu/h-i686-mingw32/bin/../lib/gcc/nios2-elf/4.7.3/../../../../../H-i686-mingw32/nios2-elf/lib\libc.a(lib_a-s_isnand.o)
 .data          0x00031af8        0x0 c:/altera/13.1/nios2eds/bin/gnu/h-i686-mingw32/bin/../lib/gcc/nios2-elf/4.7.3/../../../../../H-i686-mingw32/nios2-elf/lib\libc.a(lib_a-sbrkr.o)
 .data          0x00031af8        0x0 c:/altera/13.1/nios2eds/bin/gnu/h-i686-mingw32/bin/../lib/gcc/nios2-elf/4.7.3/../../../../../H-i686-mingw32/nios2-elf/lib\libc.a(lib_a-stdio.o)
 .data          0x00031af8        0x0 c:/altera/13.1/nios2eds/bin/gnu/h-i686-mingw32/bin/../lib/gcc/nios2-elf/4.7.3/../../../../../H-i686-mingw32/nios2-elf/lib\libc.a(lib_a-writer.o)
 .data          0x00031af8        0x0 c:/altera/13.1/nios2eds/bin/gnu/h-i686-mingw32/bin/../lib/gcc/nios2-elf/4.7.3/../../../../../H-i686-mingw32/nios2-elf/lib\libc.a(lib_a-callocr.o)
 .data          0x00031af8        0x0 c:/altera/13.1/nios2eds/bin/gnu/h-i686-mingw32/bin/../lib/gcc/nios2-elf/4.7.3/../../../../../H-i686-mingw32/nios2-elf/lib\libc.a(lib_a-closer.o)
 .data          0x00031af8        0x0 c:/altera/13.1/nios2eds/bin/gnu/h-i686-mingw32/bin/../lib/gcc/nios2-elf/4.7.3/../../../../../H-i686-mingw32/nios2-elf/lib\libc.a(lib_a-fclose.o)
 .data          0x00031af8        0x0 c:/altera/13.1/nios2eds/bin/gnu/h-i686-mingw32/bin/../lib/gcc/nios2-elf/4.7.3/../../../../../H-i686-mingw32/nios2-elf/lib\libc.a(lib_a-fstatr.o)
 .data          0x00031af8        0x0 c:/altera/13.1/nios2eds/bin/gnu/h-i686-mingw32/bin/../lib/gcc/nios2-elf/4.7.3/../../../../../H-i686-mingw32/nios2-elf/lib\libc.a(lib_a-int_errno.o)
 .data          0x00031af8        0x0 c:/altera/13.1/nios2eds/bin/gnu/h-i686-mingw32/bin/../lib/gcc/nios2-elf/4.7.3/../../../../../H-i686-mingw32/nios2-elf/lib\libc.a(lib_a-isattyr.o)
 .data          0x00031af8        0x0 c:/altera/13.1/nios2eds/bin/gnu/h-i686-mingw32/bin/../lib/gcc/nios2-elf/4.7.3/../../../../../H-i686-mingw32/nios2-elf/lib\libc.a(lib_a-lseekr.o)
 .data          0x00031af8        0x0 c:/altera/13.1/nios2eds/bin/gnu/h-i686-mingw32/bin/../lib/gcc/nios2-elf/4.7.3/../../../../../H-i686-mingw32/nios2-elf/lib\libc.a(lib_a-readr.o)
 .data          0x00031af8        0x0 c:/altera/13.1/nios2eds/bin/gnu/h-i686-mingw32/bin/../lib/gcc/nios2-elf/4.7.3\libgcc.a(_udivdi3.o)
 .data          0x00031af8        0x0 c:/altera/13.1/nios2eds/bin/gnu/h-i686-mingw32/bin/../lib/gcc/nios2-elf/4.7.3\libgcc.a(_umoddi3.o)
 .data          0x00031af8        0x0 c:/altera/13.1/nios2eds/bin/gnu/h-i686-mingw32/bin/../lib/gcc/nios2-elf/4.7.3\libgcc.a(_addsub_df.o)
 .data          0x00031af8        0x0 c:/altera/13.1/nios2eds/bin/gnu/h-i686-mingw32/bin/../lib/gcc/nios2-elf/4.7.3\libgcc.a(_mul_df.o)
 .data          0x00031af8        0x0 c:/altera/13.1/nios2eds/bin/gnu/h-i686-mingw32/bin/../lib/gcc/nios2-elf/4.7.3\libgcc.a(_div_df.o)
 .data          0x00031af8        0x0 c:/altera/13.1/nios2eds/bin/gnu/h-i686-mingw32/bin/../lib/gcc/nios2-elf/4.7.3\libgcc.a(_eq_df.o)
 .data          0x00031af8        0x0 c:/altera/13.1/nios2eds/bin/gnu/h-i686-mingw32/bin/../lib/gcc/nios2-elf/4.7.3\libgcc.a(_ne_df.o)
 .data          0x00031af8        0x0 c:/altera/13.1/nios2eds/bin/gnu/h-i686-mingw32/bin/../lib/gcc/nios2-elf/4.7.3\libgcc.a(_gt_df.o)
 .data          0x00031af8        0x0 c:/altera/13.1/nios2eds/bin/gnu/h-i686-mingw32/bin/../lib/gcc/nios2-elf/4.7.3\libgcc.a(_ge_df.o)
 .data          0x00031af8        0x0 c:/altera/13.1/nios2eds/bin/gnu/h-i686-mingw32/bin/../lib/gcc/nios2-elf/4.7.3\libgcc.a(_lt_df.o)
 .data          0x00031af8        0x0 c:/altera/13.1/nios2eds/bin/gnu/h-i686-mingw32/bin/../lib/gcc/nios2-elf/4.7.3\libgcc.a(_si_to_df.o)
 .data          0x00031af8        0x0 c:/altera/13.1/nios2eds/bin/gnu/h-i686-mingw32/bin/../lib/gcc/nios2-elf/4.7.3\libgcc.a(_df_to_si.o)
 .data          0x00031af8        0x0 c:/altera/13.1/nios2eds/bin/gnu/h-i686-mingw32/bin/../lib/gcc/nios2-elf/4.7.3\libgcc.a(_thenan_df.o)
 .data          0x00031af8        0x0 c:/altera/13.1/nios2eds/bin/gnu/h-i686-mingw32/bin/../lib/gcc/nios2-elf/4.7.3\libgcc.a(_usi_to_df.o)
 .data          0x00031af8        0x0 c:/altera/13.1/nios2eds/bin/gnu/h-i686-mingw32/bin/../lib/gcc/nios2-elf/4.7.3\libgcc.a(lib2-divmod.o)
 .data          0x00031af8        0x0 c:/altera/13.1/nios2eds/bin/gnu/h-i686-mingw32/bin/../lib/gcc/nios2-elf/4.7.3\libgcc.a(_muldi3.o)
 .data          0x00031af8        0x0 c:/altera/13.1/nios2eds/bin/gnu/h-i686-mingw32/bin/../lib/gcc/nios2-elf/4.7.3\libgcc.a(_clz.o)
 .data          0x00031af8        0x0 c:/altera/13.1/nios2eds/bin/gnu/h-i686-mingw32/bin/../lib/gcc/nios2-elf/4.7.3\libgcc.a(_clzsi2.o)
 .data          0x00031af8        0x0 c:/altera/13.1/nios2eds/bin/gnu/h-i686-mingw32/bin/../lib/gcc/nios2-elf/4.7.3\libgcc.a(_pack_df.o)
 .data          0x00031af8        0x0 c:/altera/13.1/nios2eds/bin/gnu/h-i686-mingw32/bin/../lib/gcc/nios2-elf/4.7.3\libgcc.a(_unpack_df.o)
 .data          0x00031af8        0x0 c:/altera/13.1/nios2eds/bin/gnu/h-i686-mingw32/bin/../lib/gcc/nios2-elf/4.7.3\libgcc.a(_fpcmp_parts_df.o)
 .data          0x00031af8        0x0 c:/altera/13.1/nios2eds/bin/gnu/h-i686-mingw32/bin/../lib/gcc/nios2-elf/4.7.3\libgcc.a(_lshrdi3.o)
 .data          0x00031af8        0x0 c:/altera/13.1/nios2eds/bin/gnu/h-i686-mingw32/bin/../lib/gcc/nios2-elf/4.7.3\libgcc.a(_ashldi3.o)
 .data          0x00031af8        0x0 ../lwIP_NIOS_II_Example_bsp\libhal_bsp.a(alt_alarm_start.o)
 .data          0x00031af8        0x0 ../lwIP_NIOS_II_Example_bsp\libhal_bsp.a(alt_close.o)
 .data          0x00031af8      0x1a8 ../lwIP_NIOS_II_Example_bsp\libhal_bsp.a(alt_dev.o)
                0x00031af8                alt_dev_null
                0x00031b20                alt_fd_list
 .data          0x00031ca0        0x0 ../lwIP_NIOS_II_Example_bsp\libhal_bsp.a(alt_errno.o)
 .data          0x00031ca0        0x0 ../lwIP_NIOS_II_Example_bsp\libhal_bsp.a(alt_fstat.o)
 .data          0x00031ca0        0x0 ../lwIP_NIOS_II_Example_bsp\libhal_bsp.a(alt_isatty.o)
 .data          0x00031ca0        0x0 ../lwIP_NIOS_II_Example_bsp\libhal_bsp.a(alt_load.o)
 .data          0x00031ca0        0x0 ../lwIP_NIOS_II_Example_bsp\libhal_bsp.a(alt_lseek.o)
 .data          0x00031ca0        0x0 ../lwIP_NIOS_II_Example_bsp\libhal_bsp.a(alt_main.o)
 .data          0x00031ca0        0x0 ../lwIP_NIOS_II_Example_bsp\libhal_bsp.a(alt_malloc_lock.o)
 .data          0x00031ca0        0x0 ../lwIP_NIOS_II_Example_bsp\libhal_bsp.a(alt_read.o)
 .data          0x00031ca0        0x0 ../lwIP_NIOS_II_Example_bsp\libhal_bsp.a(alt_release_fd.o)
 .data          0x00031ca0        0x0 ../lwIP_NIOS_II_Example_bsp\libhal_bsp.a(alt_remap_uncached.o)
 .data          0x00031ca0        0x0 ../lwIP_NIOS_II_Example_bsp\libhal_bsp.a(alt_sbrk.o)
 .data          0x00031ca0        0x0 ../lwIP_NIOS_II_Example_bsp\libhal_bsp.a(alt_tick.o)
 .data          0x00031ca0        0x0 ../lwIP_NIOS_II_Example_bsp\libhal_bsp.a(alt_uncached_malloc.o)
 .data          0x00031ca0        0x0 ../lwIP_NIOS_II_Example_bsp\libhal_bsp.a(alt_usleep.o)
 .data          0x00031ca0        0x0 ../lwIP_NIOS_II_Example_bsp\libhal_bsp.a(alt_write.o)
 .data          0x00031ca0     0x15a0 ../lwIP_NIOS_II_Example_bsp\libhal_bsp.a(alt_sys_init.o)
 .data          0x00033240        0x0 ../lwIP_NIOS_II_Example_bsp\libhal_bsp.a(altera_avalon_cfi_flash.o)
 .data          0x00033240        0x0 ../lwIP_NIOS_II_Example_bsp\libhal_bsp.a(altera_avalon_cfi_flash_table.o)
 .data          0x00033240        0x0 ../lwIP_NIOS_II_Example_bsp\libhal_bsp.a(altera_avalon_jtag_uart_fd.o)
 .data          0x00033240        0x0 ../lwIP_NIOS_II_Example_bsp\libhal_bsp.a(altera_avalon_jtag_uart_init.o)
 .data          0x00033240        0x0 ../lwIP_NIOS_II_Example_bsp\libhal_bsp.a(altera_avalon_jtag_uart_ioctl.o)
 .data          0x00033240        0x0 ../lwIP_NIOS_II_Example_bsp\libhal_bsp.a(altera_avalon_jtag_uart_read.o)
 .data          0x00033240        0x0 ../lwIP_NIOS_II_Example_bsp\libhal_bsp.a(altera_avalon_jtag_uart_write.o)
 .data          0x00033240        0x0 ../lwIP_NIOS_II_Example_bsp\libhal_bsp.a(altera_avalon_lcd_16207.o)
 .data          0x00033240        0x0 ../lwIP_NIOS_II_Example_bsp\libhal_bsp.a(altera_avalon_lcd_16207_fd.o)
 .data          0x00033240        0x0 ../lwIP_NIOS_II_Example_bsp\libhal_bsp.a(altera_avalon_sgdma.o)
 .data          0x00033240        0x0 ../lwIP_NIOS_II_Example_bsp\libhal_bsp.a(altera_avalon_timer_sc.o)
 .data          0x00033240        0x0 ../lwIP_NIOS_II_Example_bsp\libhal_bsp.a(altera_avalon_tse.o)
 .data          0x00033240      0x240 ../lwIP_NIOS_II_Example_bsp\libhal_bsp.a(altera_avalon_tse_system_info.o)
                0x00033240                tse_mac_device
 .data          0x00033480        0x0 ../lwIP_NIOS_II_Example_bsp\libhal_bsp.a(altera_avalon_uart_fd.o)
 .data          0x00033480        0x0 ../lwIP_NIOS_II_Example_bsp\libhal_bsp.a(altera_avalon_uart_init.o)
 .data          0x00033480        0x0 ../lwIP_NIOS_II_Example_bsp\libhal_bsp.a(altera_avalon_uart_read.o)
 .data          0x00033480        0x0 ../lwIP_NIOS_II_Example_bsp\libhal_bsp.a(altera_avalon_uart_write.o)
 .data          0x00033480        0x0 ../lwIP_NIOS_II_Example_bsp\libhal_bsp.a(altera_vic_0_vector_tbl.o)
 .data          0x00033480        0x0 ../lwIP_NIOS_II_Example_bsp\libhal_bsp.a(altera_vic_funnel_non_preemptive.o)
 .data          0x00033480        0x0 ../lwIP_NIOS_II_Example_bsp\libhal_bsp.a(altera_vic_irq_init.o)
 .data          0x00033480        0x0 ../lwIP_NIOS_II_Example_bsp\libhal_bsp.a(altera_vic_isr_register.o)
 .data          0x00033480        0x0 ../lwIP_NIOS_II_Example_bsp\libhal_bsp.a(alt_busy_sleep.o)
 .data          0x00033480        0x0 ../lwIP_NIOS_II_Example_bsp\libhal_bsp.a(alt_dcache_flush.o)
 .data          0x00033480        0x0 ../lwIP_NIOS_II_Example_bsp\libhal_bsp.a(alt_dcache_flush_all.o)
 .data          0x00033480        0x0 ../lwIP_NIOS_II_Example_bsp\libhal_bsp.a(alt_dev_llist_insert.o)
 .data          0x00033480        0x0 ../lwIP_NIOS_II_Example_bsp\libhal_bsp.a(alt_do_ctors.o)
 .data          0x00033480        0x0 ../lwIP_NIOS_II_Example_bsp\libhal_bsp.a(alt_do_dtors.o)
 .data          0x00033480        0x0 ../lwIP_NIOS_II_Example_bsp\libhal_bsp.a(alt_find_dev.o)
 .data          0x00033480        0x0 ../lwIP_NIOS_II_Example_bsp\libhal_bsp.a(alt_flash_dev.o)
 .data          0x00033480        0x0 ../lwIP_NIOS_II_Example_bsp\libhal_bsp.a(alt_icache_flush_all.o)
 .data          0x00033480        0x0 ../lwIP_NIOS_II_Example_bsp\libhal_bsp.a(alt_io_redirect.o)
 .data          0x00033480        0x0 ../lwIP_NIOS_II_Example_bsp\libhal_bsp.a(alt_open.o)
 .data          0x00033480        0x0 ../lwIP_NIOS_II_Example_bsp\libhal_bsp.a(altera_avalon_cfi_flash_amd.o)
 .data          0x00033480        0x0 ../lwIP_NIOS_II_Example_bsp\libhal_bsp.a(altera_avalon_cfi_flash_intel.o)
 .data          0x00033480        0x0 ../lwIP_NIOS_II_Example_bsp\libhal_bsp.a(alt_find_file.o)
 .data          0x00033480        0x0 ../lwIP_NIOS_II_Example_bsp\libhal_bsp.a(alt_get_fd.o)
 .data          0x00033480        0x0 ../lwIP_NIOS_II_Example_bsp\libhal_bsp.a(alt_icache_flush.o)
 .data          0x00033480        0x0 c:/altera/13.1/nios2eds/bin/gnu/h-i686-mingw32/bin/../lib/gcc/nios2-elf/4.7.3/../../../../../H-i686-mingw32/nios2-elf/lib\libc.a(lib_a-atexit.o)
 .data          0x00033480        0x0 c:/altera/13.1/nios2eds/bin/gnu/h-i686-mingw32/bin/../lib/gcc/nios2-elf/4.7.3/../../../../../H-i686-mingw32/nios2-elf/lib\libc.a(lib_a-ctype_.o)
 .data          0x00033480        0x0 c:/altera/13.1/nios2eds/bin/gnu/h-i686-mingw32/bin/../lib/gcc/nios2-elf/4.7.3/../../../../../H-i686-mingw32/nios2-elf/lib\libc.a(lib_a-exit.o)
 .data          0x00033480        0x0 c:/altera/13.1/nios2eds/bin/gnu/h-i686-mingw32/bin/../lib/gcc/nios2-elf/4.7.3/../../../../../H-i686-mingw32/nios2-elf/lib\libc.a(lib_a-malloc.o)
 .data          0x00033480        0x0 c:/altera/13.1/nios2eds/bin/gnu/h-i686-mingw32/bin/../lib/gcc/nios2-elf/4.7.3/../../../../../H-i686-mingw32/nios2-elf/lib\libc.a(lib_a-memcmp.o)
 .data          0x00033480        0x0 c:/altera/13.1/nios2eds/bin/gnu/h-i686-mingw32/bin/../lib/gcc/nios2-elf/4.7.3/../../../../../H-i686-mingw32/nios2-elf/lib\libc.a(lib_a-strcpy.o)
 .data          0x00033480        0x0 c:/altera/13.1/nios2eds/bin/gnu/h-i686-mingw32/bin/../lib/gcc/nios2-elf/4.7.3/../../../../../H-i686-mingw32/nios2-elf/lib\libc.a(lib_a-__atexit.o)
 .data          0x00033480        0x0 c:/altera/13.1/nios2eds/bin/gnu/h-i686-mingw32/bin/../lib/gcc/nios2-elf/4.7.3/../../../../../H-i686-mingw32/nios2-elf/lib\libc.a(lib_a-__call_atexit.o)
 .data          0x00033480        0x0 ../lwIP_NIOS_II_Example_bsp\libhal_bsp.a(alt_exit.o)
                0x0003b480                _gp = ABSOLUTE ((. + 0x8000))
                0x0003b480                PROVIDE (gp, _gp)
 *(.rwdata .rwdata.*)
 *(.sdata .sdata.* .gnu.linkonce.s.*)
 .sdata         0x00033480        0x4 obj/default/lwip/src/core/dhcp.o
 .sdata         0x00033484        0x8 obj/default/lwip/src/core/ipv4/ip_addr.o
                0x00033484                ip_addr_any
                0x00033488                ip_addr_broadcast
 .sdata         0x0003348c       0x10 obj/default/lwip/src/core/tcp.o
                0x0003348c                tcp_persist_backoff
 .sdata         0x0003349c        0xc obj/default/lwip/src/netif/etharp.o
                0x0003349c                ethbroadcast
                0x000334a2                ethzero
 .sdata         0x000334a8        0x8 c:/altera/13.1/nios2eds/bin/gnu/h-i686-mingw32/bin/../lib/gcc/nios2-elf/4.7.3/../../../../../H-i686-mingw32/nios2-elf/lib\libc.a(lib_a-impure.o)
                0x000334a8                _global_impure_ptr
                0x000334ac                _impure_ptr
 .sdata         0x000334b0        0x4 c:/altera/13.1/nios2eds/bin/gnu/h-i686-mingw32/bin/../lib/gcc/nios2-elf/4.7.3/../../../../../H-i686-mingw32/nios2-elf/lib\libc.a(lib_a-locale.o)
                0x000334b0                __mb_cur_max
 .sdata         0x000334b4        0x8 c:/altera/13.1/nios2eds/bin/gnu/h-i686-mingw32/bin/../lib/gcc/nios2-elf/4.7.3/../../../../../H-i686-mingw32/nios2-elf/lib\libc.a(lib_a-mallocr.o)
                0x000334b4                __malloc_sbrk_base
                0x000334b8                __malloc_trim_threshold
 .sdata         0x000334bc       0x14 ../lwIP_NIOS_II_Example_bsp\libhal_bsp.a(alt_dev.o)
                0x000334bc                alt_fs_list
                0x000334c4                alt_dev_list
                0x000334cc                alt_max_fd
 .sdata         0x000334d0        0x4 ../lwIP_NIOS_II_Example_bsp\libhal_bsp.a(alt_errno.o)
                0x000334d0                alt_errno
 .sdata         0x000334d4        0x4 ../lwIP_NIOS_II_Example_bsp\libhal_bsp.a(alt_sbrk.o)
 .sdata         0x000334d8        0x8 ../lwIP_NIOS_II_Example_bsp\libhal_bsp.a(alt_tick.o)
                0x000334d8                alt_alarm_list
 .sdata         0x000334e0        0x4 ../lwIP_NIOS_II_Example_bsp\libhal_bsp.a(altera_avalon_lcd_16207.o)
 .sdata         0x000334e4        0x8 ../lwIP_NIOS_II_Example_bsp\libhal_bsp.a(altera_avalon_sgdma.o)
                0x000334e4                alt_sgdma_list
 .sdata         0x000334ec        0x1 ../lwIP_NIOS_II_Example_bsp\libhal_bsp.a(altera_avalon_tse.o)
                0x000334ec                max_mac_system
 *fill*         0x000334ed        0x3 
 .sdata         0x000334f0        0x8 ../lwIP_NIOS_II_Example_bsp\libhal_bsp.a(alt_flash_dev.o)
                0x000334f0                alt_flash_dev_list
 .sdata         0x000334f8        0x4 c:/altera/13.1/nios2eds/bin/gnu/h-i686-mingw32/bin/../lib/gcc/nios2-elf/4.7.3/../../../../../H-i686-mingw32/nios2-elf/lib\libc.a(lib_a-ctype_.o)
                0x000334f8                __ctype_ptr
 *(.sdata2 .sdata2.* .gnu.linkonce.s2.*)
                0x000334fc                . = ALIGN (0x4)
                0x000334fc                _edata = ABSOLUTE (.)
                0x000334fc                PROVIDE (edata, ABSOLUTE (.))
                0x000334fc                PROVIDE (__ram_rwdata_end, ABSOLUTE (.))
                0x000334fc                PROVIDE (__flash_rwdata_start, LOADADDR (.rwdata))

.bss            0x000357a0     0xe1d0
                0x000357a0                __bss_start = ABSOLUTE (.)
                0x000357a0                PROVIDE (__sbss_start, ABSOLUTE (.))
                0x000357a0                PROVIDE (___sbss_start, ABSOLUTE (.))
 *(.dynsbss)
 *(.sbss .sbss.* .gnu.linkonce.sb.*)
 .sbss          0x000357a0        0x2 obj/default/lwip/src/core/ipv4/ip.o
 *fill*         0x000357a2        0x2 
 .sbss          0x000357a4        0x8 obj/default/lwip/src/core/ipv4/ip.o
                0x000357a4                current_netif
                0x000357a8                current_header
 .sbss          0x000357ac        0x8 obj/default/lwip/src/core/ipv4/ip_frag.o
 .sbss          0x000357b4       0x10 obj/default/lwip/src/core/mem.o
 .sbss          0x000357c4        0xc obj/default/lwip/src/core/netif.o
                0x000357c8                netif_list
                0x000357cc                netif_default
 .sbss          0x000357d0        0x4 obj/default/lwip/src/core/raw.o
 .sbss          0x000357d4       0x1c obj/default/lwip/src/core/tcp.o
                0x000357d8                tcp_active_pcbs
                0x000357dc                tcp_ticks
                0x000357e0                tcp_listen_pcbs
                0x000357e4                tcp_tmp_pcb
                0x000357e8                tcp_bound_pcbs
                0x000357ec                tcp_tw_pcbs
 .sbss          0x000357f0       0x20 obj/default/lwip/src/core/tcp_in.o
                0x0003580c                tcp_input_pcb
 .sbss          0x00035810        0x4 obj/default/lwip/src/core/udp.o
                0x00035810                udp_pcbs
 .sbss          0x00035814        0x1 obj/default/lwip/src/netif/etharp.o
 *fill*         0x00035815        0x3 
 .sbss          0x00035818       0x14 obj/default/main.o
                0x00035828                lwipStaticIp
 .sbss          0x0003582c        0xc c:/altera/13.1/nios2eds/bin/gnu/h-i686-mingw32/bin/../lib/gcc/nios2-elf/4.7.3/../../../../../H-i686-mingw32/nios2-elf/lib\libc.a(lib_a-locale.o)
                0x0003582c                _PathLocale
                0x00035830                __mlocale_changed
                0x00035834                __nlocale_changed
 .sbss          0x00035838        0xc c:/altera/13.1/nios2eds/bin/gnu/h-i686-mingw32/bin/../lib/gcc/nios2-elf/4.7.3/../../../../../H-i686-mingw32/nios2-elf/lib\libc.a(lib_a-mallocr.o)
                0x00035838                __malloc_max_total_mem
                0x0003583c                __malloc_max_sbrked_mem
                0x00035840                __malloc_top_pad
 .sbss          0x00035844        0x4 c:/altera/13.1/nios2eds/bin/gnu/h-i686-mingw32/bin/../lib/gcc/nios2-elf/4.7.3/../../../../../H-i686-mingw32/nios2-elf/lib\libc.a(lib_a-int_errno.o)
                0x00035844                errno
 .sbss          0x00035848        0xc ../lwIP_NIOS_II_Example_bsp\libhal_bsp.a(alt_main.o)
                0x00035848                alt_argc
                0x0003584c                alt_argv
                0x00035850                alt_envp
 .sbss          0x00035854        0x8 ../lwIP_NIOS_II_Example_bsp\libhal_bsp.a(alt_tick.o)
                0x00035854                _alt_tick_rate
                0x00035858                _alt_nticks
 .sbss          0x0003585c        0x4 ../lwIP_NIOS_II_Example_bsp\libhal_bsp.a(altera_avalon_tse.o)
                0x0003585c                phy_profile_count
                0x0003585d                mac_group_count
 .sbss          0x00035860        0x4 ../lwIP_NIOS_II_Example_bsp\libhal_bsp.a(altera_vic_irq_init.o)
                0x00035860                alt_vic_dev_list
 *(.sbss2 .sbss2.* .gnu.linkonce.sb2.*)
 *(.scommon)
                0x00035864                PROVIDE (__sbss_end, ABSOLUTE (.))
                0x00035864                PROVIDE (___sbss_end, ABSOLUTE (.))
 *(.dynbss)
 *(.bss .bss.* .gnu.linkonce.b.*)
 .bss           0x00035864        0x0 ../lwIP_NIOS_II_Example_bsp/obj/HAL/src/crt0.o
 .bss           0x00035864        0x0 obj/default/drivers/alteraTseEthernetif.o
 .bss           0x00035864        0x0 obj/default/drivers/fs.o
 .bss           0x00035864        0x0 obj/default/drivers/fsdata.o
 .bss           0x00035864        0x0 obj/default/drivers/httpd.o
 .bss           0x00035864        0x0 obj/default/drivers/lwip_tse_mac.o
 .bss           0x00035864        0x0 obj/default/lwip/src/api/api_lib.o
 .bss           0x00035864        0x0 obj/default/lwip/src/api/api_msg.o
 .bss           0x00035864        0x0 obj/default/lwip/src/api/err.o
 .bss           0x00035864        0x0 obj/default/lwip/src/api/netbuf.o
 .bss           0x00035864        0x0 obj/default/lwip/src/api/netdb.o
 .bss           0x00035864        0x0 obj/default/lwip/src/api/netifapi.o
 .bss           0x00035864        0x0 obj/default/lwip/src/api/sockets.o
 .bss           0x00035864        0x0 obj/default/lwip/src/api/tcpip.o
 .bss           0x00035864        0x0 obj/default/lwip/src/core/dhcp.o
 .bss           0x00035864        0x0 obj/default/lwip/src/core/dns.o
 .bss           0x00035864        0x0 obj/default/lwip/src/core/init.o
 .bss           0x00035864        0x0 obj/default/lwip/src/core/ipv4/autoip.o
 .bss           0x00035864        0x0 obj/default/lwip/src/core/ipv4/icmp.o
 .bss           0x00035864        0x0 obj/default/lwip/src/core/ipv4/igmp.o
 .bss           0x00035864       0x10 obj/default/lwip/src/core/ipv4/inet.o
 .bss           0x00035874        0x0 obj/default/lwip/src/core/ipv4/inet_chksum.o
 .bss           0x00035874        0x0 obj/default/lwip/src/core/ipv4/ip.o
 .bss           0x00035874        0x0 obj/default/lwip/src/core/ipv4/ip_addr.o
 .bss           0x00035874      0x5e0 obj/default/lwip/src/core/ipv4/ip_frag.o
 .bss           0x00035e54      0x654 obj/default/lwip/src/core/mem.o
 .bss           0x000364a8     0xcf40 obj/default/lwip/src/core/memp.o
 .bss           0x000433e8        0x0 obj/default/lwip/src/core/netif.o
 .bss           0x000433e8        0x0 obj/default/lwip/src/core/pbuf.o
 .bss           0x000433e8        0x0 obj/default/lwip/src/core/raw.o
 .bss           0x000433e8        0x0 obj/default/lwip/src/core/snmp/asn1_dec.o
 .bss           0x000433e8        0x0 obj/default/lwip/src/core/snmp/asn1_enc.o
 .bss           0x000433e8        0x0 obj/default/lwip/src/core/snmp/mib2.o
 .bss           0x000433e8        0x0 obj/default/lwip/src/core/snmp/mib_structs.o
 .bss           0x000433e8        0x0 obj/default/lwip/src/core/snmp/msg_in.o
 .bss           0x000433e8        0x0 obj/default/lwip/src/core/snmp/msg_out.o
 .bss           0x000433e8        0x0 obj/default/lwip/src/core/stats.o
 .bss           0x000433e8        0x0 obj/default/lwip/src/core/sys.o
 .bss           0x000433e8        0x0 obj/default/lwip/src/core/tcp.o
 .bss           0x000433e8       0x14 obj/default/lwip/src/core/tcp_in.o
 .bss           0x000433fc        0x0 obj/default/lwip/src/core/tcp_out.o
 .bss           0x000433fc        0x0 obj/default/lwip/src/core/udp.o
 .bss           0x000433fc      0x118 obj/default/lwip/src/netif/etharp.o
 .bss           0x00043514        0x0 obj/default/lwip/src/netif/ethernetif.o
 .bss           0x00043514        0x0 obj/default/lwip/src/netif/loopif.o
 .bss           0x00043514        0x0 obj/default/lwip/src/netif/ppp/auth.o
 .bss           0x00043514        0x0 obj/default/lwip/src/netif/ppp/chap.o
 .bss           0x00043514        0x0 obj/default/lwip/src/netif/ppp/chpms.o
 .bss           0x00043514        0x0 obj/default/lwip/src/netif/ppp/fsm.o
 .bss           0x00043514        0x0 obj/default/lwip/src/netif/ppp/ipcp.o
 .bss           0x00043514        0x0 obj/default/lwip/src/netif/ppp/lcp.o
 .bss           0x00043514        0x0 obj/default/lwip/src/netif/ppp/magic.o
 .bss           0x00043514        0x0 obj/default/lwip/src/netif/ppp/md5.o
 .bss           0x00043514        0x0 obj/default/lwip/src/netif/ppp/pap.o
 .bss           0x00043514        0x0 obj/default/lwip/src/netif/ppp/ppp.o
 .bss           0x00043514        0x0 obj/default/lwip/src/netif/ppp/ppp_oe.o
 .bss           0x00043514        0x0 obj/default/lwip/src/netif/ppp/randm.o
 .bss           0x00043514        0x0 obj/default/lwip/src/netif/ppp/vj.o
 .bss           0x00043514        0x0 obj/default/lwip/src/netif/slipif.o
 .bss           0x00043514       0x18 obj/default/main.o
 .bss           0x0004352c        0x0 c:/altera/13.1/nios2eds/bin/gnu/h-i686-mingw32/bin/../lib/gcc/nios2-elf/4.7.3/../../../../../H-i686-mingw32/nios2-elf/lib\libc.a(lib_a-impure.o)
 .bss           0x0004352c        0x0 c:/altera/13.1/nios2eds/bin/gnu/h-i686-mingw32/bin/../lib/gcc/nios2-elf/4.7.3/../../../../../H-i686-mingw32/nios2-elf/lib\libc.a(lib_a-memcpy.o)
 .bss           0x0004352c        0x0 c:/altera/13.1/nios2eds/bin/gnu/h-i686-mingw32/bin/../lib/gcc/nios2-elf/4.7.3/../../../../../H-i686-mingw32/nios2-elf/lib\libc.a(lib_a-memset.o)