Archive member included because of file (symbol)

c:/altera/13.1/nios2eds/bin/gnu/h-i686-mingw32/bin/../lib/gcc/nios2-elf/4.7.3/../../../../../H-i686-mingw32/nios2-elf/lib\libc.a(lib_a-impure.o)
                              obj/default/main.o (_impure_ptr)
c:/altera/13.1/nios2eds/bin/gnu/h-i686-mingw32/bin/../lib/gcc/nios2-elf/4.7.3/../../../../../H-i686-mingw32/nios2-elf/lib\libc.a(lib_a-memcpy.o)
                              obj/default/drivers/lwip_tse_mac.o (memcpy)
c:/altera/13.1/nios2eds/bin/gnu/h-i686-mingw32/bin/../lib/gcc/nios2-elf/4.7.3/../../../../../H-i686-mingw32/nios2-elf/lib\libc.a(lib_a-memset.o)
                              obj/default/lwip/src/core/dhcp.o (memset)
c:/altera/13.1/nios2eds/bin/gnu/h-i686-mingw32/bin/../lib/gcc/nios2-elf/4.7.3/../../../../../H-i686-mingw32/nios2-elf/lib\libc.a(lib_a-printf.o)
                              obj/default/drivers/alteraTseEthernetif.o (printf)
c:/altera/13.1/nios2eds/bin/gnu/h-i686-mingw32/bin/../lib/gcc/nios2-elf/4.7.3/../../../../../H-i686-mingw32/nios2-elf/lib\libc.a(lib_a-putc.o)
                              obj/default/main.o (putc)
c:/altera/13.1/nios2eds/bin/gnu/h-i686-mingw32/bin/../lib/gcc/nios2-elf/4.7.3/../../../../../H-i686-mingw32/nios2-elf/lib\libc.a(lib_a-putchar.o)
                              obj/default/lwip/src/core/ipv4/icmp.o (putchar)
c:/altera/13.1/nios2eds/bin/gnu/h-i686-mingw32/bin/../lib/gcc/nios2-elf/4.7.3/../../../../../H-i686-mingw32/nios2-elf/lib\libc.a(lib_a-puts.o)
                              obj/default/drivers/httpd.o (puts)
c:/altera/13.1/nios2eds/bin/gnu/h-i686-mingw32/bin/../lib/gcc/nios2-elf/4.7.3/../../../../../H-i686-mingw32/nios2-elf/lib\libc.a(lib_a-strcmp.o)
                              obj/default/drivers/fs.o (strcmp)
c:/altera/13.1/nios2eds/bin/gnu/h-i686-mingw32/bin/../lib/gcc/nios2-elf/4.7.3/../../../../../H-i686-mingw32/nios2-elf/lib\libc.a(lib_a-strlen.o)
                              c:/altera/13.1/nios2eds/bin/gnu/h-i686-mingw32/bin/../lib/gcc/nios2-elf/4.7.3/../../../../../H-i686-mingw32/nios2-elf/lib\libc.a(lib_a-puts.o) (strlen)
c:/altera/13.1/nios2eds/bin/gnu/h-i686-mingw32/bin/../lib/gcc/nios2-elf/4.7.3/../../../../../H-i686-mingw32/nios2-elf/lib\libc.a(lib_a-strncmp.o)
                              obj/default/drivers/httpd.o (strncmp)
c:/altera/13.1/nios2eds/bin/gnu/h-i686-mingw32/bin/../lib/gcc/nios2-elf/4.7.3/../../../../../H-i686-mingw32/nios2-elf/lib\libc.a(lib_a-vfprintf.o)
                              c:/altera/13.1/nios2eds/bin/gnu/h-i686-mingw32/bin/../lib/gcc/nios2-elf/4.7.3/../../../../../H-i686-mingw32/nios2-elf/lib\libc.a(lib_a-printf.o) (___vfprintf_internal_r)
c:/altera/13.1/nios2eds/bin/gnu/h-i686-mingw32/bin/../lib/gcc/nios2-elf/4.7.3/../../../../../H-i686-mingw32/nios2-elf/lib\libc.a(lib_a-wbuf.o)
                              c:/altera/13.1/nios2eds/bin/gnu/h-i686-mingw32/bin/../lib/gcc/nios2-elf/4.7.3/../../../../../H-i686-mingw32/nios2-elf/lib\libc.a(lib_a-putc.o) (__swbuf_r)
c:/altera/13.1/nios2eds/bin/gnu/h-i686-mingw32/bin/../lib/gcc/nios2-elf/4.7.3/../../../../../H-i686-mingw32/nios2-elf/lib\libc.a(lib_a-wsetup.o)
                              c:/altera/13.1/nios2eds/bin/gnu/h-i686-mingw32/bin/../lib/gcc/nios2-elf/4.7.3/../../../../../H-i686-mingw32/nios2-elf/lib\libc.a(lib_a-vfprintf.o) (__swsetup_r)
c:/altera/13.1/nios2eds/bin/gnu/h-i686-mingw32/bin/../lib/gcc/nios2-elf/4.7.3/../../../../../H-i686-mingw32/nios2-elf/lib\libc.a(lib_a-dtoa.o)
                              c:/altera/13.1/nios2eds/bin/gnu/h-i686-mingw32/bin/../lib/gcc/nios2-elf/4.7.3/../../../../../H-i686-mingw32/nios2-elf/lib\libc.a(lib_a-vfprintf.o) (_dtoa_r)
c:/altera/13.1/nios2eds/bin/gnu/h-i686-mingw32/bin/../lib/gcc/nios2-elf/4.7.3/../../../../../H-i686-mingw32/nios2-elf/lib\libc.a(lib_a-fflush.o)
                              c:/altera/13.1/nios2eds/bin/gnu/h-i686-mingw32/bin/../lib/gcc/nios2-elf/4.7.3/../../../../../H-i686-mingw32/nios2-elf/lib\libc.a(lib_a-vfprintf.o) (_fflush_r)
c:/altera/13.1/nios2eds/bin/gnu/h-i686-mingw32/bin/../lib/gcc/nios2-elf/4.7.3/../../../../../H-i686-mingw32/nios2-elf/lib\libc.a(lib_a-findfp.o)
                              c:/altera/13.1/nios2eds/bin/gnu/h-i686-mingw32/bin/../lib/gcc/nios2-elf/4.7.3/../../../../../H-i686-mingw32/nios2-elf/lib\libc.a(lib_a-putc.o) (__sinit)
c:/altera/13.1/nios2eds/bin/gnu/h-i686-mingw32/bin/../lib/gcc/nios2-elf/4.7.3/../../../../../H-i686-mingw32/nios2-elf/lib\libc.a(lib_a-freer.o)
                              c:/altera/13.1/nios2eds/bin/gnu/h-i686-mingw32/bin/../lib/gcc/nios2-elf/4.7.3/../../../../../H-i686-mingw32/nios2-elf/lib\libc.a(lib_a-wsetup.o) (_free_r)
c:/altera/13.1/nios2eds/bin/gnu/h-i686-mingw32/bin/../lib/gcc/nios2-elf/4.7.3/../../../../../H-i686-mingw32/nios2-elf/lib\libc.a(lib_a-fvwrite.o)
[...]
Memory Configuration

Name             Origin             Length             Attributes
sdram_BEFORE_EXCEPTION 0x00000000         0x00000020
sdram            0x00000020         0x01ffffe0
descriptor_memory 0x02001000         0x00001000
ext_flash        0x04000000         0x00800000
reset            0x05000000         0x00000020
sram             0x05000020         0x001fffe0
onchip_memory2   0x0a000000         0x00020000
*default*        0x00000000         0xffffffff

Linker script and memory map

LOAD ../lwIP_NIOS_II_Example_bsp/obj/HAL/src/crt0.o
LOAD obj/default/drivers/alteraTseEthernetif.o
LOAD obj/default/drivers/fs.o
LOAD obj/default/drivers/fsdata.o
LOAD obj/default/drivers/httpd.o
LOAD obj/default/drivers/lwip_tse_mac.o
LOAD obj/default/drivers/tse_my_system.o
LOAD obj/default/lwip/src/api/api_lib.o
LOAD obj/default/lwip/src/api/api_msg.o
LOAD obj/default/lwip/src/api/err.o
LOAD obj/default/lwip/src/api/netbuf.o
LOAD obj/default/lwip/src/api/netdb.o
LOAD obj/default/lwip/src/api/netifapi.o
LOAD obj/default/lwip/src/api/sockets.o
LOAD obj/default/lwip/src/api/tcpip.o
LOAD obj/default/lwip/src/core/dhcp.o
LOAD obj/default/lwip/src/core/dns.o
LOAD obj/default/lwip/src/core/init.o
LOAD obj/default/lwip/src/core/ipv4/autoip.o
LOAD obj/default/lwip/src/core/ipv4/icmp.o
LOAD obj/default/lwip/src/core/ipv4/igmp.o
LOAD obj/default/lwip/src/core/ipv4/inet.o
LOAD obj/default/lwip/src/core/ipv4/inet_chksum.o
LOAD obj/default/lwip/src/core/ipv4/ip.o
LOAD obj/default/lwip/src/core/ipv4/ip_addr.o
LOAD obj/default/lwip/src/core/ipv4/ip_frag.o
LOAD obj/default/lwip/src/core/mem.o
LOAD obj/default/lwip/src/core/memp.o
LOAD obj/default/lwip/src/core/netif.o
LOAD obj/default/lwip/src/core/pbuf.o
LOAD obj/default/lwip/src/core/raw.o
LOAD obj/default/lwip/src/core/snmp/asn1_dec.o
LOAD obj/default/lwip/src/core/snmp/asn1_enc.o
LOAD obj/default/lwip/src/core/snmp/mib2.o
LOAD obj/default/lwip/src/core/snmp/mib_structs.o
LOAD obj/default/lwip/src/core/snmp/msg_in.o
LOAD obj/default/lwip/src/core/snmp/msg_out.o
LOAD obj/default/lwip/src/core/stats.o
LOAD obj/default/lwip/src/core/sys.o
LOAD obj/default/lwip/src/core/tcp.o
LOAD obj/default/lwip/src/core/tcp_in.o
LOAD obj/default/lwip/src/core/tcp_out.o
LOAD obj/default/lwip/src/core/udp.o
LOAD obj/default/lwip/src/netif/etharp.o
LOAD obj/default/lwip/src/netif/ethernetif.o
LOAD obj/default/lwip/src/netif/loopif.o
LOAD obj/default/lwip/src/netif/ppp/auth.o
LOAD obj/default/lwip/src/netif/ppp/chap.o
LOAD obj/default/lwip/src/netif/ppp/chpms.o
LOAD obj/default/lwip/src/netif/ppp/fsm.o
LOAD obj/default/lwip/src/netif/ppp/ipcp.o
LOAD obj/default/lwip/src/netif/ppp/lcp.o
LOAD obj/default/lwip/src/netif/ppp/magic.o
LOAD obj/default/lwip/src/netif/ppp/md5.o
LOAD obj/default/lwip/src/netif/ppp/pap.o
LOAD obj/default/lwip/src/netif/ppp/ppp.o
LOAD obj/default/lwip/src/netif/ppp/ppp_oe.o
LOAD obj/default/lwip/src/netif/ppp/randm.o
LOAD obj/default/lwip/src/netif/ppp/vj.o
LOAD obj/default/lwip/src/netif/slipif.o
LOAD obj/default/main.o
LOAD c:/altera/13.1/nios2eds/bin/gnu/h-i686-mingw32/bin/../lib/gcc/nios2-elf/4.7.3/../../../../../H-i686-mingw32/nios2-elf/lib\libstdc++.a
LOAD c:/altera/13.1/nios2eds/bin/gnu/h-i686-mingw32/bin/../lib/gcc/nios2-elf/4.7.3/../../../../../H-i686-mingw32/nios2-elf/lib\libm.a
LOAD c:/altera/13.1/nios2eds/bin/gnu/h-i686-mingw32/bin/../lib/gcc/nios2-elf/4.7.3\libgcc.a
START GROUP
LOAD c:/altera/13.1/nios2eds/bin/gnu/h-i686-mingw32/bin/../lib/gcc/nios2-elf/4.7.3/../../../../../H-i686-mingw32/nios2-elf/lib\libc.a
LOAD c:/altera/13.1/nios2eds/bin/gnu/h-i686-mingw32/bin/../lib/gcc/nios2-elf/4.7.3\libgcc.a
LOAD ../lwIP_NIOS_II_Example_bsp\libhal_bsp.a
END GROUP
LOAD c:/altera/13.1/nios2eds/bin/gnu/h-i686-mingw32/bin/../lib/gcc/nios2-elf/4.7.3\libgcc.a
                0x00000000                __alt_mem_sdram = 0x0
                0x02001000                __alt_mem_descriptor_memory = 0x2001000
                0x04000000                __alt_mem_ext_flash = 0x4000000
                0x05000000                __alt_mem_sram = 0x5000000
                0x0a000000                __alt_mem_onchip_memory2 = 0xa000000

.entry          0x05000000       0x20
 *(.entry)
 .entry         0x05000000       0x20 ../lwIP_NIOS_II_Example_bsp/obj/HAL/src/crt0.o
                0x05000000                __reset

.exceptions     0x00000020        0x0
                0x00000020                PROVIDE (__ram_exceptions_start, ABSOLUTE (.))
                0x00000020                . = ALIGN (0x20)
 *(.irq)
 *(.exceptions.entry.label)
 *(.exceptions.entry.user)
 *(.exceptions.entry.ecc_fatal)
 *(.exceptions.entry)
 *(.exceptions.irqtest.user)
 *(.exceptions.irqtest)
 *(.exceptions.irqhandler.user)
 *(.exceptions.irqhandler)
 *(.exceptions.irqreturn.user)
 *(.exceptions.irqreturn)
 *(.exceptions.notirq.label)
 *(.exceptions.notirq.user)
 *(.exceptions.notirq)
 *(.exceptions.soft.user)
 *(.exceptions.soft)
 *(.exceptions.unknown.user)
 *(.exceptions.unknown)
 *(.exceptions.exit.label)
 *(.exceptions.exit.user)
 *(.exceptions.exit)
 *(.exceptions)
                0x00000020                PROVIDE (__ram_exceptions_end, ABSOLUTE (.))
                0x00000020                PROVIDE (__flash_exceptions_start, LOADADDR (.exceptions))

.text           0x00000020    0x2cf0c
                0x00000020                PROVIDE (stext, ABSOLUTE (.))
 *(.interp)
 *(.hash)
 *(.dynsym)
 *(.dynstr)
 *(.gnu.version)
 *(.gnu.version_d)
 *(.gnu.version_r)
 *(.rel.init)
 *(.rela.init)
 *(.rel.text .rel.text.* .rel.gnu.linkonce.t.*)
 *(.rela.text .rela.text.* .rela.gnu.linkonce.t.*)
 *(.rel.fini)
 *(.rela.fini)
 *(.rel.rodata .rel.rodata.* .rel.gnu.linkonce.r.*)
 *(.rela.rodata .rela.rodata.* .rela.gnu.linkonce.r.*)
 *(.rel.data .rel.data.* .rel.gnu.linkonce.d.*)
 *(.rela.data .rela.data.* .rela.gnu.linkonce.d.*)
 *(.rel.tdata .rel.tdata.* .rel.gnu.linkonce.td.*)
 *(.rela.tdata .rela.tdata.* .rela.gnu.linkonce.td.*)
 *(.rel.tbss .rel.tbss.* .rel.gnu.linkonce.tb.*)
 *(.rela.tbss .rela.tbss.* .rela.gnu.linkonce.tb.*)
 *(.rel.ctors)
 *(.rela.ctors)
 *(.rel.dtors)
 *(.rela.dtors)
 *(.rel.got)
 *(.rela.got)
 *(.rel.sdata .rel.sdata.* .rel.gnu.linkonce.s.*)
 *(.rela.sdata .rela.sdata.* .rela.gnu.linkonce.s.*)
 *(.rel.sbss .rel.sbss.* .rel.gnu.linkonce.sb.*)
 *(.rela.sbss .rela.sbss.* .rela.gnu.linkonce.sb.*)
 *(.rel.sdata2 .rel.sdata2.* .rel.gnu.linkonce.s2.*)
 *(.rela.sdata2 .rela.sdata2.* .rela.gnu.linkonce.s2.*)
 *(.rel.sbss2 .rel.sbss2.* .rel.gnu.linkonce.sb2.*)
 *(.rela.sbss2 .rela.sbss2.* .rela.gnu.linkonce.sb2.*)
 *(.rel.bss .rel.bss.* .rel.gnu.linkonce.b.*)
 *(.rela.bss .rela.bss.* .rela.gnu.linkonce.b.*)
 *(.rel.plt)
 *(.rela.plt)
 *(.rel.dyn)
 *(.init)
 *(.plt)
 *(.text .stub .text.* .gnu.linkonce.t.*)
 .text          0x00000020       0x7c ../lwIP_NIOS_II_Example_bsp/obj/HAL/src/crt0.o
                0x00000020                _start
 .text          0x0000009c      0x4f4 obj/default/drivers/alteraTseEthernetif.o
                0x00000334                ethernetif_input
                0x00000418                ethernetif_init
 .text          0x00000590       0x94 obj/default/drivers/fs.o
                0x00000590                fs_open
 .text          0x00000624        0x0 obj/default/drivers/fsdata.o
 .text          0x00000624      0x654 obj/default/drivers/httpd.o
                0x00000c0c                httpd_init
 .text          0x00000c78      0xcc8 obj/default/drivers/lwip_tse_mac.o
                0x00000c78                tse_mac_init
                0x000014e0                tse_sgdma_read_init
                0x00001598                tse_sgdmaRx_isr
                0x0000162c                tse_mac_raw_send
                0x0000179c                tse_mac_rcv
 .text          0x00001940        0x0 obj/default/drivers/tse_my_system.o
 .text          0x00001940        0x0 obj/default/lwip/src/api/api_lib.o
 .text          0x00001940        0x0 obj/default/lwip/src/api/api_msg.o
 .text          0x00001940       0x44 obj/default/lwip/src/api/err.o
                0x00001940                lwip_strerr
 .text          0x00001984        0x0 obj/default/lwip/src/api/netbuf.o
 .text          0x00001984        0x0 obj/default/lwip/src/api/netdb.o
 .text          0x00001984        0x0 obj/default/lwip/src/api/netifapi.o
 .text          0x00001984        0x0 obj/default/lwip/src/api/sockets.o
 .text          0x00001984        0x0 obj/default/lwip/src/api/tcpip.o
 .text          0x00001984     0x3420 obj/default/lwip/src/core/dhcp.o
                0x00001e04                dhcp_coarse_tmr
                0x00001eb8                dhcp_fine_tmr
                0x00002610                dhcp_start
                0x00002854                dhcp_inform
                0x000029e8                dhcp_network_changed
                0x00002a9c                dhcp_arp_reply
                0x00003250                dhcp_renew
                0x000036d0                dhcp_release
                0x000038ac                dhcp_stop
 .text          0x00004da4        0x0 obj/default/lwip/src/core/dns.o
 .text          0x00004da4       0x4c obj/default/lwip/src/core/init.o
                0x00004dc0                lwip_init
 .text          0x00004df0        0x0 obj/default/lwip/src/core/ipv4/autoip.o
 .text          0x00004df0      0x990 obj/default/lwip/src/core/ipv4/icmp.o
                0x00004df0                icmp_input
                0x00005488                icmp_dest_unreach
                0x000054cc                icmp_time_exceeded
 .text          0x00005780        0x0 obj/default/lwip/src/core/ipv4/igmp.o
 .text          0x00005780      0x594 obj/default/lwip/src/core/ipv4/inet.o
                0x00005780                inet_addr
                0x000057c4                inet_aton
                0x00005bbc                inet_ntoa
 .text          0x00005d14      0x49c obj/default/lwip/src/core/ipv4/inet_chksum.o
                0x00005e40                inet_chksum_pseudo
                0x00006060                inet_chksum
                0x000060a4                inet_chksum_pbuf
 .text          0x000061b0      0xc1c obj/default/lwip/src/core/ipv4/ip.o
                0x000061b0                ip_route
                0x000062ac                ip_input
                0x0000687c                ip_output_if
                0x00006d18                ip_output
 .text          0x00006dcc       0xf0 obj/default/lwip/src/core/ipv4/ip_addr.o
                0x00006dcc                ip_addr_isbroadcast
 .text          0x00006ebc     0x12ec obj/default/lwip/src/core/ipv4/ip_frag.o
                0x00006ebc                ip_reass_tmr
                0x00007984                ip_reass
                0x00007ea4                ip_frag
 .text          0x000081a8      0xba8 obj/default/lwip/src/core/mem.o
                0x000083a0                mem_init
                0x00008448                mem_free
                0x000085c8                mem_realloc
                0x000088ec                mem_malloc
                0x00008cd8                mem_calloc
 .text          0x00008d50      0x490 obj/default/lwip/src/core/memp.o
                0x00008d50                memp_init
                0x00008f0c                memp_malloc
                0x000090e8                memp_free
 .text          0x000091e0      0x5ec obj/default/lwip/src/core/netif.o
                0x000091e0                netif_add
                0x000092b8                netif_set_addr
                0x00009310                netif_remove
                0x000093cc                netif_find
                0x000094ac                netif_set_ipaddr
                0x00009604                netif_set_gw
                0x00009654                netif_set_netmask
                0x000096a4                netif_set_default
                0x000096cc                netif_set_up
                0x00009748                netif_set_down
                0x00009798                netif_is_up
 .text          0x000097cc     0x1590 obj/default/lwip/src/core/pbuf.o
                0x000097cc                pbuf_alloc
                0x00009d0c                pbuf_realloc
                0x00009f90                pbuf_header
                0x0000a188                pbuf_free
                0x0000a354                pbuf_clen
                0x0000a3a0                pbuf_ref
                0x0000a3e0                pbuf_cat
                0x0000a520                pbuf_chain
                0x0000a560                pbuf_dechain
                0x0000a68c                pbuf_copy
                0x0000a950                pbuf_copy_partial
                0x0000aaec                pbuf_take
                0x0000aca4                pbuf_coalesce
 .text          0x0000ad5c      0x4f0 obj/default/lwip/src/core/raw.o
                0x0000ad5c                raw_input
                0x0000ae8c                raw_bind
                0x0000aee0                raw_connect
                0x0000af34                raw_recv
                0x0000af74                raw_sendto
                0x0000b0ec                raw_send
                0x0000b130                raw_remove
                0x0000b1cc                raw_new
 .text          0x0000b24c        0x0 obj/default/lwip/src/core/snmp/asn1_dec.o
 .text          0x0000b24c        0x0 obj/default/lwip/src/core/snmp/asn1_enc.o
 .text          0x0000b24c        0x0 obj/default/lwip/src/core/snmp/mib2.o
 .text          0x0000b24c        0x0 obj/default/lwip/src/core/snmp/mib_structs.o
 .text          0x0000b24c        0x0 obj/default/lwip/src/core/snmp/msg_in.o
 .text          0x0000b24c        0x0 obj/default/lwip/src/core/snmp/msg_out.o
 .text          0x0000b24c        0x0 obj/default/lwip/src/core/stats.o
 .text          0x0000b24c        0x0 obj/default/lwip/src/core/sys.o
 .text          0x0000b24c     0x288c obj/default/lwip/src/core/tcp.o
                0x0000b24c                tcp_tmr
                0x0000b294                tcp_close
                0x0000b4a0                tcp_abandon
                0x0000b634                tcp_bind
                0x0000b94c                tcp_listen_with_backlog
                0x0000bb10                tcp_update_rcv_ann_wnd
                0x0000bbfc                tcp_recved
                0x0000be04                tcp_connect
                0x0000c058                tcp_slowtmr
                0x0000c91c                tcp_fasttmr
                0x0000ca38                tcp_segs_free
                0x0000ca9c                tcp_seg_free
                0x0000cb08                tcp_setprio
                0x0000cb3c                tcp_seg_copy
                0x0000cba4                tcp_recv_null
                0x0000cda4                tcp_alloc
                0x0000cf9c                tcp_new
                0x0000cfc8                tcp_arg
                0x0000cff8                tcp_recv
                0x0000d028                tcp_sent
                0x0000d058                tcp_err
                0x0000d088                tcp_accept
                0x0000d0b8                tcp_poll
                0x0000d0fc                tcp_pcb_purge
                0x0000d230                tcp_pcb_remove
                0x0000d410                tcp_next_iss
                0x0000d440                tcp_eff_send_mss
                0x0000d4c4                tcp_debug_state_str
                0x0000d500                tcp_debug_print
                0x0000d754                tcp_debug_print_state
                0x0000d7a0                tcp_debug_print_flags
                0x0000d89c                tcp_debug_print_pcbs
                0x0000d9a4                tcp_pcbs_sane
 .text          0x0000dad8     0x3de4 obj/default/lwip/src/core/tcp_in.o
                0x0000dad8                tcp_input
 .text          0x000118bc     0x2954 obj/default/lwip/src/core/tcp_out.o
                0x00011b44                tcp_send_ctrl
                0x00011b98                tcp_write
                0x00011c50                tcp_enqueue
                0x000129a4                tcp_send_empty_ack
                0x00012b00                tcp_output
                0x00013724                tcp_rst
                0x000139d0                tcp_rexmit_rto
                0x00013a84                tcp_rexmit
                0x00013c58                tcp_rexmit_fast
                0x00013d7c                tcp_keepalive
                0x00013f6c                tcp_zero_window_probe
 .text          0x00014210      0xe24 obj/default/lwip/src/core/udp.o
                0x00014210                udp_input
                0x00014854                udp_send
                0x000148a8                udp_sendto
                0x0001493c                udp_sendto_if
                0x00014c1c                udp_bind
                0x00014d84                udp_connect
                0x00014e98                udp_disconnect
                0x00014f00                udp_recv
                0x00014f40                udp_remove
                0x00014fdc                udp_new
 .text          0x00015034     0x1b20 obj/default/lwip/src/netif/etharp.o
                0x00015120                etharp_tmr
                0x00015ae8                etharp_find_addr
                0x00015ba4                etharp_ip_input
                0x00015c74                etharp_arp_input
                0x00016074                etharp_output
                0x000162e4                etharp_query
                0x000169a0                etharp_request
                0x00016a14                ethernet_input
 .text          0x00016b54        0x0 obj/default/lwip/src/netif/ethernetif.o
 .text          0x00016b54        0x0 obj/default/lwip/src/netif/loopif.o
 .text          0x00016b54        0x0 obj/default/lwip/src/netif/ppp/auth.o
 .text          0x00016b54        0x0 obj/default/lwip/src/netif/ppp/chap.o
 .text          0x00016b54        0x0 obj/default/lwip/src/netif/ppp/chpms.o
 .text          0x00016b54        0x0 obj/default/lwip/src/netif/ppp/fsm.o
 .text          0x00016b54        0x0 obj/default/lwip/src/netif/ppp/ipcp.o
 .text          0x00016b54        0x0 obj/default/lwip/src/netif/ppp/lcp.o
 .text          0x00016b54        0x0 obj/default/lwip/src/netif/ppp/magic.o
 .text          0x00016b54        0x0 obj/default/lwip/src/netif/ppp/md5.o
 .text          0x00016b54        0x0 obj/default/lwip/src/netif/ppp/pap.o
 .text          0x00016b54        0x0 obj/default/lwip/src/netif/ppp/ppp.o
 .text          0x00016b54        0x0 obj/default/lwip/src/netif/ppp/ppp_oe.o
 .text          0x00016b54        0x0 obj/default/lwip/src/netif/ppp/randm.o
 .text          0x00016b54        0x0 obj/default/lwip/src/netif/ppp/vj.o
 .text          0x00016b54        0x0 obj/default/lwip/src/netif/slipif.o
 .text          0x00016b54      0x314 obj/default/main.o
                0x00016b54                lwipAlarmCallback
                0x00016b80                main
                0x00016da4                lwipProcessTimers
 .text          0x00016e68        0x0 c:/altera/13.1/nios2eds/bin/gnu/h-i686-mingw32/bin/../lib/gcc/nios2-elf/4.7.3/../../../../../H-i686-mingw32/nios2-elf/lib\libc.a(lib_a-impure.o)
 .text          0x00016e68       0xf8 c:/altera/13.1/nios2eds/bin/gnu/h-i686-mingw32/bin/../lib/gcc/nios2-elf/4.7.3/../../../../../H-i686-mingw32/nios2-elf/lib\libc.a(lib_a-memcpy.o)
                0x00016e68                memcpy
 .text          0x00016f60       0xdc c:/altera/13.1/nios2eds/bin/gnu/h-i686-mingw32/bin/../lib/gcc/nios2-elf/4.7.3/../../../../../H-i686-mingw32/nios2-elf/lib\libc.a(lib_a-memset.o)
                0x00016f60                memset
 .text          0x0001703c       0x68 c:/altera/13.1/nios2eds/bin/gnu/h-i686-mingw32/bin/../lib/gcc/nios2-elf/4.7.3/../../../../../H-i686-mingw32/nios2-elf/lib\libc.a(lib_a-printf.o)
                0x0001703c                _printf_r
                0x00017068                printf
 .text          0x000170a4      0x1ac c:/altera/13.1/nios2eds/bin/gnu/h-i686-mingw32/bin/../lib/gcc/nios2-elf/4.7.3/../../../../../H-i686-mingw32/nios2-elf/lib\libc.a(lib_a-putc.o)
                0x000170a4                _putc_r
                0x00017160                putc
 .text          0x00017250       0x24 c:/altera/13.1/nios2eds/bin/gnu/h-i686-mingw32/bin/../lib/gcc/nios2-elf/4.7.3/../../../../../H-i686-mingw32/nios2-elf/lib\libc.a(lib_a-putchar.o)
                0x00017250                _putchar_r
                0x00017258                putchar
 .text          0x00017274       0x98 c:/altera/13.1/nios2eds/bin/gnu/h-i686-mingw32/bin/../lib/gcc/nios2-elf/4.7.3/../../../../../H-i686-mingw32/nios2-elf/lib\libc.a(lib_a-puts.o)
                0x00017274                _puts_r
                0x000172f8                puts
 .text          0x0001730c       0xa4 c:/altera/13.1/nios2eds/bin/gnu/h-i686-mingw32/bin/../lib/gcc/nios2-elf/4.7.3/../../../../../H-i686-mingw32/nios2-elf/lib\libc.a(lib_a-strcmp.o)
                0x0001730c                strcmp
 .text          0x000173b0       0x8c c:/altera/13.1/nios2eds/bin/gnu/h-i686-mingw32/bin/../lib/gcc/nios2-elf/4.7.3/../../../../../H-i686-mingw32/nios2-elf/lib\libc.a(lib_a-strlen.o)
                0x000173b0                strlen
 .text          0x0001743c       0xfc c:/altera/13.1/nios2eds/bin/gnu/h-i686-mingw32/bin/../lib/gcc/nios2-elf/4.7.3/../../../../../H-i686-mingw32/nios2-elf/lib\libc.a(lib_a-strncmp.o)
                0x0001743c                strncmp
 .text          0x00017538     0x1e50 c:/altera/13.1/nios2eds/bin/gnu/h-i686-mingw32/bin/../lib/gcc/nios2-elf/4.7.3/../../../../../H-i686-mingw32/nios2-elf/lib\libc.a(lib_a-vfprintf.o)
                0x0001756c                ___vfprintf_internal_r
                0x00019364                __vfprintf_internal
 .text          0x00019388      0x158 c:/altera/13.1/nios2eds/bin/gnu/h-i686-mingw32/bin/../lib/gcc/nios2-elf/4.7.3/../../../../../H-i686-mingw32/nios2-elf/lib\libc.a(lib_a-wbuf.o)
                0x00019388                __swbuf_r
                0x000194c4                __swbuf
 .text          0x000194e0      0x174 c:/altera/13.1/nios2eds/bin/gnu/h-i686-mingw32/bin/../lib/gcc/nios2-elf/4.7.3/../../../../../H-i686-mingw32/nios2-elf/lib\libc.a(lib_a-wsetup.o)
                0x000194e0                __swsetup_r
 .text          0x00019654     0x1824 c:/altera/13.1/nios2eds/bin/gnu/h-i686-mingw32/bin/../lib/gcc/nios2-elf/4.7.3/../../../../../H-i686-mingw32/nios2-elf/lib\libc.a(lib_a-dtoa.o)
                0x0001985c                _dtoa_r
 .text          0x0001ae78      0x218 c:/altera/13.1/nios2eds/bin/gnu/h-i686-mingw32/bin/../lib/gcc/nios2-elf/4.7.3/../../../../../H-i686-mingw32/nios2-elf/lib\libc.a(lib_a-fflush.o)
                0x0001ae78                _fflush_r
                0x0001b060                fflush
 .text          0x0001b090      0x2d8 c:/altera/13.1/nios2eds/bin/gnu/h-i686-mingw32/bin/../lib/gcc/nios2-elf/4.7.3/../../../../../H-i686-mingw32/nios2-elf/lib\libc.a(lib_a-findfp.o)
                0x0001b0a0                _cleanup_r
                0x0001b0ac                __sfmoreglue
                0x0001b110                _cleanup
                0x0001b120                __sinit
                0x0001b22c                __sfp
                0x0001b328                __sfp_lock_acquire
                0x0001b32c                __sfp_lock_release
                0x0001b330                __sinit_lock_acquire
                0x0001b334                __sinit_lock_release
                0x0001b338                __fp_lock_all
                0x0001b350                __fp_unlock_all
 .text          0x0001b368      0x40c c:/altera/13.1/nios2eds/bin/gnu/h-i686-mingw32/bin/../lib/gcc/nios2-elf/4.7.3/../../../../../H-i686-mingw32/nios2-elf/lib\libc.a(lib_a-freer.o)
                0x0001b368                _malloc_trim_r
                0x0001b4a4                _free_r
 .text          0x0001b774      0x4e4 c:/altera/13.1/nios2eds/bin/gnu/h-i686-mingw32/bin/../lib/gcc/nios2-elf/4.7.3/../../../../../H-i686-mingw32/nios2-elf/lib\libc.a(lib_a-fvwrite.o)
                0x0001b774                __sfvwrite_r
 .text          0x0001bc58      0x160 c:/altera/13.1/nios2eds/bin/gnu/h-i686-mingw32/bin/../lib/gcc/nios2-elf/4.7.3/../../../../../H-i686-mingw32/nios2-elf/lib\libc.a(lib_a-fwalk.o)
                0x0001bc58                _fwalk
                0x0001bd00                _fwalk_reent
 .text          0x0001bdb8       0xdc c:/altera/13.1/nios2eds/bin/gnu/h-i686-mingw32/bin/../lib/gcc/nios2-elf/4.7.3/../../../../../H-i686-mingw32/nios2-elf/lib\libc.a(lib_a-locale.o)
                0x0001bdb8                _setlocale_r
                0x0001be54                __locale_charset
                0x0001be60                _localeconv_r
                0x0001be6c                setlocale
                0x0001be88                localeconv
 .text          0x0001be94      0x1a8 c:/altera/13.1/nios2eds/bin/gnu/h-i686-mingw32/bin/../lib/gcc/nios2-elf/4.7.3/../../../../../H-i686-mingw32/nios2-elf/lib\libc.a(lib_a-makebuf.o)
                0x0001be94                __smakebuf_r
 .text          0x0001c03c      0x784 c:/altera/13.1/nios2eds/bin/gnu/h-i686-mingw32/bin/../lib/gcc/nios2-elf/4.7.3/../../../../../H-i686-mingw32/nios2-elf/lib\libc.a(lib_a-mallocr.o)
                0x0001c03c                _malloc_r
 .text          0x0001c7c0       0xf8 c:/altera/13.1/nios2eds/bin/gnu/h-i686-mingw32/bin/../lib/gcc/nios2-elf/4.7.3/../../../../../H-i686-mingw32/nios2-elf/lib\libc.a(lib_a-memchr.o)
                0x0001c7c0                memchr
 .text          0x0001c8b8      0x128 c:/altera/13.1/nios2eds/bin/gnu/h-i686-mingw32/bin/../lib/gcc/nios2-elf/4.7.3/../../../../../H-i686-mingw32/nios2-elf/lib\libc.a(lib_a-memmove.o)
                0x0001c8b8                memmove
 .text          0x0001c9e0      0xfa8 c:/altera/13.1/nios2eds/bin/gnu/h-i686-mingw32/bin/../lib/gcc/nios2-elf/4.7.3/../../../../../H-i686-mingw32/nios2-elf/lib\libc.a(lib_a-mprec.o)
                0x0001c9e0                _Balloc
                0x0001ca88                _Bfree
                0x0001cab0                __multadd
                0x0001cbc4                __s2b
                0x0001ccc8                __hi0bits
                0x0001cd30                __lo0bits
                0x0001cde0                __i2b
                0x0001ce1c                __multiply
                0x0001cffc                __pow5mult
                0x0001d128                __lshift
                0x0001d284                __mcmp
                0x0001d2dc                __mdiff
                0x0001d484                __ulp
                0x0001d4e4                __b2d
                0x0001d62c                __d2b
                0x0001d770                __ratio
                0x0001d814                _mprec_log10
                0x0001d888                __copybits
                0x0001d904                __any_on
 .text          0x0001d988      0x5fc c:/altera/13.1/nios2eds/bin/gnu/h-i686-mingw32/bin/../lib/gcc/nios2-elf/4.7.3/../../../../../H-i686-mingw32/nios2-elf/lib\libc.a(lib_a-reallocr.o)
                0x0001d988                _realloc_r
 .text          0x0001df84       0x38 c:/altera/13.1/nios2eds/bin/gnu/h-i686-mingw32/bin/../lib/gcc/nios2-elf/4.7.3/../../../../../H-i686-mingw32/nios2-elf/lib\libc.a(lib_a-s_isinfd.o)
                0x0001df84                __isinfd
 .text          0x0001dfbc       0x2c c:/altera/13.1/nios2eds/bin/gnu/h-i686-mingw32/bin/../lib/gcc/nios2-elf/4.7.3/../../../../../H-i686-mingw32/nios2-elf/lib\libc.a(lib_a-s_isnand.o)
                0x0001dfbc                __isnand
 .text          0x0001dfe8       0x64 c:/altera/13.1/nios2eds/bin/gnu/h-i686-mingw32/bin/../lib/gcc/nios2-elf/4.7.3/../../../../../H-i686-mingw32/nios2-elf/lib\libc.a(lib_a-sbrkr.o)
                0x0001dfe8                _sbrk_r
 .text          0x0001e04c      0x140 c:/altera/13.1/nios2eds/bin/gnu/h-i686-mingw32/bin/../lib/gcc/nios2-elf/4.7.3/../../../../../H-i686-mingw32/nios2-elf/lib\libc.a(lib_a-stdio.o)
                0x0001e04c                __sread
                0x0001e0a0                __swrite
                0x0001e128                __sseek
                0x0001e184                __sclose
 .text          0x0001e18c       0x6c c:/altera/13.1/nios2eds/bin/gnu/h-i686-mingw32/bin/../lib/gcc/nios2-elf/4.7.3/../../../../../H-i686-mingw32/nios2-elf/lib\libc.a(lib_a-writer.o)
                0x0001e18c                _write_r
 .text          0x0001e1f8       0xbc c:/altera/13.1/nios2eds/bin/gnu/h-i686-mingw32/bin/../lib/gcc/nios2-elf/4.7.3/../../../../../H-i686-mingw32/nios2-elf/lib\libc.a(lib_a-callocr.o)
                0x0001e1f8                _calloc_r
 .text          0x0001e2b4       0x64 c:/altera/13.1/nios2eds/bin/gnu/h-i686-mingw32/bin/../lib/gcc/nios2-elf/4.7.3/../../../../../H-i686-mingw32/nios2-elf/lib\libc.a(lib_a-closer.o)
                0x0001e2b4                _close_r
 .text          0x0001e318      0x150 c:/altera/13.1/nios2eds/bin/gnu/h-i686-mingw32/bin/../lib/gcc/nios2-elf/4.7.3/../../../../../H-i686-mingw32/nios2-elf/lib\libc.a(lib_a-fclose.o)
                0x0001e318                _fclose_r
                0x0001e454                fclose
 .text          0x0001e468       0x68 c:/altera/13.1/nios2eds/bin/gnu/h-i686-mingw32/bin/../lib/gcc/nios2-elf/4.7.3/../../../../../H-i686-mingw32/nios2-elf/lib\libc.a(lib_a-fstatr.o)
                0x0001e468                _fstat_r
 .text          0x0001e4d0        0x0 c:/altera/13.1/nios2eds/bin/gnu/h-i686-mingw32/bin/../lib/gcc/nios2-elf/4.7.3/../../../../../H-i686-mingw32/nios2-elf/lib\libc.a(lib_a-int_errno.o)
 .text          0x0001e4d0       0x64 c:/altera/13.1/nios2eds/bin/gnu/h-i686-mingw32/bin/../lib/gcc/nios2-elf/4.7.3/../../../../../H-i686-mingw32/nios2-elf/lib\libc.a(lib_a-isattyr.o)
                0x0001e4d0                _isatty_r
 .text          0x0001e534       0x6c c:/altera/13.1/nios2eds/bin/gnu/h-i686-mingw32/bin/../lib/gcc/nios2-elf/4.7.3/../../../../../H-i686-mingw32/nios2-elf/lib\libc.a(lib_a-lseekr.o)
                0x0001e534                _lseek_r
 .text          0x0001e5a0       0x6c c:/altera/13.1/nios2eds/bin/gnu/h-i686-mingw32/bin/../lib/gcc/nios2-elf/4.7.3/../../../../../H-i686-mingw32/nios2-elf/lib\libc.a(lib_a-readr.o)
                0x0001e5a0                _read_r
 .text          0x0001e60c      0x5c8 c:/altera/13.1/nios2eds/bin/gnu/h-i686-mingw32/bin/../lib/gcc/nios2-elf/4.7.3\libgcc.a(_udivdi3.o)
                0x0001e60c                __udivdi3
 .text          0x0001ebd4      0x58c c:/altera/13.1/nios2eds/bin/gnu/h-i686-mingw32/bin/../lib/gcc/nios2-elf/4.7.3\libgcc.a(_umoddi3.o)
                0x0001ebd4                __umoddi3
 .text          0x0001f160      0x408 c:/altera/13.1/nios2eds/bin/gnu/h-i686-mingw32/bin/../lib/gcc/nios2-elf/4.7.3\libgcc.a(_addsub_df.o)
                0x0001f4b4                __adddf3
                0x0001f508                __subdf3
 .text          0x0001f568      0x2e4 c:/altera/13.1/nios2eds/bin/gnu/h-i686-mingw32/bin/../lib/gcc/nios2-elf/4.7.3\libgcc.a(_mul_df.o)
                0x0001f568                __muldf3
 .text          0x0001f84c      0x1b4 c:/altera/13.1/nios2eds/bin/gnu/h-i686-mingw32/bin/../lib/gcc/nios2-elf/4.7.3\libgcc.a(_div_df.o)
                0x0001f84c                __divdf3
 .text          0x0001fa00       0x5c c:/altera/13.1/nios2eds/bin/gnu/h-i686-mingw32/bin/../lib/gcc/nios2-elf/4.7.3\libgcc.a(_eq_df.o)
                0x0001fa00                __eqdf2
 .text          0x0001fa5c       0x5c c:/altera/13.1/nios2eds/bin/gnu/h-i686-mingw32/bin/../lib/gcc/nios2-elf/4.7.3\libgcc.a(_ne_df.o)
                0x0001fa5c                __nedf2
 .text          0x0001fab8       0x64 c:/altera/13.1/nios2eds/bin/gnu/h-i686-mingw32/bin/../lib/gcc/nios2-elf/4.7.3\libgcc.a(_gt_df.o)
                0x0001fab8                __gtdf2
 .text          0x0001fb1c       0x64 c:/altera/13.1/nios2eds/bin/gnu/h-i686-mingw32/bin/../lib/gcc/nios2-elf/4.7.3\libgcc.a(_ge_df.o)
                0x0001fb1c                __gedf2
 .text          0x0001fb80       0x5c c:/altera/13.1/nios2eds/bin/gnu/h-i686-mingw32/bin/../lib/gcc/nios2-elf/4.7.3\libgcc.a(_lt_df.o)
                0x0001fb80                __ltdf2
 .text          0x0001fbdc       0xd4 c:/altera/13.1/nios2eds/bin/gnu/h-i686-mingw32/bin/../lib/gcc/nios2-elf/4.7.3\libgcc.a(_si_to_df.o)
                0x0001fbdc                __floatsidf
 .text          0x0001fcb0       0xd4 c:/altera/13.1/nios2eds/bin/gnu/h-i686-mingw32/bin/../lib/gcc/nios2-elf/4.7.3\libgcc.a(_df_to_si.o)
                0x0001fcb0                __fixdfsi
 .text          0x0001fd84        0x0 c:/altera/13.1/nios2eds/bin/gnu/h-i686-mingw32/bin/../lib/gcc/nios2-elf/4.7.3\libgcc.a(_thenan_df.o)
 .text          0x0001fd84      0x11c c:/altera/13.1/nios2eds/bin/gnu/h-i686-mingw32/bin/../lib/gcc/nios2-elf/4.7.3\libgcc.a(_usi_to_df.o)
                0x0001fd84                __floatunsidf
 .text          0x0001fea0      0x130 c:/altera/13.1/nios2eds/bin/gnu/h-i686-mingw32/bin/../lib/gcc/nios2-elf/4.7.3\libgcc.a(lib2-divmod.o)
                0x0001ff14                __divsi3
                0x0001ff64                __modsi3
                0x0001ffc0                __udivsi3
                0x0001ffc8                __umodsi3
 .text          0x0001ffd0       0x60 c:/altera/13.1/nios2eds/bin/gnu/h-i686-mingw32/bin/../lib/gcc/nios2-elf/4.7.3\libgcc.a(_muldi3.o)
                0x0001ffd0                __muldi3
 .text          0x00020030        0x0 c:/altera/13.1/nios2eds/bin/gnu/h-i686-mingw32/bin/../lib/gcc/nios2-elf/4.7.3\libgcc.a(_clz.o)
 .text          0x00020030       0xac c:/altera/13.1/nios2eds/bin/gnu/h-i686-mingw32/bin/../lib/gcc/nios2-elf/4.7.3\libgcc.a(_clzsi2.o)
                0x00020030                __clzsi2
 .text          0x000200dc      0x224 c:/altera/13.1/nios2eds/bin/gnu/h-i686-mingw32/bin/../lib/gcc/nios2-elf/4.7.3\libgcc.a(_pack_df.o)
                0x000200dc                __pack_d
 .text          0x00020300      0x104 c:/altera/13.1/nios2eds/bin/gnu/h-i686-mingw32/bin/../lib/gcc/nios2-elf/4.7.3\libgcc.a(_unpack_df.o)
                0x00020300                __unpack_d
 .text          0x00020404       0xd0 c:/altera/13.1/nios2eds/bin/gnu/h-i686-mingw32/bin/../lib/gcc/nios2-elf/4.7.3\libgcc.a(_fpcmp_parts_df.o)
                0x00020404                __fpcmp_parts_d
 .text          0x000204d4       0x44 c:/altera/13.1/nios2eds/bin/gnu/h-i686-mingw32/bin/../lib/gcc/nios2-elf/4.7.3\libgcc.a(_lshrdi3.o)
                0x000204d4                __lshrdi3
 .text          0x00020518       0x44 c:/altera/13.1/nios2eds/bin/gnu/h-i686-mingw32/bin/../lib/gcc/nios2-elf/4.7.3\libgcc.a(_ashldi3.o)
                0x00020518                __ashldi3
 .text          0x0002055c      0x16c ../lwIP_NIOS_II_Example_bsp\libhal_bsp.a(alt_alarm_start.o)
                0x0002055c                alt_alarm_start
 .text          0x000206c8      0x118 ../lwIP_NIOS_II_Example_bsp\libhal_bsp.a(alt_close.o)
                0x00020718                close
 .text          0x000207e0       0x2c ../lwIP_NIOS_II_Example_bsp\libhal_bsp.a(alt_dev.o)
 .text          0x0002080c        0x0 ../lwIP_NIOS_II_Example_bsp\libhal_bsp.a(alt_errno.o)
 .text          0x0002080c       0xfc ../lwIP_NIOS_II_Example_bsp\libhal_bsp.a(alt_fstat.o)
                0x0002085c                fstat
 .text          0x00020908       0xf0 ../lwIP_NIOS_II_Example_bsp\libhal_bsp.a(alt_isatty.o)
                0x00020958                isatty
 .text          0x000209f8       0xec ../lwIP_NIOS_II_Example_bsp\libhal_bsp.a(alt_load.o)
                0x00020a64                alt_load
 .text          0x00020ae4      0x120 ../lwIP_NIOS_II_Example_bsp\libhal_bsp.a(alt_lseek.o)
                0x00020b34                lseek
 .text          0x00020c04       0x78 ../lwIP_NIOS_II_Example_bsp\libhal_bsp.a(alt_main.o)
                0x00020c04                alt_main
 .text          0x00020c7c       0x40 ../lwIP_NIOS_II_Example_bsp\libhal_bsp.a(alt_malloc_lock.o)
                0x00020c7c                __malloc_lock
                0x00020c9c                __malloc_unlock
 .text          0x00020cbc      0x140 ../lwIP_NIOS_II_Example_bsp\libhal_bsp.a(alt_read.o)
                0x00020d0c                read
 .text          0x00020dfc       0x60 ../lwIP_NIOS_II_Example_bsp\libhal_bsp.a(alt_release_fd.o)
                0x00020dfc                alt_release_fd
 .text          0x00020e5c       0x40 ../lwIP_NIOS_II_Example_bsp\libhal_bsp.a(alt_remap_uncached.o)
                0x00020e5c                alt_remap_uncached
 .text          0x00020e9c      0x108 ../lwIP_NIOS_II_Example_bsp\libhal_bsp.a(alt_sbrk.o)
                0x00020e9c                sbrk
 .text          0x00020fa4      0x1c8 ../lwIP_NIOS_II_Example_bsp\libhal_bsp.a(alt_tick.o)
                0x00020fa4                alt_alarm_stop
                0x00021068                alt_tick
 .text          0x0002116c       0x58 ../lwIP_NIOS_II_Example_bsp\libhal_bsp.a(alt_uncached_malloc.o)
                0x0002116c                alt_uncached_malloc
 .text          0x000211c4       0x30 ../lwIP_NIOS_II_Example_bsp\libhal_bsp.a(alt_usleep.o)
                0x000211c4                usleep
 .text          0x000211f4      0x13c ../lwIP_NIOS_II_Example_bsp\libhal_bsp.a(alt_write.o)
                0x00021244                write
 .text          0x00021330      0x188 ../lwIP_NIOS_II_Example_bsp\libhal_bsp.a(alt_sys_init.o)
                0x00021368                alt_irq_init
                0x000213a8                alt_sys_init
 .text          0x000214b8      0x894 ../lwIP_NIOS_II_Example_bsp\libhal_bsp.a(altera_avalon_cfi_flash.o)
                0x000214f0                alt_flash_cfi_init
                0x00021580                alt_flash_cfi_write
                0x0002182c                alt_flash_cfi_get_info
                0x000218b8                alt_flash_cfi_read
                0x0002191c                alt_write_value_to_flash
                0x00021a74                alt_flash_program_block
 .text          0x00021d4c     0x1430 ../lwIP_NIOS_II_Example_bsp\libhal_bsp.a(altera_avalon_cfi_flash_table.o)
                0x00021d4c                alt_read_query_entry_8bit
                0x00021d88                alt_read_query_entry_16bit
                0x00021dc8                alt_read_query_entry_32bit
                0x00021e08                alt_write_flash_command_8bit_device_8bit_mode
                0x00021e4c                alt_write_flash_command_16bit_device_8bit_mode
                0x00021ec0                alt_write_flash_command_32bit_device_8bit_mode
                0x00021f0c                alt_write_flash_command_16bit_device_16bit_mode
                0x00021f54                alt_write_flash_command_32bit_device_16bit_mode
                0x00021fa0                alt_write_flash_command_32bit_device_32bit_mode
                0x00021fec                alt_write_native_8bit
                0x00022024                alt_write_native_16bit
                0x0002205c                alt_write_native_32bit
                0x00022090                alt_set_flash_width_func
                0x00022254                alt_set_flash_algorithm_func
                0x00022370                alt_read_cfi_table
                0x00022938                alt_read_cfi_width
                0x000230a8                alt_check_primary_table
 .text          0x0002317c      0x164 ../lwIP_NIOS_II_Example_bsp\libhal_bsp.a(altera_avalon_jtag_uart_fd.o)
                0x0002317c                altera_avalon_jtag_uart_read_fd
                0x000231dc                altera_avalon_jtag_uart_write_fd
                0x0002323c                altera_avalon_jtag_uart_close_fd
                0x0002328c                altera_avalon_jtag_uart_ioctl_fd
 .text          0x000232e0      0x3d0 ../lwIP_NIOS_II_Example_bsp\libhal_bsp.a(altera_avalon_jtag_uart_init.o)
                0x000232e0                altera_avalon_jtag_uart_init
                0x00023648                altera_avalon_jtag_uart_close
 .text          0x000236b0       0xf4 ../lwIP_NIOS_II_Example_bsp\libhal_bsp.a(altera_avalon_jtag_uart_ioctl.o)
                0x000236b0                altera_avalon_jtag_uart_ioctl
 .text          0x000237a4      0x244 ../lwIP_NIOS_II_Example_bsp\libhal_bsp.a(altera_avalon_jtag_uart_read.o)
                0x000237a4                altera_avalon_jtag_uart_read
 .text          0x000239e8      0x250 ../lwIP_NIOS_II_Example_bsp\libhal_bsp.a(altera_avalon_jtag_uart_write.o)
                0x000239e8                altera_avalon_jtag_uart_write
 .text          0x00023c38      0xe8c ../lwIP_NIOS_II_Example_bsp\libhal_bsp.a(altera_avalon_lcd_16207.o)
                0x000243fc                altera_avalon_lcd_16207_write
                0x0002498c                altera_avalon_lcd_16207_init
 .text          0x00024ac4       0x60 ../lwIP_NIOS_II_Example_bsp\libhal_bsp.a(altera_avalon_lcd_16207_fd.o)
                0x00024ac4                altera_avalon_lcd_16207_write_fd
 .text          0x00024b24      0xd2c ../lwIP_NIOS_II_Example_bsp\libhal_bsp.a(altera_avalon_sgdma.o)
                0x00024b74                alt_avalon_sgdma_do_async_transfer
                0x00024c98                alt_avalon_sgdma_do_sync_transfer
                0x00024da8                alt_avalon_sgdma_construct_mem_to_mem_desc
                0x00024e18                alt_avalon_sgdma_construct_mem_to_mem_desc_burst
                0x00024e98                alt_avalon_sgdma_construct_stream_to_mem_desc
                0x00024ef4                alt_avalon_sgdma_construct_stream_to_mem_desc_burst
                0x00024f68                alt_avalon_sgdma_construct_mem_to_stream_desc
                0x00024fe4                alt_avalon_sgdma_construct_mem_to_stream_desc_burst
                0x0002506c                alt_avalon_sgdma_register_callback
                0x000250bc                alt_avalon_sgdma_start
                0x00025110                alt_avalon_sgdma_stop
                0x00025168                alt_avalon_sgdma_check_descriptor_status
                0x000251cc                alt_avalon_sgdma_open
                0x0002521c                alt_avalon_sgdma_construct_descriptor
                0x000252a4                alt_avalon_sgdma_enable_desc_poll
                0x00025324                alt_avalon_sgdma_disable_desc_poll
                0x00025384                alt_avalon_sgdma_construct_descriptor_burst
                0x000257ac                alt_avalon_sgdma_init
 .text          0x00025850      0x128 ../lwIP_NIOS_II_Example_bsp\libhal_bsp.a(altera_avalon_timer_sc.o)
                0x000258f0                alt_avalon_timer_sc_init
 .text          0x00025978     0x4fa8 ../lwIP_NIOS_II_Example_bsp\libhal_bsp.a(altera_avalon_tse.o)
                0x00025978                no_printf
                0x000259a4                tse_mac_initTransInfo2
                0x00025a04                tse_mac_sTxWrite
                0x00025ae4                tse_mac_aRxRead
                0x00025b88                tse_mac_SwReset
                0x00025c10                tse_mac_setMIImode
                0x00025c64                tse_mac_setGMIImode
                0x00025cb4                alt_tse_phy_add_profile
                0x00025e98                alt_tse_system_add_sys
                0x00026894                alt_tse_sys_enable_mdio_sharing
                0x000269f8                alt_tse_mac_get_common_speed
                0x00026a38                alt_tse_mac_set_common_speed
                0x00026a80                alt_tse_get_system_index
                0x00026aec                alt_tse_get_mac_group_index
                0x00026b60                alt_tse_get_mac_info_index
                0x00026be0                alt_tse_get_mac_info
                0x00026cb8                alt_tse_mac_set_speed
                0x00026d98                alt_tse_mac_set_duplex
                0x00026e24                getPHYSpeed
                0x00027898                alt_tse_phy_rd_mdio_addr
                0x000278e0                alt_tse_phy_wr_mdio_addr
                0x00027938                alt_tse_phy_wr_mdio_reg
                0x00027a64                alt_tse_phy_rd_mdio_reg
                0x00027b30                alt_tse_phy_add_profile_default
                0x00027dc8                alt_tse_phy_print_profile
                0x00027fd8                alt_tse_mac_group_init
                0x00028674                alt_tse_mac_get_phy
                0x00028a90                alt_tse_mac_associate_phy
                0x00028cd0                alt_tse_phy_cfg_pcs
                0x00028df8                alt_tse_phy_init
                0x00028f10                alt_tse_phy_restart_an
                0x000290d4                alt_tse_phy_check_link
                0x00029234                alt_tse_phy_get_cap
                0x000297cc                alt_tse_phy_set_adv_1000
                0x00029988                alt_tse_phy_set_adv_100
                0x00029bd0                alt_tse_phy_set_adv_10
                0x00029d78                alt_tse_phy_get_common_speed
                0x0002a0a0                alt_tse_phy_set_common_speed
                0x0002a558                marvell_phy_cfg
                0x0002a5f0                marvell_cfg_gmii
                0x0002a6d4                marvell_cfg_sgmii
                0x0002a7b8                marvell_cfg_rgmii
                0x0002a8a8                DP83848C_link_status_read
 .text          0x0002a920      0x110 ../lwIP_NIOS_II_Example_bsp\libhal_bsp.a(altera_avalon_uart_fd.o)
                0x0002a920                altera_avalon_uart_read_fd
                0x0002a980                altera_avalon_uart_write_fd
                0x0002a9e0                altera_avalon_uart_close_fd
 .text          0x0002aa30      0x3a8 ../lwIP_NIOS_II_Example_bsp\libhal_bsp.a(altera_avalon_uart_init.o)
                0x0002aa30                altera_avalon_uart_init
                0x0002ad84                altera_avalon_uart_close
 .text          0x0002add8      0x2ac ../lwIP_NIOS_II_Example_bsp\libhal_bsp.a(altera_avalon_uart_read.o)
                0x0002ae28                altera_avalon_uart_read
 .text          0x0002b084      0x250 ../lwIP_NIOS_II_Example_bsp\libhal_bsp.a(altera_avalon_uart_write.o)
                0x0002b0d4                altera_avalon_uart_write
 .text          0x0002b2d4      0x200 ../lwIP_NIOS_II_Example_bsp\libhal_bsp.a(altera_vic_0_vector_tbl.o)
                0x0002b2d4                VIC_0_VECTOR_TABLE
 .text          0x0002b4d4       0x18 ../lwIP_NIOS_II_Example_bsp\libhal_bsp.a(altera_vic_funnel_non_preemptive.o)
                0x0002b4d4                alt_shadow_non_preemptive_interrupt
 .text          0x0002b4ec      0x13c ../lwIP_NIOS_II_Example_bsp\libhal_bsp.a(altera_vic_irq_init.o)
                0x0002b4ec                alt_vic_irq_init
 .text          0x0002b628      0x158 ../lwIP_NIOS_II_Example_bsp\libhal_bsp.a(altera_vic_isr_register.o)
                0x0002b628                alt_ic_isr_register
 .text          0x0002b780      0x128 ../lwIP_NIOS_II_Example_bsp\libhal_bsp.a(alt_busy_sleep.o)
                0x0002b780                alt_busy_sleep
 .text          0x0002b8a8       0x24 ../lwIP_NIOS_II_Example_bsp\libhal_bsp.a(alt_dcache_flush.o)
                0x0002b8a8                alt_dcache_flush
 .text          0x0002b8cc       0x1c ../lwIP_NIOS_II_Example_bsp\libhal_bsp.a(alt_dcache_flush_all.o)
                0x0002b8cc                alt_dcache_flush_all
 .text          0x0002b8e8       0xf0 ../lwIP_NIOS_II_Example_bsp\libhal_bsp.a(alt_dev_llist_insert.o)
                0x0002b938                alt_dev_llist_insert
 .text          0x0002b9d8       0x5c ../lwIP_NIOS_II_Example_bsp\libhal_bsp.a(alt_do_ctors.o)
                0x0002b9d8                _do_ctors
 .text          0x0002ba34       0x5c ../lwIP_NIOS_II_Example_bsp\libhal_bsp.a(alt_do_dtors.o)
                0x0002ba34                _do_dtors
 .text          0x0002ba90       0x90 ../lwIP_NIOS_II_Example_bsp\libhal_bsp.a(alt_find_dev.o)
                0x0002ba90                alt_find_dev
 .text          0x0002bb20       0xb8 ../lwIP_NIOS_II_Example_bsp\libhal_bsp.a(alt_flash_dev.o)
                0x0002bb20                alt_flash_open_dev
                0x0002bb88                alt_flash_close_dev
 .text          0x0002bbd8       0x30 ../lwIP_NIOS_II_Example_bsp\libhal_bsp.a(alt_icache_flush_all.o)
                0x0002bbd8                alt_icache_flush_all
 .text          0x0002bc08      0x138 ../lwIP_NIOS_II_Example_bsp\libhal_bsp.a(alt_io_redirect.o)
                0x0002bcc8                alt_io_redirect
 .text          0x0002bd40      0x270 ../lwIP_NIOS_II_Example_bsp\libhal_bsp.a(alt_open.o)
                0x0002be5c                open
 .text          0x0002bfb0      0x460 ../lwIP_NIOS_II_Example_bsp\libhal_bsp.a(altera_avalon_cfi_flash_amd.o)
                0x0002bfb0                alt_program_amd
                0x0002c018                alt_erase_block_amd
 .text          0x0002c410      0x438 ../lwIP_NIOS_II_Example_bsp\libhal_bsp.a(altera_avalon_cfi_flash_intel.o)
                0x0002c410                alt_program_intel
                0x0002c490                alt_erase_block_intel
 .text          0x0002c848      0x114 ../lwIP_NIOS_II_Example_bsp\libhal_bsp.a(alt_find_file.o)
                0x0002c848                alt_find_file
 .text          0x0002c95c       0xb4 ../lwIP_NIOS_II_Example_bsp\libhal_bsp.a(alt_get_fd.o)
                0x0002c95c                alt_get_fd
 .text          0x0002ca10       0x8c ../lwIP_NIOS_II_Example_bsp\libhal_bsp.a(alt_icache_flush.o)
                0x0002ca10                alt_icache_flush
 .text          0x0002ca9c       0x14 c:/altera/13.1/nios2eds/bin/gnu/h-i686-mingw32/bin/../lib/gcc/nios2-elf/4.7.3/../../../../../H-i686-mingw32/nios2-elf/lib\libc.a(lib_a-atexit.o)
                0x0002ca9c                atexit
 .text          0x0002cab0        0x0 c:/altera/13.1/nios2eds/bin/gnu/h-i686-mingw32/bin/../lib/gcc/nios2-elf/4.7.3/../../../../../H-i686-mingw32/nios2-elf/lib\libc.a(lib_a-ctype_.o)
 .text          0x0002cab0       0x38 c:/altera/13.1/nios2eds/bin/gnu/h-i686-mingw32/bin/../lib/gcc/nios2-elf/4.7.3/../../../../../H-i686-mingw32/nios2-elf/lib\libc.a(lib_a-exit.o)
                0x0002cab0                exit
 .text          0x0002cae8       0x28 c:/altera/13.1/nios2eds/bin/gnu/h-i686-mingw32/bin/../lib/gcc/nios2-elf/4.7.3/../../../../../H-i686-mingw32/nios2-elf/lib\libc.a(lib_a-malloc.o)
                0x0002cae8                malloc
                0x0002cafc                free
 .text          0x0002cb10       0x7c c:/altera/13.1/nios2eds/bin/gnu/h-i686-mingw32/bin/../lib/gcc/nios2-elf/4.7.3/../../../../../H-i686-mingw32/nios2-elf/lib\libc.a(lib_a-memcmp.o)
                0x0002cb10                memcmp
 .text          0x0002cb8c       0x94 c:/altera/13.1/nios2eds/bin/gnu/h-i686-mingw32/bin/../lib/gcc/nios2-elf/4.7.3/../../../../../H-i686-mingw32/nios2-elf/lib\libc.a(lib_a-strcpy.o)
                0x0002cb8c                strcpy
 .text          0x0002cc20      0x130 c:/altera/13.1/nios2eds/bin/gnu/h-i686-mingw32/bin/../lib/gcc/nios2-elf/4.7.3/../../../../../H-i686-mingw32/nios2-elf/lib\libc.a(lib_a-__atexit.o)
                0x0002cc20                __register_exitproc
 .text          0x0002cd50      0x1a0 c:/altera/13.1/nios2eds/bin/gnu/h-i686-mingw32/bin/../lib/gcc/nios2-elf/4.7.3/../../../../../H-i686-mingw32/nios2-elf/lib\libc.a(lib_a-__call_atexit.o)
                0x0002cd50                __call_exitprocs
 .text          0x0002cef0       0x3c ../lwIP_NIOS_II_Example_bsp\libhal_bsp.a(alt_exit.o)
                0x0002cef0                _exit
 *(.gnu.warning.*)
 *(.fini)
                0x0002cf2c                PROVIDE (__etext, ABSOLUTE (.))
                0x0002cf2c                PROVIDE (_etext, ABSOLUTE (.))
                0x0002cf2c                PROVIDE (etext, ABSOLUTE (.))
 *(.eh_frame_hdr)
                0x0002cf2c                . = ALIGN (0x4)
                0x0002cf2c                PROVIDE (__preinit_array_start, ABSOLUTE (.))
 *(.preinit_array)
                0x0002cf2c                PROVIDE (__preinit_array_end, ABSOLUTE (.))
                0x0002cf2c                PROVIDE (__init_array_start, ABSOLUTE (.))
 *(.init_array)
                0x0002cf2c                PROVIDE (__init_array_end, ABSOLUTE (.))
                0x0002cf2c                PROVIDE (__fini_array_start, ABSOLUTE (.))
 *(.fini_array)
                0x0002cf2c                PROVIDE (__fini_array_end, ABSOLUTE (.))
 *(.eh_frame)
 *(.gcc_except_table .gcc_except_table.*)
 *(.dynamic)
                0x0002cf2c                PROVIDE (__CTOR_LIST__, ABSOLUTE (.))
 *(.ctors)
 *(SORT(.ctors.*))
                0x0002cf2c                PROVIDE (__CTOR_END__, ABSOLUTE (.))
                0x0002cf2c                PROVIDE (__DTOR_LIST__, ABSOLUTE (.))
 *(.dtors)
 *(SORT(.dtors.*))
                0x0002cf2c                PROVIDE (__DTOR_END__, ABSOLUTE (.))
 *(.jcr)
                0x0002cf2c                . = ALIGN (0x4)

.rodata         0x0002cf2c     0x525c
                0x0002cf2c                PROVIDE (__ram_rodata_start, ABSOLUTE (.))
                0x0002cf2c                . = ALIGN (0x4)
 *(.rodata .rodata.* .gnu.linkonce.r.*)
 .rodata        0x0002cf2c       0xb4 obj/default/drivers/alteraTseEthernetif.o
 .rodata        0x0002cfe0      0xc80 obj/default/drivers/fs.o
                0x0002dc30                file_img_sics_gif
                0x0002dc40                file_404_html
                0x0002dc50                file_index_html
 .rodata        0x0002dc60       0x3c obj/default/drivers/httpd.o
 .rodata        0x0002dc9c      0x198 obj/default/drivers/lwip_tse_mac.o
 .rodata        0x0002de34       0x20 obj/default/drivers/tse_my_system.o
 .rodata        0x0002de54      0x110 obj/default/lwip/src/api/err.o
 .rodata        0x0002df64      0x448 obj/default/lwip/src/core/dhcp.o
 .rodata        0x0002e3ac      0x28c obj/default/lwip/src/core/ipv4/icmp.o
 .rodata        0x0002e638       0x70 obj/default/lwip/src/core/ipv4/ip.o
 .rodata        0x0002e6a8      0x15c obj/default/lwip/src/core/ipv4/ip_frag.o
 .rodata        0x0002e804      0x1e8 obj/default/lwip/src/core/mem.o
 .rodata        0x0002e9ec      0x12c obj/default/lwip/src/core/memp.o
 .rodata        0x0002eb18      0x478 obj/default/lwip/src/core/pbuf.o
 .rodata        0x0002ef90       0x64 obj/default/lwip/src/core/raw.o
 .rodata        0x0002eff4      0x6ec obj/default/lwip/src/core/tcp.o
                0x0002f06a                tcp_backoff
 .rodata        0x0002f6e0      0x320 obj/default/lwip/src/core/tcp_in.o
 .rodata        0x0002fa00      0x2c4 obj/default/lwip/src/core/tcp_out.o
 .rodata        0x0002fcc4       0xa0 obj/default/lwip/src/core/udp.o
 .rodata        0x0002fd64      0x1b0 obj/default/lwip/src/netif/etharp.o
 .rodata        0x0002ff14       0x6c obj/default/main.o
 .rodata.str1.4
                0x0002ff80        0x2 c:/altera/13.1/nios2eds/bin/gnu/h-i686-mingw32/bin/../lib/gcc/nios2-elf/4.7.3/../../../../../H-i686-mingw32/nios2-elf/lib\libc.a(lib_a-impure.o)
                                  0x4 (size before relaxing)
 *fill*         0x0002ff82        0x2 
 .rodata.str1.4
                0x0002ff84        0x2 c:/altera/13.1/nios2eds/bin/gnu/h-i686-mingw32/bin/../lib/gcc/nios2-elf/4.7.3/../../../../../H-i686-mingw32/nios2-elf/lib\libc.a(lib_a-puts.o)
                                  0x4 (size before relaxing)
 *fill*         0x0002ff86        0x2 
 .rodata.str1.4
                0x0002ff88       0x42 c:/altera/13.1/nios2eds/bin/gnu/h-i686-mingw32/bin/../lib/gcc/nios2-elf/4.7.3/../../../../../H-i686-mingw32/nios2-elf/lib\libc.a(lib_a-vfprintf.o)
                                 0x44 (size before relaxing)
 .rodata        0x0002ffca       0x20 c:/altera/13.1/nios2eds/bin/gnu/h-i686-mingw32/bin/../lib/gcc/nios2-elf/4.7.3/../../../../../H-i686-mingw32/nios2-elf/lib\libc.a(lib_a-vfprintf.o)
 *fill*         0x0002ffea        0x2 
 .rodata.str1.4
                0x0002ffec       0x10 c:/altera/13.1/nios2eds/bin/gnu/h-i686-mingw32/bin/../lib/gcc/nios2-elf/4.7.3/../../../../../H-i686-mingw32/nios2-elf/lib\libc.a(lib_a-dtoa.o)
                                 0x14 (size before relaxing)
 .rodata.str1.4
                0x0002fffc       0x10 c:/altera/13.1/nios2eds/bin/gnu/h-i686-mingw32/bin/../lib/gcc/nios2-elf/4.7.3/../../../../../H-i686-mingw32/nios2-elf/lib\libc.a(lib_a-locale.o)
                                 0x18 (size before relaxing)
 .rodata        0x0003000c       0x30 c:/altera/13.1/nios2eds/bin/gnu/h-i686-mingw32/bin/../lib/gcc/nios2-elf/4.7.3/../../../../../H-i686-mingw32/nios2-elf/lib\libc.a(lib_a-locale.o)
 .rodata        0x0003003c      0x124 c:/altera/13.1/nios2eds/bin/gnu/h-i686-mingw32/bin/../lib/gcc/nios2-elf/4.7.3/../../../../../H-i686-mingw32/nios2-elf/lib\libc.a(lib_a-mprec.o)
                0x0003003c                __mprec_tinytens
                0x00030064                __mprec_bigtens
                0x0003008c                __mprec_tens
 .rodata        0x00030160       0x14 c:/altera/13.1/nios2eds/bin/gnu/h-i686-mingw32/bin/../lib/gcc/nios2-elf/4.7.3\libgcc.a(_thenan_df.o)
                0x00030160                __thenan_df
 .rodata        0x00030174      0x100 c:/altera/13.1/nios2eds/bin/gnu/h-i686-mingw32/bin/../lib/gcc/nios2-elf/4.7.3\libgcc.a(_clz.o)
                0x00030174                __clz_tab
 .rodata        0x00030274        0xc ../lwIP_NIOS_II_Example_bsp\libhal_bsp.a(alt_dev.o)
 .rodata        0x00030280       0x10 ../lwIP_NIOS_II_Example_bsp\libhal_bsp.a(alt_main.o)
 .rodata        0x00030290       0x70 ../lwIP_NIOS_II_Example_bsp\libhal_bsp.a(alt_sys_init.o)
 .rodata        0x00030300     0x1be4 ../lwIP_NIOS_II_Example_bsp\libhal_bsp.a(altera_avalon_tse.o)
 .rodata        0x00031ee4       0x20 ../lwIP_NIOS_II_Example_bsp\libhal_bsp.a(altera_vic_irq_init.o)
 .rodata        0x00031f04      0x281 c:/altera/13.1/nios2eds/bin/gnu/h-i686-mingw32/bin/../lib/gcc/nios2-elf/4.7.3/../../../../../H-i686-mingw32/nios2-elf/lib\libc.a(lib_a-ctype_.o)
                0x00031f04                _ctype_
 *(.rodata1)
                0x00032188                . = ALIGN (0x4)
 *fill*         0x00032185        0x3 
                0x00032188                PROVIDE (__ram_rodata_end, ABSOLUTE (.))
                0x0002cf2c                PROVIDE (__flash_rodata_start, LOADADDR (.rodata))

.rwdata         0x00032188     0x22a4 load address 0x0003442c
                0x00032188                PROVIDE (__ram_rwdata_start, ABSOLUTE (.))
                0x00032188                . = ALIGN (0x4)
 *(.got.plt)
 *(.got)
 *(.data1)
 *(.data .data.* .gnu.linkonce.d.*)
 .data          0x00032188        0x0 ../lwIP_NIOS_II_Example_bsp/obj/HAL/src/crt0.o
 .data          0x00032188        0x0 obj/default/drivers/alteraTseEthernetif.o
 .data          0x00032188        0x0 obj/default/drivers/fs.o
 .data          0x00032188        0x0 obj/default/drivers/fsdata.o
 .data          0x00032188        0x0 obj/default/drivers/httpd.o
 .data          0x00032188        0x0 obj/default/drivers/lwip_tse_mac.o
 .data          0x00032188      0x240 obj/default/drivers/tse_my_system.o
                0x00032188                tse_mac_device
 .data          0x000323c8        0x0 obj/default/lwip/src/api/api_lib.o
 .data          0x000323c8        0x0 obj/default/lwip/src/api/api_msg.o
 .data          0x000323c8       0x3c obj/default/lwip/src/api/err.o
 .data          0x00032404        0x0 obj/default/lwip/src/api/netbuf.o
 .data          0x00032404        0x0 obj/default/lwip/src/api/netdb.o
 .data          0x00032404        0x0 obj/default/lwip/src/api/netifapi.o
 .data          0x00032404        0x0 obj/default/lwip/src/api/sockets.o
 .data          0x00032404        0x0 obj/default/lwip/src/api/tcpip.o
 .data          0x00032404        0x0 obj/default/lwip/src/core/dhcp.o
 .data          0x00032404        0x0 obj/default/lwip/src/core/dns.o
 .data          0x00032404        0x0 obj/default/lwip/src/core/init.o
 .data          0x00032404        0x0 obj/default/lwip/src/core/ipv4/autoip.o
 .data          0x00032404        0x0 obj/default/lwip/src/core/ipv4/icmp.o
 .data          0x00032404        0x0 obj/default/lwip/src/core/ipv4/igmp.o
 .data          0x00032404        0x0 obj/default/lwip/src/core/ipv4/inet.o
 .data          0x00032404        0x0 obj/default/lwip/src/core/ipv4/inet_chksum.o
 .data          0x00032404        0x0 obj/default/lwip/src/core/ipv4/ip.o
 .data          0x00032404        0x0 obj/default/lwip/src/core/ipv4/ip_addr.o
 .data          0x00032404        0x0 obj/default/lwip/src/core/ipv4/ip_frag.o
 .data          0x00032404        0x0 obj/default/lwip/src/core/mem.o
 .data          0x00032404       0x24 obj/default/lwip/src/core/memp.o
 .data          0x00032428        0x0 obj/default/lwip/src/core/netif.o
 .data          0x00032428        0x0 obj/default/lwip/src/core/pbuf.o
 .data          0x00032428        0x0 obj/default/lwip/src/core/raw.o
 .data          0x00032428        0x0 obj/default/lwip/src/core/snmp/asn1_dec.o
 .data          0x00032428        0x0 obj/default/lwip/src/core/snmp/asn1_enc.o
 .data          0x00032428        0x0 obj/default/lwip/src/core/snmp/mib2.o
 .data          0x00032428        0x0 obj/default/lwip/src/core/snmp/mib_structs.o
 .data          0x00032428        0x0 obj/default/lwip/src/core/snmp/msg_in.o
 .data          0x00032428        0x0 obj/default/lwip/src/core/snmp/msg_out.o
 .data          0x00032428        0x0 obj/default/lwip/src/core/stats.o
 .data          0x00032428        0x0 obj/default/lwip/src/core/sys.o
 .data          0x00032428       0x2c obj/default/lwip/src/core/tcp.o
                0x00032428                tcp_state_str
 .data          0x00032454        0x0 obj/default/lwip/src/core/tcp_in.o
 .data          0x00032454        0x0 obj/default/lwip/src/core/tcp_out.o
 .data          0x00032454        0x0 obj/default/lwip/src/core/udp.o
 .data          0x00032454        0x0 obj/default/lwip/src/netif/etharp.o
 .data          0x00032454        0x0 obj/default/lwip/src/netif/ethernetif.o
 .data          0x00032454        0x0 obj/default/lwip/src/netif/loopif.o
 .data          0x00032454        0x0 obj/default/lwip/src/netif/ppp/auth.o
 .data          0x00032454        0x0 obj/default/lwip/src/netif/ppp/chap.o
 .data          0x00032454        0x0 obj/default/lwip/src/netif/ppp/chpms.o
 .data          0x00032454        0x0 obj/default/lwip/src/netif/ppp/fsm.o
 .data          0x00032454        0x0 obj/default/lwip/src/netif/ppp/ipcp.o
 .data          0x00032454        0x0 obj/default/lwip/src/netif/ppp/lcp.o
 .data          0x00032454        0x0 obj/default/lwip/src/netif/ppp/magic.o
 .data          0x00032454        0x0 obj/default/lwip/src/netif/ppp/md5.o
 .data          0x00032454        0x0 obj/default/lwip/src/netif/ppp/pap.o
 .data          0x00032454        0x0 obj/default/lwip/src/netif/ppp/ppp.o
 .data          0x00032454        0x0 obj/default/lwip/src/netif/ppp/ppp_oe.o
 .data          0x00032454        0x0 obj/default/lwip/src/netif/ppp/randm.o
 .data          0x00032454        0x0 obj/default/lwip/src/netif/ppp/vj.o
 .data          0x00032454        0x0 obj/default/lwip/src/netif/slipif.o
 .data          0x00032454        0x0 obj/default/main.o
 .data          0x00032454      0x400 c:/altera/13.1/nios2eds/bin/gnu/h-i686-mingw32/bin/../lib/gcc/nios2-elf/4.7.3/../../../../../H-i686-mingw32/nios2-elf/lib\libc.a(lib_a-impure.o)
 .data          0x00032854        0x0 c:/altera/13.1/nios2eds/bin/gnu/h-i686-mingw32/bin/../lib/gcc/nios2-elf/4.7.3/../../../../../H-i686-mingw32/nios2-elf/lib\libc.a(lib_a-memcpy.o)
 .data          0x00032854        0x0 c:/altera/13.1/nios2eds/bin/gnu/h-i686-mingw32/bin/../lib/gcc/nios2-elf/4.7.3/../../../../../H-i686-mingw32/nios2-elf/lib\libc.a(lib_a-memset.o)
 .data          0x00032854        0x0 c:/altera/13.1/nios2eds/bin/gnu/h-i686-mingw32/bin/../lib/gcc/nios2-elf/4.7.3/../../../../../H-i686-mingw32/nios2-elf/lib\libc.a(lib_a-printf.o)
 .data          0x00032854        0x0 c:/altera/13.1/nios2eds/bin/gnu/h-i686-mingw32/bin/../lib/gcc/nios2-elf/4.7.3/../../../../../H-i686-mingw32/nios2-elf/lib\libc.a(lib_a-putc.o)
 .data          0x00032854        0x0 c:/altera/13.1/nios2eds/bin/gnu/h-i686-mingw32/bin/../lib/gcc/nios2-elf/4.7.3/../../../../../H-i686-mingw32/nios2-elf/lib\libc.a(lib_a-putchar.o)
 .data          0x00032854        0x0 c:/altera/13.1/nios2eds/bin/gnu/h-i686-mingw32/bin/../lib/gcc/nios2-elf/4.7.3/../../../../../H-i686-mingw32/nios2-elf/lib\libc.a(lib_a-puts.o)
 .data          0x00032854        0x0 c:/altera/13.1/nios2eds/bin/gnu/h-i686-mingw32/bin/../lib/gcc/nios2-elf/4.7.3/../../../../../H-i686-mingw32/nios2-elf/lib\libc.a(lib_a-strcmp.o)
 .data          0x00032854        0x0 c:/altera/13.1/nios2eds/bin/gnu/h-i686-mingw32/bin/../lib/gcc/nios2-elf/4.7.3/../../../../../H-i686-mingw32/nios2-elf/lib\libc.a(lib_a-strlen.o)
 .data          0x00032854        0x0 c:/altera/13.1/nios2eds/bin/gnu/h-i686-mingw32/bin/../lib/gcc/nios2-elf/4.7.3/../../../../../H-i686-mingw32/nios2-elf/lib\libc.a(lib_a-strncmp.o)
 .data          0x00032854        0x0 c:/altera/13.1/nios2eds/bin/gnu/h-i686-mingw32/bin/../lib/gcc/nios2-elf/4.7.3/../../../../../H-i686-mingw32/nios2-elf/lib\libc.a(lib_a-vfprintf.o)
 .data          0x00032854        0x0 c:/altera/13.1/nios2eds/bin/gnu/h-i686-mingw32/bin/../lib/gcc/nios2-elf/4.7.3/../../../../../H-i686-mingw32/nios2-elf/lib\libc.a(lib_a-wbuf.o)
 .data          0x00032854        0x0 c:/altera/13.1/nios2eds/bin/gnu/h-i686-mingw32/bin/../lib/gcc/nios2-elf/4.7.3/../../../../../H-i686-mingw32/nios2-elf/lib\libc.a(lib_a-wsetup.o)
 .data          0x00032854        0x0 c:/altera/13.1/nios2eds/bin/gnu/h-i686-mingw32/bin/../lib/gcc/nios2-elf/4.7.3/../../../../../H-i686-mingw32/nios2-elf/lib\libc.a(lib_a-dtoa.o)
 .data          0x00032854        0x0 c:/altera/13.1/nios2eds/bin/gnu/h-i686-mingw32/bin/../lib/gcc/nios2-elf/4.7.3/../../../../../H-i686-mingw32/nios2-elf/lib\libc.a(lib_a-fflush.o)
 .data          0x00032854        0x0 c:/altera/13.1/nios2eds/bin/gnu/h-i686-mingw32/bin/../lib/gcc/nios2-elf/4.7.3/../../../../../H-i686-mingw32/nios2-elf/lib\libc.a(lib_a-findfp.o)
 .data          0x00032854        0x0 c:/altera/13.1/nios2eds/bin/gnu/h-i686-mingw32/bin/../lib/gcc/nios2-elf/4.7.3/../../../../../H-i686-mingw32/nios2-elf/lib\libc.a(lib_a-freer.o)
 .data          0x00032854        0x0 c:/altera/13.1/nios2eds/bin/gnu/h-i686-mingw32/bin/../lib/gcc/nios2-elf/4.7.3/../../../../../H-i686-mingw32/nios2-elf/lib\libc.a(lib_a-fvwrite.o)
 .data          0x00032854        0x0 c:/altera/13.1/nios2eds/bin/gnu/h-i686-mingw32/bin/../lib/gcc/nios2-elf/4.7.3/../../../../../H-i686-mingw32/nios2-elf/lib\libc.a(lib_a-fwalk.o)
 .data          0x00032854        0xc c:/altera/13.1/nios2eds/bin/gnu/h-i686-mingw32/bin/../lib/gcc/nios2-elf/4.7.3/../../../../../H-i686-mingw32/nios2-elf/lib\libc.a(lib_a-locale.o)
                0x00032854                __lc_ctype
 .data          0x00032860        0x0 c:/altera/13.1/nios2eds/bin/gnu/h-i686-mingw32/bin/../lib/gcc/nios2-elf/4.7.3/../../../../../H-i686-mingw32/nios2-elf/lib\libc.a(lib_a-makebuf.o)
 .data          0x00032860      0x408 c:/altera/13.1/nios2eds/bin/gnu/h-i686-mingw32/bin/../lib/gcc/nios2-elf/4.7.3/../../../../../H-i686-mingw32/nios2-elf/lib\libc.a(lib_a-mallocr.o)
                0x00032860                __malloc_av_
 .data          0x00032c68        0x0 c:/altera/13.1/nios2eds/bin/gnu/h-i686-mingw32/bin/../lib/gcc/nios2-elf/4.7.3/../../../../../H-i686-mingw32/nios2-elf/lib\libc.a(lib_a-memchr.o)
 .data          0x00032c68        0x0 c:/altera/13.1/nios2eds/bin/gnu/h-i686-mingw32/bin/../lib/gcc/nios2-elf/4.7.3/../../../../../H-i686-mingw32/nios2-elf/lib\libc.a(lib_a-memmove.o)
 .data          0x00032c68        0x0 c:/altera/13.1/nios2eds/bin/gnu/h-i686-mingw32/bin/../lib/gcc/nios2-elf/4.7.3/../../../../../H-i686-mingw32/nios2-elf/lib\libc.a(lib_a-mprec.o)
 .data          0x00032c68        0x0 c:/altera/13.1/nios2eds/bin/gnu/h-i686-mingw32/bin/../lib/gcc/nios2-elf/4.7.3/../../../../../H-i686-mingw32/nios2-elf/lib\libc.a(lib_a-reallocr.o)
 .data          0x00032c68        0x0 c:/altera/13.1/nios2eds/bin/gnu/h-i686-mingw32/bin/../lib/gcc/nios2-elf/4.7.3/../../../../../H-i686-mingw32/nios2-elf/lib\libc.a(lib_a-s_isinfd.o)
 .data          0x00032c68        0x0 c:/altera/13.1/nios2eds/bin/gnu/h-i686-mingw32/bin/../lib/gcc/nios2-elf/4.7.3/../../../../../H-i686-mingw32/nios2-elf/lib\libc.a(lib_a-s_isnand.o)
 .data          0x00032c68        0x0 c:/altera/13.1/nios2eds/bin/gnu/h-i686-mingw32/bin/../lib/gcc/nios2-elf/4.7.3/../../../../../H-i686-mingw32/nios2-elf/lib\libc.a(lib_a-sbrkr.o)
 .data          0x00032c68        0x0 c:/altera/13.1/nios2eds/bin/gnu/h-i686-mingw32/bin/../lib/gcc/nios2-elf/4.7.3/../../../../../H-i686-mingw32/nios2-elf/lib\libc.a(lib_a-stdio.o)
 .data          0x00032c68        0x0 c:/altera/13.1/nios2eds/bin/gnu/h-i686-mingw32/bin/../lib/gcc/nios2-elf/4.7.3/../../../../../H-i686-mingw32/nios2-elf/lib\libc.a(lib_a-writer.o)
 .data          0x00032c68        0x0 c:/altera/13.1/nios2eds/bin/gnu/h-i686-mingw32/bin/../lib/gcc/nios2-elf/4.7.3/../../../../../H-i686-mingw32/nios2-elf/lib\libc.a(lib_a-callocr.o)
 .data          0x00032c68        0x0 c:/altera/13.1/nios2eds/bin/gnu/h-i686-mingw32/bin/../lib/gcc/nios2-elf/4.7.3/../../../../../H-i686-mingw32/nios2-elf/lib\libc.a(lib_a-closer.o)
 .data          0x00032c68        0x0 c:/altera/13.1/nios2eds/bin/gnu/h-i686-mingw32/bin/../lib/gcc/nios2-elf/4.7.3/../../../../../H-i686-mingw32/nios2-elf/lib\libc.a(lib_a-fclose.o)
 .data          0x00032c68        0x0 c:/altera/13.1/nios2eds/bin/gnu/h-i686-mingw32/bin/../lib/gcc/nios2-elf/4.7.3/../../../../../H-i686-mingw32/nios2-elf/lib\libc.a(lib_a-fstatr.o)
 .data          0x00032c68        0x0 c:/altera/13.1/nios2eds/bin/gnu/h-i686-mingw32/bin/../lib/gcc/nios2-elf/4.7.3/../../../../../H-i686-mingw32/nios2-elf/lib\libc.a(lib_a-int_errno.o)
 .data          0x00032c68        0x0 c:/altera/13.1/nios2eds/bin/gnu/h-i686-mingw32/bin/../lib/gcc/nios2-elf/4.7.3/../../../../../H-i686-mingw32/nios2-elf/lib\libc.a(lib_a-isattyr.o)
 .data          0x00032c68        0x0 c:/altera/13.1/nios2eds/bin/gnu/h-i686-mingw32/bin/../lib/gcc/nios2-elf/4.7.3/../../../../../H-i686-mingw32/nios2-elf/lib\libc.a(lib_a-lseekr.o)
 .data          0x00032c68        0x0 c:/altera/13.1/nios2eds/bin/gnu/h-i686-mingw32/bin/../lib/gcc/nios2-elf/4.7.3/../../../../../H-i686-mingw32/nios2-elf/lib\libc.a(lib_a-readr.o)
 .data          0x00032c68        0x0 c:/altera/13.1/nios2eds/bin/gnu/h-i686-mingw32/bin/../lib/gcc/nios2-elf/4.7.3\libgcc.a(_udivdi3.o)
 .data          0x00032c68        0x0 c:/altera/13.1/nios2eds/bin/gnu/h-i686-mingw32/bin/../lib/gcc/nios2-elf/4.7.3\libgcc.a(_umoddi3.o)
 .data          0x00032c68        0x0 c:/altera/13.1/nios2eds/bin/gnu/h-i686-mingw32/bin/../lib/gcc/nios2-elf/4.7.3\libgcc.a(_addsub_df.o)
 .data          0x00032c68        0x0 c:/altera/13.1/nios2eds/bin/gnu/h-i686-mingw32/bin/../lib/gcc/nios2-elf/4.7.3\libgcc.a(_mul_df.o)
 .data          0x00032c68        0x0 c:/altera/13.1/nios2eds/bin/gnu/h-i686-mingw32/bin/../lib/gcc/nios2-elf/4.7.3\libgcc.a(_div_df.o)
 .data          0x00032c68        0x0 c:/altera/13.1/nios2eds/bin/gnu/h-i686-mingw32/bin/../lib/gcc/nios2-elf/4.7.3\libgcc.a(_eq_df.o)
 .data          0x00032c68        0x0 c:/altera/13.1/nios2eds/bin/gnu/h-i686-mingw32/bin/../lib/gcc/nios2-elf/4.7.3\libgcc.a(_ne_df.o)
 .data          0x00032c68        0x0 c:/altera/13.1/nios2eds/bin/gnu/h-i686-mingw32/bin/../lib/gcc/nios2-elf/4.7.3\libgcc.a(_gt_df.o)
 .data          0x00032c68        0x0 c:/altera/13.1/nios2eds/bin/gnu/h-i686-mingw32/bin/../lib/gcc/nios2-elf/4.7.3\libgcc.a(_ge_df.o)
 .data          0x00032c68        0x0 c:/altera/13.1/nios2eds/bin/gnu/h-i686-mingw32/bin/../lib/gcc/nios2-elf/4.7.3\libgcc.a(_lt_df.o)
 .data          0x00032c68        0x0 c:/altera/13.1/nios2eds/bin/gnu/h-i686-mingw32/bin/../lib/gcc/nios2-elf/4.7.3\libgcc.a(_si_to_df.o)
 .data          0x00032c68        0x0 c:/altera/13.1/nios2eds/bin/gnu/h-i686-mingw32/bin/../lib/gcc/nios2-elf/4.7.3\libgcc.a(_df_to_si.o)
 .data          0x00032c68        0x0 c:/altera/13.1/nios2eds/bin/gnu/h-i686-mingw32/bin/../lib/gcc/nios2-elf/4.7.3\libgcc.a(_thenan_df.o)
 .data          0x00032c68        0x0 c:/altera/13.1/nios2eds/bin/gnu/h-i686-mingw32/bin/../lib/gcc/nios2-elf/4.7.3\libgcc.a(_usi_to_df.o)
 .data          0x00032c68        0x0 c:/altera/13.1/nios2eds/bin/gnu/h-i686-mingw32/bin/../lib/gcc/nios2-elf/4.7.3\libgcc.a(lib2-divmod.o)
 .data          0x00032c68        0x0 c:/altera/13.1/nios2eds/bin/gnu/h-i686-mingw32/bin/../lib/gcc/nios2-elf/4.7.3\libgcc.a(_muldi3.o)
 .data          0x00032c68        0x0 c:/altera/13.1/nios2eds/bin/gnu/h-i686-mingw32/bin/../lib/gcc/nios2-elf/4.7.3\libgcc.a(_clz.o)
 .data          0x00032c68        0x0 c:/altera/13.1/nios2eds/bin/gnu/h-i686-mingw32/bin/../lib/gcc/nios2-elf/4.7.3\libgcc.a(_clzsi2.o)
 .data          0x00032c68        0x0 c:/altera/13.1/nios2eds/bin/gnu/h-i686-mingw32/bin/../lib/gcc/nios2-elf/4.7.3\libgcc.a(_pack_df.o)
 .data          0x00032c68        0x0 c:/altera/13.1/nios2eds/bin/gnu/h-i686-mingw32/bin/../lib/gcc/nios2-elf/4.7.3\libgcc.a(_unpack_df.o)
 .data          0x00032c68        0x0 c:/altera/13.1/nios2eds/bin/gnu/h-i686-mingw32/bin/../lib/gcc/nios2-elf/4.7.3\libgcc.a(_fpcmp_parts_df.o)
 .data          0x00032c68        0x0 c:/altera/13.1/nios2eds/bin/gnu/h-i686-mingw32/bin/../lib/gcc/nios2-elf/4.7.3\libgcc.a(_lshrdi3.o)
 .data          0x00032c68        0x0 c:/altera/13.1/nios2eds/bin/gnu/h-i686-mingw32/bin/../lib/gcc/nios2-elf/4.7.3\libgcc.a(_ashldi3.o)
 .data          0x00032c68        0x0 ../lwIP_NIOS_II_Example_bsp\libhal_bsp.a(alt_alarm_start.o)
 .data          0x00032c68        0x0 ../lwIP_NIOS_II_Example_bsp\libhal_bsp.a(alt_close.o)
 .data          0x00032c68      0x1a8 ../lwIP_NIOS_II_Example_bsp\libhal_bsp.a(alt_dev.o)
                0x00032c68                alt_dev_null
                0x00032c90                alt_fd_list
 .data          0x00032e10        0x0 ../lwIP_NIOS_II_Example_bsp\libhal_bsp.a(alt_errno.o)
 .data          0x00032e10        0x0 ../lwIP_NIOS_II_Example_bsp\libhal_bsp.a(alt_fstat.o)
 .data          0x00032e10        0x0 ../lwIP_NIOS_II_Example_bsp\libhal_bsp.a(alt_isatty.o)
 .data          0x00032e10        0x0 ../lwIP_NIOS_II_Example_bsp\libhal_bsp.a(alt_load.o)
 .data          0x00032e10        0x0 ../lwIP_NIOS_II_Example_bsp\libhal_bsp.a(alt_lseek.o)
 .data          0x00032e10        0x0 ../lwIP_NIOS_II_Example_bsp\libhal_bsp.a(alt_main.o)
 .data          0x00032e10        0x0 ../lwIP_NIOS_II_Example_bsp\libhal_bsp.a(alt_malloc_lock.o)
 .data          0x00032e10        0x0 ../lwIP_NIOS_II_Example_bsp\libhal_bsp.a(alt_read.o)
 .data          0x00032e10        0x0 ../lwIP_NIOS_II_Example_bsp\libhal_bsp.a(alt_release_fd.o)
 .data          0x00032e10        0x0 ../lwIP_NIOS_II_Example_bsp\libhal_bsp.a(alt_remap_uncached.o)
 .data          0x00032e10        0x0 ../lwIP_NIOS_II_Example_bsp\libhal_bsp.a(alt_sbrk.o)
 .data          0x00032e10        0x0 ../lwIP_NIOS_II_Example_bsp\libhal_bsp.a(alt_tick.o)
 .data          0x00032e10        0x0 ../lwIP_NIOS_II_Example_bsp\libhal_bsp.a(alt_uncached_malloc.o)
 .data          0x00032e10        0x0 ../lwIP_NIOS_II_Example_bsp\libhal_bsp.a(alt_usleep.o)
 .data          0x00032e10        0x0 ../lwIP_NIOS_II_Example_bsp\libhal_bsp.a(alt_write.o)
 .data          0x00032e10     0x15a0 ../lwIP_NIOS_II_Example_bsp\libhal_bsp.a(alt_sys_init.o)
 .data          0x000343b0        0x0 ../lwIP_NIOS_II_Example_bsp\libhal_bsp.a(altera_avalon_cfi_flash.o)
 .data          0x000343b0        0x0 ../lwIP_NIOS_II_Example_bsp\libhal_bsp.a(altera_avalon_cfi_flash_table.o)
 .data          0x000343b0        0x0 ../lwIP_NIOS_II_Example_bsp\libhal_bsp.a(altera_avalon_jtag_uart_fd.o)
 .data          0x000343b0        0x0 ../lwIP_NIOS_II_Example_bsp\libhal_bsp.a(altera_avalon_jtag_uart_init.o)
 .data          0x000343b0        0x0 ../lwIP_NIOS_II_Example_bsp\libhal_bsp.a(altera_avalon_jtag_uart_ioctl.o)
 .data          0x000343b0        0x0 ../lwIP_NIOS_II_Example_bsp\libhal_bsp.a(altera_avalon_jtag_uart_read.o)
 .data          0x000343b0        0x0 ../lwIP_NIOS_II_Example_bsp\libhal_bsp.a(altera_avalon_jtag_uart_write.o)
 .data          0x000343b0        0x0 ../lwIP_NIOS_II_Example_bsp\libhal_bsp.a(altera_avalon_lcd_16207.o)
 .data          0x000343b0        0x0 ../lwIP_NIOS_II_Example_bsp\libhal_bsp.a(altera_avalon_lcd_16207_fd.o)
 .data          0x000343b0        0x0 ../lwIP_NIOS_II_Example_bsp\libhal_bsp.a(altera_avalon_sgdma.o)
 .data          0x000343b0        0x0 ../lwIP_NIOS_II_Example_bsp\libhal_bsp.a(altera_avalon_timer_sc.o)
 .data          0x000343b0        0x0 ../lwIP_NIOS_II_Example_bsp\libhal_bsp.a(altera_avalon_tse.o)
 .data          0x000343b0        0x0 ../lwIP_NIOS_II_Example_bsp\libhal_bsp.a(altera_avalon_uart_fd.o)
 .data          0x000343b0        0x0 ../lwIP_NIOS_II_Example_bsp\libhal_bsp.a(altera_avalon_uart_init.o)
 .data          0x000343b0        0x0 ../lwIP_NIOS_II_Example_bsp\libhal_bsp.a(altera_avalon_uart_read.o)
 .data          0x000343b0        0x0 ../lwIP_NIOS_II_Example_bsp\libhal_bsp.a(altera_avalon_uart_write.o)
 .data          0x000343b0        0x0 ../lwIP_NIOS_II_Example_bsp\libhal_bsp.a(altera_vic_0_vector_tbl.o)
 .data          0x000343b0        0x0 ../lwIP_NIOS_II_Example_bsp\libhal_bsp.a(altera_vic_funnel_non_preemptive.o)
 .data          0x000343b0        0x0 ../lwIP_NIOS_II_Example_bsp\libhal_bsp.a(altera_vic_irq_init.o)
 .data          0x000343b0        0x0 ../lwIP_NIOS_II_Example_bsp\libhal_bsp.a(altera_vic_isr_register.o)
 .data          0x000343b0        0x0 ../lwIP_NIOS_II_Example_bsp\libhal_bsp.a(alt_busy_sleep.o)
 .data          0x000343b0        0x0 ../lwIP_NIOS_II_Example_bsp\libhal_bsp.a(alt_dcache_flush.o)
 .data          0x000343b0        0x0 ../lwIP_NIOS_II_Example_bsp\libhal_bsp.a(alt_dcache_flush_all.o)
 .data          0x000343b0        0x0 ../lwIP_NIOS_II_Example_bsp\libhal_bsp.a(alt_dev_llist_insert.o)
 .data          0x000343b0        0x0 ../lwIP_NIOS_II_Example_bsp\libhal_bsp.a(alt_do_ctors.o)
 .data          0x000343b0        0x0 ../lwIP_NIOS_II_Example_bsp\libhal_bsp.a(alt_do_dtors.o)
 .data          0x000343b0        0x0 ../lwIP_NIOS_II_Example_bsp\libhal_bsp.a(alt_find_dev.o)
 .data          0x000343b0        0x0 ../lwIP_NIOS_II_Example_bsp\libhal_bsp.a(alt_flash_dev.o)
 .data          0x000343b0        0x0 ../lwIP_NIOS_II_Example_bsp\libhal_bsp.a(alt_icache_flush_all.o)
 .data          0x000343b0        0x0 ../lwIP_NIOS_II_Example_bsp\libhal_bsp.a(alt_io_redirect.o)
 .data          0x000343b0        0x0 ../lwIP_NIOS_II_Example_bsp\libhal_bsp.a(alt_open.o)
 .data          0x000343b0        0x0 ../lwIP_NIOS_II_Example_bsp\libhal_bsp.a(altera_avalon_cfi_flash_amd.o)
 .data          0x000343b0        0x0 ../lwIP_NIOS_II_Example_bsp\libhal_bsp.a(altera_avalon_cfi_flash_intel.o)
 .data          0x000343b0        0x0 ../lwIP_NIOS_II_Example_bsp\libhal_bsp.a(alt_find_file.o)
 .data          0x000343b0        0x0 ../lwIP_NIOS_II_Example_bsp\libhal_bsp.a(alt_get_fd.o)
 .data          0x000343b0        0x0 ../lwIP_NIOS_II_Example_bsp\libhal_bsp.a(alt_icache_flush.o)
 .data          0x000343b0        0x0 c:/altera/13.1/nios2eds/bin/gnu/h-i686-mingw32/bin/../lib/gcc/nios2-elf/4.7.3/../../../../../H-i686-mingw32/nios2-elf/lib\libc.a(lib_a-atexit.o)
 .data          0x000343b0        0x0 c:/altera/13.1/nios2eds/bin/gnu/h-i686-mingw32/bin/../lib/gcc/nios2-elf/4.7.3/../../../../../H-i686-mingw32/nios2-elf/lib\libc.a(lib_a-ctype_.o)
 .data          0x000343b0        0x0 c:/altera/13.1/nios2eds/bin/gnu/h-i686-mingw32/bin/../lib/gcc/nios2-elf/4.7.3/../../../../../H-i686-mingw32/nios2-elf/lib\libc.a(lib_a-exit.o)
 .data          0x000343b0        0x0 c:/altera/13.1/nios2eds/bin/gnu/h-i686-mingw32/bin/../lib/gcc/nios2-elf/4.7.3/../../../../../H-i686-mingw32/nios2-elf/lib\libc.a(lib_a-malloc.o)
 .data          0x000343b0        0x0 c:/altera/13.1/nios2eds/bin/gnu/h-i686-mingw32/bin/../lib/gcc/nios2-elf/4.7.3/../../../../../H-i686-mingw32/nios2-elf/lib\libc.a(lib_a-memcmp.o)
 .data          0x000343b0        0x0 c:/altera/13.1/nios2eds/bin/gnu/h-i686-mingw32/bin/../lib/gcc/nios2-elf/4.7.3/../../../../../H-i686-mingw32/nios2-elf/lib\libc.a(lib_a-strcpy.o)
 .data          0x000343b0        0x0 c:/altera/13.1/nios2eds/bin/gnu/h-i686-mingw32/bin/../lib/gcc/nios2-elf/4.7.3/../../../../../H-i686-mingw32/nios2-elf/lib\libc.a(lib_a-__atexit.o)
 .data          0x000343b0        0x0 c:/altera/13.1/nios2eds/bin/gnu/h-i686-mingw32/bin/../lib/gcc/nios2-elf/4.7.3/../../../../../H-i686-mingw32/nios2-elf/lib\libc.a(lib_a-__call_atexit.o)
 .data          0x000343b0        0x0 ../lwIP_NIOS_II_Example_bsp\libhal_bsp.a(alt_exit.o)
                0x0003c3b0                _gp = ABSOLUTE ((. + 0x8000))
                0x0003c3b0                PROVIDE (gp, _gp)
 *(.rwdata .rwdata.*)
 *(.sdata .sdata.* .gnu.linkonce.s.*)
 .sdata         0x000343b0        0x4 obj/default/lwip/src/core/dhcp.o
 .sdata         0x000343b4        0x8 obj/default/lwip/src/core/ipv4/ip_addr.o
                0x000343b4                ip_addr_any
                0x000343b8                ip_addr_broadcast
 .sdata         0x000343bc       0x10 obj/default/lwip/src/core/tcp.o
                0x000343bc                tcp_persist_backoff
 .sdata         0x000343cc        0xc obj/default/lwip/src/netif/etharp.o
                0x000343cc                ethbroadcast
                0x000343d2                ethzero
 .sdata         0x000343d8        0x8 c:/altera/13.1/nios2eds/bin/gnu/h-i686-mingw32/bin/../lib/gcc/nios2-elf/4.7.3/../../../../../H-i686-mingw32/nios2-elf/lib\libc.a(lib_a-impure.o)
                0x000343d8                _global_impure_ptr
                0x000343dc                _impure_ptr
 .sdata         0x000343e0        0x4 c:/altera/13.1/nios2eds/bin/gnu/h-i686-mingw32/bin/../lib/gcc/nios2-elf/4.7.3/../../../../../H-i686-mingw32/nios2-elf/lib\libc.a(lib_a-locale.o)
                0x000343e0                __mb_cur_max
 .sdata         0x000343e4        0x8 c:/altera/13.1/nios2eds/bin/gnu/h-i686-mingw32/bin/../lib/gcc/nios2-elf/4.7.3/../../../../../H-i686-mingw32/nios2-elf/lib\libc.a(lib_a-mallocr.o)
                0x000343e4                __malloc_sbrk_base
                0x000343e8                __malloc_trim_threshold
 .sdata         0x000343ec       0x14 ../lwIP_NIOS_II_Example_bsp\libhal_bsp.a(alt_dev.o)
                0x000343ec                alt_fs_list
                0x000343f4                alt_dev_list
                0x000343fc                alt_max_fd
 .sdata         0x00034400        0x4 ../lwIP_NIOS_II_Example_bsp\libhal_bsp.a(alt_errno.o)
                0x00034400                alt_errno
 .sdata         0x00034404        0x4 ../lwIP_NIOS_II_Example_bsp\libhal_bsp.a(alt_sbrk.o)
 .sdata         0x00034408        0x8 ../lwIP_NIOS_II_Example_bsp\libhal_bsp.a(alt_tick.o)
                0x00034408                alt_alarm_list
 .sdata         0x00034410        0x4 ../lwIP_NIOS_II_Example_bsp\libhal_bsp.a(altera_avalon_lcd_16207.o)
 .sdata         0x00034414        0x8 ../lwIP_NIOS_II_Example_bsp\libhal_bsp.a(altera_avalon_sgdma.o)
                0x00034414                alt_sgdma_list
 .sdata         0x0003441c        0x1 ../lwIP_NIOS_II_Example_bsp\libhal_bsp.a(altera_avalon_tse.o)
                0x0003441c                max_mac_system
 *fill*         0x0003441d        0x3 
 .sdata         0x00034420        0x8 ../lwIP_NIOS_II_Example_bsp\libhal_bsp.a(alt_flash_dev.o)
                0x00034420                alt_flash_dev_list
 .sdata         0x00034428        0x4 c:/altera/13.1/nios2eds/bin/gnu/h-i686-mingw32/bin/../lib/gcc/nios2-elf/4.7.3/../../../../../H-i686-mingw32/nios2-elf/lib\libc.a(lib_a-ctype_.o)
                0x00034428                __ctype_ptr
 *(.sdata2 .sdata2.* .gnu.linkonce.s2.*)
                0x0003442c                . = ALIGN (0x4)
                0x0003442c                _edata = ABSOLUTE (.)
                0x0003442c                PROVIDE (edata, ABSOLUTE (.))
                0x0003442c                PROVIDE (__ram_rwdata_end, ABSOLUTE (.))
                0x0003442c                PROVIDE (__flash_rwdata_start, LOADADDR (.rwdata))

.bss            0x000366d0     0xe1d0
                0x000366d0                __bss_start = ABSOLUTE (.)
                0x000366d0                PROVIDE (__sbss_start, ABSOLUTE (.))
                0x000366d0                PROVIDE (___sbss_start, ABSOLUTE (.))
 *(.dynsbss)
 *(.sbss .sbss.* .gnu.linkonce.sb.*)
 .sbss          0x000366d0        0x2 obj/default/lwip/src/core/ipv4/ip.o
 *fill*         0x000366d2        0x2 
 .sbss          0x000366d4        0x8 obj/default/lwip/src/core/ipv4/ip.o
                0x000366d4                current_netif
                0x000366d8                current_header
 .sbss          0x000366dc        0x8 obj/default/lwip/src/core/ipv4/ip_frag.o
 .sbss          0x000366e4       0x10 obj/default/lwip/src/core/mem.o
 .sbss          0x000366f4        0xc obj/default/lwip/src/core/netif.o
                0x000366f8                netif_list
                0x000366fc                netif_default
 .sbss          0x00036700        0x4 obj/default/lwip/src/core/raw.o
 .sbss          0x00036704       0x1c obj/default/lwip/src/core/tcp.o
                0x00036708                tcp_active_pcbs
                0x0003670c                tcp_ticks
                0x00036710                tcp_listen_pcbs
                0x00036714                tcp_tmp_pcb
                0x00036718                tcp_bound_pcbs
                0x0003671c                tcp_tw_pcbs
 .sbss          0x00036720       0x20 obj/default/lwip/src/core/tcp_in.o
                0x0003673c                tcp_input_pcb
 .sbss          0x00036740        0x4 obj/default/lwip/src/core/udp.o
                0x00036740                udp_pcbs
 .sbss          0x00036744        0x1 obj/default/lwip/src/netif/etharp.o
 *fill*         0x00036745        0x3 
 .sbss          0x00036748       0x14 obj/default/main.o
                0x00036758                lwipStaticIp
 .sbss          0x0003675c        0xc c:/altera/13.1/nios2eds/bin/gnu/h-i686-mingw32/bin/../lib/gcc/nios2-elf/4.7.3/../../../../../H-i686-mingw32/nios2-elf/lib\libc.a(lib_a-locale.o)
                0x0003675c                _PathLocale
                0x00036760                __mlocale_changed
                0x00036764                __nlocale_changed
 .sbss          0x00036768        0xc c:/altera/13.1/nios2eds/bin/gnu/h-i686-mingw32/bin/../lib/gcc/nios2-elf/4.7.3/../../../../../H-i686-mingw32/nios2-elf/lib\libc.a(lib_a-mallocr.o)
                0x00036768                __malloc_max_total_mem
                0x0003676c                __malloc_max_sbrked_mem
                0x00036770                __malloc_top_pad
 .sbss          0x00036774        0x4 c:/altera/13.1/nios2eds/bin/gnu/h-i686-mingw32/bin/../lib/gcc/nios2-elf/4.7.3/../../../../../H-i686-mingw32/nios2-elf/lib\libc.a(lib_a-int_errno.o)
                0x00036774                errno
 .sbss          0x00036778        0xc ../lwIP_NIOS_II_Example_bsp\libhal_bsp.a(alt_main.o)
                0x00036778                alt_argc
                0x0003677c                alt_argv
                0x00036780                alt_envp
 .sbss          0x00036784        0x8 ../lwIP_NIOS_II_Example_bsp\libhal_bsp.a(alt_tick.o)
                0x00036784                _alt_tick_rate
                0x00036788                _alt_nticks
 .sbss          0x0003678c        0x4 ../lwIP_NIOS_II_Example_bsp\libhal_bsp.a(altera_avalon_tse.o)
                0x0003678c                phy_profile_count
                0x0003678d                mac_group_count
 .sbss          0x00036790        0x4 ../lwIP_NIOS_II_Example_bsp\libhal_bsp.a(altera_vic_irq_init.o)
                0x00036790                alt_vic_dev_list
 *(.sbss2 .sbss2.* .gnu.linkonce.sb2.*)
 *(.scommon)
                0x00036794                PROVIDE (__sbss_end, ABSOLUTE (.))
                0x00036794                PROVIDE (___sbss_end, ABSOLUTE (.))
 *(.dynbss)
 *(.bss .bss.* .gnu.linkonce.b.*)
 .bss           0x00036794        0x0 ../lwIP_NIOS_II_Example_bsp/obj/HAL/src/crt0.o
 .bss           0x00036794        0x0 obj/default/drivers/alteraTseEthernetif.o
 .bss           0x00036794        0x0 obj/default/drivers/fs.o
 .bss           0x00036794        0x0 obj/default/drivers/fsdata.o
 .bss           0x00036794        0x0 obj/default/drivers/httpd.o
 .bss           0x00036794        0x0 obj/default/drivers/lwip_tse_mac.o
 .bss           0x00036794        0x0 obj/default/drivers/tse_my_system.o
 .bss           0x00036794        0x0 obj/default/lwip/src/api/api_lib.o
 .bss           0x00036794        0x0 obj/default/lwip/src/api/api_msg.o
 .bss           0x00036794        0x0 obj/default/lwip/src/api/err.o
 .bss           0x00036794        0x0 obj/default/lwip/src/api/netbuf.o
 .bss           0x00036794        0x0 obj/default/lwip/src/api/netdb.o
 .bss           0x00036794        0x0 obj/default/lwip/src/api/netifapi.o
 .bss           0x00036794        0x0 obj/default/lwip/src/api/sockets.o
 .bss           0x00036794        0x0 obj/default/lwip/src/api/tcpip.o
 .bss           0x00036794        0x0 obj/default/lwip/src/core/dhcp.o
 .bss           0x00036794        0x0 obj/default/lwip/src/core/dns.o
 .bss           0x00036794        0x0 obj/default/lwip/src/core/init.o
 .bss           0x00036794        0x0 obj/default/lwip/src/core/ipv4/autoip.o
 .bss           0x00036794        0x0 obj/default/lwip/src/core/ipv4/icmp.o
 .bss           0x00036794        0x0 obj/default/lwip/src/core/ipv4/igmp.o
 .bss           0x00036794       0x10 obj/default/lwip/src/core/ipv4/inet.o
 .bss           0x000367a4        0x0 obj/default/lwip/src/core/ipv4/inet_chksum.o
 .bss           0x000367a4        0x0 obj/default/lwip/src/core/ipv4/ip.o
 .bss           0x000367a4        0x0 obj/default/lwip/src/core/ipv4/ip_addr.o
 .bss           0x000367a4      0x5e0 obj/default/lwip/src/core/ipv4/ip_frag.o
 .bss           0x00036d84      0x654 obj/default/lwip/src/core/mem.o
 .bss           0x000373d8     0xcf40 obj/default/lwip/src/core/memp.o
 .bss           0x00044318        0x0 obj/default/lwip/src/core/netif.o
 .bss           0x00044318        0x0 obj/default/lwip/src/core/pbuf.o
 .bss           0x00044318        0x0 obj/default/lwip/src/core/raw.o
 .bss           0x00044318        0x0 obj/default/lwip/src/core/snmp/asn1_dec.o
 .bss           0x00044318        0x0 obj/default/lwip/src/core/snmp/asn1_enc.o
 .bss           0x00044318        0x0 obj/default/lwip/src/core/snmp/mib2.o
 .bss           0x00044318        0x0 obj/default/lwip/src/core/snmp/mib_structs.o
 .bss           0x00044318        0x0 obj/default/lwip/src/core/snmp/msg_in.o
 .bss           0x00044318        0x0 obj/default/lwip/src/core/snmp/msg_out.o
 .bss           0x00044318        0x0 obj/default/lwip/src/core/stats.o
 .bss           0x00044318        0x0 obj/default/lwip/src/core/sys.o
 .bss           0x00044318        0x0 obj/default/lwip/src/core/tcp.o
 .bss           0x00044318       0x14 obj/default/lwip/src/core/tcp_in.o
 .bss           0x0004432c        0x0 obj/default/lwip/src/core/tcp_out.o
 .bss           0x0004432c        0x0 obj/default/lwip/src/core/udp.o
 .bss           0x0004432c      0x118 obj/default/lwip/src/netif/etharp.o
 .bss           0x00044444        0x0 obj/default/lwip/src/netif/ethernetif.o
 .bss           0x00044444        0x0 obj/default/lwip/src/netif/loopif.o
 .bss           0x00044444        0x0 obj/default/lwip/src/netif/ppp/auth.o
 .bss           0x00044444        0x0 obj/default/lwip/src/netif/ppp/chap.o
 .bss           0x00044444        0x0 obj/default/lwip/src/netif/ppp/chpms.o
 .bss           0x00044444        0x0 obj/default/lwip/src/netif/ppp/fsm.o
 .bss           0x00044444        0x0 obj/default/lwip/src/netif/ppp/ipcp.o
 .bss           0x00044444        0x0 obj/default/lwip/src/netif/ppp/lcp.o
 .bss           0x00044444        0x0 obj/default/lwip/src/netif/ppp/magic.o
 .bss           0x00044444        0x0 obj/default/lwip/src/netif/ppp/md5.o
 .bss           0x00044444        0x0 obj/default/lwip/src/netif/ppp/pap.o
 .bss           0x00044444        0x0 obj/default/lwip/src/netif/ppp/ppp.o
 .bss           0x00044444        0x0 obj/default/lwip/src/netif/ppp/ppp_oe.o
 .bss           0x00044444        0x0 obj/default/lwip/src/netif/ppp/randm.o
 .bss           0x00044444        0x0 obj/default/lwip/src/netif/ppp/vj.o
 .bss           0x00044444        0x0 obj/default/lwip/src/netif/slipif.o
 .bss           0x00044444       0x18 obj/default/main.o
 .bss           0x0004445c        0x0 c:/altera/13.1/nios2eds/bin/gnu/h-i686-mingw32/bin/../lib/gcc/nios2-elf/4.7.3/../../../../../H-i686-mingw32/nios2-elf/lib\libc.a(lib_a-impure.o)