Archive member included because of file (symbol)

c:/altera/13.1/nios2eds/bin/gnu/h-i686-mingw32/bin/../lib/gcc/nios2-elf/4.7.3/../../../../../H-i686-mingw32/nios2-elf/lib\libc.a(lib_a-impure.o)
                              obj/default/main.o (_impure_ptr)
c:/altera/13.1/nios2eds/bin/gnu/h-i686-mingw32/bin/../lib/gcc/nios2-elf/4.7.3/../../../../../H-i686-mingw32/nios2-elf/lib\libc.a(lib_a-memcmp.o)
                              obj/default/lwip/src/netif/etharp.o (memcmp)
c:/altera/13.1/nios2eds/bin/gnu/h-i686-mingw32/bin/../lib/gcc/nios2-elf/4.7.3/../../../../../H-i686-mingw32/nios2-elf/lib\libc.a(lib_a-memcpy.o)
                              obj/default/drivers/lwip_tse_mac.o (memcpy)
c:/altera/13.1/nios2eds/bin/gnu/h-i686-mingw32/bin/../lib/gcc/nios2-elf/4.7.3/../../../../../H-i686-mingw32/nios2-elf/lib\libc.a(lib_a-memset.o)
                              obj/default/lwip/src/core/dhcp.o (memset)
c:/altera/13.1/nios2eds/bin/gnu/h-i686-mingw32/bin/../lib/gcc/nios2-elf/4.7.3/../../../../../H-i686-mingw32/nios2-elf/lib\libc.a(lib_a-printf.o)
                              obj/default/drivers/alteraTseEthernetif.o (printf)
c:/altera/13.1/nios2eds/bin/gnu/h-i686-mingw32/bin/../lib/gcc/nios2-elf/4.7.3/../../../../../H-i686-mingw32/nios2-elf/lib\libc.a(lib_a-putc.o)
                              obj/default/main.o (putc)
c:/altera/13.1/nios2eds/bin/gnu/h-i686-mingw32/bin/../lib/gcc/nios2-elf/4.7.3/../../../../../H-i686-mingw32/nios2-elf/lib\libc.a(lib_a-puts.o)
                              obj/default/drivers/httpd.o (puts)
c:/altera/13.1/nios2eds/bin/gnu/h-i686-mingw32/bin/../lib/gcc/nios2-elf/4.7.3/../../../../../H-i686-mingw32/nios2-elf/lib\libc.a(lib_a-strcmp.o)
                              obj/default/drivers/fs.o (strcmp)
c:/altera/13.1/nios2eds/bin/gnu/h-i686-mingw32/bin/../lib/gcc/nios2-elf/4.7.3/../../../../../H-i686-mingw32/nios2-elf/lib\libc.a(lib_a-strlen.o)
                              obj/default/lwip/src/core/pbuf.o (strlen)
c:/altera/13.1/nios2eds/bin/gnu/h-i686-mingw32/bin/../lib/gcc/nios2-elf/4.7.3/../../../../../H-i686-mingw32/nios2-elf/lib\libc.a(lib_a-strncmp.o)
                              obj/default/drivers/httpd.o (strncmp)
c:/altera/13.1/nios2eds/bin/gnu/h-i686-mingw32/bin/../lib/gcc/nios2-elf/4.7.3/../../../../../H-i686-mingw32/nios2-elf/lib\libc.a(lib_a-vfprintf.o)
                              c:/altera/13.1/nios2eds/bin/gnu/h-i686-mingw32/bin/../lib/gcc/nios2-elf/4.7.3/../../../../../H-i686-mingw32/nios2-elf/lib\libc.a(lib_a-printf.o) (___vfprintf_internal_r)
c:/altera/13.1/nios2eds/bin/gnu/h-i686-mingw32/bin/../lib/gcc/nios2-elf/4.7.3/../../../../../H-i686-mingw32/nios2-elf/lib\libc.a(lib_a-wbuf.o)
                              c:/altera/13.1/nios2eds/bin/gnu/h-i686-mingw32/bin/../lib/gcc/nios2-elf/4.7.3/../../../../../H-i686-mingw32/nios2-elf/lib\libc.a(lib_a-putc.o) (__swbuf_r)
c:/altera/13.1/nios2eds/bin/gnu/h-i686-mingw32/bin/../lib/gcc/nios2-elf/4.7.3/../../../../../H-i686-mingw32/nios2-elf/lib\libc.a(lib_a-wsetup.o)
                              c:/altera/13.1/nios2eds/bin/gnu/h-i686-mingw32/bin/../lib/gcc/nios2-elf/4.7.3/../../../../../H-i686-mingw32/nios2-elf/lib\libc.a(lib_a-vfprintf.o) (__swsetup_r)
c:/altera/13.1/nios2eds/bin/gnu/h-i686-mingw32/bin/../lib/gcc/nios2-elf/4.7.3/../../../../../H-i686-mingw32/nios2-elf/lib\libc.a(lib_a-dtoa.o)
                              c:/altera/13.1/nios2eds/bin/gnu/h-i686-mingw32/bin/../lib/gcc/nios2-elf/4.7.3/../../../../../H-i686-mingw32/nios2-elf/lib\libc.a(lib_a-vfprintf.o) (_dtoa_r)
c:/altera/13.1/nios2eds/bin/gnu/h-i686-mingw32/bin/../lib/gcc/nios2-elf/4.7.3/../../../../../H-i686-mingw32/nios2-elf/lib\libc.a(lib_a-fflush.o)
                              c:/altera/13.1/nios2eds/bin/gnu/h-i686-mingw32/bin/../lib/gcc/nios2-elf/4.7.3/../../../../../H-i686-mingw32/nios2-elf/lib\libc.a(lib_a-vfprintf.o) (_fflush_r)
c:/altera/13.1/nios2eds/bin/gnu/h-i686-mingw32/bin/../lib/gcc/nios2-elf/4.7.3/../../../../../H-i686-mingw32/nios2-elf/lib\libc.a(lib_a-findfp.o)
                              c:/altera/13.1/nios2eds/bin/gnu/h-i686-mingw32/bin/../lib/gcc/nios2-elf/4.7.3/../../../../../H-i686-mingw32/nios2-elf/lib\libc.a(lib_a-putc.o) (__sinit)
c:/altera/13.1/nios2eds/bin/gnu/h-i686-mingw32/bin/../lib/gcc/nios2-elf/4.7.3/../../../../../H-i686-mingw32/nios2-elf/lib\libc.a(lib_a-freer.o)
                              c:/altera/13.1/nios2eds/bin/gnu/h-i686-mingw32/bin/../lib/gcc/nios2-elf/4.7.3/../../../../../H-i686-mingw32/nios2-elf/lib\libc.a(lib_a-wsetup.o) (_free_r)
c:/altera/13.1/nios2eds/bin/gnu/h-i686-mingw32/bin/../lib/gcc/nios2-elf/4.7.3/../../../../../H-i686-mingw32/nios2-elf/lib\libc.a(lib_a-fvwrite.o)
                              c:/altera/13.1/nios2eds/bin/gnu/h-i686-mingw32/bin/../lib/gcc/nios2-elf/4.7.3/../../../../../H-i686-mingw32/nios2-elf/lib\libc.a(lib_a-puts.o) (__sfvwrite_r)
[...]
Memory Configuration

Name             Origin             Length             Attributes
sdram_BEFORE_EXCEPTION 0x00000000         0x00000020
sdram            0x00000020         0x01ffffe0
descriptor_memory 0x02001000         0x00001000
ext_flash        0x04000000         0x00800000
reset            0x05000000         0x00000020
sram             0x05000020         0x001fffe0
onchip_memory2   0x0a000000         0x00020000
*default*        0x00000000         0xffffffff

Linker script and memory map

LOAD ../lwIP_NIOS_II_Example_bsp/obj/HAL/src/crt0.o
LOAD obj/default/drivers/alteraTseEthernetif.o
LOAD obj/default/drivers/fs.o
LOAD obj/default/drivers/fsdata.o
LOAD obj/default/drivers/httpd.o
LOAD obj/default/drivers/lwip_tse_mac.o
LOAD obj/default/drivers/tse_my_system.o
LOAD obj/default/lwip/src/api/api_lib.o
LOAD obj/default/lwip/src/api/api_msg.o
LOAD obj/default/lwip/src/api/err.o
LOAD obj/default/lwip/src/api/netbuf.o
LOAD obj/default/lwip/src/api/netdb.o
LOAD obj/default/lwip/src/api/netifapi.o
LOAD obj/default/lwip/src/api/sockets.o
LOAD obj/default/lwip/src/api/tcpip.o
LOAD obj/default/lwip/src/core/def.o
LOAD obj/default/lwip/src/core/dhcp.o
LOAD obj/default/lwip/src/core/dns.o
LOAD obj/default/lwip/src/core/init.o
LOAD obj/default/lwip/src/core/ipv4/autoip.o
LOAD obj/default/lwip/src/core/ipv4/icmp.o
LOAD obj/default/lwip/src/core/ipv4/igmp.o
LOAD obj/default/lwip/src/core/ipv4/inet.o
LOAD obj/default/lwip/src/core/ipv4/inet_chksum.o
LOAD obj/default/lwip/src/core/ipv4/ip.o
LOAD obj/default/lwip/src/core/ipv4/ip_addr.o
LOAD obj/default/lwip/src/core/ipv4/ip_frag.o
LOAD obj/default/lwip/src/core/mem.o
LOAD obj/default/lwip/src/core/memp.o
LOAD obj/default/lwip/src/core/netif.o
LOAD obj/default/lwip/src/core/pbuf.o
LOAD obj/default/lwip/src/core/raw.o
LOAD obj/default/lwip/src/core/snmp/asn1_dec.o
LOAD obj/default/lwip/src/core/snmp/asn1_enc.o
LOAD obj/default/lwip/src/core/snmp/mib2.o
LOAD obj/default/lwip/src/core/snmp/mib_structs.o
LOAD obj/default/lwip/src/core/snmp/msg_in.o
LOAD obj/default/lwip/src/core/snmp/msg_out.o
LOAD obj/default/lwip/src/core/stats.o
LOAD obj/default/lwip/src/core/sys.o
LOAD obj/default/lwip/src/core/tcp.o
LOAD obj/default/lwip/src/core/tcp_in.o
LOAD obj/default/lwip/src/core/tcp_out.o
LOAD obj/default/lwip/src/core/timers.o
LOAD obj/default/lwip/src/core/udp.o
LOAD obj/default/lwip/src/netif/etharp.o
LOAD obj/default/lwip/src/netif/ethernetif.o
LOAD obj/default/lwip/src/netif/ppp/auth.o
LOAD obj/default/lwip/src/netif/ppp/chap.o
LOAD obj/default/lwip/src/netif/ppp/chpms.o
LOAD obj/default/lwip/src/netif/ppp/fsm.o
LOAD obj/default/lwip/src/netif/ppp/ipcp.o
LOAD obj/default/lwip/src/netif/ppp/lcp.o
LOAD obj/default/lwip/src/netif/ppp/magic.o
LOAD obj/default/lwip/src/netif/ppp/md5.o
LOAD obj/default/lwip/src/netif/ppp/pap.o
LOAD obj/default/lwip/src/netif/ppp/ppp.o
LOAD obj/default/lwip/src/netif/ppp/ppp_oe.o
LOAD obj/default/lwip/src/netif/ppp/randm.o
LOAD obj/default/lwip/src/netif/ppp/vj.o
LOAD obj/default/lwip/src/netif/slipif.o
LOAD obj/default/main.o
LOAD c:/altera/13.1/nios2eds/bin/gnu/h-i686-mingw32/bin/../lib/gcc/nios2-elf/4.7.3/../../../../../H-i686-mingw32/nios2-elf/lib\libstdc++.a
LOAD c:/altera/13.1/nios2eds/bin/gnu/h-i686-mingw32/bin/../lib/gcc/nios2-elf/4.7.3/../../../../../H-i686-mingw32/nios2-elf/lib\libm.a
LOAD c:/altera/13.1/nios2eds/bin/gnu/h-i686-mingw32/bin/../lib/gcc/nios2-elf/4.7.3\libgcc.a
START GROUP
LOAD c:/altera/13.1/nios2eds/bin/gnu/h-i686-mingw32/bin/../lib/gcc/nios2-elf/4.7.3/../../../../../H-i686-mingw32/nios2-elf/lib\libc.a
LOAD c:/altera/13.1/nios2eds/bin/gnu/h-i686-mingw32/bin/../lib/gcc/nios2-elf/4.7.3\libgcc.a
LOAD ../lwIP_NIOS_II_Example_bsp\libhal_bsp.a
END GROUP
LOAD c:/altera/13.1/nios2eds/bin/gnu/h-i686-mingw32/bin/../lib/gcc/nios2-elf/4.7.3\libgcc.a
                0x00000000                __alt_mem_sdram = 0x0
                0x02001000                __alt_mem_descriptor_memory = 0x2001000
                0x04000000                __alt_mem_ext_flash = 0x4000000
                0x05000000                __alt_mem_sram = 0x5000000
                0x0a000000                __alt_mem_onchip_memory2 = 0xa000000

.entry          0x05000000       0x20
 *(.entry)
 .entry         0x05000000       0x20 ../lwIP_NIOS_II_Example_bsp/obj/HAL/src/crt0.o
                0x05000000                __reset

.exceptions     0x00000020        0x0
                0x00000020                PROVIDE (__ram_exceptions_start, ABSOLUTE (.))
                0x00000020                . = ALIGN (0x20)
 *(.irq)
 *(.exceptions.entry.label)
 *(.exceptions.entry.user)
 *(.exceptions.entry.ecc_fatal)
 *(.exceptions.entry)
 *(.exceptions.irqtest.user)
 *(.exceptions.irqtest)
 *(.exceptions.irqhandler.user)
 *(.exceptions.irqhandler)
 *(.exceptions.irqreturn.user)
 *(.exceptions.irqreturn)
 *(.exceptions.notirq.label)
 *(.exceptions.notirq.user)
 *(.exceptions.notirq)
 *(.exceptions.soft.user)
 *(.exceptions.soft)
 *(.exceptions.unknown.user)
 *(.exceptions.unknown)
 *(.exceptions.exit.label)
 *(.exceptions.exit.user)
 *(.exceptions.exit)
 *(.exceptions)
                0x00000020                PROVIDE (__ram_exceptions_end, ABSOLUTE (.))
                0x00000020                PROVIDE (__flash_exceptions_start, LOADADDR (.exceptions))

.text           0x00000020    0x2da48
                0x00000020                PROVIDE (stext, ABSOLUTE (.))
 *(.interp)
 *(.hash)
 *(.dynsym)
 *(.dynstr)
 *(.gnu.version)
 *(.gnu.version_d)
 *(.gnu.version_r)
 *(.rel.init)
 *(.rela.init)
 *(.rel.text .rel.text.* .rel.gnu.linkonce.t.*)
 *(.rela.text .rela.text.* .rela.gnu.linkonce.t.*)
 *(.rel.fini)
 *(.rela.fini)
 *(.rel.rodata .rel.rodata.* .rel.gnu.linkonce.r.*)
 *(.rela.rodata .rela.rodata.* .rela.gnu.linkonce.r.*)
 *(.rel.data .rel.data.* .rel.gnu.linkonce.d.*)
 *(.rela.data .rela.data.* .rela.gnu.linkonce.d.*)
 *(.rel.tdata .rel.tdata.* .rel.gnu.linkonce.td.*)
 *(.rela.tdata .rela.tdata.* .rela.gnu.linkonce.td.*)
 *(.rel.tbss .rel.tbss.* .rel.gnu.linkonce.tb.*)
 *(.rela.tbss .rela.tbss.* .rela.gnu.linkonce.tb.*)
 *(.rel.ctors)
 *(.rela.ctors)
 *(.rel.dtors)
 *(.rela.dtors)
 *(.rel.got)
 *(.rela.got)
 *(.rel.sdata .rel.sdata.* .rel.gnu.linkonce.s.*)
 *(.rela.sdata .rela.sdata.* .rela.gnu.linkonce.s.*)
 *(.rel.sbss .rel.sbss.* .rel.gnu.linkonce.sb.*)
 *(.rela.sbss .rela.sbss.* .rela.gnu.linkonce.sb.*)
 *(.rel.sdata2 .rel.sdata2.* .rel.gnu.linkonce.s2.*)
 *(.rela.sdata2 .rela.sdata2.* .rela.gnu.linkonce.s2.*)
 *(.rel.sbss2 .rel.sbss2.* .rel.gnu.linkonce.sb2.*)
 *(.rela.sbss2 .rela.sbss2.* .rela.gnu.linkonce.sb2.*)
 *(.rel.bss .rel.bss.* .rel.gnu.linkonce.b.*)
 *(.rela.bss .rela.bss.* .rela.gnu.linkonce.b.*)
 *(.rel.plt)
 *(.rela.plt)
 *(.rel.dyn)
 *(.init)
 *(.plt)
 *(.text .stub .text.* .gnu.linkonce.t.*)
 .text          0x00000020       0x7c ../lwIP_NIOS_II_Example_bsp/obj/HAL/src/crt0.o
                0x00000020                _start
 .text          0x0000009c      0x4f4 obj/default/drivers/alteraTseEthernetif.o
                0x00000334                ethernetif_input
                0x00000418                ethernetif_init
 .text          0x00000590       0x94 obj/default/drivers/fs.o
                0x00000590                fs_open
 .text          0x00000624        0x0 obj/default/drivers/fsdata.o
 .text          0x00000624      0x680 obj/default/drivers/httpd.o
                0x00000c38                httpd_init
 .text          0x00000ca4      0xcc8 obj/default/drivers/lwip_tse_mac.o
                0x00000ca4                tse_mac_init
                0x0000150c                tse_sgdma_read_init
                0x000015c4                tse_sgdmaRx_isr
                0x00001658                tse_mac_raw_send
                0x000017c8                tse_mac_rcv
 .text          0x0000196c        0x0 obj/default/drivers/tse_my_system.o
 .text          0x0000196c        0x0 obj/default/lwip/src/api/api_lib.o
 .text          0x0000196c        0x0 obj/default/lwip/src/api/api_msg.o
 .text          0x0000196c        0x0 obj/default/lwip/src/api/err.o
 .text          0x0000196c        0x0 obj/default/lwip/src/api/netbuf.o
 .text          0x0000196c        0x0 obj/default/lwip/src/api/netdb.o
 .text          0x0000196c        0x0 obj/default/lwip/src/api/netifapi.o
 .text          0x0000196c        0x0 obj/default/lwip/src/api/sockets.o
 .text          0x0000196c        0x0 obj/default/lwip/src/api/tcpip.o
 .text          0x0000196c        0x0 obj/default/lwip/src/core/def.o
 .text          0x0000196c     0x3440 obj/default/lwip/src/core/dhcp.o
                0x00001da8                dhcp_coarse_tmr
                0x00001e5c                dhcp_fine_tmr
                0x00002398                dhcp_set_struct
                0x00002468                dhcp_cleanup
                0x000024e0                dhcp_start
                0x00002728                dhcp_inform
                0x000028d4                dhcp_network_changed
                0x0000297c                dhcp_arp_reply
                0x00002f9c                dhcp_renew
                0x000033e0                dhcp_release
                0x00003588                dhcp_stop
 .text          0x00004dac        0x0 obj/default/lwip/src/core/dns.o
 .text          0x00004dac       0x3c obj/default/lwip/src/core/init.o
                0x00004dac                lwip_init
 .text          0x00004de8        0x0 obj/default/lwip/src/core/ipv4/autoip.o
 .text          0x00004de8      0x770 obj/default/lwip/src/core/ipv4/icmp.o
                0x00004de8                icmp_input
                0x00005354                icmp_dest_unreach
                0x00005398                icmp_time_exceeded
 .text          0x00005558        0x0 obj/default/lwip/src/core/ipv4/igmp.o
 .text          0x00005558        0x0 obj/default/lwip/src/core/ipv4/inet.o
 .text          0x00005558      0x6f4 obj/default/lwip/src/core/ipv4/inet_chksum.o
                0x000056a4                inet_chksum_pseudo
                0x0000589c                inet_chksum_pseudo_partial
                0x00005afc                inet_chksum
                0x00005b40                inet_chksum_pbuf
 .text          0x00005c4c      0xb48 obj/default/lwip/src/core/ipv4/ip.o
                0x00005c4c                ip_route
                0x00005d34                ip_input
                0x00006240                ip_output_if
                0x000066a8                ip_output
 .text          0x00006794      0x7e4 obj/default/lwip/src/core/ipv4/ip_addr.o
                0x00006794                ip4_addr_isbroadcast
                0x00006860                ip4_addr_netmask_valid
                0x00006924                ipaddr_addr
                0x00006968                ipaddr_aton
                0x00006d8c                ipaddr_ntoa
                0x00006dc8                ipaddr_ntoa_r
 .text          0x00006f78     0x12d8 obj/default/lwip/src/core/ipv4/ip_frag.o
                0x00006f78                ip_reass_tmr
                0x00007a94                ip_reass
                0x00007f4c                ip_frag
 .text          0x00008250      0xbd8 obj/default/lwip/src/core/mem.o
                0x00008448                mem_init
                0x000084e8                mem_free
                0x00008668                mem_trim
                0x000089b8                mem_malloc
                0x00008db0                mem_calloc
 .text          0x00008e28      0x490 obj/default/lwip/src/core/memp.o
                0x00008e28                memp_init
                0x00008fe4                memp_malloc
                0x000091c0                memp_free
 .text          0x000092b8      0x70c obj/default/lwip/src/core/netif.o
                0x000092b8                netif_init
                0x000092d4                netif_add
                0x000093d8                netif_set_addr
                0x00009430                netif_remove
                0x00009508                netif_find
                0x000095e8                netif_set_ipaddr
                0x0000971c                netif_set_gw
                0x00009760                netif_set_netmask
                0x000097a4                netif_set_default
                0x000097cc                netif_set_up
                0x0000985c                netif_set_down
                0x000098d0                netif_set_link_up
                0x00009974                netif_set_link_down
 .text          0x000099c4     0x1974 obj/default/lwip/src/core/pbuf.o
                0x000099c4                pbuf_free_ooseq
                0x00009a60                pbuf_alloc
                0x00009fa4                pbuf_realloc
                0x0000a228                pbuf_header
                0x0000a420                pbuf_free
                0x0000a5ec                pbuf_clen
                0x0000a638                pbuf_ref
                0x0000a678                pbuf_cat
                0x0000a7b8                pbuf_chain
                0x0000a7f8                pbuf_dechain
                0x0000a924                pbuf_copy
                0x0000abf0                pbuf_copy_partial
                0x0000ad8c                pbuf_take
                0x0000af44                pbuf_coalesce
                0x0000affc                pbuf_get_at
                0x0000b0ac                pbuf_memcmp
                0x0000b1cc                pbuf_memfind
                0x0000b294                pbuf_strstr
 .text          0x0000b338      0x4f0 obj/default/lwip/src/core/raw.o
                0x0000b338                raw_input
                0x0000b470                raw_bind
                0x0000b4b8                raw_connect
                0x0000b500                raw_recv
                0x0000b540                raw_sendto
                0x0000b6c8                raw_send
                0x0000b70c                raw_remove
                0x0000b7a8                raw_new
 .text          0x0000b828        0x0 obj/default/lwip/src/core/snmp/asn1_dec.o
 .text          0x0000b828        0x0 obj/default/lwip/src/core/snmp/asn1_enc.o
 .text          0x0000b828        0x0 obj/default/lwip/src/core/snmp/mib2.o
 .text          0x0000b828        0x0 obj/default/lwip/src/core/snmp/mib_structs.o
 .text          0x0000b828        0x0 obj/default/lwip/src/core/snmp/msg_in.o
 .text          0x0000b828        0x0 obj/default/lwip/src/core/snmp/msg_out.o
 .text          0x0000b828       0x1c obj/default/lwip/src/core/stats.o
                0x0000b828                stats_init
 .text          0x0000b844        0x0 obj/default/lwip/src/core/sys.o
 .text          0x0000b844     0x2634 obj/default/lwip/src/core/tcp.o
                0x0000b844                tcp_init
                0x0000b860                tcp_tmr
                0x0000bc38                tcp_close
                0x0000bc94                tcp_shutdown
                0x0000bd84                tcp_abandon
                0x0000bf14                tcp_abort
                0x0000bf48                tcp_bind
                0x0000c104                tcp_listen_with_backlog
                0x0000c2dc                tcp_update_rcv_ann_wnd
                0x0000c404                tcp_recved
                0x0000c604                tcp_connect
                0x0000c8b0                tcp_slowtmr
                0x0000d15c                tcp_fasttmr
                0x0000d254                tcp_process_refused_data
                0x0000d3a4                tcp_segs_free
                0x0000d3f4                tcp_seg_free
                0x0000d44c                tcp_setprio
                0x0000d480                tcp_seg_copy
                0x0000d4e8                tcp_recv_null
                0x0000d6c8                tcp_alloc
                0x0000d8b4                tcp_new
                0x0000d8e0                tcp_arg
                0x0000d910                tcp_recv
                0x0000d97c                tcp_sent
                0x0000d9e8                tcp_err
                0x0000da54                tcp_accept
                0x0000da84                tcp_poll
                0x0000db04                tcp_pcb_purge
                0x0000dbe0                tcp_pcb_remove
                0x0000dd88                tcp_next_iss
                0x0000ddb8                tcp_eff_send_mss
                0x0000de3c                tcp_debug_state_str
 .text          0x0000de78     0x3ec0 obj/default/lwip/src/core/tcp_in.o
                0x0000de78                tcp_input
 .text          0x00011d38     0x2c8c obj/default/lwip/src/core/tcp_out.o
                0x00011f8c                tcp_send_fin
                0x000125dc                tcp_write
                0x00012efc                tcp_enqueue_flags
                0x00013318                tcp_send_empty_ack
                0x00013460                tcp_output
                0x00014054                tcp_rst
                0x000142a4                tcp_rexmit_rto
                0x00014358                tcp_rexmit
                0x00014540                tcp_rexmit_fast
                0x00014664                tcp_keepalive
                0x000147a8                tcp_zero_window_probe
 .text          0x000149c4       0x1c obj/default/lwip/src/core/timers.o
                0x000149c4                tcp_timer_needed
 .text          0x000149e0      0xe68 obj/default/lwip/src/core/udp.o
                0x000149e0                udp_init
                0x00014aa8                udp_input
                0x0001508c                udp_send
                0x000150e0                udp_sendto
                0x00015174                udp_sendto_if
                0x00015460                udp_bind
                0x000155c0                udp_connect
                0x000156c8                udp_disconnect
                0x00015714                udp_recv
                0x00015754                udp_remove
                0x000157f0                udp_new
 .text          0x00015848     0x1e8c obj/default/lwip/src/netif/etharp.o
                0x000159cc                etharp_tmr
                0x00016264                etharp_cleanup_netif
                0x00016304                etharp_find_addr
                0x000169bc                etharp_output
                0x00016cfc                etharp_query
                0x000173f8                etharp_request
                0x0001746c                ethernet_input
 .text          0x000176d4        0x0 obj/default/lwip/src/netif/ethernetif.o
 .text          0x000176d4        0x0 obj/default/lwip/src/netif/ppp/auth.o
 .text          0x000176d4        0x0 obj/default/lwip/src/netif/ppp/chap.o
 .text          0x000176d4        0x0 obj/default/lwip/src/netif/ppp/chpms.o
 .text          0x000176d4        0x0 obj/default/lwip/src/netif/ppp/fsm.o
 .text          0x000176d4        0x0 obj/default/lwip/src/netif/ppp/ipcp.o
 .text          0x000176d4        0x0 obj/default/lwip/src/netif/ppp/lcp.o
 .text          0x000176d4        0x0 obj/default/lwip/src/netif/ppp/magic.o
 .text          0x000176d4        0x0 obj/default/lwip/src/netif/ppp/md5.o
 .text          0x000176d4        0x0 obj/default/lwip/src/netif/ppp/pap.o
 .text          0x000176d4        0x0 obj/default/lwip/src/netif/ppp/ppp.o
 .text          0x000176d4        0x0 obj/default/lwip/src/netif/ppp/ppp_oe.o
 .text          0x000176d4        0x0 obj/default/lwip/src/netif/ppp/randm.o
 .text          0x000176d4        0x0 obj/default/lwip/src/netif/ppp/vj.o
 .text          0x000176d4        0x0 obj/default/lwip/src/netif/slipif.o
 .text          0x000176d4      0x2f4 obj/default/main.o
                0x000176d4                lwipAlarmCallback
                0x00017700                main
                0x00017904                lwipProcessTimers
 .text          0x000179c8        0x0 c:/altera/13.1/nios2eds/bin/gnu/h-i686-mingw32/bin/../lib/gcc/nios2-elf/4.7.3/../../../../../H-i686-mingw32/nios2-elf/lib\libc.a(lib_a-impure.o)
 .text          0x000179c8       0x7c c:/altera/13.1/nios2eds/bin/gnu/h-i686-mingw32/bin/../lib/gcc/nios2-elf/4.7.3/../../../../../H-i686-mingw32/nios2-elf/lib\libc.a(lib_a-memcmp.o)
                0x000179c8                memcmp
 .text          0x00017a44       0xf8 c:/altera/13.1/nios2eds/bin/gnu/h-i686-mingw32/bin/../lib/gcc/nios2-elf/4.7.3/../../../../../H-i686-mingw32/nios2-elf/lib\libc.a(lib_a-memcpy.o)
                0x00017a44                memcpy
 .text          0x00017b3c       0xdc c:/altera/13.1/nios2eds/bin/gnu/h-i686-mingw32/bin/../lib/gcc/nios2-elf/4.7.3/../../../../../H-i686-mingw32/nios2-elf/lib\libc.a(lib_a-memset.o)
                0x00017b3c                memset
 .text          0x00017c18       0x68 c:/altera/13.1/nios2eds/bin/gnu/h-i686-mingw32/bin/../lib/gcc/nios2-elf/4.7.3/../../../../../H-i686-mingw32/nios2-elf/lib\libc.a(lib_a-printf.o)
                0x00017c18                _printf_r
                0x00017c44                printf
 .text          0x00017c80      0x1ac c:/altera/13.1/nios2eds/bin/gnu/h-i686-mingw32/bin/../lib/gcc/nios2-elf/4.7.3/../../../../../H-i686-mingw32/nios2-elf/lib\libc.a(lib_a-putc.o)
                0x00017c80                _putc_r
                0x00017d3c                putc
 .text          0x00017e2c       0x98 c:/altera/13.1/nios2eds/bin/gnu/h-i686-mingw32/bin/../lib/gcc/nios2-elf/4.7.3/../../../../../H-i686-mingw32/nios2-elf/lib\libc.a(lib_a-puts.o)
                0x00017e2c                _puts_r
                0x00017eb0                puts
 .text          0x00017ec4       0xa4 c:/altera/13.1/nios2eds/bin/gnu/h-i686-mingw32/bin/../lib/gcc/nios2-elf/4.7.3/../../../../../H-i686-mingw32/nios2-elf/lib\libc.a(lib_a-strcmp.o)
                0x00017ec4                strcmp
 .text          0x00017f68       0x8c c:/altera/13.1/nios2eds/bin/gnu/h-i686-mingw32/bin/../lib/gcc/nios2-elf/4.7.3/../../../../../H-i686-mingw32/nios2-elf/lib\libc.a(lib_a-strlen.o)
                0x00017f68                strlen
 .text          0x00017ff4       0xfc c:/altera/13.1/nios2eds/bin/gnu/h-i686-mingw32/bin/../lib/gcc/nios2-elf/4.7.3/../../../../../H-i686-mingw32/nios2-elf/lib\libc.a(lib_a-strncmp.o)
                0x00017ff4                strncmp
 .text          0x000180f0     0x1e50 c:/altera/13.1/nios2eds/bin/gnu/h-i686-mingw32/bin/../lib/gcc/nios2-elf/4.7.3/../../../../../H-i686-mingw32/nios2-elf/lib\libc.a(lib_a-vfprintf.o)
                0x00018124                ___vfprintf_internal_r
                0x00019f1c                __vfprintf_internal
 .text          0x00019f40      0x158 c:/altera/13.1/nios2eds/bin/gnu/h-i686-mingw32/bin/../lib/gcc/nios2-elf/4.7.3/../../../../../H-i686-mingw32/nios2-elf/lib\libc.a(lib_a-wbuf.o)
                0x00019f40                __swbuf_r
                0x0001a07c                __swbuf
 .text          0x0001a098      0x174 c:/altera/13.1/nios2eds/bin/gnu/h-i686-mingw32/bin/../lib/gcc/nios2-elf/4.7.3/../../../../../H-i686-mingw32/nios2-elf/lib\libc.a(lib_a-wsetup.o)
                0x0001a098                __swsetup_r
 .text          0x0001a20c     0x1824 c:/altera/13.1/nios2eds/bin/gnu/h-i686-mingw32/bin/../lib/gcc/nios2-elf/4.7.3/../../../../../H-i686-mingw32/nios2-elf/lib\libc.a(lib_a-dtoa.o)
                0x0001a414                _dtoa_r
 .text          0x0001ba30      0x218 c:/altera/13.1/nios2eds/bin/gnu/h-i686-mingw32/bin/../lib/gcc/nios2-elf/4.7.3/../../../../../H-i686-mingw32/nios2-elf/lib\libc.a(lib_a-fflush.o)
                0x0001ba30                _fflush_r
                0x0001bc18                fflush
 .text          0x0001bc48      0x2d8 c:/altera/13.1/nios2eds/bin/gnu/h-i686-mingw32/bin/../lib/gcc/nios2-elf/4.7.3/../../../../../H-i686-mingw32/nios2-elf/lib\libc.a(lib_a-findfp.o)
                0x0001bc58                _cleanup_r
                0x0001bc64                __sfmoreglue
                0x0001bcc8                _cleanup
                0x0001bcd8                __sinit
                0x0001bde4                __sfp
                0x0001bee0                __sfp_lock_acquire
                0x0001bee4                __sfp_lock_release
                0x0001bee8                __sinit_lock_acquire
                0x0001beec                __sinit_lock_release
                0x0001bef0                __fp_lock_all
                0x0001bf08                __fp_unlock_all
 .text          0x0001bf20      0x40c c:/altera/13.1/nios2eds/bin/gnu/h-i686-mingw32/bin/../lib/gcc/nios2-elf/4.7.3/../../../../../H-i686-mingw32/nios2-elf/lib\libc.a(lib_a-freer.o)
                0x0001bf20                _malloc_trim_r
                0x0001c05c                _free_r
 .text          0x0001c32c      0x4e4 c:/altera/13.1/nios2eds/bin/gnu/h-i686-mingw32/bin/../lib/gcc/nios2-elf/4.7.3/../../../../../H-i686-mingw32/nios2-elf/lib\libc.a(lib_a-fvwrite.o)
                0x0001c32c                __sfvwrite_r
 .text          0x0001c810      0x160 c:/altera/13.1/nios2eds/bin/gnu/h-i686-mingw32/bin/../lib/gcc/nios2-elf/4.7.3/../../../../../H-i686-mingw32/nios2-elf/lib\libc.a(lib_a-fwalk.o)
                0x0001c810                _fwalk
                0x0001c8b8                _fwalk_reent
 .text          0x0001c970       0xdc c:/altera/13.1/nios2eds/bin/gnu/h-i686-mingw32/bin/../lib/gcc/nios2-elf/4.7.3/../../../../../H-i686-mingw32/nios2-elf/lib\libc.a(lib_a-locale.o)
                0x0001c970                _setlocale_r
                0x0001ca0c                __locale_charset
                0x0001ca18                _localeconv_r
                0x0001ca24                setlocale
                0x0001ca40                localeconv
 .text          0x0001ca4c      0x1a8 c:/altera/13.1/nios2eds/bin/gnu/h-i686-mingw32/bin/../lib/gcc/nios2-elf/4.7.3/../../../../../H-i686-mingw32/nios2-elf/lib\libc.a(lib_a-makebuf.o)
                0x0001ca4c                __smakebuf_r
 .text          0x0001cbf4      0x784 c:/altera/13.1/nios2eds/bin/gnu/h-i686-mingw32/bin/../lib/gcc/nios2-elf/4.7.3/../../../../../H-i686-mingw32/nios2-elf/lib\libc.a(lib_a-mallocr.o)
                0x0001cbf4                _malloc_r
 .text          0x0001d378       0xf8 c:/altera/13.1/nios2eds/bin/gnu/h-i686-mingw32/bin/../lib/gcc/nios2-elf/4.7.3/../../../../../H-i686-mingw32/nios2-elf/lib\libc.a(lib_a-memchr.o)
                0x0001d378                memchr
 .text          0x0001d470      0x128 c:/altera/13.1/nios2eds/bin/gnu/h-i686-mingw32/bin/../lib/gcc/nios2-elf/4.7.3/../../../../../H-i686-mingw32/nios2-elf/lib\libc.a(lib_a-memmove.o)
                0x0001d470                memmove
 .text          0x0001d598      0xfa8 c:/altera/13.1/nios2eds/bin/gnu/h-i686-mingw32/bin/../lib/gcc/nios2-elf/4.7.3/../../../../../H-i686-mingw32/nios2-elf/lib\libc.a(lib_a-mprec.o)
                0x0001d598                _Balloc
                0x0001d640                _Bfree
                0x0001d668                __multadd
                0x0001d77c                __s2b
                0x0001d880                __hi0bits
                0x0001d8e8                __lo0bits
                0x0001d998                __i2b
                0x0001d9d4                __multiply
                0x0001dbb4                __pow5mult
                0x0001dce0                __lshift
                0x0001de3c                __mcmp
                0x0001de94                __mdiff
                0x0001e03c                __ulp
                0x0001e09c                __b2d
                0x0001e1e4                __d2b
                0x0001e328                __ratio
                0x0001e3cc                _mprec_log10
                0x0001e440                __copybits
                0x0001e4bc                __any_on
 .text          0x0001e540      0x5fc c:/altera/13.1/nios2eds/bin/gnu/h-i686-mingw32/bin/../lib/gcc/nios2-elf/4.7.3/../../../../../H-i686-mingw32/nios2-elf/lib\libc.a(lib_a-reallocr.o)
                0x0001e540                _realloc_r
 .text          0x0001eb3c       0x38 c:/altera/13.1/nios2eds/bin/gnu/h-i686-mingw32/bin/../lib/gcc/nios2-elf/4.7.3/../../../../../H-i686-mingw32/nios2-elf/lib\libc.a(lib_a-s_isinfd.o)
                0x0001eb3c                __isinfd
 .text          0x0001eb74       0x2c c:/altera/13.1/nios2eds/bin/gnu/h-i686-mingw32/bin/../lib/gcc/nios2-elf/4.7.3/../../../../../H-i686-mingw32/nios2-elf/lib\libc.a(lib_a-s_isnand.o)
                0x0001eb74                __isnand
 .text          0x0001eba0       0x64 c:/altera/13.1/nios2eds/bin/gnu/h-i686-mingw32/bin/../lib/gcc/nios2-elf/4.7.3/../../../../../H-i686-mingw32/nios2-elf/lib\libc.a(lib_a-sbrkr.o)
                0x0001eba0                _sbrk_r
 .text          0x0001ec04      0x140 c:/altera/13.1/nios2eds/bin/gnu/h-i686-mingw32/bin/../lib/gcc/nios2-elf/4.7.3/../../../../../H-i686-mingw32/nios2-elf/lib\libc.a(lib_a-stdio.o)
                0x0001ec04                __sread
                0x0001ec58                __swrite
                0x0001ece0                __sseek
                0x0001ed3c                __sclose
 .text          0x0001ed44       0x6c c:/altera/13.1/nios2eds/bin/gnu/h-i686-mingw32/bin/../lib/gcc/nios2-elf/4.7.3/../../../../../H-i686-mingw32/nios2-elf/lib\libc.a(lib_a-writer.o)
                0x0001ed44                _write_r
 .text          0x0001edb0       0xbc c:/altera/13.1/nios2eds/bin/gnu/h-i686-mingw32/bin/../lib/gcc/nios2-elf/4.7.3/../../../../../H-i686-mingw32/nios2-elf/lib\libc.a(lib_a-callocr.o)
                0x0001edb0                _calloc_r
 .text          0x0001ee6c       0x64 c:/altera/13.1/nios2eds/bin/gnu/h-i686-mingw32/bin/../lib/gcc/nios2-elf/4.7.3/../../../../../H-i686-mingw32/nios2-elf/lib\libc.a(lib_a-closer.o)
                0x0001ee6c                _close_r
 .text          0x0001eed0      0x150 c:/altera/13.1/nios2eds/bin/gnu/h-i686-mingw32/bin/../lib/gcc/nios2-elf/4.7.3/../../../../../H-i686-mingw32/nios2-elf/lib\libc.a(lib_a-fclose.o)
                0x0001eed0                _fclose_r
                0x0001f00c                fclose
 .text          0x0001f020       0x68 c:/altera/13.1/nios2eds/bin/gnu/h-i686-mingw32/bin/../lib/gcc/nios2-elf/4.7.3/../../../../../H-i686-mingw32/nios2-elf/lib\libc.a(lib_a-fstatr.o)
                0x0001f020                _fstat_r
 .text          0x0001f088        0x0 c:/altera/13.1/nios2eds/bin/gnu/h-i686-mingw32/bin/../lib/gcc/nios2-elf/4.7.3/../../../../../H-i686-mingw32/nios2-elf/lib\libc.a(lib_a-int_errno.o)
 .text          0x0001f088       0x64 c:/altera/13.1/nios2eds/bin/gnu/h-i686-mingw32/bin/../lib/gcc/nios2-elf/4.7.3/../../../../../H-i686-mingw32/nios2-elf/lib\libc.a(lib_a-isattyr.o)
                0x0001f088                _isatty_r
 .text          0x0001f0ec       0x6c c:/altera/13.1/nios2eds/bin/gnu/h-i686-mingw32/bin/../lib/gcc/nios2-elf/4.7.3/../../../../../H-i686-mingw32/nios2-elf/lib\libc.a(lib_a-lseekr.o)
                0x0001f0ec                _lseek_r
 .text          0x0001f158       0x6c c:/altera/13.1/nios2eds/bin/gnu/h-i686-mingw32/bin/../lib/gcc/nios2-elf/4.7.3/../../../../../H-i686-mingw32/nios2-elf/lib\libc.a(lib_a-readr.o)
                0x0001f158                _read_r
 .text          0x0001f1c4      0x5c8 c:/altera/13.1/nios2eds/bin/gnu/h-i686-mingw32/bin/../lib/gcc/nios2-elf/4.7.3\libgcc.a(_udivdi3.o)
                0x0001f1c4                __udivdi3
 .text          0x0001f78c      0x58c c:/altera/13.1/nios2eds/bin/gnu/h-i686-mingw32/bin/../lib/gcc/nios2-elf/4.7.3\libgcc.a(_umoddi3.o)
                0x0001f78c                __umoddi3
 .text          0x0001fd18      0x408 c:/altera/13.1/nios2eds/bin/gnu/h-i686-mingw32/bin/../lib/gcc/nios2-elf/4.7.3\libgcc.a(_addsub_df.o)
                0x0002006c                __adddf3
                0x000200c0                __subdf3
 .text          0x00020120      0x2e4 c:/altera/13.1/nios2eds/bin/gnu/h-i686-mingw32/bin/../lib/gcc/nios2-elf/4.7.3\libgcc.a(_mul_df.o)
                0x00020120                __muldf3
 .text          0x00020404      0x1b4 c:/altera/13.1/nios2eds/bin/gnu/h-i686-mingw32/bin/../lib/gcc/nios2-elf/4.7.3\libgcc.a(_div_df.o)
                0x00020404                __divdf3
 .text          0x000205b8       0x5c c:/altera/13.1/nios2eds/bin/gnu/h-i686-mingw32/bin/../lib/gcc/nios2-elf/4.7.3\libgcc.a(_eq_df.o)
                0x000205b8                __eqdf2
 .text          0x00020614       0x5c c:/altera/13.1/nios2eds/bin/gnu/h-i686-mingw32/bin/../lib/gcc/nios2-elf/4.7.3\libgcc.a(_ne_df.o)
                0x00020614                __nedf2
 .text          0x00020670       0x64 c:/altera/13.1/nios2eds/bin/gnu/h-i686-mingw32/bin/../lib/gcc/nios2-elf/4.7.3\libgcc.a(_gt_df.o)
                0x00020670                __gtdf2
 .text          0x000206d4       0x64 c:/altera/13.1/nios2eds/bin/gnu/h-i686-mingw32/bin/../lib/gcc/nios2-elf/4.7.3\libgcc.a(_ge_df.o)
                0x000206d4                __gedf2
 .text          0x00020738       0x5c c:/altera/13.1/nios2eds/bin/gnu/h-i686-mingw32/bin/../lib/gcc/nios2-elf/4.7.3\libgcc.a(_lt_df.o)
                0x00020738                __ltdf2
 .text          0x00020794       0xd4 c:/altera/13.1/nios2eds/bin/gnu/h-i686-mingw32/bin/../lib/gcc/nios2-elf/4.7.3\libgcc.a(_si_to_df.o)
                0x00020794                __floatsidf
 .text          0x00020868       0xd4 c:/altera/13.1/nios2eds/bin/gnu/h-i686-mingw32/bin/../lib/gcc/nios2-elf/4.7.3\libgcc.a(_df_to_si.o)
                0x00020868                __fixdfsi
 .text          0x0002093c        0x0 c:/altera/13.1/nios2eds/bin/gnu/h-i686-mingw32/bin/../lib/gcc/nios2-elf/4.7.3\libgcc.a(_thenan_df.o)
 .text          0x0002093c      0x11c c:/altera/13.1/nios2eds/bin/gnu/h-i686-mingw32/bin/../lib/gcc/nios2-elf/4.7.3\libgcc.a(_usi_to_df.o)
                0x0002093c                __floatunsidf
 .text          0x00020a58      0x130 c:/altera/13.1/nios2eds/bin/gnu/h-i686-mingw32/bin/../lib/gcc/nios2-elf/4.7.3\libgcc.a(lib2-divmod.o)
                0x00020acc                __divsi3
                0x00020b1c                __modsi3
                0x00020b78                __udivsi3
                0x00020b80                __umodsi3
 .text          0x00020b88       0x60 c:/altera/13.1/nios2eds/bin/gnu/h-i686-mingw32/bin/../lib/gcc/nios2-elf/4.7.3\libgcc.a(_muldi3.o)
                0x00020b88                __muldi3
 .text          0x00020be8        0x0 c:/altera/13.1/nios2eds/bin/gnu/h-i686-mingw32/bin/../lib/gcc/nios2-elf/4.7.3\libgcc.a(_clz.o)
 .text          0x00020be8       0xac c:/altera/13.1/nios2eds/bin/gnu/h-i686-mingw32/bin/../lib/gcc/nios2-elf/4.7.3\libgcc.a(_clzsi2.o)
                0x00020be8                __clzsi2
 .text          0x00020c94      0x224 c:/altera/13.1/nios2eds/bin/gnu/h-i686-mingw32/bin/../lib/gcc/nios2-elf/4.7.3\libgcc.a(_pack_df.o)
                0x00020c94                __pack_d
 .text          0x00020eb8      0x104 c:/altera/13.1/nios2eds/bin/gnu/h-i686-mingw32/bin/../lib/gcc/nios2-elf/4.7.3\libgcc.a(_unpack_df.o)
                0x00020eb8                __unpack_d
 .text          0x00020fbc       0xd0 c:/altera/13.1/nios2eds/bin/gnu/h-i686-mingw32/bin/../lib/gcc/nios2-elf/4.7.3\libgcc.a(_fpcmp_parts_df.o)
                0x00020fbc                __fpcmp_parts_d
 .text          0x0002108c       0x44 c:/altera/13.1/nios2eds/bin/gnu/h-i686-mingw32/bin/../lib/gcc/nios2-elf/4.7.3\libgcc.a(_lshrdi3.o)
                0x0002108c                __lshrdi3
 .text          0x000210d0       0x44 c:/altera/13.1/nios2eds/bin/gnu/h-i686-mingw32/bin/../lib/gcc/nios2-elf/4.7.3\libgcc.a(_ashldi3.o)
                0x000210d0                __ashldi3
 .text          0x00021114      0x16c ../lwIP_NIOS_II_Example_bsp\libhal_bsp.a(alt_alarm_start.o)
                0x00021114                alt_alarm_start
 .text          0x00021280      0x118 ../lwIP_NIOS_II_Example_bsp\libhal_bsp.a(alt_close.o)
                0x000212d0                close
 .text          0x00021398       0x2c ../lwIP_NIOS_II_Example_bsp\libhal_bsp.a(alt_dev.o)
 .text          0x000213c4        0x0 ../lwIP_NIOS_II_Example_bsp\libhal_bsp.a(alt_errno.o)
 .text          0x000213c4       0xfc ../lwIP_NIOS_II_Example_bsp\libhal_bsp.a(alt_fstat.o)
                0x00021414                fstat
 .text          0x000214c0       0xf0 ../lwIP_NIOS_II_Example_bsp\libhal_bsp.a(alt_isatty.o)
                0x00021510                isatty
 .text          0x000215b0       0xec ../lwIP_NIOS_II_Example_bsp\libhal_bsp.a(alt_load.o)
                0x0002161c                alt_load
 .text          0x0002169c      0x120 ../lwIP_NIOS_II_Example_bsp\libhal_bsp.a(alt_lseek.o)
                0x000216ec                lseek
 .text          0x000217bc       0x78 ../lwIP_NIOS_II_Example_bsp\libhal_bsp.a(alt_main.o)
                0x000217bc                alt_main
 .text          0x00021834       0x40 ../lwIP_NIOS_II_Example_bsp\libhal_bsp.a(alt_malloc_lock.o)
                0x00021834                __malloc_lock
                0x00021854                __malloc_unlock
 .text          0x00021874      0x140 ../lwIP_NIOS_II_Example_bsp\libhal_bsp.a(alt_read.o)
                0x000218c4                read
 .text          0x000219b4       0x60 ../lwIP_NIOS_II_Example_bsp\libhal_bsp.a(alt_release_fd.o)
                0x000219b4                alt_release_fd
 .text          0x00021a14       0x40 ../lwIP_NIOS_II_Example_bsp\libhal_bsp.a(alt_remap_uncached.o)
                0x00021a14                alt_remap_uncached
 .text          0x00021a54      0x108 ../lwIP_NIOS_II_Example_bsp\libhal_bsp.a(alt_sbrk.o)
                0x00021a54                sbrk
 .text          0x00021b5c      0x1c8 ../lwIP_NIOS_II_Example_bsp\libhal_bsp.a(alt_tick.o)
                0x00021b5c                alt_alarm_stop
                0x00021c20                alt_tick
 .text          0x00021d24       0x58 ../lwIP_NIOS_II_Example_bsp\libhal_bsp.a(alt_uncached_malloc.o)
                0x00021d24                alt_uncached_malloc
 .text          0x00021d7c       0x30 ../lwIP_NIOS_II_Example_bsp\libhal_bsp.a(alt_usleep.o)
                0x00021d7c                usleep
 .text          0x00021dac      0x13c ../lwIP_NIOS_II_Example_bsp\libhal_bsp.a(alt_write.o)
                0x00021dfc                write
 .text          0x00021ee8      0x188 ../lwIP_NIOS_II_Example_bsp\libhal_bsp.a(alt_sys_init.o)
                0x00021f20                alt_irq_init
                0x00021f60                alt_sys_init
 .text          0x00022070      0x894 ../lwIP_NIOS_II_Example_bsp\libhal_bsp.a(altera_avalon_cfi_flash.o)
                0x000220a8                alt_flash_cfi_init
                0x00022138                alt_flash_cfi_write
                0x000223e4                alt_flash_cfi_get_info
                0x00022470                alt_flash_cfi_read
                0x000224d4                alt_write_value_to_flash
                0x0002262c                alt_flash_program_block
 .text          0x00022904     0x1430 ../lwIP_NIOS_II_Example_bsp\libhal_bsp.a(altera_avalon_cfi_flash_table.o)
                0x00022904                alt_read_query_entry_8bit
                0x00022940                alt_read_query_entry_16bit
                0x00022980                alt_read_query_entry_32bit
                0x000229c0                alt_write_flash_command_8bit_device_8bit_mode
                0x00022a04                alt_write_flash_command_16bit_device_8bit_mode
                0x00022a78                alt_write_flash_command_32bit_device_8bit_mode
                0x00022ac4                alt_write_flash_command_16bit_device_16bit_mode
                0x00022b0c                alt_write_flash_command_32bit_device_16bit_mode
                0x00022b58                alt_write_flash_command_32bit_device_32bit_mode
                0x00022ba4                alt_write_native_8bit
                0x00022bdc                alt_write_native_16bit
                0x00022c14                alt_write_native_32bit
                0x00022c48                alt_set_flash_width_func
                0x00022e0c                alt_set_flash_algorithm_func
                0x00022f28                alt_read_cfi_table
                0x000234f0                alt_read_cfi_width
                0x00023c60                alt_check_primary_table
 .text          0x00023d34      0x164 ../lwIP_NIOS_II_Example_bsp\libhal_bsp.a(altera_avalon_jtag_uart_fd.o)
                0x00023d34                altera_avalon_jtag_uart_read_fd
                0x00023d94                altera_avalon_jtag_uart_write_fd
                0x00023df4                altera_avalon_jtag_uart_close_fd
                0x00023e44                altera_avalon_jtag_uart_ioctl_fd
 .text          0x00023e98      0x3d0 ../lwIP_NIOS_II_Example_bsp\libhal_bsp.a(altera_avalon_jtag_uart_init.o)
                0x00023e98                altera_avalon_jtag_uart_init
                0x00024200                altera_avalon_jtag_uart_close
 .text          0x00024268       0xf4 ../lwIP_NIOS_II_Example_bsp\libhal_bsp.a(altera_avalon_jtag_uart_ioctl.o)
                0x00024268                altera_avalon_jtag_uart_ioctl
 .text          0x0002435c      0x244 ../lwIP_NIOS_II_Example_bsp\libhal_bsp.a(altera_avalon_jtag_uart_read.o)
                0x0002435c                altera_avalon_jtag_uart_read
 .text          0x000245a0      0x250 ../lwIP_NIOS_II_Example_bsp\libhal_bsp.a(altera_avalon_jtag_uart_write.o)
                0x000245a0                altera_avalon_jtag_uart_write
 .text          0x000247f0      0xe8c ../lwIP_NIOS_II_Example_bsp\libhal_bsp.a(altera_avalon_lcd_16207.o)
                0x00024fb4                altera_avalon_lcd_16207_write
                0x00025544                altera_avalon_lcd_16207_init
 .text          0x0002567c       0x60 ../lwIP_NIOS_II_Example_bsp\libhal_bsp.a(altera_avalon_lcd_16207_fd.o)
                0x0002567c                altera_avalon_lcd_16207_write_fd
 .text          0x000256dc      0xd2c ../lwIP_NIOS_II_Example_bsp\libhal_bsp.a(altera_avalon_sgdma.o)
                0x0002572c                alt_avalon_sgdma_do_async_transfer
                0x00025850                alt_avalon_sgdma_do_sync_transfer
                0x00025960                alt_avalon_sgdma_construct_mem_to_mem_desc
                0x000259d0                alt_avalon_sgdma_construct_mem_to_mem_desc_burst
                0x00025a50                alt_avalon_sgdma_construct_stream_to_mem_desc
                0x00025aac                alt_avalon_sgdma_construct_stream_to_mem_desc_burst
                0x00025b20                alt_avalon_sgdma_construct_mem_to_stream_desc
                0x00025b9c                alt_avalon_sgdma_construct_mem_to_stream_desc_burst
                0x00025c24                alt_avalon_sgdma_register_callback
                0x00025c74                alt_avalon_sgdma_start
                0x00025cc8                alt_avalon_sgdma_stop
                0x00025d20                alt_avalon_sgdma_check_descriptor_status
                0x00025d84                alt_avalon_sgdma_open
                0x00025dd4                alt_avalon_sgdma_construct_descriptor
                0x00025e5c                alt_avalon_sgdma_enable_desc_poll
                0x00025edc                alt_avalon_sgdma_disable_desc_poll
                0x00025f3c                alt_avalon_sgdma_construct_descriptor_burst
                0x00026364                alt_avalon_sgdma_init
 .text          0x00026408      0x128 ../lwIP_NIOS_II_Example_bsp\libhal_bsp.a(altera_avalon_timer_sc.o)
                0x000264a8                alt_avalon_timer_sc_init
 .text          0x00026530     0x4fa8 ../lwIP_NIOS_II_Example_bsp\libhal_bsp.a(altera_avalon_tse.o)
                0x00026530                no_printf
                0x0002655c                tse_mac_initTransInfo2
                0x000265bc                tse_mac_sTxWrite
                0x0002669c                tse_mac_aRxRead
                0x00026740                tse_mac_SwReset
                0x000267c8                tse_mac_setMIImode
                0x0002681c                tse_mac_setGMIImode
                0x0002686c                alt_tse_phy_add_profile
                0x00026a50                alt_tse_system_add_sys
                0x0002744c                alt_tse_sys_enable_mdio_sharing
                0x000275b0                alt_tse_mac_get_common_speed
                0x000275f0                alt_tse_mac_set_common_speed
                0x00027638                alt_tse_get_system_index
                0x000276a4                alt_tse_get_mac_group_index
                0x00027718                alt_tse_get_mac_info_index
                0x00027798                alt_tse_get_mac_info
                0x00027870                alt_tse_mac_set_speed
                0x00027950                alt_tse_mac_set_duplex
                0x000279dc                getPHYSpeed
                0x00028450                alt_tse_phy_rd_mdio_addr
                0x00028498                alt_tse_phy_wr_mdio_addr
                0x000284f0                alt_tse_phy_wr_mdio_reg
                0x0002861c                alt_tse_phy_rd_mdio_reg
                0x000286e8                alt_tse_phy_add_profile_default
                0x00028980                alt_tse_phy_print_profile
                0x00028b90                alt_tse_mac_group_init
                0x0002922c                alt_tse_mac_get_phy
                0x00029648                alt_tse_mac_associate_phy
                0x00029888                alt_tse_phy_cfg_pcs
                0x000299b0                alt_tse_phy_init
                0x00029ac8                alt_tse_phy_restart_an
                0x00029c8c                alt_tse_phy_check_link
                0x00029dec                alt_tse_phy_get_cap
                0x0002a384                alt_tse_phy_set_adv_1000
                0x0002a540                alt_tse_phy_set_adv_100
                0x0002a788                alt_tse_phy_set_adv_10
                0x0002a930                alt_tse_phy_get_common_speed
                0x0002ac58                alt_tse_phy_set_common_speed
                0x0002b110                marvell_phy_cfg
                0x0002b1a8                marvell_cfg_gmii
                0x0002b28c                marvell_cfg_sgmii
                0x0002b370                marvell_cfg_rgmii
                0x0002b460                DP83848C_link_status_read
 .text          0x0002b4d8      0x110 ../lwIP_NIOS_II_Example_bsp\libhal_bsp.a(altera_avalon_uart_fd.o)
                0x0002b4d8                altera_avalon_uart_read_fd
                0x0002b538                altera_avalon_uart_write_fd
                0x0002b598                altera_avalon_uart_close_fd
 .text          0x0002b5e8      0x3a8 ../lwIP_NIOS_II_Example_bsp\libhal_bsp.a(altera_avalon_uart_init.o)
                0x0002b5e8                altera_avalon_uart_init
                0x0002b93c                altera_avalon_uart_close
 .text          0x0002b990      0x2ac ../lwIP_NIOS_II_Example_bsp\libhal_bsp.a(altera_avalon_uart_read.o)
                0x0002b9e0                altera_avalon_uart_read
 .text          0x0002bc3c      0x250 ../lwIP_NIOS_II_Example_bsp\libhal_bsp.a(altera_avalon_uart_write.o)
                0x0002bc8c                altera_avalon_uart_write
 .text          0x0002be8c      0x200 ../lwIP_NIOS_II_Example_bsp\libhal_bsp.a(altera_vic_0_vector_tbl.o)
                0x0002be8c                VIC_0_VECTOR_TABLE
 .text          0x0002c08c       0x18 ../lwIP_NIOS_II_Example_bsp\libhal_bsp.a(altera_vic_funnel_non_preemptive.o)
                0x0002c08c                alt_shadow_non_preemptive_interrupt
 .text          0x0002c0a4      0x13c ../lwIP_NIOS_II_Example_bsp\libhal_bsp.a(altera_vic_irq_init.o)
                0x0002c0a4                alt_vic_irq_init
 .text          0x0002c1e0      0x158 ../lwIP_NIOS_II_Example_bsp\libhal_bsp.a(altera_vic_isr_register.o)
                0x0002c1e0                alt_ic_isr_register
 .text          0x0002c338      0x128 ../lwIP_NIOS_II_Example_bsp\libhal_bsp.a(alt_busy_sleep.o)
                0x0002c338                alt_busy_sleep
 .text          0x0002c460       0x24 ../lwIP_NIOS_II_Example_bsp\libhal_bsp.a(alt_dcache_flush.o)
                0x0002c460                alt_dcache_flush
 .text          0x0002c484       0x1c ../lwIP_NIOS_II_Example_bsp\libhal_bsp.a(alt_dcache_flush_all.o)
                0x0002c484                alt_dcache_flush_all
 .text          0x0002c4a0       0xf0 ../lwIP_NIOS_II_Example_bsp\libhal_bsp.a(alt_dev_llist_insert.o)
                0x0002c4f0                alt_dev_llist_insert
 .text          0x0002c590       0x5c ../lwIP_NIOS_II_Example_bsp\libhal_bsp.a(alt_do_ctors.o)
                0x0002c590                _do_ctors
 .text          0x0002c5ec       0x5c ../lwIP_NIOS_II_Example_bsp\libhal_bsp.a(alt_do_dtors.o)
                0x0002c5ec                _do_dtors
 .text          0x0002c648       0x90 ../lwIP_NIOS_II_Example_bsp\libhal_bsp.a(alt_find_dev.o)
                0x0002c648                alt_find_dev
 .text          0x0002c6d8       0xb8 ../lwIP_NIOS_II_Example_bsp\libhal_bsp.a(alt_flash_dev.o)
                0x0002c6d8                alt_flash_open_dev
                0x0002c740                alt_flash_close_dev
 .text          0x0002c790       0x30 ../lwIP_NIOS_II_Example_bsp\libhal_bsp.a(alt_icache_flush_all.o)
                0x0002c790                alt_icache_flush_all
 .text          0x0002c7c0      0x138 ../lwIP_NIOS_II_Example_bsp\libhal_bsp.a(alt_io_redirect.o)
                0x0002c880                alt_io_redirect
 .text          0x0002c8f8      0x270 ../lwIP_NIOS_II_Example_bsp\libhal_bsp.a(alt_open.o)
                0x0002ca14                open
 .text          0x0002cb68      0x460 ../lwIP_NIOS_II_Example_bsp\libhal_bsp.a(altera_avalon_cfi_flash_amd.o)
                0x0002cb68                alt_program_amd
                0x0002cbd0                alt_erase_block_amd
 .text          0x0002cfc8      0x438 ../lwIP_NIOS_II_Example_bsp\libhal_bsp.a(altera_avalon_cfi_flash_intel.o)
                0x0002cfc8                alt_program_intel
                0x0002d048                alt_erase_block_intel
 .text          0x0002d400      0x114 ../lwIP_NIOS_II_Example_bsp\libhal_bsp.a(alt_find_file.o)
                0x0002d400                alt_find_file
 .text          0x0002d514       0xb4 ../lwIP_NIOS_II_Example_bsp\libhal_bsp.a(alt_get_fd.o)
                0x0002d514                alt_get_fd
 .text          0x0002d5c8       0x8c ../lwIP_NIOS_II_Example_bsp\libhal_bsp.a(alt_icache_flush.o)
                0x0002d5c8                alt_icache_flush
 .text          0x0002d654       0x14 c:/altera/13.1/nios2eds/bin/gnu/h-i686-mingw32/bin/../lib/gcc/nios2-elf/4.7.3/../../../../../H-i686-mingw32/nios2-elf/lib\libc.a(lib_a-atexit.o)
                0x0002d654                atexit
 .text          0x0002d668        0x0 c:/altera/13.1/nios2eds/bin/gnu/h-i686-mingw32/bin/../lib/gcc/nios2-elf/4.7.3/../../../../../H-i686-mingw32/nios2-elf/lib\libc.a(lib_a-ctype_.o)
 .text          0x0002d668       0x38 c:/altera/13.1/nios2eds/bin/gnu/h-i686-mingw32/bin/../lib/gcc/nios2-elf/4.7.3/../../../../../H-i686-mingw32/nios2-elf/lib\libc.a(lib_a-exit.o)
                0x0002d668                exit
 .text          0x0002d6a0       0x28 c:/altera/13.1/nios2eds/bin/gnu/h-i686-mingw32/bin/../lib/gcc/nios2-elf/4.7.3/../../../../../H-i686-mingw32/nios2-elf/lib\libc.a(lib_a-malloc.o)
                0x0002d6a0                malloc
                0x0002d6b4                free
 .text          0x0002d6c8       0x94 c:/altera/13.1/nios2eds/bin/gnu/h-i686-mingw32/bin/../lib/gcc/nios2-elf/4.7.3/../../../../../H-i686-mingw32/nios2-elf/lib\libc.a(lib_a-strcpy.o)
                0x0002d6c8                strcpy
 .text          0x0002d75c      0x130 c:/altera/13.1/nios2eds/bin/gnu/h-i686-mingw32/bin/../lib/gcc/nios2-elf/4.7.3/../../../../../H-i686-mingw32/nios2-elf/lib\libc.a(lib_a-__atexit.o)
                0x0002d75c                __register_exitproc
 .text          0x0002d88c      0x1a0 c:/altera/13.1/nios2eds/bin/gnu/h-i686-mingw32/bin/../lib/gcc/nios2-elf/4.7.3/../../../../../H-i686-mingw32/nios2-elf/lib\libc.a(lib_a-__call_atexit.o)
                0x0002d88c                __call_exitprocs
 .text          0x0002da2c       0x3c ../lwIP_NIOS_II_Example_bsp\libhal_bsp.a(alt_exit.o)
                0x0002da2c                _exit
 *(.gnu.warning.*)
 *(.fini)
                0x0002da68                PROVIDE (__etext, ABSOLUTE (.))
                0x0002da68                PROVIDE (_etext, ABSOLUTE (.))
                0x0002da68                PROVIDE (etext, ABSOLUTE (.))
 *(.eh_frame_hdr)
                0x0002da68                . = ALIGN (0x4)
                0x0002da68                PROVIDE (__preinit_array_start, ABSOLUTE (.))
 *(.preinit_array)
                0x0002da68                PROVIDE (__preinit_array_end, ABSOLUTE (.))
                0x0002da68                PROVIDE (__init_array_start, ABSOLUTE (.))
 *(.init_array)
                0x0002da68                PROVIDE (__init_array_end, ABSOLUTE (.))
                0x0002da68                PROVIDE (__fini_array_start, ABSOLUTE (.))
 *(.fini_array)
                0x0002da68                PROVIDE (__fini_array_end, ABSOLUTE (.))
 *(.eh_frame)
 *(.gcc_except_table .gcc_except_table.*)
 *(.dynamic)
                0x0002da68                PROVIDE (__CTOR_LIST__, ABSOLUTE (.))
 *(.ctors)
 *(SORT(.ctors.*))
                0x0002da68                PROVIDE (__CTOR_END__, ABSOLUTE (.))
                0x0002da68                PROVIDE (__DTOR_LIST__, ABSOLUTE (.))
 *(.dtors)
 *(SORT(.dtors.*))
                0x0002da68                PROVIDE (__DTOR_END__, ABSOLUTE (.))
 *(.jcr)
                0x0002da68                . = ALIGN (0x4)

.rodata         0x0002da68     0x5080
                0x0002da68                PROVIDE (__ram_rodata_start, ABSOLUTE (.))
                0x0002da68                . = ALIGN (0x4)
 *(.rodata .rodata.* .gnu.linkonce.r.*)
 .rodata        0x0002da68       0xb4 obj/default/drivers/alteraTseEthernetif.o
 .rodata        0x0002db1c      0xc80 obj/default/drivers/fs.o
                0x0002e76c                file_img_sics_gif
                0x0002e77c                file_404_html
                0x0002e78c                file_index_html
 .rodata        0x0002e79c       0xa4 obj/default/drivers/httpd.o
 .rodata        0x0002e840      0x198 obj/default/drivers/lwip_tse_mac.o
 .rodata        0x0002e9d8       0x20 obj/default/drivers/tse_my_system.o
 .rodata        0x0002e9f8      0x464 obj/default/lwip/src/core/dhcp.o
 .rodata        0x0002ee5c      0x15c obj/default/lwip/src/core/ipv4/icmp.o
 .rodata        0x0002efb8       0x58 obj/default/lwip/src/core/ipv4/inet_chksum.o
 .rodata        0x0002f010       0x7c obj/default/lwip/src/core/ipv4/ip.o
 .rodata        0x0002f08c       0x54 obj/default/lwip/src/core/ipv4/ip_addr.o
 .rodata        0x0002f0e0      0x17c obj/default/lwip/src/core/ipv4/ip_frag.o
 .rodata        0x0002f25c      0x1e0 obj/default/lwip/src/core/mem.o
 .rodata        0x0002f43c       0xc8 obj/default/lwip/src/core/memp.o
 .rodata        0x0002f504       0x58 obj/default/lwip/src/core/netif.o
 .rodata        0x0002f55c      0x478 obj/default/lwip/src/core/pbuf.o
 .rodata        0x0002f9d4       0x64 obj/default/lwip/src/core/raw.o
 .rodata        0x0002fa38      0x478 obj/default/lwip/src/core/tcp.o
                0x0002fab0                tcp_state_str
                0x0002fadc                tcp_backoff
                0x0002faec                tcp_pcb_lists
 .rodata        0x0002feb0      0x310 obj/default/lwip/src/core/tcp_in.o
 .rodata        0x000301c0      0x394 obj/default/lwip/src/core/tcp_out.o
 .rodata        0x00030554       0xa0 obj/default/lwip/src/core/udp.o
 .rodata        0x000305f4      0x280 obj/default/lwip/src/netif/etharp.o
 .rodata        0x00030874       0x6c obj/default/main.o
 .rodata.str1.4
                0x000308e0        0x2 c:/altera/13.1/nios2eds/bin/gnu/h-i686-mingw32/bin/../lib/gcc/nios2-elf/4.7.3/../../../../../H-i686-mingw32/nios2-elf/lib\libc.a(lib_a-impure.o)
                                  0x4 (size before relaxing)
 *fill*         0x000308e2        0x2 
 .rodata.str1.4
                0x000308e4        0x2 c:/altera/13.1/nios2eds/bin/gnu/h-i686-mingw32/bin/../lib/gcc/nios2-elf/4.7.3/../../../../../H-i686-mingw32/nios2-elf/lib\libc.a(lib_a-puts.o)
                                  0x4 (size before relaxing)
 *fill*         0x000308e6        0x2 
 .rodata.str1.4
                0x000308e8       0x42 c:/altera/13.1/nios2eds/bin/gnu/h-i686-mingw32/bin/../lib/gcc/nios2-elf/4.7.3/../../../../../H-i686-mingw32/nios2-elf/lib\libc.a(lib_a-vfprintf.o)
                                 0x44 (size before relaxing)
 .rodata        0x0003092a       0x20 c:/altera/13.1/nios2eds/bin/gnu/h-i686-mingw32/bin/../lib/gcc/nios2-elf/4.7.3/../../../../../H-i686-mingw32/nios2-elf/lib\libc.a(lib_a-vfprintf.o)
 *fill*         0x0003094a        0x2 
 .rodata.str1.4
                0x0003094c       0x10 c:/altera/13.1/nios2eds/bin/gnu/h-i686-mingw32/bin/../lib/gcc/nios2-elf/4.7.3/../../../../../H-i686-mingw32/nios2-elf/lib\libc.a(lib_a-dtoa.o)
                                 0x14 (size before relaxing)
 .rodata.str1.4
                0x0003095c       0x10 c:/altera/13.1/nios2eds/bin/gnu/h-i686-mingw32/bin/../lib/gcc/nios2-elf/4.7.3/../../../../../H-i686-mingw32/nios2-elf/lib\libc.a(lib_a-locale.o)
                                 0x18 (size before relaxing)
 .rodata        0x0003096c       0x30 c:/altera/13.1/nios2eds/bin/gnu/h-i686-mingw32/bin/../lib/gcc/nios2-elf/4.7.3/../../../../../H-i686-mingw32/nios2-elf/lib\libc.a(lib_a-locale.o)
 .rodata        0x0003099c      0x124 c:/altera/13.1/nios2eds/bin/gnu/h-i686-mingw32/bin/../lib/gcc/nios2-elf/4.7.3/../../../../../H-i686-mingw32/nios2-elf/lib\libc.a(lib_a-mprec.o)
                0x0003099c                __mprec_tinytens
                0x000309c4                __mprec_bigtens
                0x000309ec                __mprec_tens
 .rodata        0x00030ac0       0x14 c:/altera/13.1/nios2eds/bin/gnu/h-i686-mingw32/bin/../lib/gcc/nios2-elf/4.7.3\libgcc.a(_thenan_df.o)
                0x00030ac0                __thenan_df
 .rodata        0x00030ad4      0x100 c:/altera/13.1/nios2eds/bin/gnu/h-i686-mingw32/bin/../lib/gcc/nios2-elf/4.7.3\libgcc.a(_clz.o)
                0x00030ad4                __clz_tab
 .rodata        0x00030bd4        0xc ../lwIP_NIOS_II_Example_bsp\libhal_bsp.a(alt_dev.o)
 .rodata        0x00030be0       0x10 ../lwIP_NIOS_II_Example_bsp\libhal_bsp.a(alt_main.o)
 .rodata        0x00030bf0       0x70 ../lwIP_NIOS_II_Example_bsp\libhal_bsp.a(alt_sys_init.o)
 .rodata        0x00030c60     0x1be4 ../lwIP_NIOS_II_Example_bsp\libhal_bsp.a(altera_avalon_tse.o)
 .rodata        0x00032844       0x20 ../lwIP_NIOS_II_Example_bsp\libhal_bsp.a(altera_vic_irq_init.o)
 .rodata        0x00032864      0x281 c:/altera/13.1/nios2eds/bin/gnu/h-i686-mingw32/bin/../lib/gcc/nios2-elf/4.7.3/../../../../../H-i686-mingw32/nios2-elf/lib\libc.a(lib_a-ctype_.o)
                0x00032864                _ctype_
 *(.rodata1)
                0x00032ae8                . = ALIGN (0x4)
 *fill*         0x00032ae5        0x3 
                0x00032ae8                PROVIDE (__ram_rodata_end, ABSOLUTE (.))
                0x0002da68                PROVIDE (__flash_rodata_start, LOADADDR (.rodata))

.rwdata         0x00032ae8     0x221c load address 0x00034d04
                0x00032ae8                PROVIDE (__ram_rwdata_start, ABSOLUTE (.))
                0x00032ae8                . = ALIGN (0x4)
 *(.got.plt)
 *(.got)
 *(.data1)
 *(.data .data.* .gnu.linkonce.d.*)
 .data          0x00032ae8        0x0 ../lwIP_NIOS_II_Example_bsp/obj/HAL/src/crt0.o
 .data          0x00032ae8        0x0 obj/default/drivers/alteraTseEthernetif.o
 .data          0x00032ae8        0x0 obj/default/drivers/fs.o
 .data          0x00032ae8        0x0 obj/default/drivers/fsdata.o
 .data          0x00032ae8        0x0 obj/default/drivers/httpd.o
 .data          0x00032ae8        0x0 obj/default/drivers/lwip_tse_mac.o
 .data          0x00032ae8      0x240 obj/default/drivers/tse_my_system.o
                0x00032ae8                tse_mac_device
 .data          0x00032d28        0x0 obj/default/lwip/src/api/api_lib.o
 .data          0x00032d28        0x0 obj/default/lwip/src/api/api_msg.o
 .data          0x00032d28        0x0 obj/default/lwip/src/api/err.o
 .data          0x00032d28        0x0 obj/default/lwip/src/api/netbuf.o
 .data          0x00032d28        0x0 obj/default/lwip/src/api/netdb.o
 .data          0x00032d28        0x0 obj/default/lwip/src/api/netifapi.o
 .data          0x00032d28        0x0 obj/default/lwip/src/api/sockets.o
 .data          0x00032d28        0x0 obj/default/lwip/src/api/tcpip.o
 .data          0x00032d28        0x0 obj/default/lwip/src/core/def.o
 .data          0x00032d28        0x0 obj/default/lwip/src/core/dhcp.o
 .data          0x00032d28        0x0 obj/default/lwip/src/core/dns.o
 .data          0x00032d28        0x0 obj/default/lwip/src/core/init.o
 .data          0x00032d28        0x0 obj/default/lwip/src/core/ipv4/autoip.o
 .data          0x00032d28        0x0 obj/default/lwip/src/core/ipv4/icmp.o
 .data          0x00032d28        0x0 obj/default/lwip/src/core/ipv4/igmp.o
 .data          0x00032d28        0x0 obj/default/lwip/src/core/ipv4/inet.o
 .data          0x00032d28        0x0 obj/default/lwip/src/core/ipv4/inet_chksum.o
 .data          0x00032d28        0x0 obj/default/lwip/src/core/ipv4/ip.o
 .data          0x00032d28        0x0 obj/default/lwip/src/core/ipv4/ip_addr.o
 .data          0x00032d28        0x0 obj/default/lwip/src/core/ipv4/ip_frag.o
 .data          0x00032d28        0x0 obj/default/lwip/src/core/mem.o
 .data          0x00032d28        0x0 obj/default/lwip/src/core/memp.o
 .data          0x00032d28        0x0 obj/default/lwip/src/core/netif.o
 .data          0x00032d28        0x0 obj/default/lwip/src/core/pbuf.o
 .data          0x00032d28        0x0 obj/default/lwip/src/core/raw.o
 .data          0x00032d28        0x0 obj/default/lwip/src/core/snmp/asn1_dec.o
 .data          0x00032d28        0x0 obj/default/lwip/src/core/snmp/asn1_enc.o
 .data          0x00032d28        0x0 obj/default/lwip/src/core/snmp/mib2.o
 .data          0x00032d28        0x0 obj/default/lwip/src/core/snmp/mib_structs.o
 .data          0x00032d28        0x0 obj/default/lwip/src/core/snmp/msg_in.o
 .data          0x00032d28        0x0 obj/default/lwip/src/core/snmp/msg_out.o
 .data          0x00032d28        0x0 obj/default/lwip/src/core/stats.o
 .data          0x00032d28        0x0 obj/default/lwip/src/core/sys.o
 .data          0x00032d28        0x0 obj/default/lwip/src/core/tcp.o
 .data          0x00032d28        0x0 obj/default/lwip/src/core/tcp_in.o
 .data          0x00032d28        0x0 obj/default/lwip/src/core/tcp_out.o
 .data          0x00032d28        0x0 obj/default/lwip/src/core/timers.o
 .data          0x00032d28        0x0 obj/default/lwip/src/core/udp.o
 .data          0x00032d28        0x0 obj/default/lwip/src/netif/etharp.o
 .data          0x00032d28        0x0 obj/default/lwip/src/netif/ethernetif.o
 .data          0x00032d28        0x0 obj/default/lwip/src/netif/ppp/auth.o
 .data          0x00032d28        0x0 obj/default/lwip/src/netif/ppp/chap.o
 .data          0x00032d28        0x0 obj/default/lwip/src/netif/ppp/chpms.o
 .data          0x00032d28        0x0 obj/default/lwip/src/netif/ppp/fsm.o
 .data          0x00032d28        0x0 obj/default/lwip/src/netif/ppp/ipcp.o
 .data          0x00032d28        0x0 obj/default/lwip/src/netif/ppp/lcp.o
 .data          0x00032d28        0x0 obj/default/lwip/src/netif/ppp/magic.o
 .data          0x00032d28        0x0 obj/default/lwip/src/netif/ppp/md5.o
 .data          0x00032d28        0x0 obj/default/lwip/src/netif/ppp/pap.o
 .data          0x00032d28        0x0 obj/default/lwip/src/netif/ppp/ppp.o
 .data          0x00032d28        0x0 obj/default/lwip/src/netif/ppp/ppp_oe.o
 .data          0x00032d28        0x0 obj/default/lwip/src/netif/ppp/randm.o
 .data          0x00032d28        0x0 obj/default/lwip/src/netif/ppp/vj.o
 .data          0x00032d28        0x0 obj/default/lwip/src/netif/slipif.o
 .data          0x00032d28        0x0 obj/default/main.o
 .data          0x00032d28      0x400 c:/altera/13.1/nios2eds/bin/gnu/h-i686-mingw32/bin/../lib/gcc/nios2-elf/4.7.3/../../../../../H-i686-mingw32/nios2-elf/lib\libc.a(lib_a-impure.o)
 .data          0x00033128        0x0 c:/altera/13.1/nios2eds/bin/gnu/h-i686-mingw32/bin/../lib/gcc/nios2-elf/4.7.3/../../../../../H-i686-mingw32/nios2-elf/lib\libc.a(lib_a-memcmp.o)
 .data          0x00033128        0x0 c:/altera/13.1/nios2eds/bin/gnu/h-i686-mingw32/bin/../lib/gcc/nios2-elf/4.7.3/../../../../../H-i686-mingw32/nios2-elf/lib\libc.a(lib_a-memcpy.o)
 .data          0x00033128        0x0 c:/altera/13.1/nios2eds/bin/gnu/h-i686-mingw32/bin/../lib/gcc/nios2-elf/4.7.3/../../../../../H-i686-mingw32/nios2-elf/lib\libc.a(lib_a-memset.o)
 .data          0x00033128        0x0 c:/altera/13.1/nios2eds/bin/gnu/h-i686-mingw32/bin/../lib/gcc/nios2-elf/4.7.3/../../../../../H-i686-mingw32/nios2-elf/lib\libc.a(lib_a-printf.o)
 .data          0x00033128        0x0 c:/altera/13.1/nios2eds/bin/gnu/h-i686-mingw32/bin/../lib/gcc/nios2-elf/4.7.3/../../../../../H-i686-mingw32/nios2-elf/lib\libc.a(lib_a-putc.o)
 .data          0x00033128        0x0 c:/altera/13.1/nios2eds/bin/gnu/h-i686-mingw32/bin/../lib/gcc/nios2-elf/4.7.3/../../../../../H-i686-mingw32/nios2-elf/lib\libc.a(lib_a-puts.o)
 .data          0x00033128        0x0 c:/altera/13.1/nios2eds/bin/gnu/h-i686-mingw32/bin/../lib/gcc/nios2-elf/4.7.3/../../../../../H-i686-mingw32/nios2-elf/lib\libc.a(lib_a-strcmp.o)
 .data          0x00033128        0x0 c:/altera/13.1/nios2eds/bin/gnu/h-i686-mingw32/bin/../lib/gcc/nios2-elf/4.7.3/../../../../../H-i686-mingw32/nios2-elf/lib\libc.a(lib_a-strlen.o)
 .data          0x00033128        0x0 c:/altera/13.1/nios2eds/bin/gnu/h-i686-mingw32/bin/../lib/gcc/nios2-elf/4.7.3/../../../../../H-i686-mingw32/nios2-elf/lib\libc.a(lib_a-strncmp.o)
 .data          0x00033128        0x0 c:/altera/13.1/nios2eds/bin/gnu/h-i686-mingw32/bin/../lib/gcc/nios2-elf/4.7.3/../../../../../H-i686-mingw32/nios2-elf/lib\libc.a(lib_a-vfprintf.o)
 .data          0x00033128        0x0 c:/altera/13.1/nios2eds/bin/gnu/h-i686-mingw32/bin/../lib/gcc/nios2-elf/4.7.3/../../../../../H-i686-mingw32/nios2-elf/lib\libc.a(lib_a-wbuf.o)
 .data          0x00033128        0x0 c:/altera/13.1/nios2eds/bin/gnu/h-i686-mingw32/bin/../lib/gcc/nios2-elf/4.7.3/../../../../../H-i686-mingw32/nios2-elf/lib\libc.a(lib_a-wsetup.o)
 .data          0x00033128        0x0 c:/altera/13.1/nios2eds/bin/gnu/h-i686-mingw32/bin/../lib/gcc/nios2-elf/4.7.3/../../../../../H-i686-mingw32/nios2-elf/lib\libc.a(lib_a-dtoa.o)
 .data          0x00033128        0x0 c:/altera/13.1/nios2eds/bin/gnu/h-i686-mingw32/bin/../lib/gcc/nios2-elf/4.7.3/../../../../../H-i686-mingw32/nios2-elf/lib\libc.a(lib_a-fflush.o)
 .data          0x00033128        0x0 c:/altera/13.1/nios2eds/bin/gnu/h-i686-mingw32/bin/../lib/gcc/nios2-elf/4.7.3/../../../../../H-i686-mingw32/nios2-elf/lib\libc.a(lib_a-findfp.o)
 .data          0x00033128        0x0 c:/altera/13.1/nios2eds/bin/gnu/h-i686-mingw32/bin/../lib/gcc/nios2-elf/4.7.3/../../../../../H-i686-mingw32/nios2-elf/lib\libc.a(lib_a-freer.o)
 .data          0x00033128        0x0 c:/altera/13.1/nios2eds/bin/gnu/h-i686-mingw32/bin/../lib/gcc/nios2-elf/4.7.3/../../../../../H-i686-mingw32/nios2-elf/lib\libc.a(lib_a-fvwrite.o)
 .data          0x00033128        0x0 c:/altera/13.1/nios2eds/bin/gnu/h-i686-mingw32/bin/../lib/gcc/nios2-elf/4.7.3/../../../../../H-i686-mingw32/nios2-elf/lib\libc.a(lib_a-fwalk.o)
 .data          0x00033128        0xc c:/altera/13.1/nios2eds/bin/gnu/h-i686-mingw32/bin/../lib/gcc/nios2-elf/4.7.3/../../../../../H-i686-mingw32/nios2-elf/lib\libc.a(lib_a-locale.o)
                0x00033128                __lc_ctype
 .data          0x00033134        0x0 c:/altera/13.1/nios2eds/bin/gnu/h-i686-mingw32/bin/../lib/gcc/nios2-elf/4.7.3/../../../../../H-i686-mingw32/nios2-elf/lib\libc.a(lib_a-makebuf.o)
 .data          0x00033134      0x408 c:/altera/13.1/nios2eds/bin/gnu/h-i686-mingw32/bin/../lib/gcc/nios2-elf/4.7.3/../../../../../H-i686-mingw32/nios2-elf/lib\libc.a(lib_a-mallocr.o)
                0x00033134                __malloc_av_
 .data          0x0003353c        0x0 c:/altera/13.1/nios2eds/bin/gnu/h-i686-mingw32/bin/../lib/gcc/nios2-elf/4.7.3/../../../../../H-i686-mingw32/nios2-elf/lib\libc.a(lib_a-memchr.o)
 .data          0x0003353c        0x0 c:/altera/13.1/nios2eds/bin/gnu/h-i686-mingw32/bin/../lib/gcc/nios2-elf/4.7.3/../../../../../H-i686-mingw32/nios2-elf/lib\libc.a(lib_a-memmove.o)
 .data          0x0003353c        0x0 c:/altera/13.1/nios2eds/bin/gnu/h-i686-mingw32/bin/../lib/gcc/nios2-elf/4.7.3/../../../../../H-i686-mingw32/nios2-elf/lib\libc.a(lib_a-mprec.o)
 .data          0x0003353c        0x0 c:/altera/13.1/nios2eds/bin/gnu/h-i686-mingw32/bin/../lib/gcc/nios2-elf/4.7.3/../../../../../H-i686-mingw32/nios2-elf/lib\libc.a(lib_a-reallocr.o)
 .data          0x0003353c        0x0 c:/altera/13.1/nios2eds/bin/gnu/h-i686-mingw32/bin/../lib/gcc/nios2-elf/4.7.3/../../../../../H-i686-mingw32/nios2-elf/lib\libc.a(lib_a-s_isinfd.o)
 .data          0x0003353c        0x0 c:/altera/13.1/nios2eds/bin/gnu/h-i686-mingw32/bin/../lib/gcc/nios2-elf/4.7.3/../../../../../H-i686-mingw32/nios2-elf/lib\libc.a(lib_a-s_isnand.o)
 .data          0x0003353c        0x0 c:/altera/13.1/nios2eds/bin/gnu/h-i686-mingw32/bin/../lib/gcc/nios2-elf/4.7.3/../../../../../H-i686-mingw32/nios2-elf/lib\libc.a(lib_a-sbrkr.o)
 .data          0x0003353c        0x0 c:/altera/13.1/nios2eds/bin/gnu/h-i686-mingw32/bin/../lib/gcc/nios2-elf/4.7.3/../../../../../H-i686-mingw32/nios2-elf/lib\libc.a(lib_a-stdio.o)
 .data          0x0003353c        0x0 c:/altera/13.1/nios2eds/bin/gnu/h-i686-mingw32/bin/../lib/gcc/nios2-elf/4.7.3/../../../../../H-i686-mingw32/nios2-elf/lib\libc.a(lib_a-writer.o)
 .data          0x0003353c        0x0 c:/altera/13.1/nios2eds/bin/gnu/h-i686-mingw32/bin/../lib/gcc/nios2-elf/4.7.3/../../../../../H-i686-mingw32/nios2-elf/lib\libc.a(lib_a-callocr.o)
 .data          0x0003353c        0x0 c:/altera/13.1/nios2eds/bin/gnu/h-i686-mingw32/bin/../lib/gcc/nios2-elf/4.7.3/../../../../../H-i686-mingw32/nios2-elf/lib\libc.a(lib_a-closer.o)
 .data          0x0003353c        0x0 c:/altera/13.1/nios2eds/bin/gnu/h-i686-mingw32/bin/../lib/gcc/nios2-elf/4.7.3/../../../../../H-i686-mingw32/nios2-elf/lib\libc.a(lib_a-fclose.o)
 .data          0x0003353c        0x0 c:/altera/13.1/nios2eds/bin/gnu/h-i686-mingw32/bin/../lib/gcc/nios2-elf/4.7.3/../../../../../H-i686-mingw32/nios2-elf/lib\libc.a(lib_a-fstatr.o)
 .data          0x0003353c        0x0 c:/altera/13.1/nios2eds/bin/gnu/h-i686-mingw32/bin/../lib/gcc/nios2-elf/4.7.3/../../../../../H-i686-mingw32/nios2-elf/lib\libc.a(lib_a-int_errno.o)
 .data          0x0003353c        0x0 c:/altera/13.1/nios2eds/bin/gnu/h-i686-mingw32/bin/../lib/gcc/nios2-elf/4.7.3/../../../../../H-i686-mingw32/nios2-elf/lib\libc.a(lib_a-isattyr.o)
 .data          0x0003353c        0x0 c:/altera/13.1/nios2eds/bin/gnu/h-i686-mingw32/bin/../lib/gcc/nios2-elf/4.7.3/../../../../../H-i686-mingw32/nios2-elf/lib\libc.a(lib_a-lseekr.o)
 .data          0x0003353c        0x0 c:/altera/13.1/nios2eds/bin/gnu/h-i686-mingw32/bin/../lib/gcc/nios2-elf/4.7.3/../../../../../H-i686-mingw32/nios2-elf/lib\libc.a(lib_a-readr.o)
 .data          0x0003353c        0x0 c:/altera/13.1/nios2eds/bin/gnu/h-i686-mingw32/bin/../lib/gcc/nios2-elf/4.7.3\libgcc.a(_udivdi3.o)
 .data          0x0003353c        0x0 c:/altera/13.1/nios2eds/bin/gnu/h-i686-mingw32/bin/../lib/gcc/nios2-elf/4.7.3\libgcc.a(_umoddi3.o)
 .data          0x0003353c        0x0 c:/altera/13.1/nios2eds/bin/gnu/h-i686-mingw32/bin/../lib/gcc/nios2-elf/4.7.3\libgcc.a(_addsub_df.o)
 .data          0x0003353c        0x0 c:/altera/13.1/nios2eds/bin/gnu/h-i686-mingw32/bin/../lib/gcc/nios2-elf/4.7.3\libgcc.a(_mul_df.o)
 .data          0x0003353c        0x0 c:/altera/13.1/nios2eds/bin/gnu/h-i686-mingw32/bin/../lib/gcc/nios2-elf/4.7.3\libgcc.a(_div_df.o)
 .data          0x0003353c        0x0 c:/altera/13.1/nios2eds/bin/gnu/h-i686-mingw32/bin/../lib/gcc/nios2-elf/4.7.3\libgcc.a(_eq_df.o)
 .data          0x0003353c        0x0 c:/altera/13.1/nios2eds/bin/gnu/h-i686-mingw32/bin/../lib/gcc/nios2-elf/4.7.3\libgcc.a(_ne_df.o)
 .data          0x0003353c        0x0 c:/altera/13.1/nios2eds/bin/gnu/h-i686-mingw32/bin/../lib/gcc/nios2-elf/4.7.3\libgcc.a(_gt_df.o)
 .data          0x0003353c        0x0 c:/altera/13.1/nios2eds/bin/gnu/h-i686-mingw32/bin/../lib/gcc/nios2-elf/4.7.3\libgcc.a(_ge_df.o)
 .data          0x0003353c        0x0 c:/altera/13.1/nios2eds/bin/gnu/h-i686-mingw32/bin/../lib/gcc/nios2-elf/4.7.3\libgcc.a(_lt_df.o)
 .data          0x0003353c        0x0 c:/altera/13.1/nios2eds/bin/gnu/h-i686-mingw32/bin/../lib/gcc/nios2-elf/4.7.3\libgcc.a(_si_to_df.o)
 .data          0x0003353c        0x0 c:/altera/13.1/nios2eds/bin/gnu/h-i686-mingw32/bin/../lib/gcc/nios2-elf/4.7.3\libgcc.a(_df_to_si.o)
 .data          0x0003353c        0x0 c:/altera/13.1/nios2eds/bin/gnu/h-i686-mingw32/bin/../lib/gcc/nios2-elf/4.7.3\libgcc.a(_thenan_df.o)
 .data          0x0003353c        0x0 c:/altera/13.1/nios2eds/bin/gnu/h-i686-mingw32/bin/../lib/gcc/nios2-elf/4.7.3\libgcc.a(_usi_to_df.o)
 .data          0x0003353c        0x0 c:/altera/13.1/nios2eds/bin/gnu/h-i686-mingw32/bin/../lib/gcc/nios2-elf/4.7.3\libgcc.a(lib2-divmod.o)
 .data          0x0003353c        0x0 c:/altera/13.1/nios2eds/bin/gnu/h-i686-mingw32/bin/../lib/gcc/nios2-elf/4.7.3\libgcc.a(_muldi3.o)
 .data          0x0003353c        0x0 c:/altera/13.1/nios2eds/bin/gnu/h-i686-mingw32/bin/../lib/gcc/nios2-elf/4.7.3\libgcc.a(_clz.o)
 .data          0x0003353c        0x0 c:/altera/13.1/nios2eds/bin/gnu/h-i686-mingw32/bin/../lib/gcc/nios2-elf/4.7.3\libgcc.a(_clzsi2.o)
 .data          0x0003353c        0x0 c:/altera/13.1/nios2eds/bin/gnu/h-i686-mingw32/bin/../lib/gcc/nios2-elf/4.7.3\libgcc.a(_pack_df.o)
 .data          0x0003353c        0x0 c:/altera/13.1/nios2eds/bin/gnu/h-i686-mingw32/bin/../lib/gcc/nios2-elf/4.7.3\libgcc.a(_unpack_df.o)
 .data          0x0003353c        0x0 c:/altera/13.1/nios2eds/bin/gnu/h-i686-mingw32/bin/../lib/gcc/nios2-elf/4.7.3\libgcc.a(_fpcmp_parts_df.o)
 .data          0x0003353c        0x0 c:/altera/13.1/nios2eds/bin/gnu/h-i686-mingw32/bin/../lib/gcc/nios2-elf/4.7.3\libgcc.a(_lshrdi3.o)
 .data          0x0003353c        0x0 c:/altera/13.1/nios2eds/bin/gnu/h-i686-mingw32/bin/../lib/gcc/nios2-elf/4.7.3\libgcc.a(_ashldi3.o)
 .data          0x0003353c        0x0 ../lwIP_NIOS_II_Example_bsp\libhal_bsp.a(alt_alarm_start.o)
 .data          0x0003353c        0x0 ../lwIP_NIOS_II_Example_bsp\libhal_bsp.a(alt_close.o)
 .data          0x0003353c      0x1a8 ../lwIP_NIOS_II_Example_bsp\libhal_bsp.a(alt_dev.o)
                0x0003353c                alt_dev_null
                0x00033564                alt_fd_list
 .data          0x000336e4        0x0 ../lwIP_NIOS_II_Example_bsp\libhal_bsp.a(alt_errno.o)
 .data          0x000336e4        0x0 ../lwIP_NIOS_II_Example_bsp\libhal_bsp.a(alt_fstat.o)
 .data          0x000336e4        0x0 ../lwIP_NIOS_II_Example_bsp\libhal_bsp.a(alt_isatty.o)
 .data          0x000336e4        0x0 ../lwIP_NIOS_II_Example_bsp\libhal_bsp.a(alt_load.o)
 .data          0x000336e4        0x0 ../lwIP_NIOS_II_Example_bsp\libhal_bsp.a(alt_lseek.o)
 .data          0x000336e4        0x0 ../lwIP_NIOS_II_Example_bsp\libhal_bsp.a(alt_main.o)
 .data          0x000336e4        0x0 ../lwIP_NIOS_II_Example_bsp\libhal_bsp.a(alt_malloc_lock.o)
 .data          0x000336e4        0x0 ../lwIP_NIOS_II_Example_bsp\libhal_bsp.a(alt_read.o)
 .data          0x000336e4        0x0 ../lwIP_NIOS_II_Example_bsp\libhal_bsp.a(alt_release_fd.o)
 .data          0x000336e4        0x0 ../lwIP_NIOS_II_Example_bsp\libhal_bsp.a(alt_remap_uncached.o)
 .data          0x000336e4        0x0 ../lwIP_NIOS_II_Example_bsp\libhal_bsp.a(alt_sbrk.o)
 .data          0x000336e4        0x0 ../lwIP_NIOS_II_Example_bsp\libhal_bsp.a(alt_tick.o)
 .data          0x000336e4        0x0 ../lwIP_NIOS_II_Example_bsp\libhal_bsp.a(alt_uncached_malloc.o)
 .data          0x000336e4        0x0 ../lwIP_NIOS_II_Example_bsp\libhal_bsp.a(alt_usleep.o)
 .data          0x000336e4        0x0 ../lwIP_NIOS_II_Example_bsp\libhal_bsp.a(alt_write.o)
 .data          0x000336e4     0x15a0 ../lwIP_NIOS_II_Example_bsp\libhal_bsp.a(alt_sys_init.o)
 .data          0x00034c84        0x0 ../lwIP_NIOS_II_Example_bsp\libhal_bsp.a(altera_avalon_cfi_flash.o)
 .data          0x00034c84        0x0 ../lwIP_NIOS_II_Example_bsp\libhal_bsp.a(altera_avalon_cfi_flash_table.o)
 .data          0x00034c84        0x0 ../lwIP_NIOS_II_Example_bsp\libhal_bsp.a(altera_avalon_jtag_uart_fd.o)
 .data          0x00034c84        0x0 ../lwIP_NIOS_II_Example_bsp\libhal_bsp.a(altera_avalon_jtag_uart_init.o)
 .data          0x00034c84        0x0 ../lwIP_NIOS_II_Example_bsp\libhal_bsp.a(altera_avalon_jtag_uart_ioctl.o)
 .data          0x00034c84        0x0 ../lwIP_NIOS_II_Example_bsp\libhal_bsp.a(altera_avalon_jtag_uart_read.o)
 .data          0x00034c84        0x0 ../lwIP_NIOS_II_Example_bsp\libhal_bsp.a(altera_avalon_jtag_uart_write.o)
 .data          0x00034c84        0x0 ../lwIP_NIOS_II_Example_bsp\libhal_bsp.a(altera_avalon_lcd_16207.o)
 .data          0x00034c84        0x0 ../lwIP_NIOS_II_Example_bsp\libhal_bsp.a(altera_avalon_lcd_16207_fd.o)
 .data          0x00034c84        0x0 ../lwIP_NIOS_II_Example_bsp\libhal_bsp.a(altera_avalon_sgdma.o)
 .data          0x00034c84        0x0 ../lwIP_NIOS_II_Example_bsp\libhal_bsp.a(altera_avalon_timer_sc.o)
 .data          0x00034c84        0x0 ../lwIP_NIOS_II_Example_bsp\libhal_bsp.a(altera_avalon_tse.o)
 .data          0x00034c84        0x0 ../lwIP_NIOS_II_Example_bsp\libhal_bsp.a(altera_avalon_uart_fd.o)
 .data          0x00034c84        0x0 ../lwIP_NIOS_II_Example_bsp\libhal_bsp.a(altera_avalon_uart_init.o)
 .data          0x00034c84        0x0 ../lwIP_NIOS_II_Example_bsp\libhal_bsp.a(altera_avalon_uart_read.o)
 .data          0x00034c84        0x0 ../lwIP_NIOS_II_Example_bsp\libhal_bsp.a(altera_avalon_uart_write.o)
 .data          0x00034c84        0x0 ../lwIP_NIOS_II_Example_bsp\libhal_bsp.a(altera_vic_0_vector_tbl.o)
 .data          0x00034c84        0x0 ../lwIP_NIOS_II_Example_bsp\libhal_bsp.a(altera_vic_funnel_non_preemptive.o)
 .data          0x00034c84        0x0 ../lwIP_NIOS_II_Example_bsp\libhal_bsp.a(altera_vic_irq_init.o)
 .data          0x00034c84        0x0 ../lwIP_NIOS_II_Example_bsp\libhal_bsp.a(altera_vic_isr_register.o)
 .data          0x00034c84        0x0 ../lwIP_NIOS_II_Example_bsp\libhal_bsp.a(alt_busy_sleep.o)
 .data          0x00034c84        0x0 ../lwIP_NIOS_II_Example_bsp\libhal_bsp.a(alt_dcache_flush.o)
 .data          0x00034c84        0x0 ../lwIP_NIOS_II_Example_bsp\libhal_bsp.a(alt_dcache_flush_all.o)
 .data          0x00034c84        0x0 ../lwIP_NIOS_II_Example_bsp\libhal_bsp.a(alt_dev_llist_insert.o)
 .data          0x00034c84        0x0 ../lwIP_NIOS_II_Example_bsp\libhal_bsp.a(alt_do_ctors.o)
 .data          0x00034c84        0x0 ../lwIP_NIOS_II_Example_bsp\libhal_bsp.a(alt_do_dtors.o)
 .data          0x00034c84        0x0 ../lwIP_NIOS_II_Example_bsp\libhal_bsp.a(alt_find_dev.o)
 .data          0x00034c84        0x0 ../lwIP_NIOS_II_Example_bsp\libhal_bsp.a(alt_flash_dev.o)
 .data          0x00034c84        0x0 ../lwIP_NIOS_II_Example_bsp\libhal_bsp.a(alt_icache_flush_all.o)
 .data          0x00034c84        0x0 ../lwIP_NIOS_II_Example_bsp\libhal_bsp.a(alt_io_redirect.o)
 .data          0x00034c84        0x0 ../lwIP_NIOS_II_Example_bsp\libhal_bsp.a(alt_open.o)
 .data          0x00034c84        0x0 ../lwIP_NIOS_II_Example_bsp\libhal_bsp.a(altera_avalon_cfi_flash_amd.o)
 .data          0x00034c84        0x0 ../lwIP_NIOS_II_Example_bsp\libhal_bsp.a(altera_avalon_cfi_flash_intel.o)
 .data          0x00034c84        0x0 ../lwIP_NIOS_II_Example_bsp\libhal_bsp.a(alt_find_file.o)
 .data          0x00034c84        0x0 ../lwIP_NIOS_II_Example_bsp\libhal_bsp.a(alt_get_fd.o)
 .data          0x00034c84        0x0 ../lwIP_NIOS_II_Example_bsp\libhal_bsp.a(alt_icache_flush.o)
 .data          0x00034c84        0x0 c:/altera/13.1/nios2eds/bin/gnu/h-i686-mingw32/bin/../lib/gcc/nios2-elf/4.7.3/../../../../../H-i686-mingw32/nios2-elf/lib\libc.a(lib_a-atexit.o)
 .data          0x00034c84        0x0 c:/altera/13.1/nios2eds/bin/gnu/h-i686-mingw32/bin/../lib/gcc/nios2-elf/4.7.3/../../../../../H-i686-mingw32/nios2-elf/lib\libc.a(lib_a-ctype_.o)
 .data          0x00034c84        0x0 c:/altera/13.1/nios2eds/bin/gnu/h-i686-mingw32/bin/../lib/gcc/nios2-elf/4.7.3/../../../../../H-i686-mingw32/nios2-elf/lib\libc.a(lib_a-exit.o)
 .data          0x00034c84        0x0 c:/altera/13.1/nios2eds/bin/gnu/h-i686-mingw32/bin/../lib/gcc/nios2-elf/4.7.3/../../../../../H-i686-mingw32/nios2-elf/lib\libc.a(lib_a-malloc.o)
 .data          0x00034c84        0x0 c:/altera/13.1/nios2eds/bin/gnu/h-i686-mingw32/bin/../lib/gcc/nios2-elf/4.7.3/../../../../../H-i686-mingw32/nios2-elf/lib\libc.a(lib_a-strcpy.o)
 .data          0x00034c84        0x0 c:/altera/13.1/nios2eds/bin/gnu/h-i686-mingw32/bin/../lib/gcc/nios2-elf/4.7.3/../../../../../H-i686-mingw32/nios2-elf/lib\libc.a(lib_a-__atexit.o)
 .data          0x00034c84        0x0 c:/altera/13.1/nios2eds/bin/gnu/h-i686-mingw32/bin/../lib/gcc/nios2-elf/4.7.3/../../../../../H-i686-mingw32/nios2-elf/lib\libc.a(lib_a-__call_atexit.o)
 .data          0x00034c84        0x0 ../lwIP_NIOS_II_Example_bsp\libhal_bsp.a(alt_exit.o)
                0x0003cc84                _gp = ABSOLUTE ((. + 0x8000))
                0x0003cc84                PROVIDE (gp, _gp)
 *(.rwdata .rwdata.*)
 *(.sdata .sdata.* .gnu.linkonce.s.*)
 .sdata         0x00034c84        0x4 obj/default/lwip/src/core/dhcp.o
 .sdata         0x00034c88        0x8 obj/default/lwip/src/core/ipv4/ip_addr.o
                0x00034c88                ip_addr_any
                0x00034c8c                ip_addr_broadcast
 .sdata         0x00034c90       0x10 obj/default/lwip/src/core/tcp.o
                0x00034c92                tcp_persist_backoff
 .sdata         0x00034ca0        0x2 obj/default/lwip/src/core/udp.o
 .sdata         0x00034ca2        0xc obj/default/lwip/src/netif/etharp.o
                0x00034ca2                ethbroadcast
                0x00034ca8                ethzero
 *fill*         0x00034cae        0x2 
 .sdata         0x00034cb0        0x8 c:/altera/13.1/nios2eds/bin/gnu/h-i686-mingw32/bin/../lib/gcc/nios2-elf/4.7.3/../../../../../H-i686-mingw32/nios2-elf/lib\libc.a(lib_a-impure.o)
                0x00034cb0                _global_impure_ptr
                0x00034cb4                _impure_ptr
 .sdata         0x00034cb8        0x4 c:/altera/13.1/nios2eds/bin/gnu/h-i686-mingw32/bin/../lib/gcc/nios2-elf/4.7.3/../../../../../H-i686-mingw32/nios2-elf/lib\libc.a(lib_a-locale.o)
                0x00034cb8                __mb_cur_max
 .sdata         0x00034cbc        0x8 c:/altera/13.1/nios2eds/bin/gnu/h-i686-mingw32/bin/../lib/gcc/nios2-elf/4.7.3/../../../../../H-i686-mingw32/nios2-elf/lib\libc.a(lib_a-mallocr.o)
                0x00034cbc                __malloc_sbrk_base
                0x00034cc0                __malloc_trim_threshold
 .sdata         0x00034cc4       0x14 ../lwIP_NIOS_II_Example_bsp\libhal_bsp.a(alt_dev.o)
                0x00034cc4                alt_fs_list
                0x00034ccc                alt_dev_list
                0x00034cd4                alt_max_fd
 .sdata         0x00034cd8        0x4 ../lwIP_NIOS_II_Example_bsp\libhal_bsp.a(alt_errno.o)
                0x00034cd8                alt_errno
 .sdata         0x00034cdc        0x4 ../lwIP_NIOS_II_Example_bsp\libhal_bsp.a(alt_sbrk.o)
 .sdata         0x00034ce0        0x8 ../lwIP_NIOS_II_Example_bsp\libhal_bsp.a(alt_tick.o)
                0x00034ce0                alt_alarm_list
 .sdata         0x00034ce8        0x4 ../lwIP_NIOS_II_Example_bsp\libhal_bsp.a(altera_avalon_lcd_16207.o)
 .sdata         0x00034cec        0x8 ../lwIP_NIOS_II_Example_bsp\libhal_bsp.a(altera_avalon_sgdma.o)
                0x00034cec                alt_sgdma_list
 .sdata         0x00034cf4        0x1 ../lwIP_NIOS_II_Example_bsp\libhal_bsp.a(altera_avalon_tse.o)
                0x00034cf4                max_mac_system
 *fill*         0x00034cf5        0x3 
 .sdata         0x00034cf8        0x8 ../lwIP_NIOS_II_Example_bsp\libhal_bsp.a(alt_flash_dev.o)
                0x00034cf8                alt_flash_dev_list
 .sdata         0x00034d00        0x4 c:/altera/13.1/nios2eds/bin/gnu/h-i686-mingw32/bin/../lib/gcc/nios2-elf/4.7.3/../../../../../H-i686-mingw32/nios2-elf/lib\libc.a(lib_a-ctype_.o)
                0x00034d00                __ctype_ptr
 *(.sdata2 .sdata2.* .gnu.linkonce.s2.*)
                0x00034d04                . = ALIGN (0x4)
                0x00034d04                _edata = ABSOLUTE (.)
                0x00034d04                PROVIDE (edata, ABSOLUTE (.))
                0x00034d04                PROVIDE (__ram_rwdata_end, ABSOLUTE (.))
                0x00034d04                PROVIDE (__flash_rwdata_start, LOADADDR (.rwdata))

.bss            0x00036f20     0xe074
                0x00036f20                __bss_start = ABSOLUTE (.)
                0x00036f20                PROVIDE (__sbss_start, ABSOLUTE (.))
                0x00036f20                PROVIDE (___sbss_start, ABSOLUTE (.))
 *(.dynsbss)
 *(.sbss .sbss.* .gnu.linkonce.sb.*)
 .sbss          0x00036f20        0x2 obj/default/lwip/src/core/ipv4/ip.o
 *fill*         0x00036f22        0x2 
 .sbss          0x00036f24       0x10 obj/default/lwip/src/core/ipv4/ip.o
                0x00036f24                current_iphdr_src
                0x00036f28                current_netif
                0x00036f2c                current_iphdr_dest
                0x00036f30                current_header
 .sbss          0x00036f34        0x8 obj/default/lwip/src/core/ipv4/ip_frag.o
 .sbss          0x00036f3c        0xc obj/default/lwip/src/core/mem.o
 .sbss          0x00036f48        0xc obj/default/lwip/src/core/netif.o
                0x00036f4c                netif_list
                0x00036f50                netif_default
 .sbss          0x00036f54        0x1 obj/default/lwip/src/core/pbuf.o
                0x00036f54                pbuf_free_ooseq_pending
 *fill*         0x00036f55        0x3 
 .sbss          0x00036f58        0x4 obj/default/lwip/src/core/raw.o
 .sbss          0x00036f5c       0x1c obj/default/lwip/src/core/tcp.o
                0x00036f5e                tcp_active_pcbs_changed
                0x00036f60                tcp_active_pcbs
                0x00036f64                tcp_ticks
                0x00036f68                tcp_listen_pcbs
                0x00036f6c                tcp_tmp_pcb
                0x00036f70                tcp_bound_pcbs
                0x00036f74                tcp_tw_pcbs
 .sbss          0x00036f78       0x20 obj/default/lwip/src/core/tcp_in.o
                0x00036f94                tcp_input_pcb
 .sbss          0x00036f98        0x4 obj/default/lwip/src/core/udp.o
                0x00036f98                udp_pcbs
 .sbss          0x00036f9c        0x1 obj/default/lwip/src/netif/etharp.o
 *fill*         0x00036f9d        0x3 
 .sbss          0x00036fa0       0x14 obj/default/main.o
                0x00036fb0                lwipStaticIp
 .sbss          0x00036fb4        0xc c:/altera/13.1/nios2eds/bin/gnu/h-i686-mingw32/bin/../lib/gcc/nios2-elf/4.7.3/../../../../../H-i686-mingw32/nios2-elf/lib\libc.a(lib_a-locale.o)
                0x00036fb4                _PathLocale
                0x00036fb8                __mlocale_changed
                0x00036fbc                __nlocale_changed
 .sbss          0x00036fc0        0xc c:/altera/13.1/nios2eds/bin/gnu/h-i686-mingw32/bin/../lib/gcc/nios2-elf/4.7.3/../../../../../H-i686-mingw32/nios2-elf/lib\libc.a(lib_a-mallocr.o)
                0x00036fc0                __malloc_max_total_mem
                0x00036fc4                __malloc_max_sbrked_mem
                0x00036fc8                __malloc_top_pad
 .sbss          0x00036fcc        0x4 c:/altera/13.1/nios2eds/bin/gnu/h-i686-mingw32/bin/../lib/gcc/nios2-elf/4.7.3/../../../../../H-i686-mingw32/nios2-elf/lib\libc.a(lib_a-int_errno.o)
                0x00036fcc                errno
 .sbss          0x00036fd0        0xc ../lwIP_NIOS_II_Example_bsp\libhal_bsp.a(alt_main.o)
                0x00036fd0                alt_argc
                0x00036fd4                alt_argv
                0x00036fd8                alt_envp
 .sbss          0x00036fdc        0x8 ../lwIP_NIOS_II_Example_bsp\libhal_bsp.a(alt_tick.o)
                0x00036fdc                _alt_tick_rate
                0x00036fe0                _alt_nticks
 .sbss          0x00036fe4        0x4 ../lwIP_NIOS_II_Example_bsp\libhal_bsp.a(altera_avalon_tse.o)
                0x00036fe4                phy_profile_count
                0x00036fe5                mac_group_count
 .sbss          0x00036fe8        0x4 ../lwIP_NIOS_II_Example_bsp\libhal_bsp.a(altera_vic_irq_init.o)
                0x00036fe8                alt_vic_dev_list
 *(.sbss2 .sbss2.* .gnu.linkonce.sb2.*)
 *(.scommon)
                0x00036fec                PROVIDE (__sbss_end, ABSOLUTE (.))
                0x00036fec                PROVIDE (___sbss_end, ABSOLUTE (.))
 *(.dynbss)
 *(.bss .bss.* .gnu.linkonce.b.*)
 .bss           0x00036fec        0x0 ../lwIP_NIOS_II_Example_bsp/obj/HAL/src/crt0.o
 .bss           0x00036fec        0x0 obj/default/drivers/alteraTseEthernetif.o
 .bss           0x00036fec        0x0 obj/default/drivers/fs.o
 .bss           0x00036fec        0x0 obj/default/drivers/fsdata.o
 .bss           0x00036fec        0x0 obj/default/drivers/httpd.o
 .bss           0x00036fec        0x0 obj/default/drivers/lwip_tse_mac.o
 .bss           0x00036fec        0x0 obj/default/drivers/tse_my_system.o
 .bss           0x00036fec        0x0 obj/default/lwip/src/api/api_lib.o
 .bss           0x00036fec        0x0 obj/default/lwip/src/api/api_msg.o
 .bss           0x00036fec        0x0 obj/default/lwip/src/api/err.o
 .bss           0x00036fec        0x0 obj/default/lwip/src/api/netbuf.o
 .bss           0x00036fec        0x0 obj/default/lwip/src/api/netdb.o
 .bss           0x00036fec        0x0 obj/default/lwip/src/api/netifapi.o
 .bss           0x00036fec        0x0 obj/default/lwip/src/api/sockets.o
 .bss           0x00036fec        0x0 obj/default/lwip/src/api/tcpip.o
 .bss           0x00036fec        0x0 obj/default/lwip/src/core/def.o
 .bss           0x00036fec        0x0 obj/default/lwip/src/core/dhcp.o
 .bss           0x00036fec        0x0 obj/default/lwip/src/core/dns.o
 .bss           0x00036fec        0x0 obj/default/lwip/src/core/init.o
 .bss           0x00036fec        0x0 obj/default/lwip/src/core/ipv4/autoip.o
 .bss           0x00036fec        0x0 obj/default/lwip/src/core/ipv4/icmp.o
 .bss           0x00036fec        0x0 obj/default/lwip/src/core/ipv4/igmp.o
 .bss           0x00036fec        0x0 obj/default/lwip/src/core/ipv4/inet.o
 .bss           0x00036fec        0x0 obj/default/lwip/src/core/ipv4/inet_chksum.o
 .bss           0x00036fec        0x0 obj/default/lwip/src/core/ipv4/ip.o
 .bss           0x00036fec       0x10 obj/default/lwip/src/core/ipv4/ip_addr.o
 .bss           0x00036ffc      0x5e0 obj/default/lwip/src/core/ipv4/ip_frag.o
 .bss           0x000375dc        0x0 obj/default/lwip/src/core/mem.o
 .bss           0x000375dc     0xcdf4 obj/default/lwip/src/core/memp.o
 .bss           0x000443d0        0x0 obj/default/lwip/src/core/netif.o
 .bss           0x000443d0        0x0 obj/default/lwip/src/core/pbuf.o
 .bss           0x000443d0        0x0 obj/default/lwip/src/core/raw.o
 .bss           0x000443d0        0x0 obj/default/lwip/src/core/snmp/asn1_dec.o
 .bss           0x000443d0        0x0 obj/default/lwip/src/core/snmp/asn1_enc.o
 .bss           0x000443d0        0x0 obj/default/lwip/src/core/snmp/mib2.o
 .bss           0x000443d0        0x0 obj/default/lwip/src/core/snmp/mib_structs.o
 .bss           0x000443d0        0x0 obj/default/lwip/src/core/snmp/msg_in.o
 .bss           0x000443d0        0x0 obj/default/lwip/src/core/snmp/msg_out.o
 .bss           0x000443d0        0x0 obj/default/lwip/src/core/stats.o
 .bss           0x000443d0        0x0 obj/default/lwip/src/core/sys.o
 .bss           0x000443d0        0x0 obj/default/lwip/src/core/tcp.o
 .bss           0x000443d0       0x10 obj/default/lwip/src/core/tcp_in.o
 .bss           0x000443e0        0x0 obj/default/lwip/src/core/tcp_out.o
 .bss           0x000443e0        0x0 obj/default/lwip/src/core/timers.o
 .bss           0x000443e0        0x0 obj/default/lwip/src/core/udp.o
 .bss           0x000443e0       0xc8 obj/default/lwip/src/netif/etharp.o
 .bss           0x000444a8        0x0 obj/default/lwip/src/netif/ethernetif.o
 .bss           0x000444a8        0x0 obj/default/lwip/src/netif/ppp/auth.o
 .bss           0x000444a8        0x0 obj/default/lwip/src/netif/ppp/chap.o
 .bss           0x000444a8        0x0 obj/default/lwip/src/netif/ppp/chpms.o