Archive member included because of file (symbol)

c:/altera/13.1/nios2eds/bin/gnu/h-i686-mingw32/bin/../lib/gcc/nios2-elf/4.7.3/../../../../../H-i686-mingw32/nios2-elf/lib\libc.a(lib_a-impure.o)
                              obj/default/main.o (_impure_ptr)
c:/altera/13.1/nios2eds/bin/gnu/h-i686-mingw32/bin/../lib/gcc/nios2-elf/4.7.3/../../../../../H-i686-mingw32/nios2-elf/lib\libc.a(lib_a-memcpy.o)
                              obj/default/drivers/lwip_tse_mac.o (memcpy)
c:/altera/13.1/nios2eds/bin/gnu/h-i686-mingw32/bin/../lib/gcc/nios2-elf/4.7.3/../../../../../H-i686-mingw32/nios2-elf/lib\libc.a(lib_a-memset.o)
                              obj/default/lwip/src/core/dhcp.o (memset)
c:/altera/13.1/nios2eds/bin/gnu/h-i686-mingw32/bin/../lib/gcc/nios2-elf/4.7.3/../../../../../H-i686-mingw32/nios2-elf/lib\libc.a(lib_a-printf.o)
                              obj/default/drivers/alteraTseEthernetif.o (printf)
c:/altera/13.1/nios2eds/bin/gnu/h-i686-mingw32/bin/../lib/gcc/nios2-elf/4.7.3/../../../../../H-i686-mingw32/nios2-elf/lib\libc.a(lib_a-putc.o)
                              obj/default/main.o (putc)
c:/altera/13.1/nios2eds/bin/gnu/h-i686-mingw32/bin/../lib/gcc/nios2-elf/4.7.3/../../../../../H-i686-mingw32/nios2-elf/lib\libc.a(lib_a-puts.o)
                              obj/default/drivers/httpd.o (puts)
c:/altera/13.1/nios2eds/bin/gnu/h-i686-mingw32/bin/../lib/gcc/nios2-elf/4.7.3/../../../../../H-i686-mingw32/nios2-elf/lib\libc.a(lib_a-strcmp.o)
                              obj/default/drivers/fs.o (strcmp)
c:/altera/13.1/nios2eds/bin/gnu/h-i686-mingw32/bin/../lib/gcc/nios2-elf/4.7.3/../../../../../H-i686-mingw32/nios2-elf/lib\libc.a(lib_a-strlen.o)
                              c:/altera/13.1/nios2eds/bin/gnu/h-i686-mingw32/bin/../lib/gcc/nios2-elf/4.7.3/../../../../../H-i686-mingw32/nios2-elf/lib\libc.a(lib_a-puts.o) (strlen)
c:/altera/13.1/nios2eds/bin/gnu/h-i686-mingw32/bin/../lib/gcc/nios2-elf/4.7.3/../../../../../H-i686-mingw32/nios2-elf/lib\libc.a(lib_a-strncmp.o)
                              obj/default/drivers/httpd.o (strncmp)
c:/altera/13.1/nios2eds/bin/gnu/h-i686-mingw32/bin/../lib/gcc/nios2-elf/4.7.3/../../../../../H-i686-mingw32/nios2-elf/lib\libc.a(lib_a-vfprintf.o)
                              c:/altera/13.1/nios2eds/bin/gnu/h-i686-mingw32/bin/../lib/gcc/nios2-elf/4.7.3/../../../../../H-i686-mingw32/nios2-elf/lib\libc.a(lib_a-printf.o) (___vfprintf_internal_r)
c:/altera/13.1/nios2eds/bin/gnu/h-i686-mingw32/bin/../lib/gcc/nios2-elf/4.7.3/../../../../../H-i686-mingw32/nios2-elf/lib\libc.a(lib_a-wbuf.o)
                              c:/altera/13.1/nios2eds/bin/gnu/h-i686-mingw32/bin/../lib/gcc/nios2-elf/4.7.3/../../../../../H-i686-mingw32/nios2-elf/lib\libc.a(lib_a-putc.o) (__swbuf_r)
c:/altera/13.1/nios2eds/bin/gnu/h-i686-mingw32/bin/../lib/gcc/nios2-elf/4.7.3/../../../../../H-i686-mingw32/nios2-elf/lib\libc.a(lib_a-wsetup.o)
                              c:/altera/13.1/nios2eds/bin/gnu/h-i686-mingw32/bin/../lib/gcc/nios2-elf/4.7.3/../../../../../H-i686-mingw32/nios2-elf/lib\libc.a(lib_a-vfprintf.o) (__swsetup_r)
c:/altera/13.1/nios2eds/bin/gnu/h-i686-mingw32/bin/../lib/gcc/nios2-elf/4.7.3/../../../../../H-i686-mingw32/nios2-elf/lib\libc.a(lib_a-dtoa.o)
                              c:/altera/13.1/nios2eds/bin/gnu/h-i686-mingw32/bin/../lib/gcc/nios2-elf/4.7.3/../../../../../H-i686-mingw32/nios2-elf/lib\libc.a(lib_a-vfprintf.o) (_dtoa_r)
c:/altera/13.1/nios2eds/bin/gnu/h-i686-mingw32/bin/../lib/gcc/nios2-elf/4.7.3/../../../../../H-i686-mingw32/nios2-elf/lib\libc.a(lib_a-fflush.o)
                              c:/altera/13.1/nios2eds/bin/gnu/h-i686-mingw32/bin/../lib/gcc/nios2-elf/4.7.3/../../../../../H-i686-mingw32/nios2-elf/lib\libc.a(lib_a-vfprintf.o) (_fflush_r)
c:/altera/13.1/nios2eds/bin/gnu/h-i686-mingw32/bin/../lib/gcc/nios2-elf/4.7.3/../../../../../H-i686-mingw32/nios2-elf/lib\libc.a(lib_a-findfp.o)
                              c:/altera/13.1/nios2eds/bin/gnu/h-i686-mingw32/bin/../lib/gcc/nios2-elf/4.7.3/../../../../../H-i686-mingw32/nios2-elf/lib\libc.a(lib_a-putc.o) (__sinit)
c:/altera/13.1/nios2eds/bin/gnu/h-i686-mingw32/bin/../lib/gcc/nios2-elf/4.7.3/../../../../../H-i686-mingw32/nios2-elf/lib\libc.a(lib_a-freer.o)
                              c:/altera/13.1/nios2eds/bin/gnu/h-i686-mingw32/bin/../lib/gcc/nios2-elf/4.7.3/../../../../../H-i686-mingw32/nios2-elf/lib\libc.a(lib_a-wsetup.o) (_free_r)
c:/altera/13.1/nios2eds/bin/gnu/h-i686-mingw32/bin/../lib/gcc/nios2-elf/4.7.3/../../../../../H-i686-mingw32/nios2-elf/lib\libc.a(lib_a-fvwrite.o)
                              c:/altera/13.1/nios2eds/bin/gnu/h-i686-mingw32/bin/../lib/gcc/nios2-elf/4.7.3/../../../../../H-i686-mingw32/nios2-elf/lib\libc.a(lib_a-puts.o) (__sfvwrite_r)
c:/altera/13.1/nios2eds/bin/gnu/h-i686-mingw32/bin/../lib/gcc/nios2-elf/4.7.3/../../../../../H-i686-mingw32/nios2-elf/lib\libc.a(lib_a-fwalk.o)
[...]
Memory Configuration

Name             Origin             Length             Attributes
sdram_BEFORE_EXCEPTION 0x00000000         0x00000020
sdram            0x00000020         0x01ffffe0
descriptor_memory 0x02001000         0x00001000
cfi_flash        0x04000000         0x00800000
reset            0x05000000         0x00000020
sram             0x05000020         0x001fffe0
onchip_memory2   0x0a000000         0x00020000
*default*        0x00000000         0xffffffff

Linker script and memory map

LOAD C:/Users/adwinying/Desktop/lwIP_NIOS_II_Example_bsp//obj/HAL/src/crt0.o
LOAD obj/default/drivers/alteraTseEthernetif.o
LOAD obj/default/drivers/fs.o
LOAD obj/default/drivers/fsdata.o
LOAD obj/default/drivers/httpd.o
LOAD obj/default/drivers/lwip_tse_mac.o
LOAD obj/default/lwip/src/api/api_lib.o
LOAD obj/default/lwip/src/api/api_msg.o
LOAD obj/default/lwip/src/api/err.o
LOAD obj/default/lwip/src/api/netbuf.o
LOAD obj/default/lwip/src/api/netdb.o
LOAD obj/default/lwip/src/api/netifapi.o
LOAD obj/default/lwip/src/api/sockets.o
LOAD obj/default/lwip/src/api/tcpip.o
LOAD obj/default/lwip/src/core/dhcp.o
LOAD obj/default/lwip/src/core/dns.o
LOAD obj/default/lwip/src/core/init.o
LOAD obj/default/lwip/src/core/ipv4/autoip.o
LOAD obj/default/lwip/src/core/ipv4/icmp.o
LOAD obj/default/lwip/src/core/ipv4/igmp.o
LOAD obj/default/lwip/src/core/ipv4/inet.o
LOAD obj/default/lwip/src/core/ipv4/inet_chksum.o
LOAD obj/default/lwip/src/core/ipv4/ip.o
LOAD obj/default/lwip/src/core/ipv4/ip_addr.o
LOAD obj/default/lwip/src/core/ipv4/ip_frag.o
LOAD obj/default/lwip/src/core/mem.o
LOAD obj/default/lwip/src/core/memp.o
LOAD obj/default/lwip/src/core/netif.o
LOAD obj/default/lwip/src/core/pbuf.o
LOAD obj/default/lwip/src/core/raw.o
LOAD obj/default/lwip/src/core/snmp/asn1_dec.o
LOAD obj/default/lwip/src/core/snmp/asn1_enc.o
LOAD obj/default/lwip/src/core/snmp/mib2.o
LOAD obj/default/lwip/src/core/snmp/mib_structs.o
LOAD obj/default/lwip/src/core/snmp/msg_in.o
LOAD obj/default/lwip/src/core/snmp/msg_out.o
LOAD obj/default/lwip/src/core/stats.o
LOAD obj/default/lwip/src/core/sys.o
LOAD obj/default/lwip/src/core/tcp.o
LOAD obj/default/lwip/src/core/tcp_in.o
LOAD obj/default/lwip/src/core/tcp_out.o
LOAD obj/default/lwip/src/core/udp.o
LOAD obj/default/lwip/src/netif/etharp.o
LOAD obj/default/lwip/src/netif/ethernetif.o
LOAD obj/default/lwip/src/netif/loopif.o
LOAD obj/default/lwip/src/netif/ppp/auth.o
LOAD obj/default/lwip/src/netif/ppp/chap.o
LOAD obj/default/lwip/src/netif/ppp/chpms.o
LOAD obj/default/lwip/src/netif/ppp/fsm.o
LOAD obj/default/lwip/src/netif/ppp/ipcp.o
LOAD obj/default/lwip/src/netif/ppp/lcp.o
LOAD obj/default/lwip/src/netif/ppp/magic.o
LOAD obj/default/lwip/src/netif/ppp/md5.o
LOAD obj/default/lwip/src/netif/ppp/pap.o
LOAD obj/default/lwip/src/netif/ppp/ppp.o
LOAD obj/default/lwip/src/netif/ppp/ppp_oe.o
LOAD obj/default/lwip/src/netif/ppp/randm.o
LOAD obj/default/lwip/src/netif/ppp/vj.o
LOAD obj/default/lwip/src/netif/slipif.o
LOAD obj/default/main.o
LOAD c:/altera/13.1/nios2eds/bin/gnu/h-i686-mingw32/bin/../lib/gcc/nios2-elf/4.7.3/../../../../../H-i686-mingw32/nios2-elf/lib\libstdc++.a
LOAD c:/altera/13.1/nios2eds/bin/gnu/h-i686-mingw32/bin/../lib/gcc/nios2-elf/4.7.3/../../../../../H-i686-mingw32/nios2-elf/lib\libm.a
LOAD c:/altera/13.1/nios2eds/bin/gnu/h-i686-mingw32/bin/../lib/gcc/nios2-elf/4.7.3\libgcc.a
START GROUP
LOAD c:/altera/13.1/nios2eds/bin/gnu/h-i686-mingw32/bin/../lib/gcc/nios2-elf/4.7.3/../../../../../H-i686-mingw32/nios2-elf/lib\libc.a
LOAD c:/altera/13.1/nios2eds/bin/gnu/h-i686-mingw32/bin/../lib/gcc/nios2-elf/4.7.3\libgcc.a
LOAD C:/Users/adwinying/Desktop/lwIP_NIOS_II_Example_bsp/\libhal_bsp.a
END GROUP
LOAD c:/altera/13.1/nios2eds/bin/gnu/h-i686-mingw32/bin/../lib/gcc/nios2-elf/4.7.3\libgcc.a
                0x00000000                __alt_mem_sdram = 0x0
                0x02001000                __alt_mem_descriptor_memory = 0x2001000
                0x04000000                __alt_mem_cfi_flash = 0x4000000
                0x05000000                __alt_mem_sram = 0x5000000
                0x0a000000                __alt_mem_onchip_memory2 = 0xa000000

.entry          0x05000000       0x20
 *(.entry)
 .entry         0x05000000       0x20 C:/Users/adwinying/Desktop/lwIP_NIOS_II_Example_bsp//obj/HAL/src/crt0.o
                0x05000000                __reset

.exceptions     0x00000020        0x0
                0x00000020                PROVIDE (__ram_exceptions_start, ABSOLUTE (.))
                0x00000020                . = ALIGN (0x20)
 *(.irq)
 *(.exceptions.entry.label)
 *(.exceptions.entry.user)
 *(.exceptions.entry.ecc_fatal)
 *(.exceptions.entry)
 *(.exceptions.irqtest.user)
 *(.exceptions.irqtest)
 *(.exceptions.irqhandler.user)
 *(.exceptions.irqhandler)
 *(.exceptions.irqreturn.user)
 *(.exceptions.irqreturn)
 *(.exceptions.notirq.label)
 *(.exceptions.notirq.user)
 *(.exceptions.notirq)
 *(.exceptions.soft.user)
 *(.exceptions.soft)
 *(.exceptions.unknown.user)
 *(.exceptions.unknown)
 *(.exceptions.exit.label)
 *(.exceptions.exit.user)
 *(.exceptions.exit)
 *(.exceptions)
                0x00000020                PROVIDE (__ram_exceptions_end, ABSOLUTE (.))
                0x00000020                PROVIDE (__flash_exceptions_start, LOADADDR (.exceptions))

.text           0x00000020    0x2c29c
                0x00000020                PROVIDE (stext, ABSOLUTE (.))
 *(.interp)
 *(.hash)
 *(.dynsym)
 *(.dynstr)
 *(.gnu.version)
 *(.gnu.version_d)
 *(.gnu.version_r)
 *(.rel.init)
 *(.rela.init)
 *(.rel.text .rel.text.* .rel.gnu.linkonce.t.*)
 *(.rela.text .rela.text.* .rela.gnu.linkonce.t.*)
 *(.rel.fini)
 *(.rela.fini)
 *(.rel.rodata .rel.rodata.* .rel.gnu.linkonce.r.*)
 *(.rela.rodata .rela.rodata.* .rela.gnu.linkonce.r.*)
 *(.rel.data .rel.data.* .rel.gnu.linkonce.d.*)
 *(.rela.data .rela.data.* .rela.gnu.linkonce.d.*)
 *(.rel.tdata .rel.tdata.* .rel.gnu.linkonce.td.*)
 *(.rela.tdata .rela.tdata.* .rela.gnu.linkonce.td.*)
 *(.rel.tbss .rel.tbss.* .rel.gnu.linkonce.tb.*)
 *(.rela.tbss .rela.tbss.* .rela.gnu.linkonce.tb.*)
 *(.rel.ctors)
 *(.rela.ctors)
 *(.rel.dtors)
 *(.rela.dtors)
 *(.rel.got)
 *(.rela.got)
 *(.rel.sdata .rel.sdata.* .rel.gnu.linkonce.s.*)
 *(.rela.sdata .rela.sdata.* .rela.gnu.linkonce.s.*)
 *(.rel.sbss .rel.sbss.* .rel.gnu.linkonce.sb.*)
 *(.rela.sbss .rela.sbss.* .rela.gnu.linkonce.sb.*)
 *(.rel.sdata2 .rel.sdata2.* .rel.gnu.linkonce.s2.*)
 *(.rela.sdata2 .rela.sdata2.* .rela.gnu.linkonce.s2.*)
 *(.rel.sbss2 .rel.sbss2.* .rel.gnu.linkonce.sb2.*)
 *(.rela.sbss2 .rela.sbss2.* .rela.gnu.linkonce.sb2.*)
 *(.rel.bss .rel.bss.* .rel.gnu.linkonce.b.*)
 *(.rela.bss .rela.bss.* .rela.gnu.linkonce.b.*)
 *(.rel.plt)
 *(.rela.plt)
 *(.rel.dyn)
 *(.init)
 *(.plt)
 *(.text .stub .text.* .gnu.linkonce.t.*)
 .text          0x00000020       0x7c C:/Users/adwinying/Desktop/lwIP_NIOS_II_Example_bsp//obj/HAL/src/crt0.o
                0x00000020                _start
 .text          0x0000009c      0x4f4 obj/default/drivers/alteraTseEthernetif.o
                0x00000334                ethernetif_input
                0x00000418                ethernetif_init
 .text          0x00000590       0x94 obj/default/drivers/fs.o
                0x00000590                fs_open
 .text          0x00000624        0x0 obj/default/drivers/fsdata.o
 .text          0x00000624      0x654 obj/default/drivers/httpd.o
                0x00000c0c                httpd_init
 .text          0x00000c78      0xbfc obj/default/drivers/lwip_tse_mac.o
                0x00000c78                tse_mac_init
                0x00001430                tse_sgdma_read_init
                0x000014d8                tse_sgdmaRx_isr
                0x0000156c                tse_mac_raw_send
                0x000016dc                tse_mac_rcv
 .text          0x00001874        0x0 obj/default/lwip/src/api/api_lib.o
 .text          0x00001874        0x0 obj/default/lwip/src/api/api_msg.o
 .text          0x00001874        0x0 obj/default/lwip/src/api/err.o
 .text          0x00001874        0x0 obj/default/lwip/src/api/netbuf.o
 .text          0x00001874        0x0 obj/default/lwip/src/api/netdb.o
 .text          0x00001874        0x0 obj/default/lwip/src/api/netifapi.o
 .text          0x00001874        0x0 obj/default/lwip/src/api/sockets.o
 .text          0x00001874        0x0 obj/default/lwip/src/api/tcpip.o
 .text          0x00001874     0x3420 obj/default/lwip/src/core/dhcp.o
                0x00001cf4                dhcp_coarse_tmr
                0x00001da8                dhcp_fine_tmr
                0x00002500                dhcp_start
                0x00002744                dhcp_inform
                0x000028d8                dhcp_network_changed
                0x0000298c                dhcp_arp_reply
                0x00003140                dhcp_renew
                0x000035c0                dhcp_release
                0x0000379c                dhcp_stop
 .text          0x00004c94        0x0 obj/default/lwip/src/core/dns.o
 .text          0x00004c94       0x2c obj/default/lwip/src/core/init.o
                0x00004c94                lwip_init
 .text          0x00004cc0        0x0 obj/default/lwip/src/core/ipv4/autoip.o
 .text          0x00004cc0      0x804 obj/default/lwip/src/core/ipv4/icmp.o
                0x00004cc0                icmp_input
                0x000052cc                icmp_dest_unreach
                0x00005310                icmp_time_exceeded
 .text          0x000054c4        0x0 obj/default/lwip/src/core/ipv4/igmp.o
 .text          0x000054c4      0x594 obj/default/lwip/src/core/ipv4/inet.o
                0x000054c4                inet_addr
                0x00005508                inet_aton
                0x00005900                inet_ntoa
 .text          0x00005a58      0x49c obj/default/lwip/src/core/ipv4/inet_chksum.o
                0x00005b84                inet_chksum_pseudo
                0x00005da4                inet_chksum
                0x00005de8                inet_chksum_pbuf
 .text          0x00005ef4      0xc14 obj/default/lwip/src/core/ipv4/ip.o
                0x00005ef4                ip_route
                0x00005ff0                ip_input
                0x000065b8                ip_output_if
                0x00006a54                ip_output
 .text          0x00006b08       0xf0 obj/default/lwip/src/core/ipv4/ip_addr.o
                0x00006b08                ip_addr_isbroadcast
 .text          0x00006bf8     0x12ec obj/default/lwip/src/core/ipv4/ip_frag.o
                0x00006bf8                ip_reass_tmr
                0x000076c0                ip_reass
                0x00007be0                ip_frag
 .text          0x00007ee4      0xba8 obj/default/lwip/src/core/mem.o
                0x000080dc                mem_init
                0x00008184                mem_free
                0x00008304                mem_realloc
                0x00008628                mem_malloc
                0x00008a14                mem_calloc
 .text          0x00008a8c      0x490 obj/default/lwip/src/core/memp.o
                0x00008a8c                memp_init
                0x00008c48                memp_malloc
                0x00008e24                memp_free
 .text          0x00008f1c      0x5ec obj/default/lwip/src/core/netif.o
                0x00008f1c                netif_add
                0x00008ff4                netif_set_addr
                0x0000904c                netif_remove
                0x00009108                netif_find
                0x000091e8                netif_set_ipaddr
                0x00009340                netif_set_gw
                0x00009390                netif_set_netmask
                0x000093e0                netif_set_default
                0x00009408                netif_set_up
                0x00009484                netif_set_down
                0x000094d4                netif_is_up
 .text          0x00009508     0x1590 obj/default/lwip/src/core/pbuf.o
                0x00009508                pbuf_alloc
                0x00009a48                pbuf_realloc
                0x00009ccc                pbuf_header
                0x00009ec4                pbuf_free
                0x0000a090                pbuf_clen
                0x0000a0dc                pbuf_ref
                0x0000a11c                pbuf_cat
                0x0000a25c                pbuf_chain
                0x0000a29c                pbuf_dechain
                0x0000a3c8                pbuf_copy
                0x0000a68c                pbuf_copy_partial
                0x0000a828                pbuf_take
                0x0000a9e0                pbuf_coalesce
 .text          0x0000aa98      0x4f0 obj/default/lwip/src/core/raw.o
                0x0000aa98                raw_input
                0x0000abc8                raw_bind
                0x0000ac1c                raw_connect
                0x0000ac70                raw_recv
                0x0000acb0                raw_sendto
                0x0000ae28                raw_send
                0x0000ae6c                raw_remove
                0x0000af08                raw_new
 .text          0x0000af88        0x0 obj/default/lwip/src/core/snmp/asn1_dec.o
 .text          0x0000af88        0x0 obj/default/lwip/src/core/snmp/asn1_enc.o
 .text          0x0000af88        0x0 obj/default/lwip/src/core/snmp/mib2.o
 .text          0x0000af88        0x0 obj/default/lwip/src/core/snmp/mib_structs.o
 .text          0x0000af88        0x0 obj/default/lwip/src/core/snmp/msg_in.o
 .text          0x0000af88        0x0 obj/default/lwip/src/core/snmp/msg_out.o
 .text          0x0000af88        0x0 obj/default/lwip/src/core/stats.o
 .text          0x0000af88        0x0 obj/default/lwip/src/core/sys.o
 .text          0x0000af88     0x20e0 obj/default/lwip/src/core/tcp.o
                0x0000af88                tcp_tmr
                0x0000afd0                tcp_close
                0x0000b1c0                tcp_abandon
                0x0000b354                tcp_bind
                0x0000b660                tcp_listen_with_backlog
                0x0000b824                tcp_update_rcv_ann_wnd
                0x0000b910                tcp_recved
                0x0000bafc                tcp_connect
                0x0000bd44                tcp_slowtmr
                0x0000c560                tcp_fasttmr
                0x0000c670                tcp_segs_free
                0x0000c6d4                tcp_seg_free
                0x0000c738                tcp_setprio
                0x0000c76c                tcp_seg_copy
                0x0000c7d4                tcp_recv_null
                0x0000c9bc                tcp_alloc
                0x0000cb9c                tcp_new
                0x0000cbc8                tcp_arg
                0x0000cbf8                tcp_recv
                0x0000cc28                tcp_sent
                0x0000cc58                tcp_err
                0x0000cc88                tcp_accept
                0x0000ccb8                tcp_poll
                0x0000ccfc                tcp_pcb_purge
                0x0000cdd0                tcp_pcb_remove
                0x0000cf78                tcp_next_iss
                0x0000cfa8                tcp_eff_send_mss
                0x0000d02c                tcp_debug_state_str
 .text          0x0000d068     0x3ce4 obj/default/lwip/src/core/tcp_in.o
                0x0000d068                tcp_input
 .text          0x00010d4c     0x286c obj/default/lwip/src/core/tcp_out.o
                0x00010fd4                tcp_send_ctrl
                0x00011028                tcp_write
                0x000110e0                tcp_enqueue
                0x00011e2c                tcp_send_empty_ack
                0x00011f88                tcp_output
                0x00012bac                tcp_rst
                0x00012e50                tcp_rexmit_rto
                0x00012f04                tcp_rexmit
                0x000130d8                tcp_rexmit_fast
                0x000131fc                tcp_keepalive
                0x00013380                tcp_zero_window_probe
 .text          0x000135b8      0xe24 obj/default/lwip/src/core/udp.o
                0x000135b8                udp_input
                0x00013bfc                udp_send
                0x00013c50                udp_sendto
                0x00013ce4                udp_sendto_if
                0x00013fc4                udp_bind
                0x0001412c                udp_connect
                0x00014240                udp_disconnect
                0x000142a8                udp_recv
                0x000142e8                udp_remove
                0x00014384                udp_new
 .text          0x000143dc     0x1b20 obj/default/lwip/src/netif/etharp.o
                0x000144c8                etharp_tmr
                0x00014e90                etharp_find_addr
                0x00014f4c                etharp_ip_input
                0x0001501c                etharp_arp_input
                0x0001541c                etharp_output
                0x0001568c                etharp_query
                0x00015d48                etharp_request
                0x00015dbc                ethernet_input
 .text          0x00015efc        0x0 obj/default/lwip/src/netif/ethernetif.o
 .text          0x00015efc        0x0 obj/default/lwip/src/netif/loopif.o
 .text          0x00015efc        0x0 obj/default/lwip/src/netif/ppp/auth.o
 .text          0x00015efc        0x0 obj/default/lwip/src/netif/ppp/chap.o
 .text          0x00015efc        0x0 obj/default/lwip/src/netif/ppp/chpms.o
 .text          0x00015efc        0x0 obj/default/lwip/src/netif/ppp/fsm.o
 .text          0x00015efc        0x0 obj/default/lwip/src/netif/ppp/ipcp.o
 .text          0x00015efc        0x0 obj/default/lwip/src/netif/ppp/lcp.o
 .text          0x00015efc        0x0 obj/default/lwip/src/netif/ppp/magic.o
 .text          0x00015efc        0x0 obj/default/lwip/src/netif/ppp/md5.o
 .text          0x00015efc        0x0 obj/default/lwip/src/netif/ppp/pap.o
 .text          0x00015efc        0x0 obj/default/lwip/src/netif/ppp/ppp.o
 .text          0x00015efc        0x0 obj/default/lwip/src/netif/ppp/ppp_oe.o
 .text          0x00015efc        0x0 obj/default/lwip/src/netif/ppp/randm.o
 .text          0x00015efc        0x0 obj/default/lwip/src/netif/ppp/vj.o
 .text          0x00015efc        0x0 obj/default/lwip/src/netif/slipif.o
 .text          0x00015efc      0x320 obj/default/main.o
                0x00015efc                lwipAlarmCallback
                0x00015f28                main
                0x00016158                lwipProcessTimers
 .text          0x0001621c        0x0 c:/altera/13.1/nios2eds/bin/gnu/h-i686-mingw32/bin/../lib/gcc/nios2-elf/4.7.3/../../../../../H-i686-mingw32/nios2-elf/lib\libc.a(lib_a-impure.o)
 .text          0x0001621c       0xf8 c:/altera/13.1/nios2eds/bin/gnu/h-i686-mingw32/bin/../lib/gcc/nios2-elf/4.7.3/../../../../../H-i686-mingw32/nios2-elf/lib\libc.a(lib_a-memcpy.o)
                0x0001621c                memcpy
 .text          0x00016314       0xdc c:/altera/13.1/nios2eds/bin/gnu/h-i686-mingw32/bin/../lib/gcc/nios2-elf/4.7.3/../../../../../H-i686-mingw32/nios2-elf/lib\libc.a(lib_a-memset.o)
                0x00016314                memset
 .text          0x000163f0       0x68 c:/altera/13.1/nios2eds/bin/gnu/h-i686-mingw32/bin/../lib/gcc/nios2-elf/4.7.3/../../../../../H-i686-mingw32/nios2-elf/lib\libc.a(lib_a-printf.o)
                0x000163f0                _printf_r
                0x0001641c                printf
 .text          0x00016458      0x1ac c:/altera/13.1/nios2eds/bin/gnu/h-i686-mingw32/bin/../lib/gcc/nios2-elf/4.7.3/../../../../../H-i686-mingw32/nios2-elf/lib\libc.a(lib_a-putc.o)
                0x00016458                _putc_r
                0x00016514                putc
 .text          0x00016604       0x98 c:/altera/13.1/nios2eds/bin/gnu/h-i686-mingw32/bin/../lib/gcc/nios2-elf/4.7.3/../../../../../H-i686-mingw32/nios2-elf/lib\libc.a(lib_a-puts.o)
                0x00016604                _puts_r
                0x00016688                puts
 .text          0x0001669c       0xa4 c:/altera/13.1/nios2eds/bin/gnu/h-i686-mingw32/bin/../lib/gcc/nios2-elf/4.7.3/../../../../../H-i686-mingw32/nios2-elf/lib\libc.a(lib_a-strcmp.o)
                0x0001669c                strcmp
 .text          0x00016740       0x8c c:/altera/13.1/nios2eds/bin/gnu/h-i686-mingw32/bin/../lib/gcc/nios2-elf/4.7.3/../../../../../H-i686-mingw32/nios2-elf/lib\libc.a(lib_a-strlen.o)
                0x00016740                strlen
 .text          0x000167cc       0xfc c:/altera/13.1/nios2eds/bin/gnu/h-i686-mingw32/bin/../lib/gcc/nios2-elf/4.7.3/../../../../../H-i686-mingw32/nios2-elf/lib\libc.a(lib_a-strncmp.o)
                0x000167cc                strncmp
 .text          0x000168c8     0x1e50 c:/altera/13.1/nios2eds/bin/gnu/h-i686-mingw32/bin/../lib/gcc/nios2-elf/4.7.3/../../../../../H-i686-mingw32/nios2-elf/lib\libc.a(lib_a-vfprintf.o)
                0x000168fc                ___vfprintf_internal_r
                0x000186f4                __vfprintf_internal
 .text          0x00018718      0x158 c:/altera/13.1/nios2eds/bin/gnu/h-i686-mingw32/bin/../lib/gcc/nios2-elf/4.7.3/../../../../../H-i686-mingw32/nios2-elf/lib\libc.a(lib_a-wbuf.o)
                0x00018718                __swbuf_r
                0x00018854                __swbuf
 .text          0x00018870      0x174 c:/altera/13.1/nios2eds/bin/gnu/h-i686-mingw32/bin/../lib/gcc/nios2-elf/4.7.3/../../../../../H-i686-mingw32/nios2-elf/lib\libc.a(lib_a-wsetup.o)
                0x00018870                __swsetup_r
 .text          0x000189e4     0x1824 c:/altera/13.1/nios2eds/bin/gnu/h-i686-mingw32/bin/../lib/gcc/nios2-elf/4.7.3/../../../../../H-i686-mingw32/nios2-elf/lib\libc.a(lib_a-dtoa.o)
                0x00018bec                _dtoa_r
 .text          0x0001a208      0x218 c:/altera/13.1/nios2eds/bin/gnu/h-i686-mingw32/bin/../lib/gcc/nios2-elf/4.7.3/../../../../../H-i686-mingw32/nios2-elf/lib\libc.a(lib_a-fflush.o)
                0x0001a208                _fflush_r
                0x0001a3f0                fflush
 .text          0x0001a420      0x2d8 c:/altera/13.1/nios2eds/bin/gnu/h-i686-mingw32/bin/../lib/gcc/nios2-elf/4.7.3/../../../../../H-i686-mingw32/nios2-elf/lib\libc.a(lib_a-findfp.o)
                0x0001a430                _cleanup_r
                0x0001a43c                __sfmoreglue
                0x0001a4a0                _cleanup
                0x0001a4b0                __sinit
                0x0001a5bc                __sfp
                0x0001a6b8                __sfp_lock_acquire
                0x0001a6bc                __sfp_lock_release
                0x0001a6c0                __sinit_lock_acquire
                0x0001a6c4                __sinit_lock_release
                0x0001a6c8                __fp_lock_all
                0x0001a6e0                __fp_unlock_all
 .text          0x0001a6f8      0x40c c:/altera/13.1/nios2eds/bin/gnu/h-i686-mingw32/bin/../lib/gcc/nios2-elf/4.7.3/../../../../../H-i686-mingw32/nios2-elf/lib\libc.a(lib_a-freer.o)
                0x0001a6f8                _malloc_trim_r
                0x0001a834                _free_r
 .text          0x0001ab04      0x4e4 c:/altera/13.1/nios2eds/bin/gnu/h-i686-mingw32/bin/../lib/gcc/nios2-elf/4.7.3/../../../../../H-i686-mingw32/nios2-elf/lib\libc.a(lib_a-fvwrite.o)
                0x0001ab04                __sfvwrite_r
 .text          0x0001afe8      0x160 c:/altera/13.1/nios2eds/bin/gnu/h-i686-mingw32/bin/../lib/gcc/nios2-elf/4.7.3/../../../../../H-i686-mingw32/nios2-elf/lib\libc.a(lib_a-fwalk.o)
                0x0001afe8                _fwalk
                0x0001b090                _fwalk_reent
 .text          0x0001b148       0xdc c:/altera/13.1/nios2eds/bin/gnu/h-i686-mingw32/bin/../lib/gcc/nios2-elf/4.7.3/../../../../../H-i686-mingw32/nios2-elf/lib\libc.a(lib_a-locale.o)
                0x0001b148                _setlocale_r
                0x0001b1e4                __locale_charset
                0x0001b1f0                _localeconv_r
                0x0001b1fc                setlocale
                0x0001b218                localeconv
 .text          0x0001b224      0x1a8 c:/altera/13.1/nios2eds/bin/gnu/h-i686-mingw32/bin/../lib/gcc/nios2-elf/4.7.3/../../../../../H-i686-mingw32/nios2-elf/lib\libc.a(lib_a-makebuf.o)
                0x0001b224                __smakebuf_r
 .text          0x0001b3cc      0x784 c:/altera/13.1/nios2eds/bin/gnu/h-i686-mingw32/bin/../lib/gcc/nios2-elf/4.7.3/../../../../../H-i686-mingw32/nios2-elf/lib\libc.a(lib_a-mallocr.o)
                0x0001b3cc                _malloc_r
 .text          0x0001bb50       0xf8 c:/altera/13.1/nios2eds/bin/gnu/h-i686-mingw32/bin/../lib/gcc/nios2-elf/4.7.3/../../../../../H-i686-mingw32/nios2-elf/lib\libc.a(lib_a-memchr.o)
                0x0001bb50                memchr
 .text          0x0001bc48      0x128 c:/altera/13.1/nios2eds/bin/gnu/h-i686-mingw32/bin/../lib/gcc/nios2-elf/4.7.3/../../../../../H-i686-mingw32/nios2-elf/lib\libc.a(lib_a-memmove.o)
                0x0001bc48                memmove
 .text          0x0001bd70      0xfa8 c:/altera/13.1/nios2eds/bin/gnu/h-i686-mingw32/bin/../lib/gcc/nios2-elf/4.7.3/../../../../../H-i686-mingw32/nios2-elf/lib\libc.a(lib_a-mprec.o)
                0x0001bd70                _Balloc
                0x0001be18                _Bfree
                0x0001be40                __multadd
                0x0001bf54                __s2b
                0x0001c058                __hi0bits
                0x0001c0c0                __lo0bits
                0x0001c170                __i2b
                0x0001c1ac                __multiply
                0x0001c38c                __pow5mult
                0x0001c4b8                __lshift
                0x0001c614                __mcmp
                0x0001c66c                __mdiff
                0x0001c814                __ulp
                0x0001c874                __b2d
                0x0001c9bc                __d2b
                0x0001cb00                __ratio
                0x0001cba4                _mprec_log10
                0x0001cc18                __copybits
                0x0001cc94                __any_on
 .text          0x0001cd18      0x5fc c:/altera/13.1/nios2eds/bin/gnu/h-i686-mingw32/bin/../lib/gcc/nios2-elf/4.7.3/../../../../../H-i686-mingw32/nios2-elf/lib\libc.a(lib_a-reallocr.o)
                0x0001cd18                _realloc_r
 .text          0x0001d314       0x38 c:/altera/13.1/nios2eds/bin/gnu/h-i686-mingw32/bin/../lib/gcc/nios2-elf/4.7.3/../../../../../H-i686-mingw32/nios2-elf/lib\libc.a(lib_a-s_isinfd.o)
                0x0001d314                __isinfd
 .text          0x0001d34c       0x2c c:/altera/13.1/nios2eds/bin/gnu/h-i686-mingw32/bin/../lib/gcc/nios2-elf/4.7.3/../../../../../H-i686-mingw32/nios2-elf/lib\libc.a(lib_a-s_isnand.o)
                0x0001d34c                __isnand
 .text          0x0001d378       0x64 c:/altera/13.1/nios2eds/bin/gnu/h-i686-mingw32/bin/../lib/gcc/nios2-elf/4.7.3/../../../../../H-i686-mingw32/nios2-elf/lib\libc.a(lib_a-sbrkr.o)
                0x0001d378                _sbrk_r
 .text          0x0001d3dc      0x140 c:/altera/13.1/nios2eds/bin/gnu/h-i686-mingw32/bin/../lib/gcc/nios2-elf/4.7.3/../../../../../H-i686-mingw32/nios2-elf/lib\libc.a(lib_a-stdio.o)
                0x0001d3dc                __sread
                0x0001d430                __swrite
                0x0001d4b8                __sseek
                0x0001d514                __sclose
 .text          0x0001d51c       0x6c c:/altera/13.1/nios2eds/bin/gnu/h-i686-mingw32/bin/../lib/gcc/nios2-elf/4.7.3/../../../../../H-i686-mingw32/nios2-elf/lib\libc.a(lib_a-writer.o)
                0x0001d51c                _write_r
 .text          0x0001d588       0xbc c:/altera/13.1/nios2eds/bin/gnu/h-i686-mingw32/bin/../lib/gcc/nios2-elf/4.7.3/../../../../../H-i686-mingw32/nios2-elf/lib\libc.a(lib_a-callocr.o)
                0x0001d588                _calloc_r
 .text          0x0001d644       0x64 c:/altera/13.1/nios2eds/bin/gnu/h-i686-mingw32/bin/../lib/gcc/nios2-elf/4.7.3/../../../../../H-i686-mingw32/nios2-elf/lib\libc.a(lib_a-closer.o)
                0x0001d644                _close_r
 .text          0x0001d6a8      0x150 c:/altera/13.1/nios2eds/bin/gnu/h-i686-mingw32/bin/../lib/gcc/nios2-elf/4.7.3/../../../../../H-i686-mingw32/nios2-elf/lib\libc.a(lib_a-fclose.o)
                0x0001d6a8                _fclose_r
                0x0001d7e4                fclose
 .text          0x0001d7f8       0x68 c:/altera/13.1/nios2eds/bin/gnu/h-i686-mingw32/bin/../lib/gcc/nios2-elf/4.7.3/../../../../../H-i686-mingw32/nios2-elf/lib\libc.a(lib_a-fstatr.o)
                0x0001d7f8                _fstat_r
 .text          0x0001d860        0x0 c:/altera/13.1/nios2eds/bin/gnu/h-i686-mingw32/bin/../lib/gcc/nios2-elf/4.7.3/../../../../../H-i686-mingw32/nios2-elf/lib\libc.a(lib_a-int_errno.o)
 .text          0x0001d860       0x64 c:/altera/13.1/nios2eds/bin/gnu/h-i686-mingw32/bin/../lib/gcc/nios2-elf/4.7.3/../../../../../H-i686-mingw32/nios2-elf/lib\libc.a(lib_a-isattyr.o)
                0x0001d860                _isatty_r
 .text          0x0001d8c4       0x6c c:/altera/13.1/nios2eds/bin/gnu/h-i686-mingw32/bin/../lib/gcc/nios2-elf/4.7.3/../../../../../H-i686-mingw32/nios2-elf/lib\libc.a(lib_a-lseekr.o)
                0x0001d8c4                _lseek_r
 .text          0x0001d930       0x6c c:/altera/13.1/nios2eds/bin/gnu/h-i686-mingw32/bin/../lib/gcc/nios2-elf/4.7.3/../../../../../H-i686-mingw32/nios2-elf/lib\libc.a(lib_a-readr.o)
                0x0001d930                _read_r
 .text          0x0001d99c      0x5c8 c:/altera/13.1/nios2eds/bin/gnu/h-i686-mingw32/bin/../lib/gcc/nios2-elf/4.7.3\libgcc.a(_udivdi3.o)
                0x0001d99c                __udivdi3
 .text          0x0001df64      0x58c c:/altera/13.1/nios2eds/bin/gnu/h-i686-mingw32/bin/../lib/gcc/nios2-elf/4.7.3\libgcc.a(_umoddi3.o)
                0x0001df64                __umoddi3
 .text          0x0001e4f0      0x408 c:/altera/13.1/nios2eds/bin/gnu/h-i686-mingw32/bin/../lib/gcc/nios2-elf/4.7.3\libgcc.a(_addsub_df.o)
                0x0001e844                __adddf3
                0x0001e898                __subdf3
 .text          0x0001e8f8      0x2e4 c:/altera/13.1/nios2eds/bin/gnu/h-i686-mingw32/bin/../lib/gcc/nios2-elf/4.7.3\libgcc.a(_mul_df.o)
                0x0001e8f8                __muldf3
 .text          0x0001ebdc      0x1b4 c:/altera/13.1/nios2eds/bin/gnu/h-i686-mingw32/bin/../lib/gcc/nios2-elf/4.7.3\libgcc.a(_div_df.o)
                0x0001ebdc                __divdf3
 .text          0x0001ed90       0x5c c:/altera/13.1/nios2eds/bin/gnu/h-i686-mingw32/bin/../lib/gcc/nios2-elf/4.7.3\libgcc.a(_eq_df.o)
                0x0001ed90                __eqdf2
 .text          0x0001edec       0x5c c:/altera/13.1/nios2eds/bin/gnu/h-i686-mingw32/bin/../lib/gcc/nios2-elf/4.7.3\libgcc.a(_ne_df.o)
                0x0001edec                __nedf2
 .text          0x0001ee48       0x64 c:/altera/13.1/nios2eds/bin/gnu/h-i686-mingw32/bin/../lib/gcc/nios2-elf/4.7.3\libgcc.a(_gt_df.o)
                0x0001ee48                __gtdf2
 .text          0x0001eeac       0x64 c:/altera/13.1/nios2eds/bin/gnu/h-i686-mingw32/bin/../lib/gcc/nios2-elf/4.7.3\libgcc.a(_ge_df.o)
                0x0001eeac                __gedf2
 .text          0x0001ef10       0x5c c:/altera/13.1/nios2eds/bin/gnu/h-i686-mingw32/bin/../lib/gcc/nios2-elf/4.7.3\libgcc.a(_lt_df.o)
                0x0001ef10                __ltdf2
 .text          0x0001ef6c       0xd4 c:/altera/13.1/nios2eds/bin/gnu/h-i686-mingw32/bin/../lib/gcc/nios2-elf/4.7.3\libgcc.a(_si_to_df.o)
                0x0001ef6c                __floatsidf
 .text          0x0001f040       0xd4 c:/altera/13.1/nios2eds/bin/gnu/h-i686-mingw32/bin/../lib/gcc/nios2-elf/4.7.3\libgcc.a(_df_to_si.o)
                0x0001f040                __fixdfsi
 .text          0x0001f114        0x0 c:/altera/13.1/nios2eds/bin/gnu/h-i686-mingw32/bin/../lib/gcc/nios2-elf/4.7.3\libgcc.a(_thenan_df.o)
 .text          0x0001f114      0x11c c:/altera/13.1/nios2eds/bin/gnu/h-i686-mingw32/bin/../lib/gcc/nios2-elf/4.7.3\libgcc.a(_usi_to_df.o)
                0x0001f114                __floatunsidf
 .text          0x0001f230      0x130 c:/altera/13.1/nios2eds/bin/gnu/h-i686-mingw32/bin/../lib/gcc/nios2-elf/4.7.3\libgcc.a(lib2-divmod.o)
                0x0001f2a4                __divsi3
                0x0001f2f4                __modsi3
                0x0001f350                __udivsi3
                0x0001f358                __umodsi3
 .text          0x0001f360       0x60 c:/altera/13.1/nios2eds/bin/gnu/h-i686-mingw32/bin/../lib/gcc/nios2-elf/4.7.3\libgcc.a(_muldi3.o)
                0x0001f360                __muldi3
 .text          0x0001f3c0        0x0 c:/altera/13.1/nios2eds/bin/gnu/h-i686-mingw32/bin/../lib/gcc/nios2-elf/4.7.3\libgcc.a(_clz.o)
 .text          0x0001f3c0       0xac c:/altera/13.1/nios2eds/bin/gnu/h-i686-mingw32/bin/../lib/gcc/nios2-elf/4.7.3\libgcc.a(_clzsi2.o)
                0x0001f3c0                __clzsi2
 .text          0x0001f46c      0x224 c:/altera/13.1/nios2eds/bin/gnu/h-i686-mingw32/bin/../lib/gcc/nios2-elf/4.7.3\libgcc.a(_pack_df.o)
                0x0001f46c                __pack_d
 .text          0x0001f690      0x104 c:/altera/13.1/nios2eds/bin/gnu/h-i686-mingw32/bin/../lib/gcc/nios2-elf/4.7.3\libgcc.a(_unpack_df.o)
                0x0001f690                __unpack_d
 .text          0x0001f794       0xd0 c:/altera/13.1/nios2eds/bin/gnu/h-i686-mingw32/bin/../lib/gcc/nios2-elf/4.7.3\libgcc.a(_fpcmp_parts_df.o)
                0x0001f794                __fpcmp_parts_d
 .text          0x0001f864       0x44 c:/altera/13.1/nios2eds/bin/gnu/h-i686-mingw32/bin/../lib/gcc/nios2-elf/4.7.3\libgcc.a(_lshrdi3.o)
                0x0001f864                __lshrdi3
 .text          0x0001f8a8       0x44 c:/altera/13.1/nios2eds/bin/gnu/h-i686-mingw32/bin/../lib/gcc/nios2-elf/4.7.3\libgcc.a(_ashldi3.o)
                0x0001f8a8                __ashldi3
 .text          0x0001f8ec      0x16c C:/Users/adwinying/Desktop/lwIP_NIOS_II_Example_bsp/\libhal_bsp.a(alt_alarm_start.o)
                0x0001f8ec                alt_alarm_start
 .text          0x0001fa58      0x118 C:/Users/adwinying/Desktop/lwIP_NIOS_II_Example_bsp/\libhal_bsp.a(alt_close.o)
                0x0001faa8                close
 .text          0x0001fb70       0x2c C:/Users/adwinying/Desktop/lwIP_NIOS_II_Example_bsp/\libhal_bsp.a(alt_dev.o)
 .text          0x0001fb9c        0x0 C:/Users/adwinying/Desktop/lwIP_NIOS_II_Example_bsp/\libhal_bsp.a(alt_errno.o)
 .text          0x0001fb9c       0xfc C:/Users/adwinying/Desktop/lwIP_NIOS_II_Example_bsp/\libhal_bsp.a(alt_fstat.o)
                0x0001fbec                fstat
 .text          0x0001fc98       0xf0 C:/Users/adwinying/Desktop/lwIP_NIOS_II_Example_bsp/\libhal_bsp.a(alt_isatty.o)
                0x0001fce8                isatty
 .text          0x0001fd88       0xec C:/Users/adwinying/Desktop/lwIP_NIOS_II_Example_bsp/\libhal_bsp.a(alt_load.o)
                0x0001fdf4                alt_load
 .text          0x0001fe74      0x120 C:/Users/adwinying/Desktop/lwIP_NIOS_II_Example_bsp/\libhal_bsp.a(alt_lseek.o)
                0x0001fec4                lseek
 .text          0x0001ff94       0x78 C:/Users/adwinying/Desktop/lwIP_NIOS_II_Example_bsp/\libhal_bsp.a(alt_main.o)
                0x0001ff94                alt_main
 .text          0x0002000c       0x40 C:/Users/adwinying/Desktop/lwIP_NIOS_II_Example_bsp/\libhal_bsp.a(alt_malloc_lock.o)
                0x0002000c                __malloc_lock
                0x0002002c                __malloc_unlock
 .text          0x0002004c      0x140 C:/Users/adwinying/Desktop/lwIP_NIOS_II_Example_bsp/\libhal_bsp.a(alt_read.o)
                0x0002009c                read
 .text          0x0002018c       0x60 C:/Users/adwinying/Desktop/lwIP_NIOS_II_Example_bsp/\libhal_bsp.a(alt_release_fd.o)
                0x0002018c                alt_release_fd
 .text          0x000201ec       0x40 C:/Users/adwinying/Desktop/lwIP_NIOS_II_Example_bsp/\libhal_bsp.a(alt_remap_uncached.o)
                0x000201ec                alt_remap_uncached
 .text          0x0002022c      0x108 C:/Users/adwinying/Desktop/lwIP_NIOS_II_Example_bsp/\libhal_bsp.a(alt_sbrk.o)
                0x0002022c                sbrk
 .text          0x00020334      0x1c8 C:/Users/adwinying/Desktop/lwIP_NIOS_II_Example_bsp/\libhal_bsp.a(alt_tick.o)
                0x00020334                alt_alarm_stop
                0x000203f8                alt_tick
 .text          0x000204fc       0x58 C:/Users/adwinying/Desktop/lwIP_NIOS_II_Example_bsp/\libhal_bsp.a(alt_uncached_malloc.o)
                0x000204fc                alt_uncached_malloc
 .text          0x00020554       0x30 C:/Users/adwinying/Desktop/lwIP_NIOS_II_Example_bsp/\libhal_bsp.a(alt_usleep.o)
                0x00020554                usleep
 .text          0x00020584      0x13c C:/Users/adwinying/Desktop/lwIP_NIOS_II_Example_bsp/\libhal_bsp.a(alt_write.o)
                0x000205d4                write
 .text          0x000206c0      0x188 C:/Users/adwinying/Desktop/lwIP_NIOS_II_Example_bsp/\libhal_bsp.a(alt_sys_init.o)
                0x000206f8                alt_irq_init
                0x00020738                alt_sys_init
 .text          0x00020848      0x894 C:/Users/adwinying/Desktop/lwIP_NIOS_II_Example_bsp/\libhal_bsp.a(altera_avalon_cfi_flash.o)
                0x00020880                alt_flash_cfi_init
                0x00020910                alt_flash_cfi_write
                0x00020bbc                alt_flash_cfi_get_info
                0x00020c48                alt_flash_cfi_read
                0x00020cac                alt_write_value_to_flash
                0x00020e04                alt_flash_program_block
 .text          0x000210dc     0x1430 C:/Users/adwinying/Desktop/lwIP_NIOS_II_Example_bsp/\libhal_bsp.a(altera_avalon_cfi_flash_table.o)
                0x000210dc                alt_read_query_entry_8bit
                0x00021118                alt_read_query_entry_16bit
                0x00021158                alt_read_query_entry_32bit
                0x00021198                alt_write_flash_command_8bit_device_8bit_mode
                0x000211dc                alt_write_flash_command_16bit_device_8bit_mode
                0x00021250                alt_write_flash_command_32bit_device_8bit_mode
                0x0002129c                alt_write_flash_command_16bit_device_16bit_mode
                0x000212e4                alt_write_flash_command_32bit_device_16bit_mode
                0x00021330                alt_write_flash_command_32bit_device_32bit_mode
                0x0002137c                alt_write_native_8bit
                0x000213b4                alt_write_native_16bit
                0x000213ec                alt_write_native_32bit
                0x00021420                alt_set_flash_width_func
                0x000215e4                alt_set_flash_algorithm_func
                0x00021700                alt_read_cfi_table
                0x00021cc8                alt_read_cfi_width
                0x00022438                alt_check_primary_table
 .text          0x0002250c      0x164 C:/Users/adwinying/Desktop/lwIP_NIOS_II_Example_bsp/\libhal_bsp.a(altera_avalon_jtag_uart_fd.o)
                0x0002250c                altera_avalon_jtag_uart_read_fd
                0x0002256c                altera_avalon_jtag_uart_write_fd
                0x000225cc                altera_avalon_jtag_uart_close_fd
                0x0002261c                altera_avalon_jtag_uart_ioctl_fd
 .text          0x00022670      0x3d0 C:/Users/adwinying/Desktop/lwIP_NIOS_II_Example_bsp/\libhal_bsp.a(altera_avalon_jtag_uart_init.o)
                0x00022670                altera_avalon_jtag_uart_init
                0x000229d8                altera_avalon_jtag_uart_close
 .text          0x00022a40       0xf4 C:/Users/adwinying/Desktop/lwIP_NIOS_II_Example_bsp/\libhal_bsp.a(altera_avalon_jtag_uart_ioctl.o)
                0x00022a40                altera_avalon_jtag_uart_ioctl
 .text          0x00022b34      0x244 C:/Users/adwinying/Desktop/lwIP_NIOS_II_Example_bsp/\libhal_bsp.a(altera_avalon_jtag_uart_read.o)
                0x00022b34                altera_avalon_jtag_uart_read
 .text          0x00022d78      0x250 C:/Users/adwinying/Desktop/lwIP_NIOS_II_Example_bsp/\libhal_bsp.a(altera_avalon_jtag_uart_write.o)
                0x00022d78                altera_avalon_jtag_uart_write
 .text          0x00022fc8      0xe8c C:/Users/adwinying/Desktop/lwIP_NIOS_II_Example_bsp/\libhal_bsp.a(altera_avalon_lcd_16207.o)
                0x0002378c                altera_avalon_lcd_16207_write
                0x00023d1c                altera_avalon_lcd_16207_init
 .text          0x00023e54       0x60 C:/Users/adwinying/Desktop/lwIP_NIOS_II_Example_bsp/\libhal_bsp.a(altera_avalon_lcd_16207_fd.o)
                0x00023e54                altera_avalon_lcd_16207_write_fd
 .text          0x00023eb4      0xd2c C:/Users/adwinying/Desktop/lwIP_NIOS_II_Example_bsp/\libhal_bsp.a(altera_avalon_sgdma.o)
                0x00023f04                alt_avalon_sgdma_do_async_transfer
                0x00024028                alt_avalon_sgdma_do_sync_transfer
                0x00024138                alt_avalon_sgdma_construct_mem_to_mem_desc
                0x000241a8                alt_avalon_sgdma_construct_mem_to_mem_desc_burst
                0x00024228                alt_avalon_sgdma_construct_stream_to_mem_desc
                0x00024284                alt_avalon_sgdma_construct_stream_to_mem_desc_burst
                0x000242f8                alt_avalon_sgdma_construct_mem_to_stream_desc
                0x00024374                alt_avalon_sgdma_construct_mem_to_stream_desc_burst
                0x000243fc                alt_avalon_sgdma_register_callback
                0x0002444c                alt_avalon_sgdma_start
                0x000244a0                alt_avalon_sgdma_stop
                0x000244f8                alt_avalon_sgdma_check_descriptor_status
                0x0002455c                alt_avalon_sgdma_open
                0x000245ac                alt_avalon_sgdma_construct_descriptor
                0x00024634                alt_avalon_sgdma_enable_desc_poll
                0x000246b4                alt_avalon_sgdma_disable_desc_poll
                0x00024714                alt_avalon_sgdma_construct_descriptor_burst
                0x00024b3c                alt_avalon_sgdma_init
 .text          0x00024be0      0x128 C:/Users/adwinying/Desktop/lwIP_NIOS_II_Example_bsp/\libhal_bsp.a(altera_avalon_timer_sc.o)
                0x00024c80                alt_avalon_timer_sc_init
 .text          0x00024d08     0x4fa8 C:/Users/adwinying/Desktop/lwIP_NIOS_II_Example_bsp/\libhal_bsp.a(altera_avalon_tse.o)
                0x00024d08                no_printf
                0x00024d34                tse_mac_initTransInfo2
                0x00024d94                tse_mac_sTxWrite
                0x00024e74                tse_mac_aRxRead
                0x00024f18                tse_mac_SwReset
                0x00024fa0                tse_mac_setMIImode
                0x00024ff4                tse_mac_setGMIImode
                0x00025044                alt_tse_phy_add_profile
                0x00025228                alt_tse_system_add_sys
                0x00025c24                alt_tse_sys_enable_mdio_sharing
                0x00025d88                alt_tse_mac_get_common_speed
                0x00025dc8                alt_tse_mac_set_common_speed
                0x00025e10                alt_tse_get_system_index
                0x00025e7c                alt_tse_get_mac_group_index
                0x00025ef0                alt_tse_get_mac_info_index
                0x00025f70                alt_tse_get_mac_info
                0x00026048                alt_tse_mac_set_speed
                0x00026128                alt_tse_mac_set_duplex
                0x000261b4                getPHYSpeed
                0x00026c28                alt_tse_phy_rd_mdio_addr
                0x00026c70                alt_tse_phy_wr_mdio_addr
                0x00026cc8                alt_tse_phy_wr_mdio_reg
                0x00026df4                alt_tse_phy_rd_mdio_reg
                0x00026ec0                alt_tse_phy_add_profile_default
                0x00027158                alt_tse_phy_print_profile
                0x00027368                alt_tse_mac_group_init
                0x00027a04                alt_tse_mac_get_phy
                0x00027e20                alt_tse_mac_associate_phy
                0x00028060                alt_tse_phy_cfg_pcs
                0x00028188                alt_tse_phy_init
                0x000282a0                alt_tse_phy_restart_an
                0x00028464                alt_tse_phy_check_link
                0x000285c4                alt_tse_phy_get_cap
                0x00028b5c                alt_tse_phy_set_adv_1000
                0x00028d18                alt_tse_phy_set_adv_100
                0x00028f60                alt_tse_phy_set_adv_10
                0x00029108                alt_tse_phy_get_common_speed
                0x00029430                alt_tse_phy_set_common_speed
                0x000298e8                marvell_phy_cfg
                0x00029980                marvell_cfg_gmii
                0x00029a64                marvell_cfg_sgmii
                0x00029b48                marvell_cfg_rgmii
                0x00029c38                DP83848C_link_status_read
 .text          0x00029cb0        0x0 C:/Users/adwinying/Desktop/lwIP_NIOS_II_Example_bsp/\libhal_bsp.a(altera_avalon_tse_system_info.o)
 .text          0x00029cb0      0x110 C:/Users/adwinying/Desktop/lwIP_NIOS_II_Example_bsp/\libhal_bsp.a(altera_avalon_uart_fd.o)
                0x00029cb0                altera_avalon_uart_read_fd
                0x00029d10                altera_avalon_uart_write_fd
                0x00029d70                altera_avalon_uart_close_fd
 .text          0x00029dc0      0x3a8 C:/Users/adwinying/Desktop/lwIP_NIOS_II_Example_bsp/\libhal_bsp.a(altera_avalon_uart_init.o)
                0x00029dc0                altera_avalon_uart_init
                0x0002a114                altera_avalon_uart_close
 .text          0x0002a168      0x2ac C:/Users/adwinying/Desktop/lwIP_NIOS_II_Example_bsp/\libhal_bsp.a(altera_avalon_uart_read.o)
                0x0002a1b8                altera_avalon_uart_read
 .text          0x0002a414      0x250 C:/Users/adwinying/Desktop/lwIP_NIOS_II_Example_bsp/\libhal_bsp.a(altera_avalon_uart_write.o)
                0x0002a464                altera_avalon_uart_write
 .text          0x0002a664      0x200 C:/Users/adwinying/Desktop/lwIP_NIOS_II_Example_bsp/\libhal_bsp.a(altera_vic_0_vector_tbl.o)
                0x0002a664                VIC_0_VECTOR_TABLE
 .text          0x0002a864       0x18 C:/Users/adwinying/Desktop/lwIP_NIOS_II_Example_bsp/\libhal_bsp.a(altera_vic_funnel_non_preemptive.o)
                0x0002a864                alt_shadow_non_preemptive_interrupt
 .text          0x0002a87c      0x13c C:/Users/adwinying/Desktop/lwIP_NIOS_II_Example_bsp/\libhal_bsp.a(altera_vic_irq_init.o)
                0x0002a87c                alt_vic_irq_init
 .text          0x0002a9b8      0x158 C:/Users/adwinying/Desktop/lwIP_NIOS_II_Example_bsp/\libhal_bsp.a(altera_vic_isr_register.o)
                0x0002a9b8                alt_ic_isr_register
 .text          0x0002ab10      0x128 C:/Users/adwinying/Desktop/lwIP_NIOS_II_Example_bsp/\libhal_bsp.a(alt_busy_sleep.o)
                0x0002ab10                alt_busy_sleep
 .text          0x0002ac38       0x24 C:/Users/adwinying/Desktop/lwIP_NIOS_II_Example_bsp/\libhal_bsp.a(alt_dcache_flush.o)
                0x0002ac38                alt_dcache_flush
 .text          0x0002ac5c       0x1c C:/Users/adwinying/Desktop/lwIP_NIOS_II_Example_bsp/\libhal_bsp.a(alt_dcache_flush_all.o)
                0x0002ac5c                alt_dcache_flush_all
 .text          0x0002ac78       0xf0 C:/Users/adwinying/Desktop/lwIP_NIOS_II_Example_bsp/\libhal_bsp.a(alt_dev_llist_insert.o)
                0x0002acc8                alt_dev_llist_insert
 .text          0x0002ad68       0x5c C:/Users/adwinying/Desktop/lwIP_NIOS_II_Example_bsp/\libhal_bsp.a(alt_do_ctors.o)
                0x0002ad68                _do_ctors
 .text          0x0002adc4       0x5c C:/Users/adwinying/Desktop/lwIP_NIOS_II_Example_bsp/\libhal_bsp.a(alt_do_dtors.o)
                0x0002adc4                _do_dtors
 .text          0x0002ae20       0x90 C:/Users/adwinying/Desktop/lwIP_NIOS_II_Example_bsp/\libhal_bsp.a(alt_find_dev.o)
                0x0002ae20                alt_find_dev
 .text          0x0002aeb0       0xb8 C:/Users/adwinying/Desktop/lwIP_NIOS_II_Example_bsp/\libhal_bsp.a(alt_flash_dev.o)
                0x0002aeb0                alt_flash_open_dev
                0x0002af18                alt_flash_close_dev
 .text          0x0002af68       0x30 C:/Users/adwinying/Desktop/lwIP_NIOS_II_Example_bsp/\libhal_bsp.a(alt_icache_flush_all.o)
                0x0002af68                alt_icache_flush_all
 .text          0x0002af98      0x138 C:/Users/adwinying/Desktop/lwIP_NIOS_II_Example_bsp/\libhal_bsp.a(alt_io_redirect.o)
                0x0002b058                alt_io_redirect
 .text          0x0002b0d0      0x270 C:/Users/adwinying/Desktop/lwIP_NIOS_II_Example_bsp/\libhal_bsp.a(alt_open.o)
                0x0002b1ec                open
 .text          0x0002b340      0x460 C:/Users/adwinying/Desktop/lwIP_NIOS_II_Example_bsp/\libhal_bsp.a(altera_avalon_cfi_flash_amd.o)
                0x0002b340                alt_program_amd
                0x0002b3a8                alt_erase_block_amd
 .text          0x0002b7a0      0x438 C:/Users/adwinying/Desktop/lwIP_NIOS_II_Example_bsp/\libhal_bsp.a(altera_avalon_cfi_flash_intel.o)
                0x0002b7a0                alt_program_intel
                0x0002b820                alt_erase_block_intel
 .text          0x0002bbd8      0x114 C:/Users/adwinying/Desktop/lwIP_NIOS_II_Example_bsp/\libhal_bsp.a(alt_find_file.o)
                0x0002bbd8                alt_find_file
 .text          0x0002bcec       0xb4 C:/Users/adwinying/Desktop/lwIP_NIOS_II_Example_bsp/\libhal_bsp.a(alt_get_fd.o)
                0x0002bcec                alt_get_fd
 .text          0x0002bda0       0x8c C:/Users/adwinying/Desktop/lwIP_NIOS_II_Example_bsp/\libhal_bsp.a(alt_icache_flush.o)
                0x0002bda0                alt_icache_flush
 .text          0x0002be2c       0x14 c:/altera/13.1/nios2eds/bin/gnu/h-i686-mingw32/bin/../lib/gcc/nios2-elf/4.7.3/../../../../../H-i686-mingw32/nios2-elf/lib\libc.a(lib_a-atexit.o)
                0x0002be2c                atexit
 .text          0x0002be40        0x0 c:/altera/13.1/nios2eds/bin/gnu/h-i686-mingw32/bin/../lib/gcc/nios2-elf/4.7.3/../../../../../H-i686-mingw32/nios2-elf/lib\libc.a(lib_a-ctype_.o)
 .text          0x0002be40       0x38 c:/altera/13.1/nios2eds/bin/gnu/h-i686-mingw32/bin/../lib/gcc/nios2-elf/4.7.3/../../../../../H-i686-mingw32/nios2-elf/lib\libc.a(lib_a-exit.o)
                0x0002be40                exit
 .text          0x0002be78       0x28 c:/altera/13.1/nios2eds/bin/gnu/h-i686-mingw32/bin/../lib/gcc/nios2-elf/4.7.3/../../../../../H-i686-mingw32/nios2-elf/lib\libc.a(lib_a-malloc.o)
                0x0002be78                malloc
                0x0002be8c                free
 .text          0x0002bea0       0x7c c:/altera/13.1/nios2eds/bin/gnu/h-i686-mingw32/bin/../lib/gcc/nios2-elf/4.7.3/../../../../../H-i686-mingw32/nios2-elf/lib\libc.a(lib_a-memcmp.o)
                0x0002bea0                memcmp
 .text          0x0002bf1c       0x94 c:/altera/13.1/nios2eds/bin/gnu/h-i686-mingw32/bin/../lib/gcc/nios2-elf/4.7.3/../../../../../H-i686-mingw32/nios2-elf/lib\libc.a(lib_a-strcpy.o)
                0x0002bf1c                strcpy
 .text          0x0002bfb0      0x130 c:/altera/13.1/nios2eds/bin/gnu/h-i686-mingw32/bin/../lib/gcc/nios2-elf/4.7.3/../../../../../H-i686-mingw32/nios2-elf/lib\libc.a(lib_a-__atexit.o)
                0x0002bfb0                __register_exitproc
 .text          0x0002c0e0      0x1a0 c:/altera/13.1/nios2eds/bin/gnu/h-i686-mingw32/bin/../lib/gcc/nios2-elf/4.7.3/../../../../../H-i686-mingw32/nios2-elf/lib\libc.a(lib_a-__call_atexit.o)
                0x0002c0e0                __call_exitprocs
 .text          0x0002c280       0x3c C:/Users/adwinying/Desktop/lwIP_NIOS_II_Example_bsp/\libhal_bsp.a(alt_exit.o)
                0x0002c280                _exit
 *(.gnu.warning.*)
 *(.fini)
                0x0002c2bc                PROVIDE (__etext, ABSOLUTE (.))
                0x0002c2bc                PROVIDE (_etext, ABSOLUTE (.))
                0x0002c2bc                PROVIDE (etext, ABSOLUTE (.))
 *(.eh_frame_hdr)
                0x0002c2bc                . = ALIGN (0x4)
                0x0002c2bc                PROVIDE (__preinit_array_start, ABSOLUTE (.))
 *(.preinit_array)
                0x0002c2bc                PROVIDE (__preinit_array_end, ABSOLUTE (.))
                0x0002c2bc                PROVIDE (__init_array_start, ABSOLUTE (.))
 *(.init_array)
                0x0002c2bc                PROVIDE (__init_array_end, ABSOLUTE (.))
                0x0002c2bc                PROVIDE (__fini_array_start, ABSOLUTE (.))
 *(.fini_array)
                0x0002c2bc                PROVIDE (__fini_array_end, ABSOLUTE (.))
 *(.eh_frame)
 *(.gcc_except_table .gcc_except_table.*)
 *(.dynamic)
                0x0002c2bc                PROVIDE (__CTOR_LIST__, ABSOLUTE (.))
 *(.ctors)
 *(SORT(.ctors.*))
                0x0002c2bc                PROVIDE (__CTOR_END__, ABSOLUTE (.))
                0x0002c2bc                PROVIDE (__DTOR_LIST__, ABSOLUTE (.))
 *(.dtors)
 *(SORT(.dtors.*))
                0x0002c2bc                PROVIDE (__DTOR_END__, ABSOLUTE (.))
 *(.jcr)
                0x0002c2bc                . = ALIGN (0x4)

.rodata         0x0002c2bc     0x4968
                0x0002c2bc                PROVIDE (__ram_rodata_start, ABSOLUTE (.))
                0x0002c2bc                . = ALIGN (0x4)
 *(.rodata .rodata.* .gnu.linkonce.r.*)
 .rodata        0x0002c2bc       0xb4 obj/default/drivers/alteraTseEthernetif.o
 .rodata        0x0002c370      0xc80 obj/default/drivers/fs.o
                0x0002cfc0                file_img_sics_gif
                0x0002cfd0                file_404_html
                0x0002cfe0                file_index_html
 .rodata        0x0002cff0       0x3c obj/default/drivers/httpd.o
 .rodata        0x0002d02c      0x448 obj/default/lwip/src/core/dhcp.o
 .rodata        0x0002d474      0x15c obj/default/lwip/src/core/ipv4/icmp.o
 .rodata        0x0002d5d0       0x70 obj/default/lwip/src/core/ipv4/ip.o
 .rodata        0x0002d640      0x15c obj/default/lwip/src/core/ipv4/ip_frag.o
 .rodata        0x0002d79c      0x1e8 obj/default/lwip/src/core/mem.o
 .rodata        0x0002d984       0xc8 obj/default/lwip/src/core/memp.o
 .rodata        0x0002da4c      0x478 obj/default/lwip/src/core/pbuf.o
 .rodata        0x0002dec4       0x64 obj/default/lwip/src/core/raw.o
 .rodata        0x0002df28      0x310 obj/default/lwip/src/core/tcp.o
                0x0002df9e                tcp_backoff
 .rodata        0x0002e238      0x2d8 obj/default/lwip/src/core/tcp_in.o
 .rodata        0x0002e510      0x238 obj/default/lwip/src/core/tcp_out.o
 .rodata        0x0002e748       0xa0 obj/default/lwip/src/core/udp.o
 .rodata        0x0002e7e8      0x1b0 obj/default/lwip/src/netif/etharp.o
 .rodata        0x0002e998       0x78 obj/default/main.o
 .rodata.str1.4
                0x0002ea10        0x2 c:/altera/13.1/nios2eds/bin/gnu/h-i686-mingw32/bin/../lib/gcc/nios2-elf/4.7.3/../../../../../H-i686-mingw32/nios2-elf/lib\libc.a(lib_a-impure.o)
                                  0x4 (size before relaxing)
 *fill*         0x0002ea12        0x2 
 .rodata.str1.4
                0x0002ea14        0x2 c:/altera/13.1/nios2eds/bin/gnu/h-i686-mingw32/bin/../lib/gcc/nios2-elf/4.7.3/../../../../../H-i686-mingw32/nios2-elf/lib\libc.a(lib_a-puts.o)
                                  0x4 (size before relaxing)
 *fill*         0x0002ea16        0x2 
 .rodata.str1.4
                0x0002ea18       0x42 c:/altera/13.1/nios2eds/bin/gnu/h-i686-mingw32/bin/../lib/gcc/nios2-elf/4.7.3/../../../../../H-i686-mingw32/nios2-elf/lib\libc.a(lib_a-vfprintf.o)
                                 0x44 (size before relaxing)
 .rodata        0x0002ea5a       0x20 c:/altera/13.1/nios2eds/bin/gnu/h-i686-mingw32/bin/../lib/gcc/nios2-elf/4.7.3/../../../../../H-i686-mingw32/nios2-elf/lib\libc.a(lib_a-vfprintf.o)
 *fill*         0x0002ea7a        0x2 
 .rodata.str1.4
                0x0002ea7c       0x10 c:/altera/13.1/nios2eds/bin/gnu/h-i686-mingw32/bin/../lib/gcc/nios2-elf/4.7.3/../../../../../H-i686-mingw32/nios2-elf/lib\libc.a(lib_a-dtoa.o)
                                 0x14 (size before relaxing)
 .rodata.str1.4
                0x0002ea8c       0x10 c:/altera/13.1/nios2eds/bin/gnu/h-i686-mingw32/bin/../lib/gcc/nios2-elf/4.7.3/../../../../../H-i686-mingw32/nios2-elf/lib\libc.a(lib_a-locale.o)
                                 0x18 (size before relaxing)
 .rodata        0x0002ea9c       0x30 c:/altera/13.1/nios2eds/bin/gnu/h-i686-mingw32/bin/../lib/gcc/nios2-elf/4.7.3/../../../../../H-i686-mingw32/nios2-elf/lib\libc.a(lib_a-locale.o)
 .rodata        0x0002eacc      0x124 c:/altera/13.1/nios2eds/bin/gnu/h-i686-mingw32/bin/../lib/gcc/nios2-elf/4.7.3/../../../../../H-i686-mingw32/nios2-elf/lib\libc.a(lib_a-mprec.o)
                0x0002eacc                __mprec_tinytens
                0x0002eaf4                __mprec_bigtens
                0x0002eb1c                __mprec_tens
 .rodata        0x0002ebf0       0x14 c:/altera/13.1/nios2eds/bin/gnu/h-i686-mingw32/bin/../lib/gcc/nios2-elf/4.7.3\libgcc.a(_thenan_df.o)
                0x0002ebf0                __thenan_df
 .rodata        0x0002ec04      0x100 c:/altera/13.1/nios2eds/bin/gnu/h-i686-mingw32/bin/../lib/gcc/nios2-elf/4.7.3\libgcc.a(_clz.o)
                0x0002ec04                __clz_tab
 .rodata        0x0002ed04        0xc C:/Users/adwinying/Desktop/lwIP_NIOS_II_Example_bsp/\libhal_bsp.a(alt_dev.o)
 .rodata        0x0002ed10       0x10 C:/Users/adwinying/Desktop/lwIP_NIOS_II_Example_bsp/\libhal_bsp.a(alt_main.o)
 .rodata        0x0002ed20       0x70 C:/Users/adwinying/Desktop/lwIP_NIOS_II_Example_bsp/\libhal_bsp.a(alt_sys_init.o)
 .rodata        0x0002ed90     0x1bf0 C:/Users/adwinying/Desktop/lwIP_NIOS_II_Example_bsp/\libhal_bsp.a(altera_avalon_tse.o)
 .rodata        0x00030980       0x20 C:/Users/adwinying/Desktop/lwIP_NIOS_II_Example_bsp/\libhal_bsp.a(altera_vic_irq_init.o)
 .rodata        0x000309a0      0x281 c:/altera/13.1/nios2eds/bin/gnu/h-i686-mingw32/bin/../lib/gcc/nios2-elf/4.7.3/../../../../../H-i686-mingw32/nios2-elf/lib\libc.a(lib_a-ctype_.o)
                0x000309a0                _ctype_
 *(.rodata1)
                0x00030c24                . = ALIGN (0x4)
 *fill*         0x00030c21        0x3 
                0x00030c24                PROVIDE (__ram_rodata_end, ABSOLUTE (.))
                0x0002c2bc                PROVIDE (__flash_rodata_start, LOADADDR (.rodata))

.rwdata         0x00030c24     0x2004 load address 0x00032c28
                0x00030c24                PROVIDE (__ram_rwdata_start, ABSOLUTE (.))
                0x00030c24                . = ALIGN (0x4)
 *(.got.plt)
 *(.got)
 *(.data1)
 *(.data .data.* .gnu.linkonce.d.*)
 .data          0x00030c24        0x0 C:/Users/adwinying/Desktop/lwIP_NIOS_II_Example_bsp//obj/HAL/src/crt0.o
 .data          0x00030c24        0x0 obj/default/drivers/alteraTseEthernetif.o
 .data          0x00030c24        0x0 obj/default/drivers/fs.o
 .data          0x00030c24        0x0 obj/default/drivers/fsdata.o
 .data          0x00030c24        0x0 obj/default/drivers/httpd.o
 .data          0x00030c24        0x0 obj/default/drivers/lwip_tse_mac.o
 .data          0x00030c24        0x0 obj/default/lwip/src/api/api_lib.o
 .data          0x00030c24        0x0 obj/default/lwip/src/api/api_msg.o
 .data          0x00030c24        0x0 obj/default/lwip/src/api/err.o
 .data          0x00030c24        0x0 obj/default/lwip/src/api/netbuf.o
 .data          0x00030c24        0x0 obj/default/lwip/src/api/netdb.o
 .data          0x00030c24        0x0 obj/default/lwip/src/api/netifapi.o
 .data          0x00030c24        0x0 obj/default/lwip/src/api/sockets.o
 .data          0x00030c24        0x0 obj/default/lwip/src/api/tcpip.o
 .data          0x00030c24        0x0 obj/default/lwip/src/core/dhcp.o
 .data          0x00030c24        0x0 obj/default/lwip/src/core/dns.o
 .data          0x00030c24        0x0 obj/default/lwip/src/core/init.o
 .data          0x00030c24        0x0 obj/default/lwip/src/core/ipv4/autoip.o
 .data          0x00030c24        0x0 obj/default/lwip/src/core/ipv4/icmp.o
 .data          0x00030c24        0x0 obj/default/lwip/src/core/ipv4/igmp.o
 .data          0x00030c24        0x0 obj/default/lwip/src/core/ipv4/inet.o
 .data          0x00030c24        0x0 obj/default/lwip/src/core/ipv4/inet_chksum.o
 .data          0x00030c24        0x0 obj/default/lwip/src/core/ipv4/ip.o
 .data          0x00030c24        0x0 obj/default/lwip/src/core/ipv4/ip_addr.o
 .data          0x00030c24        0x0 obj/default/lwip/src/core/ipv4/ip_frag.o
 .data          0x00030c24        0x0 obj/default/lwip/src/core/mem.o
 .data          0x00030c24        0x0 obj/default/lwip/src/core/memp.o
 .data          0x00030c24        0x0 obj/default/lwip/src/core/netif.o
 .data          0x00030c24        0x0 obj/default/lwip/src/core/pbuf.o
 .data          0x00030c24        0x0 obj/default/lwip/src/core/raw.o
 .data          0x00030c24        0x0 obj/default/lwip/src/core/snmp/asn1_dec.o
 .data          0x00030c24        0x0 obj/default/lwip/src/core/snmp/asn1_enc.o
 .data          0x00030c24        0x0 obj/default/lwip/src/core/snmp/mib2.o
 .data          0x00030c24        0x0 obj/default/lwip/src/core/snmp/mib_structs.o
 .data          0x00030c24        0x0 obj/default/lwip/src/core/snmp/msg_in.o
 .data          0x00030c24        0x0 obj/default/lwip/src/core/snmp/msg_out.o
 .data          0x00030c24        0x0 obj/default/lwip/src/core/stats.o
 .data          0x00030c24        0x0 obj/default/lwip/src/core/sys.o
 .data          0x00030c24       0x2c obj/default/lwip/src/core/tcp.o
                0x00030c24                tcp_state_str
 .data          0x00030c50        0x0 obj/default/lwip/src/core/tcp_in.o
 .data          0x00030c50        0x0 obj/default/lwip/src/core/tcp_out.o
 .data          0x00030c50        0x0 obj/default/lwip/src/core/udp.o
 .data          0x00030c50        0x0 obj/default/lwip/src/netif/etharp.o
 .data          0x00030c50        0x0 obj/default/lwip/src/netif/ethernetif.o
 .data          0x00030c50        0x0 obj/default/lwip/src/netif/loopif.o
 .data          0x00030c50        0x0 obj/default/lwip/src/netif/ppp/auth.o
 .data          0x00030c50        0x0 obj/default/lwip/src/netif/ppp/chap.o
 .data          0x00030c50        0x0 obj/default/lwip/src/netif/ppp/chpms.o
 .data          0x00030c50        0x0 obj/default/lwip/src/netif/ppp/fsm.o
 .data          0x00030c50        0x0 obj/default/lwip/src/netif/ppp/ipcp.o
 .data          0x00030c50        0x0 obj/default/lwip/src/netif/ppp/lcp.o
 .data          0x00030c50        0x0 obj/default/lwip/src/netif/ppp/magic.o
 .data          0x00030c50        0x0 obj/default/lwip/src/netif/ppp/md5.o
 .data          0x00030c50        0x0 obj/default/lwip/src/netif/ppp/pap.o
 .data          0x00030c50        0x0 obj/default/lwip/src/netif/ppp/ppp.o
 .data          0x00030c50        0x0 obj/default/lwip/src/netif/ppp/ppp_oe.o
 .data          0x00030c50        0x0 obj/default/lwip/src/netif/ppp/randm.o
 .data          0x00030c50        0x0 obj/default/lwip/src/netif/ppp/vj.o
 .data          0x00030c50        0x0 obj/default/lwip/src/netif/slipif.o
 .data          0x00030c50        0x0 obj/default/main.o
 .data          0x00030c50      0x400 c:/altera/13.1/nios2eds/bin/gnu/h-i686-mingw32/bin/../lib/gcc/nios2-elf/4.7.3/../../../../../H-i686-mingw32/nios2-elf/lib\libc.a(lib_a-impure.o)
 .data          0x00031050        0x0 c:/altera/13.1/nios2eds/bin/gnu/h-i686-mingw32/bin/../lib/gcc/nios2-elf/4.7.3/../../../../../H-i686-mingw32/nios2-elf/lib\libc.a(lib_a-memcpy.o)
 .data          0x00031050        0x0 c:/altera/13.1/nios2eds/bin/gnu/h-i686-mingw32/bin/../lib/gcc/nios2-elf/4.7.3/../../../../../H-i686-mingw32/nios2-elf/lib\libc.a(lib_a-memset.o)
 .data          0x00031050        0x0 c:/altera/13.1/nios2eds/bin/gnu/h-i686-mingw32/bin/../lib/gcc/nios2-elf/4.7.3/../../../../../H-i686-mingw32/nios2-elf/lib\libc.a(lib_a-printf.o)
 .data          0x00031050        0x0 c:/altera/13.1/nios2eds/bin/gnu/h-i686-mingw32/bin/../lib/gcc/nios2-elf/4.7.3/../../../../../H-i686-mingw32/nios2-elf/lib\libc.a(lib_a-putc.o)
 .data          0x00031050        0x0 c:/altera/13.1/nios2eds/bin/gnu/h-i686-mingw32/bin/../lib/gcc/nios2-elf/4.7.3/../../../../../H-i686-mingw32/nios2-elf/lib\libc.a(lib_a-puts.o)
 .data          0x00031050        0x0 c:/altera/13.1/nios2eds/bin/gnu/h-i686-mingw32/bin/../lib/gcc/nios2-elf/4.7.3/../../../../../H-i686-mingw32/nios2-elf/lib\libc.a(lib_a-strcmp.o)
 .data          0x00031050        0x0 c:/altera/13.1/nios2eds/bin/gnu/h-i686-mingw32/bin/../lib/gcc/nios2-elf/4.7.3/../../../../../H-i686-mingw32/nios2-elf/lib\libc.a(lib_a-strlen.o)
 .data          0x00031050        0x0 c:/altera/13.1/nios2eds/bin/gnu/h-i686-mingw32/bin/../lib/gcc/nios2-elf/4.7.3/../../../../../H-i686-mingw32/nios2-elf/lib\libc.a(lib_a-strncmp.o)
 .data          0x00031050        0x0 c:/altera/13.1/nios2eds/bin/gnu/h-i686-mingw32/bin/../lib/gcc/nios2-elf/4.7.3/../../../../../H-i686-mingw32/nios2-elf/lib\libc.a(lib_a-vfprintf.o)
 .data          0x00031050        0x0 c:/altera/13.1/nios2eds/bin/gnu/h-i686-mingw32/bin/../lib/gcc/nios2-elf/4.7.3/../../../../../H-i686-mingw32/nios2-elf/lib\libc.a(lib_a-wbuf.o)
 .data          0x00031050        0x0 c:/altera/13.1/nios2eds/bin/gnu/h-i686-mingw32/bin/../lib/gcc/nios2-elf/4.7.3/../../../../../H-i686-mingw32/nios2-elf/lib\libc.a(lib_a-wsetup.o)
 .data          0x00031050        0x0 c:/altera/13.1/nios2eds/bin/gnu/h-i686-mingw32/bin/../lib/gcc/nios2-elf/4.7.3/../../../../../H-i686-mingw32/nios2-elf/lib\libc.a(lib_a-dtoa.o)
 .data          0x00031050        0x0 c:/altera/13.1/nios2eds/bin/gnu/h-i686-mingw32/bin/../lib/gcc/nios2-elf/4.7.3/../../../../../H-i686-mingw32/nios2-elf/lib\libc.a(lib_a-fflush.o)
 .data          0x00031050        0x0 c:/altera/13.1/nios2eds/bin/gnu/h-i686-mingw32/bin/../lib/gcc/nios2-elf/4.7.3/../../../../../H-i686-mingw32/nios2-elf/lib\libc.a(lib_a-findfp.o)
 .data          0x00031050        0x0 c:/altera/13.1/nios2eds/bin/gnu/h-i686-mingw32/bin/../lib/gcc/nios2-elf/4.7.3/../../../../../H-i686-mingw32/nios2-elf/lib\libc.a(lib_a-freer.o)
 .data          0x00031050        0x0 c:/altera/13.1/nios2eds/bin/gnu/h-i686-mingw32/bin/../lib/gcc/nios2-elf/4.7.3/../../../../../H-i686-mingw32/nios2-elf/lib\libc.a(lib_a-fvwrite.o)
 .data          0x00031050        0x0 c:/altera/13.1/nios2eds/bin/gnu/h-i686-mingw32/bin/../lib/gcc/nios2-elf/4.7.3/../../../../../H-i686-mingw32/nios2-elf/lib\libc.a(lib_a-fwalk.o)
 .data          0x00031050        0xc c:/altera/13.1/nios2eds/bin/gnu/h-i686-mingw32/bin/../lib/gcc/nios2-elf/4.7.3/../../../../../H-i686-mingw32/nios2-elf/lib\libc.a(lib_a-locale.o)
                0x00031050                __lc_ctype
 .data          0x0003105c        0x0 c:/altera/13.1/nios2eds/bin/gnu/h-i686-mingw32/bin/../lib/gcc/nios2-elf/4.7.3/../../../../../H-i686-mingw32/nios2-elf/lib\libc.a(lib_a-makebuf.o)
 .data          0x0003105c      0x408 c:/altera/13.1/nios2eds/bin/gnu/h-i686-mingw32/bin/../lib/gcc/nios2-elf/4.7.3/../../../../../H-i686-mingw32/nios2-elf/lib\libc.a(lib_a-mallocr.o)
                0x0003105c                __malloc_av_
 .data          0x00031464        0x0 c:/altera/13.1/nios2eds/bin/gnu/h-i686-mingw32/bin/../lib/gcc/nios2-elf/4.7.3/../../../../../H-i686-mingw32/nios2-elf/lib\libc.a(lib_a-memchr.o)
 .data          0x00031464        0x0 c:/altera/13.1/nios2eds/bin/gnu/h-i686-mingw32/bin/../lib/gcc/nios2-elf/4.7.3/../../../../../H-i686-mingw32/nios2-elf/lib\libc.a(lib_a-memmove.o)
 .data          0x00031464        0x0 c:/altera/13.1/nios2eds/bin/gnu/h-i686-mingw32/bin/../lib/gcc/nios2-elf/4.7.3/../../../../../H-i686-mingw32/nios2-elf/lib\libc.a(lib_a-mprec.o)
 .data          0x00031464        0x0 c:/altera/13.1/nios2eds/bin/gnu/h-i686-mingw32/bin/../lib/gcc/nios2-elf/4.7.3/../../../../../H-i686-mingw32/nios2-elf/lib\libc.a(lib_a-reallocr.o)
 .data          0x00031464        0x0 c:/altera/13.1/nios2eds/bin/gnu/h-i686-mingw32/bin/../lib/gcc/nios2-elf/4.7.3/../../../../../H-i686-mingw32/nios2-elf/lib\libc.a(lib_a-s_isinfd.o)
 .data          0x00031464        0x0 c:/altera/13.1/nios2eds/bin/gnu/h-i686-mingw32/bin/../lib/gcc/nios2-elf/4.7.3/../../../../../H-i686-mingw32/nios2-elf/lib\libc.a(lib_a-s_isnand.o)
 .data          0x00031464        0x0 c:/altera/13.1/nios2eds/bin/gnu/h-i686-mingw32/bin/../lib/gcc/nios2-elf/4.7.3/../../../../../H-i686-mingw32/nios2-elf/lib\libc.a(lib_a-sbrkr.o)
 .data          0x00031464        0x0 c:/altera/13.1/nios2eds/bin/gnu/h-i686-mingw32/bin/../lib/gcc/nios2-elf/4.7.3/../../../../../H-i686-mingw32/nios2-elf/lib\libc.a(lib_a-stdio.o)
 .data          0x00031464        0x0 c:/altera/13.1/nios2eds/bin/gnu/h-i686-mingw32/bin/../lib/gcc/nios2-elf/4.7.3/../../../../../H-i686-mingw32/nios2-elf/lib\libc.a(lib_a-writer.o)
 .data          0x00031464        0x0 c:/altera/13.1/nios2eds/bin/gnu/h-i686-mingw32/bin/../lib/gcc/nios2-elf/4.7.3/../../../../../H-i686-mingw32/nios2-elf/lib\libc.a(lib_a-callocr.o)
 .data          0x00031464        0x0 c:/altera/13.1/nios2eds/bin/gnu/h-i686-mingw32/bin/../lib/gcc/nios2-elf/4.7.3/../../../../../H-i686-mingw32/nios2-elf/lib\libc.a(lib_a-closer.o)
 .data          0x00031464        0x0 c:/altera/13.1/nios2eds/bin/gnu/h-i686-mingw32/bin/../lib/gcc/nios2-elf/4.7.3/../../../../../H-i686-mingw32/nios2-elf/lib\libc.a(lib_a-fclose.o)
 .data          0x00031464        0x0 c:/altera/13.1/nios2eds/bin/gnu/h-i686-mingw32/bin/../lib/gcc/nios2-elf/4.7.3/../../../../../H-i686-mingw32/nios2-elf/lib\libc.a(lib_a-fstatr.o)
 .data          0x00031464        0x0 c:/altera/13.1/nios2eds/bin/gnu/h-i686-mingw32/bin/../lib/gcc/nios2-elf/4.7.3/../../../../../H-i686-mingw32/nios2-elf/lib\libc.a(lib_a-int_errno.o)
 .data          0x00031464        0x0 c:/altera/13.1/nios2eds/bin/gnu/h-i686-mingw32/bin/../lib/gcc/nios2-elf/4.7.3/../../../../../H-i686-mingw32/nios2-elf/lib\libc.a(lib_a-isattyr.o)
 .data          0x00031464        0x0 c:/altera/13.1/nios2eds/bin/gnu/h-i686-mingw32/bin/../lib/gcc/nios2-elf/4.7.3/../../../../../H-i686-mingw32/nios2-elf/lib\libc.a(lib_a-lseekr.o)
 .data          0x00031464        0x0 c:/altera/13.1/nios2eds/bin/gnu/h-i686-mingw32/bin/../lib/gcc/nios2-elf/4.7.3/../../../../../H-i686-mingw32/nios2-elf/lib\libc.a(lib_a-readr.o)
 .data          0x00031464        0x0 c:/altera/13.1/nios2eds/bin/gnu/h-i686-mingw32/bin/../lib/gcc/nios2-elf/4.7.3\libgcc.a(_udivdi3.o)
 .data          0x00031464        0x0 c:/altera/13.1/nios2eds/bin/gnu/h-i686-mingw32/bin/../lib/gcc/nios2-elf/4.7.3\libgcc.a(_umoddi3.o)
 .data          0x00031464        0x0 c:/altera/13.1/nios2eds/bin/gnu/h-i686-mingw32/bin/../lib/gcc/nios2-elf/4.7.3\libgcc.a(_addsub_df.o)
 .data          0x00031464        0x0 c:/altera/13.1/nios2eds/bin/gnu/h-i686-mingw32/bin/../lib/gcc/nios2-elf/4.7.3\libgcc.a(_mul_df.o)
 .data          0x00031464        0x0 c:/altera/13.1/nios2eds/bin/gnu/h-i686-mingw32/bin/../lib/gcc/nios2-elf/4.7.3\libgcc.a(_div_df.o)
 .data          0x00031464        0x0 c:/altera/13.1/nios2eds/bin/gnu/h-i686-mingw32/bin/../lib/gcc/nios2-elf/4.7.3\libgcc.a(_eq_df.o)
 .data          0x00031464        0x0 c:/altera/13.1/nios2eds/bin/gnu/h-i686-mingw32/bin/../lib/gcc/nios2-elf/4.7.3\libgcc.a(_ne_df.o)
 .data          0x00031464        0x0 c:/altera/13.1/nios2eds/bin/gnu/h-i686-mingw32/bin/../lib/gcc/nios2-elf/4.7.3\libgcc.a(_gt_df.o)
 .data          0x00031464        0x0 c:/altera/13.1/nios2eds/bin/gnu/h-i686-mingw32/bin/../lib/gcc/nios2-elf/4.7.3\libgcc.a(_ge_df.o)
 .data          0x00031464        0x0 c:/altera/13.1/nios2eds/bin/gnu/h-i686-mingw32/bin/../lib/gcc/nios2-elf/4.7.3\libgcc.a(_lt_df.o)
 .data          0x00031464        0x0 c:/altera/13.1/nios2eds/bin/gnu/h-i686-mingw32/bin/../lib/gcc/nios2-elf/4.7.3\libgcc.a(_si_to_df.o)
 .data          0x00031464        0x0 c:/altera/13.1/nios2eds/bin/gnu/h-i686-mingw32/bin/../lib/gcc/nios2-elf/4.7.3\libgcc.a(_df_to_si.o)
 .data          0x00031464        0x0 c:/altera/13.1/nios2eds/bin/gnu/h-i686-mingw32/bin/../lib/gcc/nios2-elf/4.7.3\libgcc.a(_thenan_df.o)
 .data          0x00031464        0x0 c:/altera/13.1/nios2eds/bin/gnu/h-i686-mingw32/bin/../lib/gcc/nios2-elf/4.7.3\libgcc.a(_usi_to_df.o)
 .data          0x00031464        0x0 c:/altera/13.1/nios2eds/bin/gnu/h-i686-mingw32/bin/../lib/gcc/nios2-elf/4.7.3\libgcc.a(lib2-divmod.o)
 .data          0x00031464        0x0 c:/altera/13.1/nios2eds/bin/gnu/h-i686-mingw32/bin/../lib/gcc/nios2-elf/4.7.3\libgcc.a(_muldi3.o)
 .data          0x00031464        0x0 c:/altera/13.1/nios2eds/bin/gnu/h-i686-mingw32/bin/../lib/gcc/nios2-elf/4.7.3\libgcc.a(_clz.o)
 .data          0x00031464        0x0 c:/altera/13.1/nios2eds/bin/gnu/h-i686-mingw32/bin/../lib/gcc/nios2-elf/4.7.3\libgcc.a(_clzsi2.o)
 .data          0x00031464        0x0 c:/altera/13.1/nios2eds/bin/gnu/h-i686-mingw32/bin/../lib/gcc/nios2-elf/4.7.3\libgcc.a(_pack_df.o)
 .data          0x00031464        0x0 c:/altera/13.1/nios2eds/bin/gnu/h-i686-mingw32/bin/../lib/gcc/nios2-elf/4.7.3\libgcc.a(_unpack_df.o)
 .data          0x00031464        0x0 c:/altera/13.1/nios2eds/bin/gnu/h-i686-mingw32/bin/../lib/gcc/nios2-elf/4.7.3\libgcc.a(_fpcmp_parts_df.o)
 .data          0x00031464        0x0 c:/altera/13.1/nios2eds/bin/gnu/h-i686-mingw32/bin/../lib/gcc/nios2-elf/4.7.3\libgcc.a(_lshrdi3.o)
 .data          0x00031464        0x0 c:/altera/13.1/nios2eds/bin/gnu/h-i686-mingw32/bin/../lib/gcc/nios2-elf/4.7.3\libgcc.a(_ashldi3.o)
 .data          0x00031464        0x0 C:/Users/adwinying/Desktop/lwIP_NIOS_II_Example_bsp/\libhal_bsp.a(alt_alarm_start.o)
 .data          0x00031464        0x0 C:/Users/adwinying/Desktop/lwIP_NIOS_II_Example_bsp/\libhal_bsp.a(alt_close.o)
 .data          0x00031464      0x1a8 C:/Users/adwinying/Desktop/lwIP_NIOS_II_Example_bsp/\libhal_bsp.a(alt_dev.o)
                0x00031464                alt_dev_null
                0x0003148c                alt_fd_list
 .data          0x0003160c        0x0 C:/Users/adwinying/Desktop/lwIP_NIOS_II_Example_bsp/\libhal_bsp.a(alt_errno.o)
 .data          0x0003160c        0x0 C:/Users/adwinying/Desktop/lwIP_NIOS_II_Example_bsp/\libhal_bsp.a(alt_fstat.o)
 .data          0x0003160c        0x0 C:/Users/adwinying/Desktop/lwIP_NIOS_II_Example_bsp/\libhal_bsp.a(alt_isatty.o)
 .data          0x0003160c        0x0 C:/Users/adwinying/Desktop/lwIP_NIOS_II_Example_bsp/\libhal_bsp.a(alt_load.o)
 .data          0x0003160c        0x0 C:/Users/adwinying/Desktop/lwIP_NIOS_II_Example_bsp/\libhal_bsp.a(alt_lseek.o)
 .data          0x0003160c        0x0 C:/Users/adwinying/Desktop/lwIP_NIOS_II_Example_bsp/\libhal_bsp.a(alt_main.o)
 .data          0x0003160c        0x0 C:/Users/adwinying/Desktop/lwIP_NIOS_II_Example_bsp/\libhal_bsp.a(alt_malloc_lock.o)
 .data          0x0003160c        0x0 C:/Users/adwinying/Desktop/lwIP_NIOS_II_Example_bsp/\libhal_bsp.a(alt_read.o)
 .data          0x0003160c        0x0 C:/Users/adwinying/Desktop/lwIP_NIOS_II_Example_bsp/\libhal_bsp.a(alt_release_fd.o)
 .data          0x0003160c        0x0 C:/Users/adwinying/Desktop/lwIP_NIOS_II_Example_bsp/\libhal_bsp.a(alt_remap_uncached.o)
 .data          0x0003160c        0x0 C:/Users/adwinying/Desktop/lwIP_NIOS_II_Example_bsp/\libhal_bsp.a(alt_sbrk.o)
 .data          0x0003160c        0x0 C:/Users/adwinying/Desktop/lwIP_NIOS_II_Example_bsp/\libhal_bsp.a(alt_tick.o)
 .data          0x0003160c        0x0 C:/Users/adwinying/Desktop/lwIP_NIOS_II_Example_bsp/\libhal_bsp.a(alt_uncached_malloc.o)
 .data          0x0003160c        0x0 C:/Users/adwinying/Desktop/lwIP_NIOS_II_Example_bsp/\libhal_bsp.a(alt_usleep.o)
 .data          0x0003160c        0x0 C:/Users/adwinying/Desktop/lwIP_NIOS_II_Example_bsp/\libhal_bsp.a(alt_write.o)
 .data          0x0003160c     0x15a0 C:/Users/adwinying/Desktop/lwIP_NIOS_II_Example_bsp/\libhal_bsp.a(alt_sys_init.o)
 .data          0x00032bac        0x0 C:/Users/adwinying/Desktop/lwIP_NIOS_II_Example_bsp/\libhal_bsp.a(altera_avalon_cfi_flash.o)
 .data          0x00032bac        0x0 C:/Users/adwinying/Desktop/lwIP_NIOS_II_Example_bsp/\libhal_bsp.a(altera_avalon_cfi_flash_table.o)
 .data          0x00032bac        0x0 C:/Users/adwinying/Desktop/lwIP_NIOS_II_Example_bsp/\libhal_bsp.a(altera_avalon_jtag_uart_fd.o)
 .data          0x00032bac        0x0 C:/Users/adwinying/Desktop/lwIP_NIOS_II_Example_bsp/\libhal_bsp.a(altera_avalon_jtag_uart_init.o)
 .data          0x00032bac        0x0 C:/Users/adwinying/Desktop/lwIP_NIOS_II_Example_bsp/\libhal_bsp.a(altera_avalon_jtag_uart_ioctl.o)
 .data          0x00032bac        0x0 C:/Users/adwinying/Desktop/lwIP_NIOS_II_Example_bsp/\libhal_bsp.a(altera_avalon_jtag_uart_read.o)
 .data          0x00032bac        0x0 C:/Users/adwinying/Desktop/lwIP_NIOS_II_Example_bsp/\libhal_bsp.a(altera_avalon_jtag_uart_write.o)
 .data          0x00032bac        0x0 C:/Users/adwinying/Desktop/lwIP_NIOS_II_Example_bsp/\libhal_bsp.a(altera_avalon_lcd_16207.o)
 .data          0x00032bac        0x0 C:/Users/adwinying/Desktop/lwIP_NIOS_II_Example_bsp/\libhal_bsp.a(altera_avalon_lcd_16207_fd.o)
 .data          0x00032bac        0x0 C:/Users/adwinying/Desktop/lwIP_NIOS_II_Example_bsp/\libhal_bsp.a(altera_avalon_sgdma.o)
 .data          0x00032bac        0x0 C:/Users/adwinying/Desktop/lwIP_NIOS_II_Example_bsp/\libhal_bsp.a(altera_avalon_timer_sc.o)
 .data          0x00032bac        0x0 C:/Users/adwinying/Desktop/lwIP_NIOS_II_Example_bsp/\libhal_bsp.a(altera_avalon_tse.o)
 .data          0x00032bac        0x0 C:/Users/adwinying/Desktop/lwIP_NIOS_II_Example_bsp/\libhal_bsp.a(altera_avalon_tse_system_info.o)
 .data          0x00032bac        0x0 C:/Users/adwinying/Desktop/lwIP_NIOS_II_Example_bsp/\libhal_bsp.a(altera_avalon_uart_fd.o)
 .data          0x00032bac        0x0 C:/Users/adwinying/Desktop/lwIP_NIOS_II_Example_bsp/\libhal_bsp.a(altera_avalon_uart_init.o)
 .data          0x00032bac        0x0 C:/Users/adwinying/Desktop/lwIP_NIOS_II_Example_bsp/\libhal_bsp.a(altera_avalon_uart_read.o)
 .data          0x00032bac        0x0 C:/Users/adwinying/Desktop/lwIP_NIOS_II_Example_bsp/\libhal_bsp.a(altera_avalon_uart_write.o)
 .data          0x00032bac        0x0 C:/Users/adwinying/Desktop/lwIP_NIOS_II_Example_bsp/\libhal_bsp.a(altera_vic_0_vector_tbl.o)
 .data          0x00032bac        0x0 C:/Users/adwinying/Desktop/lwIP_NIOS_II_Example_bsp/\libhal_bsp.a(altera_vic_funnel_non_preemptive.o)
 .data          0x00032bac        0x0 C:/Users/adwinying/Desktop/lwIP_NIOS_II_Example_bsp/\libhal_bsp.a(altera_vic_irq_init.o)
 .data          0x00032bac        0x0 C:/Users/adwinying/Desktop/lwIP_NIOS_II_Example_bsp/\libhal_bsp.a(altera_vic_isr_register.o)
 .data          0x00032bac        0x0 C:/Users/adwinying/Desktop/lwIP_NIOS_II_Example_bsp/\libhal_bsp.a(alt_busy_sleep.o)
 .data          0x00032bac        0x0 C:/Users/adwinying/Desktop/lwIP_NIOS_II_Example_bsp/\libhal_bsp.a(alt_dcache_flush.o)
 .data          0x00032bac        0x0 C:/Users/adwinying/Desktop/lwIP_NIOS_II_Example_bsp/\libhal_bsp.a(alt_dcache_flush_all.o)
 .data          0x00032bac        0x0 C:/Users/adwinying/Desktop/lwIP_NIOS_II_Example_bsp/\libhal_bsp.a(alt_dev_llist_insert.o)
 .data          0x00032bac        0x0 C:/Users/adwinying/Desktop/lwIP_NIOS_II_Example_bsp/\libhal_bsp.a(alt_do_ctors.o)
 .data          0x00032bac        0x0 C:/Users/adwinying/Desktop/lwIP_NIOS_II_Example_bsp/\libhal_bsp.a(alt_do_dtors.o)
 .data          0x00032bac        0x0 C:/Users/adwinying/Desktop/lwIP_NIOS_II_Example_bsp/\libhal_bsp.a(alt_find_dev.o)
 .data          0x00032bac        0x0 C:/Users/adwinying/Desktop/lwIP_NIOS_II_Example_bsp/\libhal_bsp.a(alt_flash_dev.o)
 .data          0x00032bac        0x0 C:/Users/adwinying/Desktop/lwIP_NIOS_II_Example_bsp/\libhal_bsp.a(alt_icache_flush_all.o)
 .data          0x00032bac        0x0 C:/Users/adwinying/Desktop/lwIP_NIOS_II_Example_bsp/\libhal_bsp.a(alt_io_redirect.o)
 .data          0x00032bac        0x0 C:/Users/adwinying/Desktop/lwIP_NIOS_II_Example_bsp/\libhal_bsp.a(alt_open.o)
 .data          0x00032bac        0x0 C:/Users/adwinying/Desktop/lwIP_NIOS_II_Example_bsp/\libhal_bsp.a(altera_avalon_cfi_flash_amd.o)
 .data          0x00032bac        0x0 C:/Users/adwinying/Desktop/lwIP_NIOS_II_Example_bsp/\libhal_bsp.a(altera_avalon_cfi_flash_intel.o)
 .data          0x00032bac        0x0 C:/Users/adwinying/Desktop/lwIP_NIOS_II_Example_bsp/\libhal_bsp.a(alt_find_file.o)
 .data          0x00032bac        0x0 C:/Users/adwinying/Desktop/lwIP_NIOS_II_Example_bsp/\libhal_bsp.a(alt_get_fd.o)
 .data          0x00032bac        0x0 C:/Users/adwinying/Desktop/lwIP_NIOS_II_Example_bsp/\libhal_bsp.a(alt_icache_flush.o)
 .data          0x00032bac        0x0 c:/altera/13.1/nios2eds/bin/gnu/h-i686-mingw32/bin/../lib/gcc/nios2-elf/4.7.3/../../../../../H-i686-mingw32/nios2-elf/lib\libc.a(lib_a-atexit.o)
 .data          0x00032bac        0x0 c:/altera/13.1/nios2eds/bin/gnu/h-i686-mingw32/bin/../lib/gcc/nios2-elf/4.7.3/../../../../../H-i686-mingw32/nios2-elf/lib\libc.a(lib_a-ctype_.o)
 .data          0x00032bac        0x0 c:/altera/13.1/nios2eds/bin/gnu/h-i686-mingw32/bin/../lib/gcc/nios2-elf/4.7.3/../../../../../H-i686-mingw32/nios2-elf/lib\libc.a(lib_a-exit.o)
 .data          0x00032bac        0x0 c:/altera/13.1/nios2eds/bin/gnu/h-i686-mingw32/bin/../lib/gcc/nios2-elf/4.7.3/../../../../../H-i686-mingw32/nios2-elf/lib\libc.a(lib_a-malloc.o)
 .data          0x00032bac        0x0 c:/altera/13.1/nios2eds/bin/gnu/h-i686-mingw32/bin/../lib/gcc/nios2-elf/4.7.3/../../../../../H-i686-mingw32/nios2-elf/lib\libc.a(lib_a-memcmp.o)
 .data          0x00032bac        0x0 c:/altera/13.1/nios2eds/bin/gnu/h-i686-mingw32/bin/../lib/gcc/nios2-elf/4.7.3/../../../../../H-i686-mingw32/nios2-elf/lib\libc.a(lib_a-strcpy.o)
 .data          0x00032bac        0x0 c:/altera/13.1/nios2eds/bin/gnu/h-i686-mingw32/bin/../lib/gcc/nios2-elf/4.7.3/../../../../../H-i686-mingw32/nios2-elf/lib\libc.a(lib_a-__atexit.o)
 .data          0x00032bac        0x0 c:/altera/13.1/nios2eds/bin/gnu/h-i686-mingw32/bin/../lib/gcc/nios2-elf/4.7.3/../../../../../H-i686-mingw32/nios2-elf/lib\libc.a(lib_a-__call_atexit.o)
 .data          0x00032bac        0x0 C:/Users/adwinying/Desktop/lwIP_NIOS_II_Example_bsp/\libhal_bsp.a(alt_exit.o)
                0x0003abac                _gp = ABSOLUTE ((. + 0x8000))
                0x0003abac                PROVIDE (gp, _gp)
 *(.rwdata .rwdata.*)
 *(.sdata .sdata.* .gnu.linkonce.s.*)
 .sdata         0x00032bac        0x4 obj/default/lwip/src/core/dhcp.o
 .sdata         0x00032bb0        0x8 obj/default/lwip/src/core/ipv4/ip_addr.o
                0x00032bb0                ip_addr_any
                0x00032bb4                ip_addr_broadcast
 .sdata         0x00032bb8       0x10 obj/default/lwip/src/core/tcp.o
                0x00032bb8                tcp_persist_backoff
 .sdata         0x00032bc8        0xc obj/default/lwip/src/netif/etharp.o
                0x00032bc8                ethbroadcast
                0x00032bce                ethzero
 .sdata         0x00032bd4        0x8 c:/altera/13.1/nios2eds/bin/gnu/h-i686-mingw32/bin/../lib/gcc/nios2-elf/4.7.3/../../../../../H-i686-mingw32/nios2-elf/lib\libc.a(lib_a-impure.o)
                0x00032bd4                _global_impure_ptr
                0x00032bd8                _impure_ptr
 .sdata         0x00032bdc        0x4 c:/altera/13.1/nios2eds/bin/gnu/h-i686-mingw32/bin/../lib/gcc/nios2-elf/4.7.3/../../../../../H-i686-mingw32/nios2-elf/lib\libc.a(lib_a-locale.o)
                0x00032bdc                __mb_cur_max
 .sdata         0x00032be0        0x8 c:/altera/13.1/nios2eds/bin/gnu/h-i686-mingw32/bin/../lib/gcc/nios2-elf/4.7.3/../../../../../H-i686-mingw32/nios2-elf/lib\libc.a(lib_a-mallocr.o)
                0x00032be0                __malloc_sbrk_base
                0x00032be4                __malloc_trim_threshold
 .sdata         0x00032be8       0x14 C:/Users/adwinying/Desktop/lwIP_NIOS_II_Example_bsp/\libhal_bsp.a(alt_dev.o)
                0x00032be8                alt_fs_list
                0x00032bf0                alt_dev_list
                0x00032bf8                alt_max_fd
 .sdata         0x00032bfc        0x4 C:/Users/adwinying/Desktop/lwIP_NIOS_II_Example_bsp/\libhal_bsp.a(alt_errno.o)
                0x00032bfc                alt_errno
 .sdata         0x00032c00        0x4 C:/Users/adwinying/Desktop/lwIP_NIOS_II_Example_bsp/\libhal_bsp.a(alt_sbrk.o)
 .sdata         0x00032c04        0x8 C:/Users/adwinying/Desktop/lwIP_NIOS_II_Example_bsp/\libhal_bsp.a(alt_tick.o)
                0x00032c04                alt_alarm_list
 .sdata         0x00032c0c        0x4 C:/Users/adwinying/Desktop/lwIP_NIOS_II_Example_bsp/\libhal_bsp.a(altera_avalon_lcd_16207.o)
 .sdata         0x00032c10        0x8 C:/Users/adwinying/Desktop/lwIP_NIOS_II_Example_bsp/\libhal_bsp.a(altera_avalon_sgdma.o)
                0x00032c10                alt_sgdma_list
 .sdata         0x00032c18        0x1 C:/Users/adwinying/Desktop/lwIP_NIOS_II_Example_bsp/\libhal_bsp.a(altera_avalon_tse.o)
                0x00032c18                max_mac_system
 *fill*         0x00032c19        0x3 
 .sdata         0x00032c1c        0x8 C:/Users/adwinying/Desktop/lwIP_NIOS_II_Example_bsp/\libhal_bsp.a(alt_flash_dev.o)
                0x00032c1c                alt_flash_dev_list
 .sdata         0x00032c24        0x4 c:/altera/13.1/nios2eds/bin/gnu/h-i686-mingw32/bin/../lib/gcc/nios2-elf/4.7.3/../../../../../H-i686-mingw32/nios2-elf/lib\libc.a(lib_a-ctype_.o)
                0x00032c24                __ctype_ptr
 *(.sdata2 .sdata2.* .gnu.linkonce.s2.*)
                0x00032c28                . = ALIGN (0x4)
                0x00032c28                _edata = ABSOLUTE (.)
                0x00032c28                PROVIDE (edata, ABSOLUTE (.))
                0x00032c28                PROVIDE (__ram_rwdata_end, ABSOLUTE (.))
                0x00032c28                PROVIDE (__flash_rwdata_start, LOADADDR (.rwdata))

.bss            0x00034c2c     0xe0a0
                0x00034c2c                __bss_start = ABSOLUTE (.)
                0x00034c2c                PROVIDE (__sbss_start, ABSOLUTE (.))
                0x00034c2c                PROVIDE (___sbss_start, ABSOLUTE (.))
 *(.dynsbss)
 *(.sbss .sbss.* .gnu.linkonce.sb.*)
 .sbss          0x00034c2c        0x2 obj/default/lwip/src/core/ipv4/ip.o
 *fill*         0x00034c2e        0x2 
 .sbss          0x00034c30        0x8 obj/default/lwip/src/core/ipv4/ip.o
                0x00034c30                current_netif
                0x00034c34                current_header
 .sbss          0x00034c38        0x8 obj/default/lwip/src/core/ipv4/ip_frag.o
 .sbss          0x00034c40       0x10 obj/default/lwip/src/core/mem.o
 .sbss          0x00034c50        0xc obj/default/lwip/src/core/netif.o
                0x00034c54                netif_list
                0x00034c58                netif_default
 .sbss          0x00034c5c        0x4 obj/default/lwip/src/core/raw.o
 .sbss          0x00034c60       0x1c obj/default/lwip/src/core/tcp.o
                0x00034c64                tcp_active_pcbs
                0x00034c68                tcp_ticks
                0x00034c6c                tcp_listen_pcbs
                0x00034c70                tcp_tmp_pcb
                0x00034c74                tcp_bound_pcbs
                0x00034c78                tcp_tw_pcbs
 .sbss          0x00034c7c       0x20 obj/default/lwip/src/core/tcp_in.o
                0x00034c98                tcp_input_pcb
 .sbss          0x00034c9c        0x4 obj/default/lwip/src/core/udp.o
                0x00034c9c                udp_pcbs
 .sbss          0x00034ca0        0x1 obj/default/lwip/src/netif/etharp.o
 *fill*         0x00034ca1        0x3 
 .sbss          0x00034ca4       0x14 obj/default/main.o
                0x00034cb4                lwipStaticIp
 .sbss          0x00034cb8        0xc c:/altera/13.1/nios2eds/bin/gnu/h-i686-mingw32/bin/../lib/gcc/nios2-elf/4.7.3/../../../../../H-i686-mingw32/nios2-elf/lib\libc.a(lib_a-locale.o)
                0x00034cb8                _PathLocale
                0x00034cbc                __mlocale_changed
                0x00034cc0                __nlocale_changed
 .sbss          0x00034cc4        0xc c:/altera/13.1/nios2eds/bin/gnu/h-i686-mingw32/bin/../lib/gcc/nios2-elf/4.7.3/../../../../../H-i686-mingw32/nios2-elf/lib\libc.a(lib_a-mallocr.o)
                0x00034cc4                __malloc_max_total_mem
                0x00034cc8                __malloc_max_sbrked_mem
                0x00034ccc                __malloc_top_pad
 .sbss          0x00034cd0        0x4 c:/altera/13.1/nios2eds/bin/gnu/h-i686-mingw32/bin/../lib/gcc/nios2-elf/4.7.3/../../../../../H-i686-mingw32/nios2-elf/lib\libc.a(lib_a-int_errno.o)
                0x00034cd0                errno
 .sbss          0x00034cd4        0xc C:/Users/adwinying/Desktop/lwIP_NIOS_II_Example_bsp/\libhal_bsp.a(alt_main.o)
                0x00034cd4                alt_argc
                0x00034cd8                alt_argv
                0x00034cdc                alt_envp
 .sbss          0x00034ce0        0x8 C:/Users/adwinying/Desktop/lwIP_NIOS_II_Example_bsp/\libhal_bsp.a(alt_tick.o)
                0x00034ce0                _alt_tick_rate
                0x00034ce4                _alt_nticks
 .sbss          0x00034ce8        0x4 C:/Users/adwinying/Desktop/lwIP_NIOS_II_Example_bsp/\libhal_bsp.a(altera_avalon_tse.o)
                0x00034ce8                phy_profile_count
                0x00034ce9                mac_group_count
 .sbss          0x00034cec        0x4 C:/Users/adwinying/Desktop/lwIP_NIOS_II_Example_bsp/\libhal_bsp.a(altera_vic_irq_init.o)
                0x00034cec                alt_vic_dev_list
 *(.sbss2 .sbss2.* .gnu.linkonce.sb2.*)
 *(.scommon)
                0x00034cf0                PROVIDE (__sbss_end, ABSOLUTE (.))
                0x00034cf0                PROVIDE (___sbss_end, ABSOLUTE (.))
 *(.dynbss)
 *(.bss .bss.* .gnu.linkonce.b.*)
 .bss           0x00034cf0        0x0 C:/Users/adwinying/Desktop/lwIP_NIOS_II_Example_bsp//obj/HAL/src/crt0.o
 .bss           0x00034cf0        0x0 obj/default/drivers/alteraTseEthernetif.o
 .bss           0x00034cf0        0x0 obj/default/drivers/fs.o
 .bss           0x00034cf0        0x0 obj/default/drivers/fsdata.o
 .bss           0x00034cf0        0x0 obj/default/drivers/httpd.o
 .bss           0x00034cf0        0x0 obj/default/drivers/lwip_tse_mac.o
 .bss           0x00034cf0        0x0 obj/default/lwip/src/api/api_lib.o
 .bss           0x00034cf0        0x0 obj/default/lwip/src/api/api_msg.o
 .bss           0x00034cf0        0x0 obj/default/lwip/src/api/err.o
 .bss           0x00034cf0        0x0 obj/default/lwip/src/api/netbuf.o
 .bss           0x00034cf0        0x0 obj/default/lwip/src/api/netdb.o
 .bss           0x00034cf0        0x0 obj/default/lwip/src/api/netifapi.o
 .bss           0x00034cf0        0x0 obj/default/lwip/src/api/sockets.o
 .bss           0x00034cf0        0x0 obj/default/lwip/src/api/tcpip.o
 .bss           0x00034cf0        0x0 obj/default/lwip/src/core/dhcp.o
 .bss           0x00034cf0        0x0 obj/default/lwip/src/core/dns.o
 .bss           0x00034cf0        0x0 obj/default/lwip/src/core/init.o
 .bss           0x00034cf0        0x0 obj/default/lwip/src/core/ipv4/autoip.o
 .bss           0x00034cf0        0x0 obj/default/lwip/src/core/ipv4/icmp.o
 .bss           0x00034cf0        0x0 obj/default/lwip/src/core/ipv4/igmp.o
 .bss           0x00034cf0       0x10 obj/default/lwip/src/core/ipv4/inet.o
 .bss           0x00034d00        0x0 obj/default/lwip/src/core/ipv4/inet_chksum.o
 .bss           0x00034d00        0x0 obj/default/lwip/src/core/ipv4/ip.o
 .bss           0x00034d00        0x0 obj/default/lwip/src/core/ipv4/ip_addr.o
 .bss           0x00034d00      0x5e0 obj/default/lwip/src/core/ipv4/ip_frag.o
 .bss           0x000352e0      0x654 obj/default/lwip/src/core/mem.o
 .bss           0x00035934     0xcbd0 obj/default/lwip/src/core/memp.o
 .bss           0x00042504        0x0 obj/default/lwip/src/core/netif.o
 .bss           0x00042504        0x0 obj/default/lwip/src/core/pbuf.o
 .bss           0x00042504        0x0 obj/default/lwip/src/core/raw.o
 .bss           0x00042504        0x0 obj/default/lwip/src/core/snmp/asn1_dec.o
 .bss           0x00042504        0x0 obj/default/lwip/src/core/snmp/asn1_enc.o
 .bss           0x00042504        0x0 obj/default/lwip/src/core/snmp/mib2.o