Archive member included because of file (symbol)

c:/altera/13.1/nios2eds/bin/gnu/h-i686-mingw32/bin/../lib/gcc/nios2-elf/4.7.3/../../../../../H-i686-mingw32/nios2-elf/lib\libc.a(lib_a-impure.o)
                              obj/default/main.o (_impure_ptr)
c:/altera/13.1/nios2eds/bin/gnu/h-i686-mingw32/bin/../lib/gcc/nios2-elf/4.7.3/../../../../../H-i686-mingw32/nios2-elf/lib\libc.a(lib_a-memcpy.o)
                              obj/default/driver/lwip_tse_mac.o (memcpy)
c:/altera/13.1/nios2eds/bin/gnu/h-i686-mingw32/bin/../lib/gcc/nios2-elf/4.7.3/../../../../../H-i686-mingw32/nios2-elf/lib\libc.a(lib_a-memset.o)
                              obj/default/src/core/dhcp.o (memset)
c:/altera/13.1/nios2eds/bin/gnu/h-i686-mingw32/bin/../lib/gcc/nios2-elf/4.7.3/../../../../../H-i686-mingw32/nios2-elf/lib\libc.a(lib_a-printf.o)
                              obj/default/alteraTseEthernetif.o (printf)
c:/altera/13.1/nios2eds/bin/gnu/h-i686-mingw32/bin/../lib/gcc/nios2-elf/4.7.3/../../../../../H-i686-mingw32/nios2-elf/lib\libc.a(lib_a-putc.o)
                              obj/default/main.o (putc)
c:/altera/13.1/nios2eds/bin/gnu/h-i686-mingw32/bin/../lib/gcc/nios2-elf/4.7.3/../../../../../H-i686-mingw32/nios2-elf/lib\libc.a(lib_a-puts.o)
                              obj/default/driver/httpd.o (puts)
c:/altera/13.1/nios2eds/bin/gnu/h-i686-mingw32/bin/../lib/gcc/nios2-elf/4.7.3/../../../../../H-i686-mingw32/nios2-elf/lib\libc.a(lib_a-strcmp.o)
                              obj/default/driver/fs.o (strcmp)
c:/altera/13.1/nios2eds/bin/gnu/h-i686-mingw32/bin/../lib/gcc/nios2-elf/4.7.3/../../../../../H-i686-mingw32/nios2-elf/lib\libc.a(lib_a-strlen.o)
                              c:/altera/13.1/nios2eds/bin/gnu/h-i686-mingw32/bin/../lib/gcc/nios2-elf/4.7.3/../../../../../H-i686-mingw32/nios2-elf/lib\libc.a(lib_a-puts.o) (strlen)
c:/altera/13.1/nios2eds/bin/gnu/h-i686-mingw32/bin/../lib/gcc/nios2-elf/4.7.3/../../../../../H-i686-mingw32/nios2-elf/lib\libc.a(lib_a-strncmp.o)
                              obj/default/driver/httpd.o (strncmp)
c:/altera/13.1/nios2eds/bin/gnu/h-i686-mingw32/bin/../lib/gcc/nios2-elf/4.7.3/../../../../../H-i686-mingw32/nios2-elf/lib\libc.a(lib_a-vfprintf.o)
                              c:/altera/13.1/nios2eds/bin/gnu/h-i686-mingw32/bin/../lib/gcc/nios2-elf/4.7.3/../../../../../H-i686-mingw32/nios2-elf/lib\libc.a(lib_a-printf.o) (___vfprintf_internal_r)
c:/altera/13.1/nios2eds/bin/gnu/h-i686-mingw32/bin/../lib/gcc/nios2-elf/4.7.3/../../../../../H-i686-mingw32/nios2-elf/lib\libc.a(lib_a-wbuf.o)
                              c:/altera/13.1/nios2eds/bin/gnu/h-i686-mingw32/bin/../lib/gcc/nios2-elf/4.7.3/../../../../../H-i686-mingw32/nios2-elf/lib\libc.a(lib_a-putc.o) (__swbuf_r)
c:/altera/13.1/nios2eds/bin/gnu/h-i686-mingw32/bin/../lib/gcc/nios2-elf/4.7.3/../../../../../H-i686-mingw32/nios2-elf/lib\libc.a(lib_a-wsetup.o)
                              c:/altera/13.1/nios2eds/bin/gnu/h-i686-mingw32/bin/../lib/gcc/nios2-elf/4.7.3/../../../../../H-i686-mingw32/nios2-elf/lib\libc.a(lib_a-vfprintf.o) (__swsetup_r)
c:/altera/13.1/nios2eds/bin/gnu/h-i686-mingw32/bin/../lib/gcc/nios2-elf/4.7.3/../../../../../H-i686-mingw32/nios2-elf/lib\libc.a(lib_a-dtoa.o)
                              c:/altera/13.1/nios2eds/bin/gnu/h-i686-mingw32/bin/../lib/gcc/nios2-elf/4.7.3/../../../../../H-i686-mingw32/nios2-elf/lib\libc.a(lib_a-vfprintf.o) (_dtoa_r)
c:/altera/13.1/nios2eds/bin/gnu/h-i686-mingw32/bin/../lib/gcc/nios2-elf/4.7.3/../../../../../H-i686-mingw32/nios2-elf/lib\libc.a(lib_a-fflush.o)
                              c:/altera/13.1/nios2eds/bin/gnu/h-i686-mingw32/bin/../lib/gcc/nios2-elf/4.7.3/../../../../../H-i686-mingw32/nios2-elf/lib\libc.a(lib_a-vfprintf.o) (_fflush_r)
c:/altera/13.1/nios2eds/bin/gnu/h-i686-mingw32/bin/../lib/gcc/nios2-elf/4.7.3/../../../../../H-i686-mingw32/nios2-elf/lib\libc.a(lib_a-findfp.o)
                              c:/altera/13.1/nios2eds/bin/gnu/h-i686-mingw32/bin/../lib/gcc/nios2-elf/4.7.3/../../../../../H-i686-mingw32/nios2-elf/lib\libc.a(lib_a-putc.o) (__sinit)
c:/altera/13.1/nios2eds/bin/gnu/h-i686-mingw32/bin/../lib/gcc/nios2-elf/4.7.3/../../../../../H-i686-mingw32/nios2-elf/lib\libc.a(lib_a-freer.o)
                              c:/altera/13.1/nios2eds/bin/gnu/h-i686-mingw32/bin/../lib/gcc/nios2-elf/4.7.3/../../../../../H-i686-mingw32/nios2-elf/lib\libc.a(lib_a-wsetup.o) (_free_r)
c:/altera/13.1/nios2eds/bin/gnu/h-i686-mingw32/bin/../lib/gcc/nios2-elf/4.7.3/../../../../../H-i686-mingw32/nios2-elf/lib\libc.a(lib_a-fvwrite.o)
                              c:/altera/13.1/nios2eds/bin/gnu/h-i686-mingw32/bin/../lib/gcc/nios2-elf/4.7.3/../../../../../H-i686-mingw32/nios2-elf/lib\libc.a(lib_a-puts.o) (__sfvwrite_r)
c:/altera/13.1/nios2eds/bin/gnu/h-i686-mingw32/bin/../lib/gcc/nios2-elf/4.7.3/../../../../../H-i686-mingw32/nios2-elf/lib\libc.a(lib_a-fwalk.o)
[...]
Memory Configuration

Name             Origin             Length             Attributes
sdram_BEFORE_EXCEPTION 0x00000000         0x00000020
sdram            0x00000020         0x01ffffe0
descriptor_memory 0x02001000         0x00001000
cfi_flash        0x04000000         0x00800000
reset            0x05000000         0x00000020
sram             0x05000020         0x001fffe0
onchip_memory2   0x0a000000         0x00020000
*default*        0x00000000         0xffffffff

Linker script and memory map

LOAD ../lwIP_NIOS_II_Example_bsp//obj/HAL/src/crt0.o
LOAD obj/default/alteraTseEthernetif.o
LOAD obj/default/driver/alteraTseEthernetif.o
LOAD obj/default/driver/fs.o
LOAD obj/default/driver/fsdata.o
LOAD obj/default/driver/httpd.o
LOAD obj/default/driver/lwip_tse_mac.o
LOAD obj/default/fs.o
LOAD obj/default/fsdata.o
LOAD obj/default/httpd.o
LOAD obj/default/lwip_tse_mac.o
LOAD obj/default/main.o
LOAD obj/default/src/api/api_lib.o
LOAD obj/default/src/api/api_msg.o
LOAD obj/default/src/api/err.o
LOAD obj/default/src/api/netbuf.o
LOAD obj/default/src/api/netdb.o
LOAD obj/default/src/api/netifapi.o
LOAD obj/default/src/api/sockets.o
LOAD obj/default/src/api/tcpip.o
LOAD obj/default/src/core/dhcp.o
LOAD obj/default/src/core/dns.o
LOAD obj/default/src/core/init.o
LOAD obj/default/src/core/ipv4/autoip.o
LOAD obj/default/src/core/ipv4/icmp.o
LOAD obj/default/src/core/ipv4/igmp.o
LOAD obj/default/src/core/ipv4/inet.o
LOAD obj/default/src/core/ipv4/inet_chksum.o
LOAD obj/default/src/core/ipv4/ip.o
LOAD obj/default/src/core/ipv4/ip_addr.o
LOAD obj/default/src/core/ipv4/ip_frag.o
LOAD obj/default/src/core/mem.o
LOAD obj/default/src/core/memp.o
LOAD obj/default/src/core/netif.o
LOAD obj/default/src/core/pbuf.o
LOAD obj/default/src/core/raw.o
LOAD obj/default/src/core/snmp/asn1_dec.o
LOAD obj/default/src/core/snmp/asn1_enc.o
LOAD obj/default/src/core/snmp/mib2.o
LOAD obj/default/src/core/snmp/mib_structs.o
LOAD obj/default/src/core/snmp/msg_in.o
LOAD obj/default/src/core/snmp/msg_out.o
LOAD obj/default/src/core/stats.o
LOAD obj/default/src/core/sys.o
LOAD obj/default/src/core/tcp.o
LOAD obj/default/src/core/tcp_in.o
LOAD obj/default/src/core/tcp_out.o
LOAD obj/default/src/core/udp.o
LOAD obj/default/src/netif/etharp.o
LOAD obj/default/src/netif/ethernetif.o
LOAD obj/default/src/netif/loopif.o
LOAD obj/default/src/netif/ppp/auth.o
LOAD obj/default/src/netif/ppp/chap.o
LOAD obj/default/src/netif/ppp/chpms.o
LOAD obj/default/src/netif/ppp/fsm.o
LOAD obj/default/src/netif/ppp/ipcp.o
LOAD obj/default/src/netif/ppp/lcp.o
LOAD obj/default/src/netif/ppp/magic.o
LOAD obj/default/src/netif/ppp/md5.o
LOAD obj/default/src/netif/ppp/pap.o
LOAD obj/default/src/netif/ppp/ppp.o
LOAD obj/default/src/netif/ppp/ppp_oe.o
LOAD obj/default/src/netif/ppp/randm.o
LOAD obj/default/src/netif/ppp/vj.o
LOAD obj/default/src/netif/slipif.o
LOAD c:/altera/13.1/nios2eds/bin/gnu/h-i686-mingw32/bin/../lib/gcc/nios2-elf/4.7.3/../../../../../H-i686-mingw32/nios2-elf/lib\libstdc++.a
LOAD c:/altera/13.1/nios2eds/bin/gnu/h-i686-mingw32/bin/../lib/gcc/nios2-elf/4.7.3/../../../../../H-i686-mingw32/nios2-elf/lib\libm.a
LOAD c:/altera/13.1/nios2eds/bin/gnu/h-i686-mingw32/bin/../lib/gcc/nios2-elf/4.7.3\libgcc.a
START GROUP
LOAD c:/altera/13.1/nios2eds/bin/gnu/h-i686-mingw32/bin/../lib/gcc/nios2-elf/4.7.3/../../../../../H-i686-mingw32/nios2-elf/lib\libc.a
LOAD c:/altera/13.1/nios2eds/bin/gnu/h-i686-mingw32/bin/../lib/gcc/nios2-elf/4.7.3\libgcc.a
LOAD ../lwIP_NIOS_II_Example_bsp/\libhal_bsp.a
END GROUP
LOAD c:/altera/13.1/nios2eds/bin/gnu/h-i686-mingw32/bin/../lib/gcc/nios2-elf/4.7.3\libgcc.a
                0x00000000                __alt_mem_sdram = 0x0
                0x02001000                __alt_mem_descriptor_memory = 0x2001000
                0x04000000                __alt_mem_cfi_flash = 0x4000000
                0x05000000                __alt_mem_sram = 0x5000000
                0x0a000000                __alt_mem_onchip_memory2 = 0xa000000

.entry          0x05000000       0x20
 *(.entry)
 .entry         0x05000000       0x20 ../lwIP_NIOS_II_Example_bsp//obj/HAL/src/crt0.o
                0x05000000                __reset

.exceptions     0x00000020        0x0
                0x00000020                PROVIDE (__ram_exceptions_start, ABSOLUTE (.))
                0x00000020                . = ALIGN (0x20)
 *(.irq)
 *(.exceptions.entry.label)
 *(.exceptions.entry.user)
 *(.exceptions.entry.ecc_fatal)
 *(.exceptions.entry)
 *(.exceptions.irqtest.user)
 *(.exceptions.irqtest)
 *(.exceptions.irqhandler.user)
 *(.exceptions.irqhandler)
 *(.exceptions.irqreturn.user)
 *(.exceptions.irqreturn)
 *(.exceptions.notirq.label)
 *(.exceptions.notirq.user)
 *(.exceptions.notirq)
 *(.exceptions.soft.user)
 *(.exceptions.soft)
 *(.exceptions.unknown.user)
 *(.exceptions.unknown)
 *(.exceptions.exit.label)
 *(.exceptions.exit.user)
 *(.exceptions.exit)
 *(.exceptions)
                0x00000020                PROVIDE (__ram_exceptions_end, ABSOLUTE (.))
                0x00000020                PROVIDE (__flash_exceptions_start, LOADADDR (.exceptions))

.text           0x00000020    0x2da70
                0x00000020                PROVIDE (stext, ABSOLUTE (.))
 *(.interp)
 *(.hash)
 *(.dynsym)
 *(.dynstr)
 *(.gnu.version)
 *(.gnu.version_d)
 *(.gnu.version_r)
 *(.rel.init)
 *(.rela.init)
 *(.rel.text .rel.text.* .rel.gnu.linkonce.t.*)
 *(.rela.text .rela.text.* .rela.gnu.linkonce.t.*)
 *(.rel.fini)
 *(.rela.fini)
 *(.rel.rodata .rel.rodata.* .rel.gnu.linkonce.r.*)
 *(.rela.rodata .rela.rodata.* .rela.gnu.linkonce.r.*)
 *(.rel.data .rel.data.* .rel.gnu.linkonce.d.*)
 *(.rela.data .rela.data.* .rela.gnu.linkonce.d.*)
 *(.rel.tdata .rel.tdata.* .rel.gnu.linkonce.td.*)
 *(.rela.tdata .rela.tdata.* .rela.gnu.linkonce.td.*)
 *(.rel.tbss .rel.tbss.* .rel.gnu.linkonce.tb.*)
 *(.rela.tbss .rela.tbss.* .rela.gnu.linkonce.tb.*)
 *(.rel.ctors)
 *(.rela.ctors)
 *(.rel.dtors)
 *(.rela.dtors)
 *(.rel.got)
 *(.rela.got)
 *(.rel.sdata .rel.sdata.* .rel.gnu.linkonce.s.*)
 *(.rela.sdata .rela.sdata.* .rela.gnu.linkonce.s.*)
 *(.rel.sbss .rel.sbss.* .rel.gnu.linkonce.sb.*)
 *(.rela.sbss .rela.sbss.* .rela.gnu.linkonce.sb.*)
 *(.rel.sdata2 .rel.sdata2.* .rel.gnu.linkonce.s2.*)
 *(.rela.sdata2 .rela.sdata2.* .rela.gnu.linkonce.s2.*)
 *(.rel.sbss2 .rel.sbss2.* .rel.gnu.linkonce.sb2.*)
 *(.rela.sbss2 .rela.sbss2.* .rela.gnu.linkonce.sb2.*)
 *(.rel.bss .rel.bss.* .rel.gnu.linkonce.b.*)
 *(.rela.bss .rela.bss.* .rela.gnu.linkonce.b.*)
 *(.rel.plt)
 *(.rela.plt)
 *(.rel.dyn)
 *(.init)
 *(.plt)
 *(.text .stub .text.* .gnu.linkonce.t.*)
 .text          0x00000020       0x7c ../lwIP_NIOS_II_Example_bsp//obj/HAL/src/crt0.o
                0x00000020                _start
 .text          0x0000009c      0x4f4 obj/default/alteraTseEthernetif.o
                0x00000334                ethernetif_input
                0x00000418                ethernetif_init
 .text          0x00000590      0x4f4 obj/default/driver/alteraTseEthernetif.o
 .text          0x00000a84       0x94 obj/default/driver/fs.o
                0x00000a84                fs_open
 .text          0x00000b18        0x0 obj/default/driver/fsdata.o
 .text          0x00000b18      0x654 obj/default/driver/httpd.o
                0x00001100                httpd_init
 .text          0x0000116c      0xbfc obj/default/driver/lwip_tse_mac.o
                0x0000116c                tse_mac_init
                0x00001924                tse_sgdma_read_init
                0x000019cc                tse_sgdmaRx_isr
                0x00001a60                tse_mac_raw_send
                0x00001bd0                tse_mac_rcv
 .text          0x00001d68       0x94 obj/default/fs.o
 .text          0x00001dfc        0x0 obj/default/fsdata.o
 .text          0x00001dfc      0x654 obj/default/httpd.o
 .text          0x00002450      0xbfc obj/default/lwip_tse_mac.o
 .text          0x0000304c      0x31c obj/default/main.o
                0x0000304c                lwipAlarmCallback
                0x00003078                main
                0x000032a4                lwipProcessTimers
 .text          0x00003368        0x0 obj/default/src/api/api_lib.o
 .text          0x00003368        0x0 obj/default/src/api/api_msg.o
 .text          0x00003368        0x0 obj/default/src/api/err.o
 .text          0x00003368        0x0 obj/default/src/api/netbuf.o
 .text          0x00003368        0x0 obj/default/src/api/netdb.o
 .text          0x00003368        0x0 obj/default/src/api/netifapi.o
 .text          0x00003368        0x0 obj/default/src/api/sockets.o
 .text          0x00003368        0x0 obj/default/src/api/tcpip.o
 .text          0x00003368     0x3420 obj/default/src/core/dhcp.o
                0x000037e8                dhcp_coarse_tmr
                0x0000389c                dhcp_fine_tmr
                0x00003ff4                dhcp_start
                0x00004238                dhcp_inform
                0x000043cc                dhcp_network_changed
                0x00004480                dhcp_arp_reply
                0x00004c34                dhcp_renew
                0x000050b4                dhcp_release
                0x00005290                dhcp_stop
 .text          0x00006788        0x0 obj/default/src/core/dns.o
 .text          0x00006788       0x2c obj/default/src/core/init.o
                0x00006788                lwip_init
 .text          0x000067b4        0x0 obj/default/src/core/ipv4/autoip.o
 .text          0x000067b4      0x804 obj/default/src/core/ipv4/icmp.o
                0x000067b4                icmp_input
                0x00006dc0                icmp_dest_unreach
                0x00006e04                icmp_time_exceeded
 .text          0x00006fb8        0x0 obj/default/src/core/ipv4/igmp.o
 .text          0x00006fb8      0x594 obj/default/src/core/ipv4/inet.o
                0x00006fb8                inet_addr
                0x00006ffc                inet_aton
                0x000073f4                inet_ntoa
 .text          0x0000754c      0x49c obj/default/src/core/ipv4/inet_chksum.o
                0x00007678                inet_chksum_pseudo
                0x00007898                inet_chksum
                0x000078dc                inet_chksum_pbuf
 .text          0x000079e8      0xc14 obj/default/src/core/ipv4/ip.o
                0x000079e8                ip_route
                0x00007ae4                ip_input
                0x000080ac                ip_output_if
                0x00008548                ip_output
 .text          0x000085fc       0xf0 obj/default/src/core/ipv4/ip_addr.o
                0x000085fc                ip_addr_isbroadcast
 .text          0x000086ec     0x12ec obj/default/src/core/ipv4/ip_frag.o
                0x000086ec                ip_reass_tmr
                0x000091b4                ip_reass
                0x000096d4                ip_frag
 .text          0x000099d8      0xba8 obj/default/src/core/mem.o
                0x00009bd0                mem_init
                0x00009c78                mem_free
                0x00009df8                mem_realloc
                0x0000a11c                mem_malloc
                0x0000a508                mem_calloc
 .text          0x0000a580      0x490 obj/default/src/core/memp.o
                0x0000a580                memp_init
                0x0000a73c                memp_malloc
                0x0000a918                memp_free
 .text          0x0000aa10      0x5ec obj/default/src/core/netif.o
                0x0000aa10                netif_add
                0x0000aae8                netif_set_addr
                0x0000ab40                netif_remove
                0x0000abfc                netif_find
                0x0000acdc                netif_set_ipaddr
                0x0000ae34                netif_set_gw
                0x0000ae84                netif_set_netmask
                0x0000aed4                netif_set_default
                0x0000aefc                netif_set_up
                0x0000af78                netif_set_down
                0x0000afc8                netif_is_up
 .text          0x0000affc     0x1590 obj/default/src/core/pbuf.o
                0x0000affc                pbuf_alloc
                0x0000b53c                pbuf_realloc
                0x0000b7c0                pbuf_header
                0x0000b9b8                pbuf_free
                0x0000bb84                pbuf_clen
                0x0000bbd0                pbuf_ref
                0x0000bc10                pbuf_cat
                0x0000bd50                pbuf_chain
                0x0000bd90                pbuf_dechain
                0x0000bebc                pbuf_copy
                0x0000c180                pbuf_copy_partial
                0x0000c31c                pbuf_take
                0x0000c4d4                pbuf_coalesce
 .text          0x0000c58c      0x4f0 obj/default/src/core/raw.o
                0x0000c58c                raw_input
                0x0000c6bc                raw_bind
                0x0000c710                raw_connect
                0x0000c764                raw_recv
                0x0000c7a4                raw_sendto
                0x0000c91c                raw_send
                0x0000c960                raw_remove
                0x0000c9fc                raw_new
 .text          0x0000ca7c        0x0 obj/default/src/core/snmp/asn1_dec.o
 .text          0x0000ca7c        0x0 obj/default/src/core/snmp/asn1_enc.o
 .text          0x0000ca7c        0x0 obj/default/src/core/snmp/mib2.o
 .text          0x0000ca7c        0x0 obj/default/src/core/snmp/mib_structs.o
 .text          0x0000ca7c        0x0 obj/default/src/core/snmp/msg_in.o
 .text          0x0000ca7c        0x0 obj/default/src/core/snmp/msg_out.o
 .text          0x0000ca7c        0x0 obj/default/src/core/stats.o
 .text          0x0000ca7c        0x0 obj/default/src/core/sys.o
 .text          0x0000ca7c     0x20e0 obj/default/src/core/tcp.o
                0x0000ca7c                tcp_tmr
                0x0000cac4                tcp_close
                0x0000ccb4                tcp_abandon
                0x0000ce48                tcp_bind
                0x0000d154                tcp_listen_with_backlog
                0x0000d318                tcp_update_rcv_ann_wnd
                0x0000d404                tcp_recved
                0x0000d5f0                tcp_connect
                0x0000d838                tcp_slowtmr
                0x0000e054                tcp_fasttmr
                0x0000e164                tcp_segs_free
                0x0000e1c8                tcp_seg_free
                0x0000e22c                tcp_setprio
                0x0000e260                tcp_seg_copy
                0x0000e2c8                tcp_recv_null
                0x0000e4b0                tcp_alloc
                0x0000e690                tcp_new
                0x0000e6bc                tcp_arg
                0x0000e6ec                tcp_recv
                0x0000e71c                tcp_sent
                0x0000e74c                tcp_err
                0x0000e77c                tcp_accept
                0x0000e7ac                tcp_poll
                0x0000e7f0                tcp_pcb_purge
                0x0000e8c4                tcp_pcb_remove
                0x0000ea6c                tcp_next_iss
                0x0000ea9c                tcp_eff_send_mss
                0x0000eb20                tcp_debug_state_str
 .text          0x0000eb5c     0x3ce4 obj/default/src/core/tcp_in.o
                0x0000eb5c                tcp_input
 .text          0x00012840     0x286c obj/default/src/core/tcp_out.o
                0x00012ac8                tcp_send_ctrl
                0x00012b1c                tcp_write
                0x00012bd4                tcp_enqueue
                0x00013920                tcp_send_empty_ack
                0x00013a7c                tcp_output
                0x000146a0                tcp_rst
                0x00014944                tcp_rexmit_rto
                0x000149f8                tcp_rexmit
                0x00014bcc                tcp_rexmit_fast
                0x00014cf0                tcp_keepalive
                0x00014e74                tcp_zero_window_probe
 .text          0x000150ac      0xe24 obj/default/src/core/udp.o
                0x000150ac                udp_input
                0x000156f0                udp_send
                0x00015744                udp_sendto
                0x000157d8                udp_sendto_if
                0x00015ab8                udp_bind
                0x00015c20                udp_connect
                0x00015d34                udp_disconnect
                0x00015d9c                udp_recv
                0x00015ddc                udp_remove
                0x00015e78                udp_new
 .text          0x00015ed0     0x1b20 obj/default/src/netif/etharp.o
                0x00015fbc                etharp_tmr
                0x00016984                etharp_find_addr
                0x00016a40                etharp_ip_input
                0x00016b10                etharp_arp_input
                0x00016f10                etharp_output
                0x00017180                etharp_query
                0x0001783c                etharp_request
                0x000178b0                ethernet_input
 .text          0x000179f0        0x0 obj/default/src/netif/ethernetif.o
 .text          0x000179f0        0x0 obj/default/src/netif/loopif.o
 .text          0x000179f0        0x0 obj/default/src/netif/ppp/auth.o
 .text          0x000179f0        0x0 obj/default/src/netif/ppp/chap.o
 .text          0x000179f0        0x0 obj/default/src/netif/ppp/chpms.o
 .text          0x000179f0        0x0 obj/default/src/netif/ppp/fsm.o
 .text          0x000179f0        0x0 obj/default/src/netif/ppp/ipcp.o
 .text          0x000179f0        0x0 obj/default/src/netif/ppp/lcp.o
 .text          0x000179f0        0x0 obj/default/src/netif/ppp/magic.o
 .text          0x000179f0        0x0 obj/default/src/netif/ppp/md5.o
 .text          0x000179f0        0x0 obj/default/src/netif/ppp/pap.o
 .text          0x000179f0        0x0 obj/default/src/netif/ppp/ppp.o
 .text          0x000179f0        0x0 obj/default/src/netif/ppp/ppp_oe.o
 .text          0x000179f0        0x0 obj/default/src/netif/ppp/randm.o
 .text          0x000179f0        0x0 obj/default/src/netif/ppp/vj.o
 .text          0x000179f0        0x0 obj/default/src/netif/slipif.o
 .text          0x000179f0        0x0 c:/altera/13.1/nios2eds/bin/gnu/h-i686-mingw32/bin/../lib/gcc/nios2-elf/4.7.3/../../../../../H-i686-mingw32/nios2-elf/lib\libc.a(lib_a-impure.o)
 .text          0x000179f0       0xf8 c:/altera/13.1/nios2eds/bin/gnu/h-i686-mingw32/bin/../lib/gcc/nios2-elf/4.7.3/../../../../../H-i686-mingw32/nios2-elf/lib\libc.a(lib_a-memcpy.o)
                0x000179f0                memcpy
 .text          0x00017ae8       0xdc c:/altera/13.1/nios2eds/bin/gnu/h-i686-mingw32/bin/../lib/gcc/nios2-elf/4.7.3/../../../../../H-i686-mingw32/nios2-elf/lib\libc.a(lib_a-memset.o)
                0x00017ae8                memset
 .text          0x00017bc4       0x68 c:/altera/13.1/nios2eds/bin/gnu/h-i686-mingw32/bin/../lib/gcc/nios2-elf/4.7.3/../../../../../H-i686-mingw32/nios2-elf/lib\libc.a(lib_a-printf.o)
                0x00017bc4                _printf_r
                0x00017bf0                printf
 .text          0x00017c2c      0x1ac c:/altera/13.1/nios2eds/bin/gnu/h-i686-mingw32/bin/../lib/gcc/nios2-elf/4.7.3/../../../../../H-i686-mingw32/nios2-elf/lib\libc.a(lib_a-putc.o)
                0x00017c2c                _putc_r
                0x00017ce8                putc
 .text          0x00017dd8       0x98 c:/altera/13.1/nios2eds/bin/gnu/h-i686-mingw32/bin/../lib/gcc/nios2-elf/4.7.3/../../../../../H-i686-mingw32/nios2-elf/lib\libc.a(lib_a-puts.o)
                0x00017dd8                _puts_r
                0x00017e5c                puts
 .text          0x00017e70       0xa4 c:/altera/13.1/nios2eds/bin/gnu/h-i686-mingw32/bin/../lib/gcc/nios2-elf/4.7.3/../../../../../H-i686-mingw32/nios2-elf/lib\libc.a(lib_a-strcmp.o)
                0x00017e70                strcmp
 .text          0x00017f14       0x8c c:/altera/13.1/nios2eds/bin/gnu/h-i686-mingw32/bin/../lib/gcc/nios2-elf/4.7.3/../../../../../H-i686-mingw32/nios2-elf/lib\libc.a(lib_a-strlen.o)
                0x00017f14                strlen
 .text          0x00017fa0       0xfc c:/altera/13.1/nios2eds/bin/gnu/h-i686-mingw32/bin/../lib/gcc/nios2-elf/4.7.3/../../../../../H-i686-mingw32/nios2-elf/lib\libc.a(lib_a-strncmp.o)
                0x00017fa0                strncmp
 .text          0x0001809c     0x1e50 c:/altera/13.1/nios2eds/bin/gnu/h-i686-mingw32/bin/../lib/gcc/nios2-elf/4.7.3/../../../../../H-i686-mingw32/nios2-elf/lib\libc.a(lib_a-vfprintf.o)
                0x000180d0                ___vfprintf_internal_r
                0x00019ec8                __vfprintf_internal
 .text          0x00019eec      0x158 c:/altera/13.1/nios2eds/bin/gnu/h-i686-mingw32/bin/../lib/gcc/nios2-elf/4.7.3/../../../../../H-i686-mingw32/nios2-elf/lib\libc.a(lib_a-wbuf.o)
                0x00019eec                __swbuf_r
                0x0001a028                __swbuf
 .text          0x0001a044      0x174 c:/altera/13.1/nios2eds/bin/gnu/h-i686-mingw32/bin/../lib/gcc/nios2-elf/4.7.3/../../../../../H-i686-mingw32/nios2-elf/lib\libc.a(lib_a-wsetup.o)
                0x0001a044                __swsetup_r
 .text          0x0001a1b8     0x1824 c:/altera/13.1/nios2eds/bin/gnu/h-i686-mingw32/bin/../lib/gcc/nios2-elf/4.7.3/../../../../../H-i686-mingw32/nios2-elf/lib\libc.a(lib_a-dtoa.o)
                0x0001a3c0                _dtoa_r
 .text          0x0001b9dc      0x218 c:/altera/13.1/nios2eds/bin/gnu/h-i686-mingw32/bin/../lib/gcc/nios2-elf/4.7.3/../../../../../H-i686-mingw32/nios2-elf/lib\libc.a(lib_a-fflush.o)
                0x0001b9dc                _fflush_r
                0x0001bbc4                fflush
 .text          0x0001bbf4      0x2d8 c:/altera/13.1/nios2eds/bin/gnu/h-i686-mingw32/bin/../lib/gcc/nios2-elf/4.7.3/../../../../../H-i686-mingw32/nios2-elf/lib\libc.a(lib_a-findfp.o)
                0x0001bc04                _cleanup_r
                0x0001bc10                __sfmoreglue
                0x0001bc74                _cleanup
                0x0001bc84                __sinit
                0x0001bd90                __sfp
                0x0001be8c                __sfp_lock_acquire
                0x0001be90                __sfp_lock_release
                0x0001be94                __sinit_lock_acquire
                0x0001be98                __sinit_lock_release
                0x0001be9c                __fp_lock_all
                0x0001beb4                __fp_unlock_all
 .text          0x0001becc      0x40c c:/altera/13.1/nios2eds/bin/gnu/h-i686-mingw32/bin/../lib/gcc/nios2-elf/4.7.3/../../../../../H-i686-mingw32/nios2-elf/lib\libc.a(lib_a-freer.o)
                0x0001becc                _malloc_trim_r
                0x0001c008                _free_r
 .text          0x0001c2d8      0x4e4 c:/altera/13.1/nios2eds/bin/gnu/h-i686-mingw32/bin/../lib/gcc/nios2-elf/4.7.3/../../../../../H-i686-mingw32/nios2-elf/lib\libc.a(lib_a-fvwrite.o)
                0x0001c2d8                __sfvwrite_r
 .text          0x0001c7bc      0x160 c:/altera/13.1/nios2eds/bin/gnu/h-i686-mingw32/bin/../lib/gcc/nios2-elf/4.7.3/../../../../../H-i686-mingw32/nios2-elf/lib\libc.a(lib_a-fwalk.o)
                0x0001c7bc                _fwalk
                0x0001c864                _fwalk_reent
 .text          0x0001c91c       0xdc c:/altera/13.1/nios2eds/bin/gnu/h-i686-mingw32/bin/../lib/gcc/nios2-elf/4.7.3/../../../../../H-i686-mingw32/nios2-elf/lib\libc.a(lib_a-locale.o)
                0x0001c91c                _setlocale_r
                0x0001c9b8                __locale_charset
                0x0001c9c4                _localeconv_r
                0x0001c9d0                setlocale
                0x0001c9ec                localeconv
 .text          0x0001c9f8      0x1a8 c:/altera/13.1/nios2eds/bin/gnu/h-i686-mingw32/bin/../lib/gcc/nios2-elf/4.7.3/../../../../../H-i686-mingw32/nios2-elf/lib\libc.a(lib_a-makebuf.o)
                0x0001c9f8                __smakebuf_r
 .text          0x0001cba0      0x784 c:/altera/13.1/nios2eds/bin/gnu/h-i686-mingw32/bin/../lib/gcc/nios2-elf/4.7.3/../../../../../H-i686-mingw32/nios2-elf/lib\libc.a(lib_a-mallocr.o)
                0x0001cba0                _malloc_r
 .text          0x0001d324       0xf8 c:/altera/13.1/nios2eds/bin/gnu/h-i686-mingw32/bin/../lib/gcc/nios2-elf/4.7.3/../../../../../H-i686-mingw32/nios2-elf/lib\libc.a(lib_a-memchr.o)
                0x0001d324                memchr
 .text          0x0001d41c      0x128 c:/altera/13.1/nios2eds/bin/gnu/h-i686-mingw32/bin/../lib/gcc/nios2-elf/4.7.3/../../../../../H-i686-mingw32/nios2-elf/lib\libc.a(lib_a-memmove.o)
                0x0001d41c                memmove
 .text          0x0001d544      0xfa8 c:/altera/13.1/nios2eds/bin/gnu/h-i686-mingw32/bin/../lib/gcc/nios2-elf/4.7.3/../../../../../H-i686-mingw32/nios2-elf/lib\libc.a(lib_a-mprec.o)
                0x0001d544                _Balloc
                0x0001d5ec                _Bfree
                0x0001d614                __multadd
                0x0001d728                __s2b
                0x0001d82c                __hi0bits
                0x0001d894                __lo0bits
                0x0001d944                __i2b
                0x0001d980                __multiply
                0x0001db60                __pow5mult
                0x0001dc8c                __lshift
                0x0001dde8                __mcmp
                0x0001de40                __mdiff
                0x0001dfe8                __ulp
                0x0001e048                __b2d
                0x0001e190                __d2b
                0x0001e2d4                __ratio
                0x0001e378                _mprec_log10
                0x0001e3ec                __copybits
                0x0001e468                __any_on
 .text          0x0001e4ec      0x5fc c:/altera/13.1/nios2eds/bin/gnu/h-i686-mingw32/bin/../lib/gcc/nios2-elf/4.7.3/../../../../../H-i686-mingw32/nios2-elf/lib\libc.a(lib_a-reallocr.o)
                0x0001e4ec                _realloc_r
 .text          0x0001eae8       0x38 c:/altera/13.1/nios2eds/bin/gnu/h-i686-mingw32/bin/../lib/gcc/nios2-elf/4.7.3/../../../../../H-i686-mingw32/nios2-elf/lib\libc.a(lib_a-s_isinfd.o)
                0x0001eae8                __isinfd
 .text          0x0001eb20       0x2c c:/altera/13.1/nios2eds/bin/gnu/h-i686-mingw32/bin/../lib/gcc/nios2-elf/4.7.3/../../../../../H-i686-mingw32/nios2-elf/lib\libc.a(lib_a-s_isnand.o)
                0x0001eb20                __isnand
 .text          0x0001eb4c       0x64 c:/altera/13.1/nios2eds/bin/gnu/h-i686-mingw32/bin/../lib/gcc/nios2-elf/4.7.3/../../../../../H-i686-mingw32/nios2-elf/lib\libc.a(lib_a-sbrkr.o)
                0x0001eb4c                _sbrk_r
 .text          0x0001ebb0      0x140 c:/altera/13.1/nios2eds/bin/gnu/h-i686-mingw32/bin/../lib/gcc/nios2-elf/4.7.3/../../../../../H-i686-mingw32/nios2-elf/lib\libc.a(lib_a-stdio.o)
                0x0001ebb0                __sread
                0x0001ec04                __swrite
                0x0001ec8c                __sseek
                0x0001ece8                __sclose
 .text          0x0001ecf0       0x6c c:/altera/13.1/nios2eds/bin/gnu/h-i686-mingw32/bin/../lib/gcc/nios2-elf/4.7.3/../../../../../H-i686-mingw32/nios2-elf/lib\libc.a(lib_a-writer.o)
                0x0001ecf0                _write_r
 .text          0x0001ed5c       0xbc c:/altera/13.1/nios2eds/bin/gnu/h-i686-mingw32/bin/../lib/gcc/nios2-elf/4.7.3/../../../../../H-i686-mingw32/nios2-elf/lib\libc.a(lib_a-callocr.o)
                0x0001ed5c                _calloc_r
 .text          0x0001ee18       0x64 c:/altera/13.1/nios2eds/bin/gnu/h-i686-mingw32/bin/../lib/gcc/nios2-elf/4.7.3/../../../../../H-i686-mingw32/nios2-elf/lib\libc.a(lib_a-closer.o)
                0x0001ee18                _close_r
 .text          0x0001ee7c      0x150 c:/altera/13.1/nios2eds/bin/gnu/h-i686-mingw32/bin/../lib/gcc/nios2-elf/4.7.3/../../../../../H-i686-mingw32/nios2-elf/lib\libc.a(lib_a-fclose.o)
                0x0001ee7c                _fclose_r
                0x0001efb8                fclose
 .text          0x0001efcc       0x68 c:/altera/13.1/nios2eds/bin/gnu/h-i686-mingw32/bin/../lib/gcc/nios2-elf/4.7.3/../../../../../H-i686-mingw32/nios2-elf/lib\libc.a(lib_a-fstatr.o)
                0x0001efcc                _fstat_r
 .text          0x0001f034        0x0 c:/altera/13.1/nios2eds/bin/gnu/h-i686-mingw32/bin/../lib/gcc/nios2-elf/4.7.3/../../../../../H-i686-mingw32/nios2-elf/lib\libc.a(lib_a-int_errno.o)
 .text          0x0001f034       0x64 c:/altera/13.1/nios2eds/bin/gnu/h-i686-mingw32/bin/../lib/gcc/nios2-elf/4.7.3/../../../../../H-i686-mingw32/nios2-elf/lib\libc.a(lib_a-isattyr.o)
                0x0001f034                _isatty_r
 .text          0x0001f098       0x6c c:/altera/13.1/nios2eds/bin/gnu/h-i686-mingw32/bin/../lib/gcc/nios2-elf/4.7.3/../../../../../H-i686-mingw32/nios2-elf/lib\libc.a(lib_a-lseekr.o)
                0x0001f098                _lseek_r
 .text          0x0001f104       0x6c c:/altera/13.1/nios2eds/bin/gnu/h-i686-mingw32/bin/../lib/gcc/nios2-elf/4.7.3/../../../../../H-i686-mingw32/nios2-elf/lib\libc.a(lib_a-readr.o)
                0x0001f104                _read_r
 .text          0x0001f170      0x5c8 c:/altera/13.1/nios2eds/bin/gnu/h-i686-mingw32/bin/../lib/gcc/nios2-elf/4.7.3\libgcc.a(_udivdi3.o)
                0x0001f170                __udivdi3
 .text          0x0001f738      0x58c c:/altera/13.1/nios2eds/bin/gnu/h-i686-mingw32/bin/../lib/gcc/nios2-elf/4.7.3\libgcc.a(_umoddi3.o)
                0x0001f738                __umoddi3
 .text          0x0001fcc4      0x408 c:/altera/13.1/nios2eds/bin/gnu/h-i686-mingw32/bin/../lib/gcc/nios2-elf/4.7.3\libgcc.a(_addsub_df.o)
                0x00020018                __adddf3
                0x0002006c                __subdf3
 .text          0x000200cc      0x2e4 c:/altera/13.1/nios2eds/bin/gnu/h-i686-mingw32/bin/../lib/gcc/nios2-elf/4.7.3\libgcc.a(_mul_df.o)
                0x000200cc                __muldf3
 .text          0x000203b0      0x1b4 c:/altera/13.1/nios2eds/bin/gnu/h-i686-mingw32/bin/../lib/gcc/nios2-elf/4.7.3\libgcc.a(_div_df.o)
                0x000203b0                __divdf3
 .text          0x00020564       0x5c c:/altera/13.1/nios2eds/bin/gnu/h-i686-mingw32/bin/../lib/gcc/nios2-elf/4.7.3\libgcc.a(_eq_df.o)
                0x00020564                __eqdf2
 .text          0x000205c0       0x5c c:/altera/13.1/nios2eds/bin/gnu/h-i686-mingw32/bin/../lib/gcc/nios2-elf/4.7.3\libgcc.a(_ne_df.o)
                0x000205c0                __nedf2
 .text          0x0002061c       0x64 c:/altera/13.1/nios2eds/bin/gnu/h-i686-mingw32/bin/../lib/gcc/nios2-elf/4.7.3\libgcc.a(_gt_df.o)
                0x0002061c                __gtdf2
 .text          0x00020680       0x64 c:/altera/13.1/nios2eds/bin/gnu/h-i686-mingw32/bin/../lib/gcc/nios2-elf/4.7.3\libgcc.a(_ge_df.o)
                0x00020680                __gedf2
 .text          0x000206e4       0x5c c:/altera/13.1/nios2eds/bin/gnu/h-i686-mingw32/bin/../lib/gcc/nios2-elf/4.7.3\libgcc.a(_lt_df.o)
                0x000206e4                __ltdf2
 .text          0x00020740       0xd4 c:/altera/13.1/nios2eds/bin/gnu/h-i686-mingw32/bin/../lib/gcc/nios2-elf/4.7.3\libgcc.a(_si_to_df.o)
                0x00020740                __floatsidf
 .text          0x00020814       0xd4 c:/altera/13.1/nios2eds/bin/gnu/h-i686-mingw32/bin/../lib/gcc/nios2-elf/4.7.3\libgcc.a(_df_to_si.o)
                0x00020814                __fixdfsi
 .text          0x000208e8        0x0 c:/altera/13.1/nios2eds/bin/gnu/h-i686-mingw32/bin/../lib/gcc/nios2-elf/4.7.3\libgcc.a(_thenan_df.o)
 .text          0x000208e8      0x11c c:/altera/13.1/nios2eds/bin/gnu/h-i686-mingw32/bin/../lib/gcc/nios2-elf/4.7.3\libgcc.a(_usi_to_df.o)
                0x000208e8                __floatunsidf
 .text          0x00020a04      0x130 c:/altera/13.1/nios2eds/bin/gnu/h-i686-mingw32/bin/../lib/gcc/nios2-elf/4.7.3\libgcc.a(lib2-divmod.o)
                0x00020a78                __divsi3
                0x00020ac8                __modsi3
                0x00020b24                __udivsi3
                0x00020b2c                __umodsi3
 .text          0x00020b34       0x60 c:/altera/13.1/nios2eds/bin/gnu/h-i686-mingw32/bin/../lib/gcc/nios2-elf/4.7.3\libgcc.a(_muldi3.o)
                0x00020b34                __muldi3
 .text          0x00020b94        0x0 c:/altera/13.1/nios2eds/bin/gnu/h-i686-mingw32/bin/../lib/gcc/nios2-elf/4.7.3\libgcc.a(_clz.o)
 .text          0x00020b94       0xac c:/altera/13.1/nios2eds/bin/gnu/h-i686-mingw32/bin/../lib/gcc/nios2-elf/4.7.3\libgcc.a(_clzsi2.o)
                0x00020b94                __clzsi2
 .text          0x00020c40      0x224 c:/altera/13.1/nios2eds/bin/gnu/h-i686-mingw32/bin/../lib/gcc/nios2-elf/4.7.3\libgcc.a(_pack_df.o)
                0x00020c40                __pack_d
 .text          0x00020e64      0x104 c:/altera/13.1/nios2eds/bin/gnu/h-i686-mingw32/bin/../lib/gcc/nios2-elf/4.7.3\libgcc.a(_unpack_df.o)
                0x00020e64                __unpack_d
 .text          0x00020f68       0xd0 c:/altera/13.1/nios2eds/bin/gnu/h-i686-mingw32/bin/../lib/gcc/nios2-elf/4.7.3\libgcc.a(_fpcmp_parts_df.o)
                0x00020f68                __fpcmp_parts_d
 .text          0x00021038       0x44 c:/altera/13.1/nios2eds/bin/gnu/h-i686-mingw32/bin/../lib/gcc/nios2-elf/4.7.3\libgcc.a(_lshrdi3.o)
                0x00021038                __lshrdi3
 .text          0x0002107c       0x44 c:/altera/13.1/nios2eds/bin/gnu/h-i686-mingw32/bin/../lib/gcc/nios2-elf/4.7.3\libgcc.a(_ashldi3.o)
                0x0002107c                __ashldi3
 .text          0x000210c0      0x16c ../lwIP_NIOS_II_Example_bsp/\libhal_bsp.a(alt_alarm_start.o)
                0x000210c0                alt_alarm_start
 .text          0x0002122c      0x118 ../lwIP_NIOS_II_Example_bsp/\libhal_bsp.a(alt_close.o)
                0x0002127c                close
 .text          0x00021344       0x2c ../lwIP_NIOS_II_Example_bsp/\libhal_bsp.a(alt_dev.o)
 .text          0x00021370        0x0 ../lwIP_NIOS_II_Example_bsp/\libhal_bsp.a(alt_errno.o)
 .text          0x00021370       0xfc ../lwIP_NIOS_II_Example_bsp/\libhal_bsp.a(alt_fstat.o)
                0x000213c0                fstat
 .text          0x0002146c       0xf0 ../lwIP_NIOS_II_Example_bsp/\libhal_bsp.a(alt_isatty.o)
                0x000214bc                isatty
 .text          0x0002155c       0xec ../lwIP_NIOS_II_Example_bsp/\libhal_bsp.a(alt_load.o)
                0x000215c8                alt_load
 .text          0x00021648      0x120 ../lwIP_NIOS_II_Example_bsp/\libhal_bsp.a(alt_lseek.o)
                0x00021698                lseek
 .text          0x00021768       0x78 ../lwIP_NIOS_II_Example_bsp/\libhal_bsp.a(alt_main.o)
                0x00021768                alt_main
 .text          0x000217e0       0x40 ../lwIP_NIOS_II_Example_bsp/\libhal_bsp.a(alt_malloc_lock.o)
                0x000217e0                __malloc_lock
                0x00021800                __malloc_unlock
 .text          0x00021820      0x140 ../lwIP_NIOS_II_Example_bsp/\libhal_bsp.a(alt_read.o)
                0x00021870                read
 .text          0x00021960       0x60 ../lwIP_NIOS_II_Example_bsp/\libhal_bsp.a(alt_release_fd.o)
                0x00021960                alt_release_fd
 .text          0x000219c0       0x40 ../lwIP_NIOS_II_Example_bsp/\libhal_bsp.a(alt_remap_uncached.o)
                0x000219c0                alt_remap_uncached
 .text          0x00021a00      0x108 ../lwIP_NIOS_II_Example_bsp/\libhal_bsp.a(alt_sbrk.o)
                0x00021a00                sbrk
 .text          0x00021b08      0x1c8 ../lwIP_NIOS_II_Example_bsp/\libhal_bsp.a(alt_tick.o)
                0x00021b08                alt_alarm_stop
                0x00021bcc                alt_tick
 .text          0x00021cd0       0x58 ../lwIP_NIOS_II_Example_bsp/\libhal_bsp.a(alt_uncached_malloc.o)
                0x00021cd0                alt_uncached_malloc
 .text          0x00021d28       0x30 ../lwIP_NIOS_II_Example_bsp/\libhal_bsp.a(alt_usleep.o)
                0x00021d28                usleep
 .text          0x00021d58      0x13c ../lwIP_NIOS_II_Example_bsp/\libhal_bsp.a(alt_write.o)
                0x00021da8                write
 .text          0x00021e94      0x188 ../lwIP_NIOS_II_Example_bsp/\libhal_bsp.a(alt_sys_init.o)
                0x00021ecc                alt_irq_init
                0x00021f0c                alt_sys_init
 .text          0x0002201c      0x894 ../lwIP_NIOS_II_Example_bsp/\libhal_bsp.a(altera_avalon_cfi_flash.o)
                0x00022054                alt_flash_cfi_init
                0x000220e4                alt_flash_cfi_write
                0x00022390                alt_flash_cfi_get_info
                0x0002241c                alt_flash_cfi_read
                0x00022480                alt_write_value_to_flash
                0x000225d8                alt_flash_program_block
 .text          0x000228b0     0x1430 ../lwIP_NIOS_II_Example_bsp/\libhal_bsp.a(altera_avalon_cfi_flash_table.o)
                0x000228b0                alt_read_query_entry_8bit
                0x000228ec                alt_read_query_entry_16bit
                0x0002292c                alt_read_query_entry_32bit
                0x0002296c                alt_write_flash_command_8bit_device_8bit_mode
                0x000229b0                alt_write_flash_command_16bit_device_8bit_mode
                0x00022a24                alt_write_flash_command_32bit_device_8bit_mode
                0x00022a70                alt_write_flash_command_16bit_device_16bit_mode
                0x00022ab8                alt_write_flash_command_32bit_device_16bit_mode
                0x00022b04                alt_write_flash_command_32bit_device_32bit_mode
                0x00022b50                alt_write_native_8bit
                0x00022b88                alt_write_native_16bit
                0x00022bc0                alt_write_native_32bit
                0x00022bf4                alt_set_flash_width_func
                0x00022db8                alt_set_flash_algorithm_func
                0x00022ed4                alt_read_cfi_table
                0x0002349c                alt_read_cfi_width
                0x00023c0c                alt_check_primary_table
 .text          0x00023ce0      0x164 ../lwIP_NIOS_II_Example_bsp/\libhal_bsp.a(altera_avalon_jtag_uart_fd.o)
                0x00023ce0                altera_avalon_jtag_uart_read_fd
                0x00023d40                altera_avalon_jtag_uart_write_fd
                0x00023da0                altera_avalon_jtag_uart_close_fd
                0x00023df0                altera_avalon_jtag_uart_ioctl_fd
 .text          0x00023e44      0x3d0 ../lwIP_NIOS_II_Example_bsp/\libhal_bsp.a(altera_avalon_jtag_uart_init.o)
                0x00023e44                altera_avalon_jtag_uart_init
                0x000241ac                altera_avalon_jtag_uart_close
 .text          0x00024214       0xf4 ../lwIP_NIOS_II_Example_bsp/\libhal_bsp.a(altera_avalon_jtag_uart_ioctl.o)
                0x00024214                altera_avalon_jtag_uart_ioctl
 .text          0x00024308      0x244 ../lwIP_NIOS_II_Example_bsp/\libhal_bsp.a(altera_avalon_jtag_uart_read.o)
                0x00024308                altera_avalon_jtag_uart_read
 .text          0x0002454c      0x250 ../lwIP_NIOS_II_Example_bsp/\libhal_bsp.a(altera_avalon_jtag_uart_write.o)
                0x0002454c                altera_avalon_jtag_uart_write
 .text          0x0002479c      0xe8c ../lwIP_NIOS_II_Example_bsp/\libhal_bsp.a(altera_avalon_lcd_16207.o)
                0x00024f60                altera_avalon_lcd_16207_write
                0x000254f0                altera_avalon_lcd_16207_init
 .text          0x00025628       0x60 ../lwIP_NIOS_II_Example_bsp/\libhal_bsp.a(altera_avalon_lcd_16207_fd.o)
                0x00025628                altera_avalon_lcd_16207_write_fd
 .text          0x00025688      0xd2c ../lwIP_NIOS_II_Example_bsp/\libhal_bsp.a(altera_avalon_sgdma.o)
                0x000256d8                alt_avalon_sgdma_do_async_transfer
                0x000257fc                alt_avalon_sgdma_do_sync_transfer
                0x0002590c                alt_avalon_sgdma_construct_mem_to_mem_desc
                0x0002597c                alt_avalon_sgdma_construct_mem_to_mem_desc_burst
                0x000259fc                alt_avalon_sgdma_construct_stream_to_mem_desc
                0x00025a58                alt_avalon_sgdma_construct_stream_to_mem_desc_burst
                0x00025acc                alt_avalon_sgdma_construct_mem_to_stream_desc
                0x00025b48                alt_avalon_sgdma_construct_mem_to_stream_desc_burst
                0x00025bd0                alt_avalon_sgdma_register_callback
                0x00025c20                alt_avalon_sgdma_start
                0x00025c74                alt_avalon_sgdma_stop
                0x00025ccc                alt_avalon_sgdma_check_descriptor_status
                0x00025d30                alt_avalon_sgdma_open
                0x00025d80                alt_avalon_sgdma_construct_descriptor
                0x00025e08                alt_avalon_sgdma_enable_desc_poll
                0x00025e88                alt_avalon_sgdma_disable_desc_poll
                0x00025ee8                alt_avalon_sgdma_construct_descriptor_burst
                0x00026310                alt_avalon_sgdma_init
 .text          0x000263b4      0x128 ../lwIP_NIOS_II_Example_bsp/\libhal_bsp.a(altera_avalon_timer_sc.o)
                0x00026454                alt_avalon_timer_sc_init
 .text          0x000264dc     0x4fa8 ../lwIP_NIOS_II_Example_bsp/\libhal_bsp.a(altera_avalon_tse.o)
                0x000264dc                no_printf
                0x00026508                tse_mac_initTransInfo2
                0x00026568                tse_mac_sTxWrite
                0x00026648                tse_mac_aRxRead
                0x000266ec                tse_mac_SwReset
                0x00026774                tse_mac_setMIImode
                0x000267c8                tse_mac_setGMIImode
                0x00026818                alt_tse_phy_add_profile
                0x000269fc                alt_tse_system_add_sys
                0x000273f8                alt_tse_sys_enable_mdio_sharing
                0x0002755c                alt_tse_mac_get_common_speed
                0x0002759c                alt_tse_mac_set_common_speed
                0x000275e4                alt_tse_get_system_index
                0x00027650                alt_tse_get_mac_group_index
                0x000276c4                alt_tse_get_mac_info_index
                0x00027744                alt_tse_get_mac_info
                0x0002781c                alt_tse_mac_set_speed
                0x000278fc                alt_tse_mac_set_duplex
                0x00027988                getPHYSpeed
                0x000283fc                alt_tse_phy_rd_mdio_addr
                0x00028444                alt_tse_phy_wr_mdio_addr
                0x0002849c                alt_tse_phy_wr_mdio_reg
                0x000285c8                alt_tse_phy_rd_mdio_reg
                0x00028694                alt_tse_phy_add_profile_default
                0x0002892c                alt_tse_phy_print_profile
                0x00028b3c                alt_tse_mac_group_init
                0x000291d8                alt_tse_mac_get_phy
                0x000295f4                alt_tse_mac_associate_phy
                0x00029834                alt_tse_phy_cfg_pcs
                0x0002995c                alt_tse_phy_init
                0x00029a74                alt_tse_phy_restart_an
                0x00029c38                alt_tse_phy_check_link
                0x00029d98                alt_tse_phy_get_cap
                0x0002a330                alt_tse_phy_set_adv_1000
                0x0002a4ec                alt_tse_phy_set_adv_100
                0x0002a734                alt_tse_phy_set_adv_10
                0x0002a8dc                alt_tse_phy_get_common_speed
                0x0002ac04                alt_tse_phy_set_common_speed
                0x0002b0bc                marvell_phy_cfg
                0x0002b154                marvell_cfg_gmii
                0x0002b238                marvell_cfg_sgmii
                0x0002b31c                marvell_cfg_rgmii
                0x0002b40c                DP83848C_link_status_read
 .text          0x0002b484        0x0 ../lwIP_NIOS_II_Example_bsp/\libhal_bsp.a(altera_avalon_tse_system_info.o)
 .text          0x0002b484      0x110 ../lwIP_NIOS_II_Example_bsp/\libhal_bsp.a(altera_avalon_uart_fd.o)
                0x0002b484                altera_avalon_uart_read_fd
                0x0002b4e4                altera_avalon_uart_write_fd
                0x0002b544                altera_avalon_uart_close_fd
 .text          0x0002b594      0x3a8 ../lwIP_NIOS_II_Example_bsp/\libhal_bsp.a(altera_avalon_uart_init.o)
                0x0002b594                altera_avalon_uart_init
                0x0002b8e8                altera_avalon_uart_close
 .text          0x0002b93c      0x2ac ../lwIP_NIOS_II_Example_bsp/\libhal_bsp.a(altera_avalon_uart_read.o)
                0x0002b98c                altera_avalon_uart_read
 .text          0x0002bbe8      0x250 ../lwIP_NIOS_II_Example_bsp/\libhal_bsp.a(altera_avalon_uart_write.o)
                0x0002bc38                altera_avalon_uart_write
 .text          0x0002be38      0x200 ../lwIP_NIOS_II_Example_bsp/\libhal_bsp.a(altera_vic_0_vector_tbl.o)
                0x0002be38                VIC_0_VECTOR_TABLE
 .text          0x0002c038       0x18 ../lwIP_NIOS_II_Example_bsp/\libhal_bsp.a(altera_vic_funnel_non_preemptive.o)
                0x0002c038                alt_shadow_non_preemptive_interrupt
 .text          0x0002c050      0x13c ../lwIP_NIOS_II_Example_bsp/\libhal_bsp.a(altera_vic_irq_init.o)
                0x0002c050                alt_vic_irq_init
 .text          0x0002c18c      0x158 ../lwIP_NIOS_II_Example_bsp/\libhal_bsp.a(altera_vic_isr_register.o)
                0x0002c18c                alt_ic_isr_register
 .text          0x0002c2e4      0x128 ../lwIP_NIOS_II_Example_bsp/\libhal_bsp.a(alt_busy_sleep.o)
                0x0002c2e4                alt_busy_sleep
 .text          0x0002c40c       0x24 ../lwIP_NIOS_II_Example_bsp/\libhal_bsp.a(alt_dcache_flush.o)
                0x0002c40c                alt_dcache_flush
 .text          0x0002c430       0x1c ../lwIP_NIOS_II_Example_bsp/\libhal_bsp.a(alt_dcache_flush_all.o)
                0x0002c430                alt_dcache_flush_all
 .text          0x0002c44c       0xf0 ../lwIP_NIOS_II_Example_bsp/\libhal_bsp.a(alt_dev_llist_insert.o)
                0x0002c49c                alt_dev_llist_insert
 .text          0x0002c53c       0x5c ../lwIP_NIOS_II_Example_bsp/\libhal_bsp.a(alt_do_ctors.o)
                0x0002c53c                _do_ctors
 .text          0x0002c598       0x5c ../lwIP_NIOS_II_Example_bsp/\libhal_bsp.a(alt_do_dtors.o)
                0x0002c598                _do_dtors
 .text          0x0002c5f4       0x90 ../lwIP_NIOS_II_Example_bsp/\libhal_bsp.a(alt_find_dev.o)
                0x0002c5f4                alt_find_dev
 .text          0x0002c684       0xb8 ../lwIP_NIOS_II_Example_bsp/\libhal_bsp.a(alt_flash_dev.o)
                0x0002c684                alt_flash_open_dev
                0x0002c6ec                alt_flash_close_dev
 .text          0x0002c73c       0x30 ../lwIP_NIOS_II_Example_bsp/\libhal_bsp.a(alt_icache_flush_all.o)
                0x0002c73c                alt_icache_flush_all
 .text          0x0002c76c      0x138 ../lwIP_NIOS_II_Example_bsp/\libhal_bsp.a(alt_io_redirect.o)
                0x0002c82c                alt_io_redirect
 .text          0x0002c8a4      0x270 ../lwIP_NIOS_II_Example_bsp/\libhal_bsp.a(alt_open.o)
                0x0002c9c0                open
 .text          0x0002cb14      0x460 ../lwIP_NIOS_II_Example_bsp/\libhal_bsp.a(altera_avalon_cfi_flash_amd.o)
                0x0002cb14                alt_program_amd
                0x0002cb7c                alt_erase_block_amd
 .text          0x0002cf74      0x438 ../lwIP_NIOS_II_Example_bsp/\libhal_bsp.a(altera_avalon_cfi_flash_intel.o)
                0x0002cf74                alt_program_intel
                0x0002cff4                alt_erase_block_intel
 .text          0x0002d3ac      0x114 ../lwIP_NIOS_II_Example_bsp/\libhal_bsp.a(alt_find_file.o)
                0x0002d3ac                alt_find_file
 .text          0x0002d4c0       0xb4 ../lwIP_NIOS_II_Example_bsp/\libhal_bsp.a(alt_get_fd.o)
                0x0002d4c0                alt_get_fd
 .text          0x0002d574       0x8c ../lwIP_NIOS_II_Example_bsp/\libhal_bsp.a(alt_icache_flush.o)
                0x0002d574                alt_icache_flush
 .text          0x0002d600       0x14 c:/altera/13.1/nios2eds/bin/gnu/h-i686-mingw32/bin/../lib/gcc/nios2-elf/4.7.3/../../../../../H-i686-mingw32/nios2-elf/lib\libc.a(lib_a-atexit.o)
                0x0002d600                atexit
 .text          0x0002d614        0x0 c:/altera/13.1/nios2eds/bin/gnu/h-i686-mingw32/bin/../lib/gcc/nios2-elf/4.7.3/../../../../../H-i686-mingw32/nios2-elf/lib\libc.a(lib_a-ctype_.o)
 .text          0x0002d614       0x38 c:/altera/13.1/nios2eds/bin/gnu/h-i686-mingw32/bin/../lib/gcc/nios2-elf/4.7.3/../../../../../H-i686-mingw32/nios2-elf/lib\libc.a(lib_a-exit.o)
                0x0002d614                exit
 .text          0x0002d64c       0x28 c:/altera/13.1/nios2eds/bin/gnu/h-i686-mingw32/bin/../lib/gcc/nios2-elf/4.7.3/../../../../../H-i686-mingw32/nios2-elf/lib\libc.a(lib_a-malloc.o)
                0x0002d64c                malloc
                0x0002d660                free
 .text          0x0002d674       0x7c c:/altera/13.1/nios2eds/bin/gnu/h-i686-mingw32/bin/../lib/gcc/nios2-elf/4.7.3/../../../../../H-i686-mingw32/nios2-elf/lib\libc.a(lib_a-memcmp.o)
                0x0002d674                memcmp
 .text          0x0002d6f0       0x94 c:/altera/13.1/nios2eds/bin/gnu/h-i686-mingw32/bin/../lib/gcc/nios2-elf/4.7.3/../../../../../H-i686-mingw32/nios2-elf/lib\libc.a(lib_a-strcpy.o)
                0x0002d6f0                strcpy
 .text          0x0002d784      0x130 c:/altera/13.1/nios2eds/bin/gnu/h-i686-mingw32/bin/../lib/gcc/nios2-elf/4.7.3/../../../../../H-i686-mingw32/nios2-elf/lib\libc.a(lib_a-__atexit.o)
                0x0002d784                __register_exitproc
 .text          0x0002d8b4      0x1a0 c:/altera/13.1/nios2eds/bin/gnu/h-i686-mingw32/bin/../lib/gcc/nios2-elf/4.7.3/../../../../../H-i686-mingw32/nios2-elf/lib\libc.a(lib_a-__call_atexit.o)
                0x0002d8b4                __call_exitprocs
 .text          0x0002da54       0x3c ../lwIP_NIOS_II_Example_bsp/\libhal_bsp.a(alt_exit.o)
                0x0002da54                _exit
 *(.gnu.warning.*)
 *(.fini)
                0x0002da90                PROVIDE (__etext, ABSOLUTE (.))
                0x0002da90                PROVIDE (_etext, ABSOLUTE (.))
                0x0002da90                PROVIDE (etext, ABSOLUTE (.))
 *(.eh_frame_hdr)
                0x0002da90                . = ALIGN (0x4)
                0x0002da90                PROVIDE (__preinit_array_start, ABSOLUTE (.))
 *(.preinit_array)
                0x0002da90                PROVIDE (__preinit_array_end, ABSOLUTE (.))
                0x0002da90                PROVIDE (__init_array_start, ABSOLUTE (.))
 *(.init_array)
                0x0002da90                PROVIDE (__init_array_end, ABSOLUTE (.))
                0x0002da90                PROVIDE (__fini_array_start, ABSOLUTE (.))
 *(.fini_array)
                0x0002da90                PROVIDE (__fini_array_end, ABSOLUTE (.))
 *(.eh_frame)
 *(.gcc_except_table .gcc_except_table.*)
 *(.dynamic)
                0x0002da90                PROVIDE (__CTOR_LIST__, ABSOLUTE (.))
 *(.ctors)
 *(SORT(.ctors.*))
                0x0002da90                PROVIDE (__CTOR_END__, ABSOLUTE (.))
                0x0002da90                PROVIDE (__DTOR_LIST__, ABSOLUTE (.))
 *(.dtors)
 *(SORT(.dtors.*))
                0x0002da90                PROVIDE (__DTOR_END__, ABSOLUTE (.))
 *(.jcr)
                0x0002da90                . = ALIGN (0x4)

.rodata         0x0002da90     0x56a0
                0x0002da90                PROVIDE (__ram_rodata_start, ABSOLUTE (.))
                0x0002da90                . = ALIGN (0x4)
 *(.rodata .rodata.* .gnu.linkonce.r.*)
 .rodata        0x0002da90       0xac obj/default/alteraTseEthernetif.o
 .rodata        0x0002db3c       0xb4 obj/default/driver/alteraTseEthernetif.o
 .rodata        0x0002dbf0      0xc80 obj/default/driver/fs.o
                0x0002e840                file_img_sics_gif
                0x0002e850                file_404_html
                0x0002e860                file_index_html
 .rodata        0x0002e870       0x3c obj/default/driver/httpd.o
 .rodata        0x0002e8ac      0xc80 obj/default/fs.o
 .rodata        0x0002f52c       0x3c obj/default/httpd.o
 .rodata        0x0002f568       0x8c obj/default/main.o
 .rodata        0x0002f5f4      0x440 obj/default/src/core/dhcp.o
 .rodata        0x0002fa34      0x158 obj/default/src/core/ipv4/icmp.o
 .rodata        0x0002fb8c       0x6c obj/default/src/core/ipv4/ip.o
 .rodata        0x0002fbf8      0x154 obj/default/src/core/ipv4/ip_frag.o
 .rodata        0x0002fd4c      0x1e4 obj/default/src/core/mem.o
 .rodata        0x0002ff30       0xc0 obj/default/src/core/memp.o
 .rodata        0x0002fff0      0x470 obj/default/src/core/pbuf.o
 .rodata        0x00030460       0x60 obj/default/src/core/raw.o
 .rodata        0x000304c0      0x30c obj/default/src/core/tcp.o
                0x00030536                tcp_backoff
 .rodata        0x000307cc      0x2d4 obj/default/src/core/tcp_in.o
 .rodata        0x00030aa0      0x234 obj/default/src/core/tcp_out.o
 .rodata        0x00030cd4       0x9c obj/default/src/core/udp.o
 .rodata        0x00030d70      0x1ac obj/default/src/netif/etharp.o
 .rodata.str1.4
                0x00030f1c        0x2 c:/altera/13.1/nios2eds/bin/gnu/h-i686-mingw32/bin/../lib/gcc/nios2-elf/4.7.3/../../../../../H-i686-mingw32/nios2-elf/lib\libc.a(lib_a-impure.o)
                                  0x4 (size before relaxing)
 *fill*         0x00030f1e        0x2 
 .rodata.str1.4
                0x00030f20        0x2 c:/altera/13.1/nios2eds/bin/gnu/h-i686-mingw32/bin/../lib/gcc/nios2-elf/4.7.3/../../../../../H-i686-mingw32/nios2-elf/lib\libc.a(lib_a-puts.o)
                                  0x4 (size before relaxing)
 *fill*         0x00030f22        0x2 
 .rodata.str1.4
                0x00030f24       0x42 c:/altera/13.1/nios2eds/bin/gnu/h-i686-mingw32/bin/../lib/gcc/nios2-elf/4.7.3/../../../../../H-i686-mingw32/nios2-elf/lib\libc.a(lib_a-vfprintf.o)
                                 0x44 (size before relaxing)
 .rodata        0x00030f66       0x20 c:/altera/13.1/nios2eds/bin/gnu/h-i686-mingw32/bin/../lib/gcc/nios2-elf/4.7.3/../../../../../H-i686-mingw32/nios2-elf/lib\libc.a(lib_a-vfprintf.o)
 *fill*         0x00030f86        0x2 
 .rodata.str1.4
                0x00030f88       0x10 c:/altera/13.1/nios2eds/bin/gnu/h-i686-mingw32/bin/../lib/gcc/nios2-elf/4.7.3/../../../../../H-i686-mingw32/nios2-elf/lib\libc.a(lib_a-dtoa.o)
                                 0x14 (size before relaxing)
 .rodata.str1.4
                0x00030f98       0x10 c:/altera/13.1/nios2eds/bin/gnu/h-i686-mingw32/bin/../lib/gcc/nios2-elf/4.7.3/../../../../../H-i686-mingw32/nios2-elf/lib\libc.a(lib_a-locale.o)
                                 0x18 (size before relaxing)
 .rodata        0x00030fa8       0x30 c:/altera/13.1/nios2eds/bin/gnu/h-i686-mingw32/bin/../lib/gcc/nios2-elf/4.7.3/../../../../../H-i686-mingw32/nios2-elf/lib\libc.a(lib_a-locale.o)
 .rodata        0x00030fd8      0x124 c:/altera/13.1/nios2eds/bin/gnu/h-i686-mingw32/bin/../lib/gcc/nios2-elf/4.7.3/../../../../../H-i686-mingw32/nios2-elf/lib\libc.a(lib_a-mprec.o)
                0x00030fd8                __mprec_tinytens
                0x00031000                __mprec_bigtens
                0x00031028                __mprec_tens
 .rodata        0x000310fc       0x14 c:/altera/13.1/nios2eds/bin/gnu/h-i686-mingw32/bin/../lib/gcc/nios2-elf/4.7.3\libgcc.a(_thenan_df.o)
                0x000310fc                __thenan_df
 .rodata        0x00031110      0x100 c:/altera/13.1/nios2eds/bin/gnu/h-i686-mingw32/bin/../lib/gcc/nios2-elf/4.7.3\libgcc.a(_clz.o)
                0x00031110                __clz_tab
 .rodata        0x00031210        0xc ../lwIP_NIOS_II_Example_bsp/\libhal_bsp.a(alt_dev.o)
 .rodata        0x0003121c       0x10 ../lwIP_NIOS_II_Example_bsp/\libhal_bsp.a(alt_main.o)
 .rodata        0x0003122c       0x70 ../lwIP_NIOS_II_Example_bsp/\libhal_bsp.a(alt_sys_init.o)
 .rodata        0x0003129c     0x1bf0 ../lwIP_NIOS_II_Example_bsp/\libhal_bsp.a(altera_avalon_tse.o)
 .rodata        0x00032e8c       0x20 ../lwIP_NIOS_II_Example_bsp/\libhal_bsp.a(altera_vic_irq_init.o)
 .rodata        0x00032eac      0x281 c:/altera/13.1/nios2eds/bin/gnu/h-i686-mingw32/bin/../lib/gcc/nios2-elf/4.7.3/../../../../../H-i686-mingw32/nios2-elf/lib\libc.a(lib_a-ctype_.o)
                0x00032eac                _ctype_
 *(.rodata1)
                0x00033130                . = ALIGN (0x4)
 *fill*         0x0003312d        0x3 
                0x00033130                PROVIDE (__ram_rodata_end, ABSOLUTE (.))
                0x0002da90                PROVIDE (__flash_rodata_start, LOADADDR (.rodata))

.rwdata         0x00033130     0x2004 load address 0x00035134
                0x00033130                PROVIDE (__ram_rwdata_start, ABSOLUTE (.))
                0x00033130                . = ALIGN (0x4)
 *(.got.plt)
 *(.got)
 *(.data1)
 *(.data .data.* .gnu.linkonce.d.*)
 .data          0x00033130        0x0 ../lwIP_NIOS_II_Example_bsp//obj/HAL/src/crt0.o
 .data          0x00033130        0x0 obj/default/alteraTseEthernetif.o
 .data          0x00033130        0x0 obj/default/driver/alteraTseEthernetif.o
 .data          0x00033130        0x0 obj/default/driver/fs.o
 .data          0x00033130        0x0 obj/default/driver/fsdata.o
 .data          0x00033130        0x0 obj/default/driver/httpd.o
 .data          0x00033130        0x0 obj/default/driver/lwip_tse_mac.o
 .data          0x00033130        0x0 obj/default/fs.o
 .data          0x00033130        0x0 obj/default/fsdata.o
 .data          0x00033130        0x0 obj/default/httpd.o
 .data          0x00033130        0x0 obj/default/lwip_tse_mac.o
 .data          0x00033130        0x0 obj/default/main.o
 .data          0x00033130        0x0 obj/default/src/api/api_lib.o
 .data          0x00033130        0x0 obj/default/src/api/api_msg.o
 .data          0x00033130        0x0 obj/default/src/api/err.o
 .data          0x00033130        0x0 obj/default/src/api/netbuf.o
 .data          0x00033130        0x0 obj/default/src/api/netdb.o
 .data          0x00033130        0x0 obj/default/src/api/netifapi.o
 .data          0x00033130        0x0 obj/default/src/api/sockets.o
 .data          0x00033130        0x0 obj/default/src/api/tcpip.o
 .data          0x00033130        0x0 obj/default/src/core/dhcp.o
 .data          0x00033130        0x0 obj/default/src/core/dns.o
 .data          0x00033130        0x0 obj/default/src/core/init.o
 .data          0x00033130        0x0 obj/default/src/core/ipv4/autoip.o
 .data          0x00033130        0x0 obj/default/src/core/ipv4/icmp.o
 .data          0x00033130        0x0 obj/default/src/core/ipv4/igmp.o
 .data          0x00033130        0x0 obj/default/src/core/ipv4/inet.o
 .data          0x00033130        0x0 obj/default/src/core/ipv4/inet_chksum.o
 .data          0x00033130        0x0 obj/default/src/core/ipv4/ip.o
 .data          0x00033130        0x0 obj/default/src/core/ipv4/ip_addr.o
 .data          0x00033130        0x0 obj/default/src/core/ipv4/ip_frag.o
 .data          0x00033130        0x0 obj/default/src/core/mem.o
 .data          0x00033130        0x0 obj/default/src/core/memp.o
 .data          0x00033130        0x0 obj/default/src/core/netif.o
 .data          0x00033130        0x0 obj/default/src/core/pbuf.o
 .data          0x00033130        0x0 obj/default/src/core/raw.o
 .data          0x00033130        0x0 obj/default/src/core/snmp/asn1_dec.o
 .data          0x00033130        0x0 obj/default/src/core/snmp/asn1_enc.o
 .data          0x00033130        0x0 obj/default/src/core/snmp/mib2.o
 .data          0x00033130        0x0 obj/default/src/core/snmp/mib_structs.o
 .data          0x00033130        0x0 obj/default/src/core/snmp/msg_in.o
 .data          0x00033130        0x0 obj/default/src/core/snmp/msg_out.o
 .data          0x00033130        0x0 obj/default/src/core/stats.o
 .data          0x00033130        0x0 obj/default/src/core/sys.o
 .data          0x00033130       0x2c obj/default/src/core/tcp.o
                0x00033130                tcp_state_str
 .data          0x0003315c        0x0 obj/default/src/core/tcp_in.o
 .data          0x0003315c        0x0 obj/default/src/core/tcp_out.o
 .data          0x0003315c        0x0 obj/default/src/core/udp.o
 .data          0x0003315c        0x0 obj/default/src/netif/etharp.o
 .data          0x0003315c        0x0 obj/default/src/netif/ethernetif.o
 .data          0x0003315c        0x0 obj/default/src/netif/loopif.o
 .data          0x0003315c        0x0 obj/default/src/netif/ppp/auth.o
 .data          0x0003315c        0x0 obj/default/src/netif/ppp/chap.o
 .data          0x0003315c        0x0 obj/default/src/netif/ppp/chpms.o
 .data          0x0003315c        0x0 obj/default/src/netif/ppp/fsm.o
 .data          0x0003315c        0x0 obj/default/src/netif/ppp/ipcp.o
 .data          0x0003315c        0x0 obj/default/src/netif/ppp/lcp.o
 .data          0x0003315c        0x0 obj/default/src/netif/ppp/magic.o
 .data          0x0003315c        0x0 obj/default/src/netif/ppp/md5.o
 .data          0x0003315c        0x0 obj/default/src/netif/ppp/pap.o
 .data          0x0003315c        0x0 obj/default/src/netif/ppp/ppp.o
 .data          0x0003315c        0x0 obj/default/src/netif/ppp/ppp_oe.o
 .data          0x0003315c        0x0 obj/default/src/netif/ppp/randm.o
 .data          0x0003315c        0x0 obj/default/src/netif/ppp/vj.o
 .data          0x0003315c        0x0 obj/default/src/netif/slipif.o
 .data          0x0003315c      0x400 c:/altera/13.1/nios2eds/bin/gnu/h-i686-mingw32/bin/../lib/gcc/nios2-elf/4.7.3/../../../../../H-i686-mingw32/nios2-elf/lib\libc.a(lib_a-impure.o)
 .data          0x0003355c        0x0 c:/altera/13.1/nios2eds/bin/gnu/h-i686-mingw32/bin/../lib/gcc/nios2-elf/4.7.3/../../../../../H-i686-mingw32/nios2-elf/lib\libc.a(lib_a-memcpy.o)
 .data          0x0003355c        0x0 c:/altera/13.1/nios2eds/bin/gnu/h-i686-mingw32/bin/../lib/gcc/nios2-elf/4.7.3/../../../../../H-i686-mingw32/nios2-elf/lib\libc.a(lib_a-memset.o)
 .data          0x0003355c        0x0 c:/altera/13.1/nios2eds/bin/gnu/h-i686-mingw32/bin/../lib/gcc/nios2-elf/4.7.3/../../../../../H-i686-mingw32/nios2-elf/lib\libc.a(lib_a-printf.o)
 .data          0x0003355c        0x0 c:/altera/13.1/nios2eds/bin/gnu/h-i686-mingw32/bin/../lib/gcc/nios2-elf/4.7.3/../../../../../H-i686-mingw32/nios2-elf/lib\libc.a(lib_a-putc.o)
 .data          0x0003355c        0x0 c:/altera/13.1/nios2eds/bin/gnu/h-i686-mingw32/bin/../lib/gcc/nios2-elf/4.7.3/../../../../../H-i686-mingw32/nios2-elf/lib\libc.a(lib_a-puts.o)
 .data          0x0003355c        0x0 c:/altera/13.1/nios2eds/bin/gnu/h-i686-mingw32/bin/../lib/gcc/nios2-elf/4.7.3/../../../../../H-i686-mingw32/nios2-elf/lib\libc.a(lib_a-strcmp.o)
 .data          0x0003355c        0x0 c:/altera/13.1/nios2eds/bin/gnu/h-i686-mingw32/bin/../lib/gcc/nios2-elf/4.7.3/../../../../../H-i686-mingw32/nios2-elf/lib\libc.a(lib_a-strlen.o)
 .data          0x0003355c        0x0 c:/altera/13.1/nios2eds/bin/gnu/h-i686-mingw32/bin/../lib/gcc/nios2-elf/4.7.3/../../../../../H-i686-mingw32/nios2-elf/lib\libc.a(lib_a-strncmp.o)
 .data          0x0003355c        0x0 c:/altera/13.1/nios2eds/bin/gnu/h-i686-mingw32/bin/../lib/gcc/nios2-elf/4.7.3/../../../../../H-i686-mingw32/nios2-elf/lib\libc.a(lib_a-vfprintf.o)
 .data          0x0003355c        0x0 c:/altera/13.1/nios2eds/bin/gnu/h-i686-mingw32/bin/../lib/gcc/nios2-elf/4.7.3/../../../../../H-i686-mingw32/nios2-elf/lib\libc.a(lib_a-wbuf.o)
 .data          0x0003355c        0x0 c:/altera/13.1/nios2eds/bin/gnu/h-i686-mingw32/bin/../lib/gcc/nios2-elf/4.7.3/../../../../../H-i686-mingw32/nios2-elf/lib\libc.a(lib_a-wsetup.o)
 .data          0x0003355c        0x0 c:/altera/13.1/nios2eds/bin/gnu/h-i686-mingw32/bin/../lib/gcc/nios2-elf/4.7.3/../../../../../H-i686-mingw32/nios2-elf/lib\libc.a(lib_a-dtoa.o)
 .data          0x0003355c        0x0 c:/altera/13.1/nios2eds/bin/gnu/h-i686-mingw32/bin/../lib/gcc/nios2-elf/4.7.3/../../../../../H-i686-mingw32/nios2-elf/lib\libc.a(lib_a-fflush.o)
 .data          0x0003355c        0x0 c:/altera/13.1/nios2eds/bin/gnu/h-i686-mingw32/bin/../lib/gcc/nios2-elf/4.7.3/../../../../../H-i686-mingw32/nios2-elf/lib\libc.a(lib_a-findfp.o)
 .data          0x0003355c        0x0 c:/altera/13.1/nios2eds/bin/gnu/h-i686-mingw32/bin/../lib/gcc/nios2-elf/4.7.3/../../../../../H-i686-mingw32/nios2-elf/lib\libc.a(lib_a-freer.o)
 .data          0x0003355c        0x0 c:/altera/13.1/nios2eds/bin/gnu/h-i686-mingw32/bin/../lib/gcc/nios2-elf/4.7.3/../../../../../H-i686-mingw32/nios2-elf/lib\libc.a(lib_a-fvwrite.o)
 .data          0x0003355c        0x0 c:/altera/13.1/nios2eds/bin/gnu/h-i686-mingw32/bin/../lib/gcc/nios2-elf/4.7.3/../../../../../H-i686-mingw32/nios2-elf/lib\libc.a(lib_a-fwalk.o)
 .data          0x0003355c        0xc c:/altera/13.1/nios2eds/bin/gnu/h-i686-mingw32/bin/../lib/gcc/nios2-elf/4.7.3/../../../../../H-i686-mingw32/nios2-elf/lib\libc.a(lib_a-locale.o)
                0x0003355c                __lc_ctype
 .data          0x00033568        0x0 c:/altera/13.1/nios2eds/bin/gnu/h-i686-mingw32/bin/../lib/gcc/nios2-elf/4.7.3/../../../../../H-i686-mingw32/nios2-elf/lib\libc.a(lib_a-makebuf.o)
 .data          0x00033568      0x408 c:/altera/13.1/nios2eds/bin/gnu/h-i686-mingw32/bin/../lib/gcc/nios2-elf/4.7.3/../../../../../H-i686-mingw32/nios2-elf/lib\libc.a(lib_a-mallocr.o)
                0x00033568                __malloc_av_
 .data          0x00033970        0x0 c:/altera/13.1/nios2eds/bin/gnu/h-i686-mingw32/bin/../lib/gcc/nios2-elf/4.7.3/../../../../../H-i686-mingw32/nios2-elf/lib\libc.a(lib_a-memchr.o)
 .data          0x00033970        0x0 c:/altera/13.1/nios2eds/bin/gnu/h-i686-mingw32/bin/../lib/gcc/nios2-elf/4.7.3/../../../../../H-i686-mingw32/nios2-elf/lib\libc.a(lib_a-memmove.o)
 .data          0x00033970        0x0 c:/altera/13.1/nios2eds/bin/gnu/h-i686-mingw32/bin/../lib/gcc/nios2-elf/4.7.3/../../../../../H-i686-mingw32/nios2-elf/lib\libc.a(lib_a-mprec.o)
 .data          0x00033970        0x0 c:/altera/13.1/nios2eds/bin/gnu/h-i686-mingw32/bin/../lib/gcc/nios2-elf/4.7.3/../../../../../H-i686-mingw32/nios2-elf/lib\libc.a(lib_a-reallocr.o)
 .data          0x00033970        0x0 c:/altera/13.1/nios2eds/bin/gnu/h-i686-mingw32/bin/../lib/gcc/nios2-elf/4.7.3/../../../../../H-i686-mingw32/nios2-elf/lib\libc.a(lib_a-s_isinfd.o)
 .data          0x00033970        0x0 c:/altera/13.1/nios2eds/bin/gnu/h-i686-mingw32/bin/../lib/gcc/nios2-elf/4.7.3/../../../../../H-i686-mingw32/nios2-elf/lib\libc.a(lib_a-s_isnand.o)
 .data          0x00033970        0x0 c:/altera/13.1/nios2eds/bin/gnu/h-i686-mingw32/bin/../lib/gcc/nios2-elf/4.7.3/../../../../../H-i686-mingw32/nios2-elf/lib\libc.a(lib_a-sbrkr.o)
 .data          0x00033970        0x0 c:/altera/13.1/nios2eds/bin/gnu/h-i686-mingw32/bin/../lib/gcc/nios2-elf/4.7.3/../../../../../H-i686-mingw32/nios2-elf/lib\libc.a(lib_a-stdio.o)
 .data          0x00033970        0x0 c:/altera/13.1/nios2eds/bin/gnu/h-i686-mingw32/bin/../lib/gcc/nios2-elf/4.7.3/../../../../../H-i686-mingw32/nios2-elf/lib\libc.a(lib_a-writer.o)
 .data          0x00033970        0x0 c:/altera/13.1/nios2eds/bin/gnu/h-i686-mingw32/bin/../lib/gcc/nios2-elf/4.7.3/../../../../../H-i686-mingw32/nios2-elf/lib\libc.a(lib_a-callocr.o)
 .data          0x00033970        0x0 c:/altera/13.1/nios2eds/bin/gnu/h-i686-mingw32/bin/../lib/gcc/nios2-elf/4.7.3/../../../../../H-i686-mingw32/nios2-elf/lib\libc.a(lib_a-closer.o)
 .data          0x00033970        0x0 c:/altera/13.1/nios2eds/bin/gnu/h-i686-mingw32/bin/../lib/gcc/nios2-elf/4.7.3/../../../../../H-i686-mingw32/nios2-elf/lib\libc.a(lib_a-fclose.o)
 .data          0x00033970        0x0 c:/altera/13.1/nios2eds/bin/gnu/h-i686-mingw32/bin/../lib/gcc/nios2-elf/4.7.3/../../../../../H-i686-mingw32/nios2-elf/lib\libc.a(lib_a-fstatr.o)
 .data          0x00033970        0x0 c:/altera/13.1/nios2eds/bin/gnu/h-i686-mingw32/bin/../lib/gcc/nios2-elf/4.7.3/../../../../../H-i686-mingw32/nios2-elf/lib\libc.a(lib_a-int_errno.o)
 .data          0x00033970        0x0 c:/altera/13.1/nios2eds/bin/gnu/h-i686-mingw32/bin/../lib/gcc/nios2-elf/4.7.3/../../../../../H-i686-mingw32/nios2-elf/lib\libc.a(lib_a-isattyr.o)
 .data          0x00033970        0x0 c:/altera/13.1/nios2eds/bin/gnu/h-i686-mingw32/bin/../lib/gcc/nios2-elf/4.7.3/../../../../../H-i686-mingw32/nios2-elf/lib\libc.a(lib_a-lseekr.o)
 .data          0x00033970        0x0 c:/altera/13.1/nios2eds/bin/gnu/h-i686-mingw32/bin/../lib/gcc/nios2-elf/4.7.3/../../../../../H-i686-mingw32/nios2-elf/lib\libc.a(lib_a-readr.o)
 .data          0x00033970        0x0 c:/altera/13.1/nios2eds/bin/gnu/h-i686-mingw32/bin/../lib/gcc/nios2-elf/4.7.3\libgcc.a(_udivdi3.o)
 .data          0x00033970        0x0 c:/altera/13.1/nios2eds/bin/gnu/h-i686-mingw32/bin/../lib/gcc/nios2-elf/4.7.3\libgcc.a(_umoddi3.o)
 .data          0x00033970        0x0 c:/altera/13.1/nios2eds/bin/gnu/h-i686-mingw32/bin/../lib/gcc/nios2-elf/4.7.3\libgcc.a(_addsub_df.o)
 .data          0x00033970        0x0 c:/altera/13.1/nios2eds/bin/gnu/h-i686-mingw32/bin/../lib/gcc/nios2-elf/4.7.3\libgcc.a(_mul_df.o)
 .data          0x00033970        0x0 c:/altera/13.1/nios2eds/bin/gnu/h-i686-mingw32/bin/../lib/gcc/nios2-elf/4.7.3\libgcc.a(_div_df.o)
 .data          0x00033970        0x0 c:/altera/13.1/nios2eds/bin/gnu/h-i686-mingw32/bin/../lib/gcc/nios2-elf/4.7.3\libgcc.a(_eq_df.o)
 .data          0x00033970        0x0 c:/altera/13.1/nios2eds/bin/gnu/h-i686-mingw32/bin/../lib/gcc/nios2-elf/4.7.3\libgcc.a(_ne_df.o)
 .data          0x00033970        0x0 c:/altera/13.1/nios2eds/bin/gnu/h-i686-mingw32/bin/../lib/gcc/nios2-elf/4.7.3\libgcc.a(_gt_df.o)
 .data          0x00033970        0x0 c:/altera/13.1/nios2eds/bin/gnu/h-i686-mingw32/bin/../lib/gcc/nios2-elf/4.7.3\libgcc.a(_ge_df.o)
 .data          0x00033970        0x0 c:/altera/13.1/nios2eds/bin/gnu/h-i686-mingw32/bin/../lib/gcc/nios2-elf/4.7.3\libgcc.a(_lt_df.o)
 .data          0x00033970        0x0 c:/altera/13.1/nios2eds/bin/gnu/h-i686-mingw32/bin/../lib/gcc/nios2-elf/4.7.3\libgcc.a(_si_to_df.o)
 .data          0x00033970        0x0 c:/altera/13.1/nios2eds/bin/gnu/h-i686-mingw32/bin/../lib/gcc/nios2-elf/4.7.3\libgcc.a(_df_to_si.o)
 .data          0x00033970        0x0 c:/altera/13.1/nios2eds/bin/gnu/h-i686-mingw32/bin/../lib/gcc/nios2-elf/4.7.3\libgcc.a(_thenan_df.o)
 .data          0x00033970        0x0 c:/altera/13.1/nios2eds/bin/gnu/h-i686-mingw32/bin/../lib/gcc/nios2-elf/4.7.3\libgcc.a(_usi_to_df.o)
 .data          0x00033970        0x0 c:/altera/13.1/nios2eds/bin/gnu/h-i686-mingw32/bin/../lib/gcc/nios2-elf/4.7.3\libgcc.a(lib2-divmod.o)
 .data          0x00033970        0x0 c:/altera/13.1/nios2eds/bin/gnu/h-i686-mingw32/bin/../lib/gcc/nios2-elf/4.7.3\libgcc.a(_muldi3.o)
 .data          0x00033970        0x0 c:/altera/13.1/nios2eds/bin/gnu/h-i686-mingw32/bin/../lib/gcc/nios2-elf/4.7.3\libgcc.a(_clz.o)
 .data          0x00033970        0x0 c:/altera/13.1/nios2eds/bin/gnu/h-i686-mingw32/bin/../lib/gcc/nios2-elf/4.7.3\libgcc.a(_clzsi2.o)
 .data          0x00033970        0x0 c:/altera/13.1/nios2eds/bin/gnu/h-i686-mingw32/bin/../lib/gcc/nios2-elf/4.7.3\libgcc.a(_pack_df.o)
 .data          0x00033970        0x0 c:/altera/13.1/nios2eds/bin/gnu/h-i686-mingw32/bin/../lib/gcc/nios2-elf/4.7.3\libgcc.a(_unpack_df.o)
 .data          0x00033970        0x0 c:/altera/13.1/nios2eds/bin/gnu/h-i686-mingw32/bin/../lib/gcc/nios2-elf/4.7.3\libgcc.a(_fpcmp_parts_df.o)
 .data          0x00033970        0x0 c:/altera/13.1/nios2eds/bin/gnu/h-i686-mingw32/bin/../lib/gcc/nios2-elf/4.7.3\libgcc.a(_lshrdi3.o)
 .data          0x00033970        0x0 c:/altera/13.1/nios2eds/bin/gnu/h-i686-mingw32/bin/../lib/gcc/nios2-elf/4.7.3\libgcc.a(_ashldi3.o)
 .data          0x00033970        0x0 ../lwIP_NIOS_II_Example_bsp/\libhal_bsp.a(alt_alarm_start.o)
 .data          0x00033970        0x0 ../lwIP_NIOS_II_Example_bsp/\libhal_bsp.a(alt_close.o)
 .data          0x00033970      0x1a8 ../lwIP_NIOS_II_Example_bsp/\libhal_bsp.a(alt_dev.o)
                0x00033970                alt_dev_null
                0x00033998                alt_fd_list
 .data          0x00033b18        0x0 ../lwIP_NIOS_II_Example_bsp/\libhal_bsp.a(alt_errno.o)
 .data          0x00033b18        0x0 ../lwIP_NIOS_II_Example_bsp/\libhal_bsp.a(alt_fstat.o)
 .data          0x00033b18        0x0 ../lwIP_NIOS_II_Example_bsp/\libhal_bsp.a(alt_isatty.o)
 .data          0x00033b18        0x0 ../lwIP_NIOS_II_Example_bsp/\libhal_bsp.a(alt_load.o)
 .data          0x00033b18        0x0 ../lwIP_NIOS_II_Example_bsp/\libhal_bsp.a(alt_lseek.o)
 .data          0x00033b18        0x0 ../lwIP_NIOS_II_Example_bsp/\libhal_bsp.a(alt_main.o)
 .data          0x00033b18        0x0 ../lwIP_NIOS_II_Example_bsp/\libhal_bsp.a(alt_malloc_lock.o)
 .data          0x00033b18        0x0 ../lwIP_NIOS_II_Example_bsp/\libhal_bsp.a(alt_read.o)
 .data          0x00033b18        0x0 ../lwIP_NIOS_II_Example_bsp/\libhal_bsp.a(alt_release_fd.o)
 .data          0x00033b18        0x0 ../lwIP_NIOS_II_Example_bsp/\libhal_bsp.a(alt_remap_uncached.o)
 .data          0x00033b18        0x0 ../lwIP_NIOS_II_Example_bsp/\libhal_bsp.a(alt_sbrk.o)
 .data          0x00033b18        0x0 ../lwIP_NIOS_II_Example_bsp/\libhal_bsp.a(alt_tick.o)
 .data          0x00033b18        0x0 ../lwIP_NIOS_II_Example_bsp/\libhal_bsp.a(alt_uncached_malloc.o)
 .data          0x00033b18        0x0 ../lwIP_NIOS_II_Example_bsp/\libhal_bsp.a(alt_usleep.o)
 .data          0x00033b18        0x0 ../lwIP_NIOS_II_Example_bsp/\libhal_bsp.a(alt_write.o)
 .data          0x00033b18     0x15a0 ../lwIP_NIOS_II_Example_bsp/\libhal_bsp.a(alt_sys_init.o)
 .data          0x000350b8        0x0 ../lwIP_NIOS_II_Example_bsp/\libhal_bsp.a(altera_avalon_cfi_flash.o)
 .data          0x000350b8        0x0 ../lwIP_NIOS_II_Example_bsp/\libhal_bsp.a(altera_avalon_cfi_flash_table.o)
 .data          0x000350b8        0x0 ../lwIP_NIOS_II_Example_bsp/\libhal_bsp.a(altera_avalon_jtag_uart_fd.o)
 .data          0x000350b8        0x0 ../lwIP_NIOS_II_Example_bsp/\libhal_bsp.a(altera_avalon_jtag_uart_init.o)
 .data          0x000350b8        0x0 ../lwIP_NIOS_II_Example_bsp/\libhal_bsp.a(altera_avalon_jtag_uart_ioctl.o)
 .data          0x000350b8        0x0 ../lwIP_NIOS_II_Example_bsp/\libhal_bsp.a(altera_avalon_jtag_uart_read.o)
 .data          0x000350b8        0x0 ../lwIP_NIOS_II_Example_bsp/\libhal_bsp.a(altera_avalon_jtag_uart_write.o)
 .data          0x000350b8        0x0 ../lwIP_NIOS_II_Example_bsp/\libhal_bsp.a(altera_avalon_lcd_16207.o)
 .data          0x000350b8        0x0 ../lwIP_NIOS_II_Example_bsp/\libhal_bsp.a(altera_avalon_lcd_16207_fd.o)
 .data          0x000350b8        0x0 ../lwIP_NIOS_II_Example_bsp/\libhal_bsp.a(altera_avalon_sgdma.o)
 .data          0x000350b8        0x0 ../lwIP_NIOS_II_Example_bsp/\libhal_bsp.a(altera_avalon_timer_sc.o)
 .data          0x000350b8        0x0 ../lwIP_NIOS_II_Example_bsp/\libhal_bsp.a(altera_avalon_tse.o)
 .data          0x000350b8        0x0 ../lwIP_NIOS_II_Example_bsp/\libhal_bsp.a(altera_avalon_tse_system_info.o)
 .data          0x000350b8        0x0 ../lwIP_NIOS_II_Example_bsp/\libhal_bsp.a(altera_avalon_uart_fd.o)
 .data          0x000350b8        0x0 ../lwIP_NIOS_II_Example_bsp/\libhal_bsp.a(altera_avalon_uart_init.o)
 .data          0x000350b8        0x0 ../lwIP_NIOS_II_Example_bsp/\libhal_bsp.a(altera_avalon_uart_read.o)
 .data          0x000350b8        0x0 ../lwIP_NIOS_II_Example_bsp/\libhal_bsp.a(altera_avalon_uart_write.o)
 .data          0x000350b8        0x0 ../lwIP_NIOS_II_Example_bsp/\libhal_bsp.a(altera_vic_0_vector_tbl.o)
 .data          0x000350b8        0x0 ../lwIP_NIOS_II_Example_bsp/\libhal_bsp.a(altera_vic_funnel_non_preemptive.o)
 .data          0x000350b8        0x0 ../lwIP_NIOS_II_Example_bsp/\libhal_bsp.a(altera_vic_irq_init.o)
 .data          0x000350b8        0x0 ../lwIP_NIOS_II_Example_bsp/\libhal_bsp.a(altera_vic_isr_register.o)
 .data          0x000350b8        0x0 ../lwIP_NIOS_II_Example_bsp/\libhal_bsp.a(alt_busy_sleep.o)
 .data          0x000350b8        0x0 ../lwIP_NIOS_II_Example_bsp/\libhal_bsp.a(alt_dcache_flush.o)
 .data          0x000350b8        0x0 ../lwIP_NIOS_II_Example_bsp/\libhal_bsp.a(alt_dcache_flush_all.o)
 .data          0x000350b8        0x0 ../lwIP_NIOS_II_Example_bsp/\libhal_bsp.a(alt_dev_llist_insert.o)
 .data          0x000350b8        0x0 ../lwIP_NIOS_II_Example_bsp/\libhal_bsp.a(alt_do_ctors.o)
 .data          0x000350b8        0x0 ../lwIP_NIOS_II_Example_bsp/\libhal_bsp.a(alt_do_dtors.o)
 .data          0x000350b8        0x0 ../lwIP_NIOS_II_Example_bsp/\libhal_bsp.a(alt_find_dev.o)
 .data          0x000350b8        0x0 ../lwIP_NIOS_II_Example_bsp/\libhal_bsp.a(alt_flash_dev.o)
 .data          0x000350b8        0x0 ../lwIP_NIOS_II_Example_bsp/\libhal_bsp.a(alt_icache_flush_all.o)
 .data          0x000350b8        0x0 ../lwIP_NIOS_II_Example_bsp/\libhal_bsp.a(alt_io_redirect.o)
 .data          0x000350b8        0x0 ../lwIP_NIOS_II_Example_bsp/\libhal_bsp.a(alt_open.o)
 .data          0x000350b8        0x0 ../lwIP_NIOS_II_Example_bsp/\libhal_bsp.a(altera_avalon_cfi_flash_amd.o)
 .data          0x000350b8        0x0 ../lwIP_NIOS_II_Example_bsp/\libhal_bsp.a(altera_avalon_cfi_flash_intel.o)
 .data          0x000350b8        0x0 ../lwIP_NIOS_II_Example_bsp/\libhal_bsp.a(alt_find_file.o)
 .data          0x000350b8        0x0 ../lwIP_NIOS_II_Example_bsp/\libhal_bsp.a(alt_get_fd.o)
 .data          0x000350b8        0x0 ../lwIP_NIOS_II_Example_bsp/\libhal_bsp.a(alt_icache_flush.o)
 .data          0x000350b8        0x0 c:/altera/13.1/nios2eds/bin/gnu/h-i686-mingw32/bin/../lib/gcc/nios2-elf/4.7.3/../../../../../H-i686-mingw32/nios2-elf/lib\libc.a(lib_a-atexit.o)
 .data          0x000350b8        0x0 c:/altera/13.1/nios2eds/bin/gnu/h-i686-mingw32/bin/../lib/gcc/nios2-elf/4.7.3/../../../../../H-i686-mingw32/nios2-elf/lib\libc.a(lib_a-ctype_.o)
 .data          0x000350b8        0x0 c:/altera/13.1/nios2eds/bin/gnu/h-i686-mingw32/bin/../lib/gcc/nios2-elf/4.7.3/../../../../../H-i686-mingw32/nios2-elf/lib\libc.a(lib_a-exit.o)
 .data          0x000350b8        0x0 c:/altera/13.1/nios2eds/bin/gnu/h-i686-mingw32/bin/../lib/gcc/nios2-elf/4.7.3/../../../../../H-i686-mingw32/nios2-elf/lib\libc.a(lib_a-malloc.o)
 .data          0x000350b8        0x0 c:/altera/13.1/nios2eds/bin/gnu/h-i686-mingw32/bin/../lib/gcc/nios2-elf/4.7.3/../../../../../H-i686-mingw32/nios2-elf/lib\libc.a(lib_a-memcmp.o)
 .data          0x000350b8        0x0 c:/altera/13.1/nios2eds/bin/gnu/h-i686-mingw32/bin/../lib/gcc/nios2-elf/4.7.3/../../../../../H-i686-mingw32/nios2-elf/lib\libc.a(lib_a-strcpy.o)
 .data          0x000350b8        0x0 c:/altera/13.1/nios2eds/bin/gnu/h-i686-mingw32/bin/../lib/gcc/nios2-elf/4.7.3/../../../../../H-i686-mingw32/nios2-elf/lib\libc.a(lib_a-__atexit.o)
 .data          0x000350b8        0x0 c:/altera/13.1/nios2eds/bin/gnu/h-i686-mingw32/bin/../lib/gcc/nios2-elf/4.7.3/../../../../../H-i686-mingw32/nios2-elf/lib\libc.a(lib_a-__call_atexit.o)
 .data          0x000350b8        0x0 ../lwIP_NIOS_II_Example_bsp/\libhal_bsp.a(alt_exit.o)
                0x0003d0b8                _gp = ABSOLUTE ((. + 0x8000))
                0x0003d0b8                PROVIDE (gp, _gp)
 *(.rwdata .rwdata.*)
 *(.sdata .sdata.* .gnu.linkonce.s.*)
 .sdata         0x000350b8        0x4 obj/default/src/core/dhcp.o
 .sdata         0x000350bc        0x8 obj/default/src/core/ipv4/ip_addr.o
                0x000350bc                ip_addr_any
                0x000350c0                ip_addr_broadcast
 .sdata         0x000350c4       0x10 obj/default/src/core/tcp.o
                0x000350c4                tcp_persist_backoff
 .sdata         0x000350d4        0xc obj/default/src/netif/etharp.o
                0x000350d4                ethbroadcast
                0x000350da                ethzero
 .sdata         0x000350e0        0x8 c:/altera/13.1/nios2eds/bin/gnu/h-i686-mingw32/bin/../lib/gcc/nios2-elf/4.7.3/../../../../../H-i686-mingw32/nios2-elf/lib\libc.a(lib_a-impure.o)
                0x000350e0                _global_impure_ptr
                0x000350e4                _impure_ptr
 .sdata         0x000350e8        0x4 c:/altera/13.1/nios2eds/bin/gnu/h-i686-mingw32/bin/../lib/gcc/nios2-elf/4.7.3/../../../../../H-i686-mingw32/nios2-elf/lib\libc.a(lib_a-locale.o)
                0x000350e8                __mb_cur_max
 .sdata         0x000350ec        0x8 c:/altera/13.1/nios2eds/bin/gnu/h-i686-mingw32/bin/../lib/gcc/nios2-elf/4.7.3/../../../../../H-i686-mingw32/nios2-elf/lib\libc.a(lib_a-mallocr.o)
                0x000350ec                __malloc_sbrk_base
                0x000350f0                __malloc_trim_threshold
 .sdata         0x000350f4       0x14 ../lwIP_NIOS_II_Example_bsp/\libhal_bsp.a(alt_dev.o)
                0x000350f4                alt_fs_list
                0x000350fc                alt_dev_list
                0x00035104                alt_max_fd
 .sdata         0x00035108        0x4 ../lwIP_NIOS_II_Example_bsp/\libhal_bsp.a(alt_errno.o)
                0x00035108                alt_errno
 .sdata         0x0003510c        0x4 ../lwIP_NIOS_II_Example_bsp/\libhal_bsp.a(alt_sbrk.o)
 .sdata         0x00035110        0x8 ../lwIP_NIOS_II_Example_bsp/\libhal_bsp.a(alt_tick.o)
                0x00035110                alt_alarm_list
 .sdata         0x00035118        0x4 ../lwIP_NIOS_II_Example_bsp/\libhal_bsp.a(altera_avalon_lcd_16207.o)
 .sdata         0x0003511c        0x8 ../lwIP_NIOS_II_Example_bsp/\libhal_bsp.a(altera_avalon_sgdma.o)
                0x0003511c                alt_sgdma_list
 .sdata         0x00035124        0x1 ../lwIP_NIOS_II_Example_bsp/\libhal_bsp.a(altera_avalon_tse.o)
                0x00035124                max_mac_system
 *fill*         0x00035125        0x3 
 .sdata         0x00035128        0x8 ../lwIP_NIOS_II_Example_bsp/\libhal_bsp.a(alt_flash_dev.o)
                0x00035128                alt_flash_dev_list
 .sdata         0x00035130        0x4 c:/altera/13.1/nios2eds/bin/gnu/h-i686-mingw32/bin/../lib/gcc/nios2-elf/4.7.3/../../../../../H-i686-mingw32/nios2-elf/lib\libc.a(lib_a-ctype_.o)
                0x00035130                __ctype_ptr
 *(.sdata2 .sdata2.* .gnu.linkonce.s2.*)
                0x00035134                . = ALIGN (0x4)
                0x00035134                _edata = ABSOLUTE (.)
                0x00035134                PROVIDE (edata, ABSOLUTE (.))
                0x00035134                PROVIDE (__ram_rwdata_end, ABSOLUTE (.))
                0x00035134                PROVIDE (__flash_rwdata_start, LOADADDR (.rwdata))

.bss            0x00037138     0xe09c
                0x00037138                __bss_start = ABSOLUTE (.)
                0x00037138                PROVIDE (__sbss_start, ABSOLUTE (.))
                0x00037138                PROVIDE (___sbss_start, ABSOLUTE (.))
 *(.dynsbss)
 *(.sbss .sbss.* .gnu.linkonce.sb.*)
 .sbss          0x00037138       0x10 obj/default/main.o
 .sbss          0x00037148        0x2 obj/default/src/core/ipv4/ip.o
 *fill*         0x0003714a        0x2 
 .sbss          0x0003714c        0x8 obj/default/src/core/ipv4/ip.o
                0x0003714c                current_netif
                0x00037150                current_header
 .sbss          0x00037154        0x8 obj/default/src/core/ipv4/ip_frag.o
 .sbss          0x0003715c       0x10 obj/default/src/core/mem.o
 .sbss          0x0003716c        0xc obj/default/src/core/netif.o
                0x00037170                netif_list
                0x00037174                netif_default
 .sbss          0x00037178        0x4 obj/default/src/core/raw.o
 .sbss          0x0003717c       0x1c obj/default/src/core/tcp.o
                0x00037180                tcp_active_pcbs
                0x00037184                tcp_ticks
                0x00037188                tcp_listen_pcbs
                0x0003718c                tcp_tmp_pcb
                0x00037190                tcp_bound_pcbs
                0x00037194                tcp_tw_pcbs
 .sbss          0x00037198       0x20 obj/default/src/core/tcp_in.o
                0x000371b4                tcp_input_pcb
 .sbss          0x000371b8        0x4 obj/default/src/core/udp.o
                0x000371b8                udp_pcbs
 .sbss          0x000371bc        0x1 obj/default/src/netif/etharp.o
 *fill*         0x000371bd        0x3 
 .sbss          0x000371c0        0xc c:/altera/13.1/nios2eds/bin/gnu/h-i686-mingw32/bin/../lib/gcc/nios2-elf/4.7.3/../../../../../H-i686-mingw32/nios2-elf/lib\libc.a(lib_a-locale.o)
                0x000371c0                _PathLocale
                0x000371c4                __mlocale_changed
                0x000371c8                __nlocale_changed
 .sbss          0x000371cc        0xc c:/altera/13.1/nios2eds/bin/gnu/h-i686-mingw32/bin/../lib/gcc/nios2-elf/4.7.3/../../../../../H-i686-mingw32/nios2-elf/lib\libc.a(lib_a-mallocr.o)
                0x000371cc                __malloc_max_total_mem
                0x000371d0                __malloc_max_sbrked_mem
                0x000371d4                __malloc_top_pad
 .sbss          0x000371d8        0x4 c:/altera/13.1/nios2eds/bin/gnu/h-i686-mingw32/bin/../lib/gcc/nios2-elf/4.7.3/../../../../../H-i686-mingw32/nios2-elf/lib\libc.a(lib_a-int_errno.o)
                0x000371d8                errno
 .sbss          0x000371dc        0xc ../lwIP_NIOS_II_Example_bsp/\libhal_bsp.a(alt_main.o)
                0x000371dc                alt_argc
                0x000371e0                alt_argv
                0x000371e4                alt_envp
 .sbss          0x000371e8        0x8 ../lwIP_NIOS_II_Example_bsp/\libhal_bsp.a(alt_tick.o)
                0x000371e8                _alt_tick_rate
                0x000371ec                _alt_nticks
 .sbss          0x000371f0        0x4 ../lwIP_NIOS_II_Example_bsp/\libhal_bsp.a(altera_avalon_tse.o)
                0x000371f0                phy_profile_count
                0x000371f1                mac_group_count
 .sbss          0x000371f4        0x4 ../lwIP_NIOS_II_Example_bsp/\libhal_bsp.a(altera_vic_irq_init.o)
                0x000371f4                alt_vic_dev_list
 *(.sbss2 .sbss2.* .gnu.linkonce.sb2.*)
 *(.scommon)
                0x000371f8                PROVIDE (__sbss_end, ABSOLUTE (.))
                0x000371f8                PROVIDE (___sbss_end, ABSOLUTE (.))
 *(.dynbss)
 *(.bss .bss.* .gnu.linkonce.b.*)
 .bss           0x000371f8        0x0 ../lwIP_NIOS_II_Example_bsp//obj/HAL/src/crt0.o
 .bss           0x000371f8        0x0 obj/default/alteraTseEthernetif.o
 .bss           0x000371f8        0x0 obj/default/driver/alteraTseEthernetif.o
 .bss           0x000371f8        0x0 obj/default/driver/fs.o
 .bss           0x000371f8        0x0 obj/default/driver/fsdata.o
 .bss           0x000371f8        0x0 obj/default/driver/httpd.o
 .bss           0x000371f8        0x0 obj/default/driver/lwip_tse_mac.o
 .bss           0x000371f8        0x0 obj/default/fs.o
 .bss           0x000371f8        0x0 obj/default/fsdata.o
 .bss           0x000371f8        0x0 obj/default/httpd.o
 .bss           0x000371f8        0x0 obj/default/lwip_tse_mac.o
 .bss           0x000371f8       0x18 obj/default/main.o
 .bss           0x00037210        0x0 obj/default/src/api/api_lib.o
 .bss           0x00037210        0x0 obj/default/src/api/api_msg.o
 .bss           0x00037210        0x0 obj/default/src/api/err.o
 .bss           0x00037210        0x0 obj/default/src/api/netbuf.o
 .bss           0x00037210        0x0 obj/default/src/api/netdb.o
 .bss           0x00037210        0x0 obj/default/src/api/netifapi.o
 .bss           0x00037210        0x0 obj/default/src/api/sockets.o
 .bss           0x00037210        0x0 obj/default/src/api/tcpip.o
 .bss           0x00037210        0x0 obj/default/src/core/dhcp.o
 .bss           0x00037210        0x0 obj/default/src/core/dns.o
 .bss           0x00037210        0x0 obj/default/src/core/init.o
 .bss           0x00037210        0x0 obj/default/src/core/ipv4/autoip.o
 .bss           0x00037210        0x0 obj/default/src/core/ipv4/icmp.o
 .bss           0x00037210        0x0 obj/default/src/core/ipv4/igmp.o
 .bss           0x00037210       0x10 obj/default/src/core/ipv4/inet.o
 .bss           0x00037220        0x0 obj/default/src/core/ipv4/inet_chksum.o
 .bss           0x00037220        0x0 obj/default/src/core/ipv4/ip.o
 .bss           0x00037220        0x0 obj/default/src/core/ipv4/ip_addr.o
 .bss           0x00037220      0x5e0 obj/default/src/core/ipv4/ip_frag.o
 .bss           0x00037800      0x654 obj/default/src/core/mem.o
 .bss           0x00037e54     0xcbd0 obj/default/src/core/memp.o
 .bss           0x00044a24        0x0 obj/default/src/core/netif.o
 .bss           0x00044a24        0x0 obj/default/src/core/pbuf.o
 .bss           0x00044a24        0x0 obj/default/src/core/raw.o
 .bss           0x00044a24        0x0 obj/default/src/core/snmp/asn1_dec.o
 .bss           0x00044a24        0x0 obj/default/src/core/snmp/asn1_enc.o
 .bss           0x00044a24        0x0 obj/default/src/core/snmp/mib2.o
 .bss           0x00044a24        0x0 obj/default/src/core/snmp/mib_structs.o
 .bss           0x00044a24        0x0 obj/default/src/core/snmp/msg_in.o
 .bss           0x00044a24        0x0 obj/default/src/core/snmp/msg_out.o
 .bss           0x00044a24        0x0 obj/default/src/core/stats.o
 .bss           0x00044a24        0x0 obj/default/src/core/sys.o
 .bss           0x00044a24        0x0 obj/default/src/core/tcp.o
 .bss           0x00044a24       0x14 obj/default/src/core/tcp_in.o
 .bss           0x00044a38        0x0 obj/default/src/core/tcp_out.o
 .bss           0x00044a38        0x0 obj/default/src/core/udp.o
 .bss           0x00044a38      0x118 obj/default/src/netif/etharp.o
 .bss           0x00044b50        0x0 obj/default/src/netif/ethernetif.o
 .bss           0x00044b50        0x0 obj/default/src/netif/loopif.o
 .bss           0x00044b50        0x0 obj/default/src/netif/ppp/auth.o
 .bss           0x00044b50        0x0 obj/default/src/netif/ppp/chap.o
 .bss           0x00044b50        0x0 obj/default/src/netif/ppp/chpms.o
 .bss           0x00044b50        0x0 obj/default/src/netif/ppp/fsm.o
 .bss           0x00044b50        0x0 obj/default/src/netif/ppp/ipcp.o
 .bss           0x00044b50        0x0 obj/default/src/netif/ppp/lcp.o
 .bss           0x00044b50        0x0 obj/default/src/netif/ppp/magic.o
 .bss           0x00044b50        0x0 obj/default/src/netif/ppp/md5.o
 .bss           0x00044b50        0x0 obj/default/src/netif/ppp/pap.o
 .bss           0x00044b50        0x0 obj/default/src/netif/ppp/ppp.o
 .bss           0x00044b50        0x0 obj/default/src/netif/ppp/ppp_oe.o
 .bss           0x00044b50        0x0 obj/default/src/netif/ppp/randm.o
 .bss           0x00044b50        0x0 obj/default/src/netif/ppp/vj.o
 .bss           0x00044b50        0x0 obj/default/src/netif/slipif.o
 .bss           0x00044b50        0x0 c:/altera/13.1/nios2eds/bin/gnu/h-i686-mingw32/bin/../lib/gcc/nios2-elf/4.7.3/../../../../../H-i686-mingw32/nios2-elf/lib\libc.a(lib_a-impure.o)
 .bss           0x00044b50        0x0 c:/altera/13.1/nios2eds/bin/gnu/h-i686-mingw32/bin/../lib/gcc/nios2-elf/4.7.3/../../../../../H-i686-mingw32/nios2-elf/lib\libc.a(lib_a-memcpy.o)
 .bss           0x00044b50        0x0 c:/altera/13.1/nios2eds/bin/gnu/h-i686-mingw32/bin/../lib/gcc/nios2-elf/4.7.3/../../../../../H-i686-mingw32/nios2-elf/lib\libc.a(lib_a-memset.o)
 .bss           0x00044b50        0x0 c:/altera/13.1/nios2eds/bin/gnu/h-i686-mingw32/bin/../lib/gcc/nios2-elf/4.7.3/../../../../../H-i686-mingw32/nios2-elf/lib\libc.a(lib_a-printf.o)
 .bss           0x00044b50        0x0 c:/altera/13.1/nios2eds/bin/gnu/h-i686-mingw32/bin/../lib/gcc/nios2-elf/4.7.3/../../../../../H-i686-mingw32/nios2-elf/lib\libc.a(lib_a-putc.o)
 .bss           0x00044b50        0x0 c:/altera/13.1/nios2eds/bin/gnu/h-i686-mingw32/bin/../lib/gcc/nios2-elf/4.7.3/../../../../../H-i686-mingw32/nios2-elf/lib\libc.a(lib_a-puts.o)
 .bss           0x00044b50        0x0 c:/altera/13.1/nios2eds/bin/gnu/h-i686-mingw32/bin/../lib/gcc/nios2-elf/4.7.3/../../../../../H-i686-mingw32/nios2-elf/lib\libc.a(lib_a-strcmp.o)